 plink

 Timestamp is 5fe829ed (Sun Dec 27 13:30:05 2020)

 Preferred load address is 00400000

 Start         Length     Name                   Class
 0001:00000000 0006325aH .text$mn                CODE
 0002:00000000 00000244H .idata$5                DATA
 0002:00000244 00000004H .00cfg                  DATA
 0002:00000248 00000004H .CRT$XCA                DATA
 0002:0000024c 00000004H .CRT$XCAA               DATA
 0002:00000250 00000004H .CRT$XCZ                DATA
 0002:00000254 00000004H .CRT$XIA                DATA
 0002:00000258 00000004H .CRT$XIAA               DATA
 0002:0000025c 00000004H .CRT$XIAC               DATA
 0002:00000260 00000010H .CRT$XIC                DATA
 0002:00000270 00000004H .CRT$XIZ                DATA
 0002:00000274 00000004H .CRT$XPA                DATA
 0002:00000278 00000008H .CRT$XPX                DATA
 0002:00000280 00000004H .CRT$XPXA               DATA
 0002:00000284 00000004H .CRT$XPZ                DATA
 0002:00000288 00000004H .CRT$XTA                DATA
 0002:0000028c 00000004H .CRT$XTZ                DATA
 0002:00000290 0001ccb0H .rdata                  DATA
 0002:0001cf3c 00000000H .rdata$r                DATA
 0002:0001cf40 0000000cH .rdata$sxdata           DATA
 0002:0001cf4c 000002b8H .rdata$zzzdbg           DATA
 0002:0001d204 00000004H .rtc$IAA                DATA
 0002:0001d208 00000004H .rtc$IZZ                DATA
 0002:0001d20c 00000004H .rtc$TAA                DATA
 0002:0001d210 00000008H .rtc$TZZ                DATA
 0002:0001d218 000006acH .xdata$x                DATA
 0002:0001d8c4 00000000H .edata                  DATA
 0002:0001d8c4 0000003cH .idata$2                DATA
 0002:0001d900 00000014H .idata$3                DATA
 0002:0001d914 00000244H .idata$4                DATA
 0002:0001db58 00000a74H .idata$6                DATA
 0003:00000000 00001010H .data                   DATA
 0003:00001010 00000000H .data$r                 DATA
 0003:00001010 00001478H .bss                    DATA
 0004:00000000 000000c4H .gfids$x                DATA
 0004:000000c4 00000020H .gfids$y                DATA
 0005:00000000 000001e0H .rsrc$01                DATA
 0005:000001e0 00001300H .rsrc$02                DATA

  Address         Publics by Value              Rva+Base       Lib:Object

 0000:00000000       ___guard_longjmp_count     00000000     <absolute>
 0000:00000000       ___guard_fids_count        00000000     <absolute>
 0000:00000000       __except_list              00000000     <absolute>
 0000:00000000       ___guard_longjmp_table     00000000     <absolute>
 0000:00000000       ___dynamic_value_reloc_table 00000000     <absolute>
 0000:00000000       ___guard_iat_table         00000000     <absolute>
 0000:00000000       ___guard_iat_count         00000000     <absolute>
 0000:00000000       ___guard_fids_table        00000000     <absolute>
 0000:00000003       ___safe_se_handler_count   00000003     <absolute>
 0000:00000100       ___guard_flags             00000100     <absolute>
 0000:00000000       ___ImageBase               00400000     <linker-defined>
 0001:0000016c       _agentf_new                0040116c f   agentf.obj
 0001:000002cb       _backend_socket_log        004012cb f   be_misc.obj
 0001:0000042f       _log_proxy_stderr          0040142f f   be_misc.obj
 0001:000005a4       _psb_init                  004015a4 f   be_misc.obj
 0001:000005b0       _delete_callbacks_for_context 004015b0 f   callback.obj
 0001:0000061c       _queue_idempotent_callback 0040161c f   callback.obj
 0001:00000638       _queue_toplevel_callback   00401638 f   callback.obj
 0001:000006a8       _run_toplevel_callbacks    004016a8 f   callback.obj
 0001:000006f6       _toplevel_callback_pending 004016f6 f   callback.obj
 0001:00000730       _cmdline_get_passwd_input  00401730 f   cmdline.obj
 0001:0000079d       _cmdline_host_ok           0040179d f   cmdline.obj
 0001:000007e3       _cmdline_process_param     004017e3 f   cmdline.obj
 0001:00001bd7       _cmdline_run_saved         00402bd7 f   cmdline.obj
 0001:00001d05       _conf_copy                 00402d05 f   conf.obj
 0001:00001d1d       _conf_copy_into            00402d1d f   conf.obj
 0001:00001df4       _conf_del_str_str          00402df4 f   conf.obj
 0001:00001e76       _conf_free                 00402e76 f   conf.obj
 0001:00001e93       _conf_get_bool             00402e93 f   conf.obj
 0001:00001f14       _conf_get_filename         00402f14 f   conf.obj
 0001:00001f95       _conf_get_int              00402f95 f   conf.obj
 0001:00002016       _conf_get_int_int          00403016 f   conf.obj
 0001:0000209d       _conf_get_str              0040309d f   conf.obj
 0001:0000211e       _conf_get_str_nthstrkey    0040311e f   conf.obj
 0001:000021ba       _conf_get_str_str          004031ba f   conf.obj
 0001:000021f0       _conf_get_str_str_opt      004031f0 f   conf.obj
 0001:00002265       _conf_get_str_strs         00403265 f   conf.obj
 0001:00002359       _conf_new                  00403359 f   conf.obj
 0001:0000237a       _conf_set_bool             0040337a f   conf.obj
 0001:000023e9       _conf_set_filename         004033e9 f   conf.obj
 0001:0000245e       _conf_set_fontspec         0040345e f   conf.obj
 0001:000024d3       _conf_set_int              004034d3 f   conf.obj
 0001:00002542       _conf_set_int_int          00403542 f   conf.obj
 0001:000025b8       _conf_set_str              004035b8 f   conf.obj
 0001:0000262d       _conf_set_str_str          0040362d f   conf.obj
 0001:00002706       _proxy_socks5_handlechap   00403706 f   cproxy.obj
 0001:00002917       _proxy_socks5_offerencryptedauth 00403917 f   cproxy.obj
 0001:00002928       _proxy_socks5_selectchap   00403928 f   cproxy.obj
 0001:00002a1c       _ecc_edwards_add           00403a1c f   ecc.obj
 0001:00002cdd       _ecc_edwards_eq            00403cdd f   ecc.obj
 0001:00002d3a       _ecc_edwards_get_affine    00403d3a f   ecc.obj
 0001:00002dc8       _ecc_edwards_multiply      00403dc8 f   ecc.obj
 0001:00002eaf       _ecc_edwards_point_copy    00403eaf f   ecc.obj
 0001:00002ef1       _ecc_edwards_point_free    00403ef1 f   ecc.obj
 0001:00002f28       _ecc_edwards_point_new     00403f28 f   ecc.obj
 0001:00002f7a       _ecc_edwards_point_new_from_y 00403f7a f   ecc.obj
 0001:00003160       _ecc_montgomery_curve      00404160 f   ecc.obj
 0001:0000321b       _ecc_montgomery_diff_add   0040421b f   ecc.obj
 0001:000033b1       _ecc_montgomery_double     004043b1 f   ecc.obj
 0001:000034da       _ecc_montgomery_get_affine 004044da f   ecc.obj
 0001:00003532       _ecc_montgomery_multiply   00404532 f   ecc.obj
 0001:0000361c       _ecc_montgomery_point_copy 0040461c f   ecc.obj
 0001:00003648       _ecc_montgomery_point_free 00404648 f   ecc.obj
 0001:0000366f       _ecc_montgomery_point_new  0040466f f   ecc.obj
 0001:000036c1       _ecc_weierstrass_add       004046c1 f   ecc.obj
 0001:000037a5       _ecc_weierstrass_add_general 004047a5 f   ecc.obj
 0001:00003ac7       _ecc_edwards_curve         00404ac7 f   ecc.obj
 0001:00003ac7       _ecc_weierstrass_curve     00404ac7 f   ecc.obj
 0001:00003b2b       _ecc_weierstrass_double    00404b2b f   ecc.obj
 0001:00003ccd       _ecc_weierstrass_get_affine 00404ccd f   ecc.obj
 0001:00003d0f       _ecc_weierstrass_is_identity 00404d0f f   ecc.obj
 0001:00003d23       _ecc_weierstrass_multiply  00404d23 f   ecc.obj
 0001:00003e8b       _ecc_weierstrass_point_copy 00404e8b f   ecc.obj
 0001:00003ec2       _ecc_weierstrass_point_free 00404ec2 f   ecc.obj
 0001:00003ef1       _ecc_weierstrass_point_new 00404ef1 f   ecc.obj
 0001:00003f40       _ecc_weierstrass_point_new_from_x 00404f40 f   ecc.obj
 0001:0000404d       _ecc_weierstrass_point_new_identity 0040504d f   ecc.obj
 0001:000040ba       _ecc_weierstrass_point_valid 004050ba f   ecc.obj
 0001:00004389       _new_error_socket_fmt      00405389 f   errsock.obj
 0001:000043bd       ___local_stdio_printf_options 004053bd f i ldisc.obj
 0001:000043c3       __vsnprintf_l              004053c3 f i ldisc.obj
 0001:000043f5       _ldisc_echoedit_update     004053f5 f   ldisc.obj
 0001:00004453       _sprintf                   00405453 f i ldisc.obj
 0001:0000446d       _log_init                  0040546d f   logging.obj
 0001:000044b4       _log_packet                004054b4 f   logging.obj
 0001:00004828       _logevent                  00405828 f   logging.obj
 0001:000048ab       _logevent_and_free         004058ab f   logging.obj
 0001:000048fe       _logeventf                 004058fe f   logging.obj
 0001:00004914       _logeventvf                00405914 f   logging.obj
 0001:0000492f       _logfclose                 0040592f f   logging.obj
 0001:0000494a       _logflush                  0040594a f   logging.obj
 0001:00004963       _logfopen                  00405963 f   logging.obj
 0001:0000556d       _mainchan_get_specials     0040656d f   mainchan.obj
 0001:00005693       _mainchan_new              00406693 f   mainchan.obj
 0001:000057b6       _mainchan_special_cmd      004067b6 f   mainchan.obj
 0001:00005831       _mainchan_terminal_size    00406831 f   mainchan.obj
 0001:00005937       _BinarySink_put_asciz      00406937 f   marshal.obj
 0001:00005951       _BinarySink_put_bool       00406951 f   marshal.obj
 0001:0000596d       _BinarySink_put_byte       0040696d f   marshal.obj
 0001:0000597f       _BinarySink_put_data       0040697f f   marshal.obj
 0001:00005992       _BinarySink_put_datapl     00406992 f   marshal.obj
 0001:000059a7       _BinarySink_put_padding    004069a7 f   marshal.obj
 0001:000059ff       _BinarySink_put_pstring    004069ff f   marshal.obj
 0001:00005a34       _BinarySink_put_string     00406a34 f   marshal.obj
 0001:00005a53       _BinarySink_put_stringpl   00406a53 f   marshal.obj
 0001:00005a68       _BinarySink_put_stringsb   00406a68 f   marshal.obj
 0001:00005a86       _BinarySink_put_stringz    00406a86 f   marshal.obj
 0001:00005aa1       _BinarySink_put_uint16     00406aa1 f   marshal.obj
 0001:00005ac5       _BinarySink_put_uint32     00406ac5 f   marshal.obj
 0001:00005af9       _BinarySink_put_uint64     00406af9 f   marshal.obj
 0001:00005b76       _BinarySource_REWIND_TO__  00406b76 f   marshal.obj
 0001:00005bbb       _BinarySource_get_asciz    00406bbb f   marshal.obj
 0001:00005c02       _BinarySource_get_bool     00406c02 f   marshal.obj
 0001:00005c2a       _BinarySource_get_byte     00406c2a f   marshal.obj
 0001:00005c4a       _BinarySource_get_data     00406c4a f   marshal.obj
 0001:00005c77       _BinarySource_get_pstring  00406c77 f   marshal.obj
 0001:00005cc3       _BinarySource_get_string   00406cc3 f   marshal.obj
 0001:00005d31       _BinarySource_get_uint16   00406d31 f   marshal.obj
 0001:00005d62       _BinarySource_get_uint32   00406d62 f   marshal.obj
 0001:00005da6       _bufchain_sink_init        00406da6 f   marshal.obj
 0001:00005dd5       _safefree                  00406dd5 f   memory.obj
 0001:00005de1       _safegrowarray             00406de1 f   memory.obj
 0001:00005ef6       _safemalloc                00406ef6 f   memory.obj
 0001:00005f34       _saferealloc               00406f34 f   memory.obj
 0001:00005f79       _add_prompt                00406f79 f   misc.obj
 0001:00005fcb       _buildinfo                 00406fcb f   misc.obj
 0001:00006065       _conf_launchable           00407065 f   misc.obj
 0001:00006090       _free_prompts              00407090 f   misc.obj
 0001:000060e7       _new_prompts               004070e7 f   misc.obj
 0001:00006114       _chan_no_run_command       00407114 f   sshcommon.obj
 0001:00006114       _nullseat_is_never_utf8    00407114 f   misc.obj
 0001:00006114       _chan_no_allocate_pty      00407114 f   sshcommon.obj
 0001:00006114       _chan_no_change_window_size 00407114 f   sshcommon.obj
 0001:00006114       _chan_no_enable_agent_forwarding 00407114 f   sshcommon.obj
 0001:00006114       _chan_no_exit_status       00407114 f   sshcommon.obj
 0001:00006114       _nullseat_get_windowid     00407114 f   misc.obj
 0001:00006114       _chan_no_run_subsystem     00407114 f   sshcommon.obj
 0001:00006114       _chan_no_enable_x11_forwarding 00407114 f   sshcommon.obj
 0001:00006114       _ssh2_connection_parse_global_request 00407114 f   ssh2connection-client.obj
 0001:00006114       _chan_no_send_signal       00407114 f   sshcommon.obj
 0001:00006114       _chan_no_exit_signal_numeric 00407114 f   sshcommon.obj
 0001:00006114       _chan_no_send_break        00407114 f   sshcommon.obj
 0001:00006114       _nullseat_get_window_pixel_size 00407114 f   misc.obj
 0001:00006114       _chan_no_set_env           00407114 f   sshcommon.obj
 0001:00006114       _chan_no_exit_signal       00407114 f   sshcommon.obj
 0001:00006114       _chan_no_run_shell         00407114 f   sshcommon.obj
 0001:00006114       _sk_address_is_special_local 00407114 f   winnet.obj
 0001:00006117       _out_of_memory             00407117 f   misc.obj
 0001:00006123       _prompt_get_result         00407123 f   misc.obj
 0001:00006133       _prompt_get_result_ref     00407133 f   misc.obj
 0001:0000613d       _prompt_set_result         0040713d f   misc.obj
 0001:0000616b       _seat_connection_fatal     0040716b f   misc.obj
 0001:00006192       _sk_free_peer_info         00407192 f   misc.obj
 0001:000061b6       _validate_manual_hostkey   004071b6 f   misc.obj
 0001:0000636c       _dup_mb_to_wc              0040736c f   miscucs.obj
 0001:0000638b       _dup_mb_to_wc_c            0040738b f   miscucs.obj
 0001:000063f8       _BinarySink_put_mp_ssh1    004073f8 f   mpint.obj
 0001:0000645f       _BinarySink_put_mp_ssh2    0040745f f   mpint.obj
 0001:000064a3       _BinarySource_get_mp_ssh1  004074a3 f   mpint.obj
 0001:00006512       _BinarySource_get_mp_ssh2  00407512 f   mpint.obj
 0001:00006560       __vfprintf_l               00407560 f i mpint.obj
 0001:00006583       _fprintf                   00407583 f i mpint.obj
 0001:0000659b       _modsqrt_new               0040759b f   mpint.obj
 0001:00006628       _monty_add                 00407628 f   mpint.obj
 0001:0000666f       _monty_export              0040766f f   mpint.obj
 0001:00006692       _monty_export_into         00407692 f   mpint.obj
 0001:000066f1       _monty_free                004076f1 f   mpint.obj
 0001:0000673b       _monty_import              0040773b f   mpint.obj
 0001:00006751       _monty_invert              00407751 f   mpint.obj
 0001:0000677e       _monty_modsqrt             0040777e f   mpint.obj
 0001:00006946       _monty_mul                 00407946 f   mpint.obj
 0001:0000696d       _monty_mul_into            0040796d f   mpint.obj
 0001:00006a29       _monty_new                 00407a29 f   mpint.obj
 0001:00006ae5       _monty_pow                 00407ae5 f   mpint.obj
 0001:00006cd3       _monty_sub                 00407cd3 f   mpint.obj
 0001:00006d12       _mp_add                    00407d12 f   mpint.obj
 0001:00006d3e       _mp_add_integer_into       00407d3e f   mpint.obj
 0001:00006e25       _mp_add_into               00407e25 f   mpint.obj
 0001:000071fa       _mp_clear                  004081fa f   mpint.obj
 0001:0000720f       _mp_cmp_eq                 0040820f f   mpint.obj
 0001:0000725d       _mp_cmp_hs                 0040825d f   mpint.obj
 0001:00007280       _mp_cond_add_into          00408280 f   mpint.obj
 0001:000072a8       _mp_cond_clear             004082a8 f   mpint.obj
 0001:000072c8       _mp_cond_sub_into          004082c8 f   mpint.obj
 0001:000072f3       _mp_cond_swap              004082f3 f   mpint.obj
 0001:00007352       _mp_copy                   00408352 f   mpint.obj
 0001:0000737b       _mp_copy_into              0040837b f   mpint.obj
 0001:000073b8       _mp_divmod_into            004083b8 f   mpint.obj
 0001:00007902       _mp_eq_integer             00408902 f   mpint.obj
 0001:00007a51       _mp_free                   00408a51 f   mpint.obj
 0001:00007a6d       _mp_from_bytes_be          00408a6d f   mpint.obj
 0001:00007ae3       _mp_from_bytes_le          00408ae3 f   mpint.obj
 0001:00007af8       _mp_from_decimal           00408af8 f   mpint.obj
 0001:00007b0f       _mp_from_decimal_pl        00408b0f f   mpint.obj
 0001:00007b8d       _mp_from_hex               00408b8d f   mpint.obj
 0001:00007ba4       _mp_from_hex_pl            00408ba4 f   mpint.obj
 0001:00007c72       _mp_from_integer           00408c72 f   mpint.obj
 0001:00007caa       _mp_get_bit                00408caa f   mpint.obj
 0001:00007cca       _mp_get_byte               00408cca f   mpint.obj
 0001:00007cea       _mp_get_hex                00408cea f   mpint.obj
 0001:00007d81       _mp_get_nbits              00408d81 f   mpint.obj
 0001:00007ddb       _mp_hs_integer             00408ddb f   mpint.obj
 0001:00007e35       _mp_invert                 00408e35 f   mpint.obj
 0001:00007e59       _mp_invert_mod_2to         00408e59 f   mpint.obj
 0001:00008144       _mp_lshift_fixed_into      00409144 f   mpint.obj
 0001:0000820a       _mp_max                    0040920a f   mpint.obj
 0001:00008235       _mp_max_bits               00409235 f   mpint.obj
 0001:0000823f       _mp_max_into               0040923f f   mpint.obj
 0001:00008261       _mp_min                    00409261 f   mpint.obj
 0001:0000828c       _mp_min_into               0040928c f   mpint.obj
 0001:000082ae       _mp_mod                    004092ae f   mpint.obj
 0001:000082d2       _mp_modadd                 004092d2 f   mpint.obj
 0001:000082fd       _mp_modmul                 004092fd f   mpint.obj
 0001:00008328       _mp_modpow                 00409328 f   mpint.obj
 0001:000083ae       _mp_mul                    004093ae f   mpint.obj
 0001:000084c6       _mp_mul_integer_into       004094c6 f   mpint.obj
 0001:00008814       _mp_mul_into               00409814 f   mpint.obj
 0001:00008857       _mp_neg_into               00409857 f   mpint.obj
 0001:00008876       _mp_new                    00409876 f   mpint.obj
 0001:00008888       _mp_power_2                00409888 f   mpint.obj
 0001:000088aa       _mp_random_bits_fn         004098aa f   mpint.obj
 0001:000088fd       _mp_random_in_range_fn     004098fd f   mpint.obj
 0001:0000894c       _mp_reduce_mod_2to         0040994c f   mpint.obj
 0001:00008974       _mp_rshift_fixed           00409974 f   mpint.obj
 0001:000089ad       _mp_rshift_fixed_into      004099ad f   mpint.obj
 0001:00008a18       _mp_rshift_safe            00409a18 f   mpint.obj
 0001:00008b3f       _mp_select_into            00409b3f f   mpint.obj
 0001:00008b83       _mp_set_bit                00409b83 f   mpint.obj
 0001:00008bd2       _mp_sub                    00409bd2 f   mpint.obj
 0001:00008bfd       _mp_sub_integer_into       00409bfd f   mpint.obj
 0001:00008c21       _mp_sub_into               00409c21 f   mpint.obj
 0001:00008db5       __initialize_invalid_parameter_handler 00409db5 f   LIBCMT:invalid_parameter_handler.obj
 0001:00008db5       _nullseat_update_specials_menu 00409db5 f   misc.obj
 0001:00008db5       _nullseat_set_busy_status  00409db5 f   misc.obj
 0001:00008db5       _timer_change_notify       00409db5 f   wincons.obj
 0001:00008db5       ___except_validate_context_record 00409db5 f   libvcruntime:jbcxrval.obj
 0001:00008db5       _add_session_to_jumplist   00409db5 f   winnojmp.obj
 0001:00008db5       _platform_ssh_share_cleanup 00409db5 f   winshare.obj
 0001:00008db5       __initialize_denormal_control 00409db5 f   LIBCMT:denormal_control.obj
 0001:00008db5       ___except_validate_jump_buffer 00409db5 f   libvcruntime:jbcxrval.obj
 0001:00008db5       @_guard_check_icall_nop@4  00409db5 f   LIBCMT:guard_support.obj
 0001:00008db5       _nullseat_notify_remote_exit 00409db5 f   misc.obj
 0001:00008db6       _pinger_free               00409db6 f   pinger.obj
 0001:00008dc5       _pinger_new                00409dc5 f   pinger.obj
 0001:00008df8       _pinger_reconfig           00409df8 f   pinger.obj
 0001:00009839       _pfr_free                  0040a839 f   portfwd.obj
 0001:00009878       _portfwd_raw_free          0040a878 f   portfwd.obj
 0001:000098a8       _portfwd_raw_new           0040a8a8 f   portfwd.obj
 0001:000098f4       _portfwd_raw_setup         0040a8f4 f   portfwd.obj
 0001:00009928       _portfwdmgr_close          0040a928 f   portfwd.obj
 0001:0000994b       _portfwdmgr_close_all      0040a94b f   portfwd.obj
 0001:00009977       _portfwdmgr_config         0040a977 f   portfwd.obj
 0001:00009fa6       _portfwdmgr_connect        0040afa6 f   portfwd.obj
 0001:0000a0a2       _portfwdmgr_free           0040b0a2 f   portfwd.obj
 0001:0000a0cf       _portfwdmgr_new            0040b0cf f   portfwd.obj
 0001:0000a461       ___local_stdio_scanf_options 0040b461 f i proxy.obj
 0001:0000a467       __vsscanf_l                0040b467 f i proxy.obj
 0001:0000a4c2       _format_telnet_command     0040b4c2 f   proxy.obj
 0001:0000a804       _name_lookup               0040b804 f   proxy.obj
 0001:0000a8bc       _new_connection            0040b8bc f   proxy.obj
 0001:0000abfc       _new_listener              0040bbfc f   proxy.obj
 0001:0000ac32       _proxy_activate            0040bc32 f   proxy.obj
 0001:0000af0f       _proxy_http_negotiate      0040bf0f f   proxy.obj
 0001:0000b32f       _proxy_socks4_negotiate    0040c32f f   proxy.obj
 0001:0000b53b       _proxy_socks5_negotiate    0040c53b f   proxy.obj
 0001:0000baa3       _proxy_telnet_negotiate    0040caa3 f   proxy.obj
 0001:0000bc1f       _sscanf                    0040cc1f f i proxy.obj
 0001:0000c491       _prepare_session           0040d491 f   sessprep.obj
 0001:0000c538       _backend_vt_from_name      0040d538 f   settings.obj
 0001:0000c56b       _backend_vt_from_proto     0040d56b f   settings.obj
 0001:0000c591       _do_defaults               0040d591 f   settings.obj
 0001:0000c596       _get_remote_username       0040d596 f   settings.obj
 0001:0000ca63       _load_open_settings        0040da63 f   settings.obj
 0001:0000dc13       _load_settings             0040ec13 f   settings.obj
 0001:0000e531       _ssh_check_frozen          0040f531 f   ssh.obj
 0001:0000e58c       _ssh_conn_processed_data   0040f58c f   ssh.obj
 0001:0000e630       _ssh_deferred_abort_callback 0040f630 f   ssh.obj
 0001:0000e659       _ssh_get_logctx            0040f659 f   ssh.obj
 0001:0000e661       _ssh_got_exitcode          0040f661 f   ssh.obj
 0001:0000e66d       _ssh_got_fallback_cmd      0040f66d f   ssh.obj
 0001:0000eae5       _ssh_ldisc_update          0040fae5 f   ssh.obj
 0001:0000eaf9       _ssh_proto_error           0040faf9 f   ssh.obj
 0001:0000eb60       _ssh_remote_eof            0040fb60 f   ssh.obj
 0001:0000ebb9       _ssh_remote_error          0040fbb9 f   ssh.obj
 0001:0000ecc2       _ssh_sw_abort              0040fcc2 f   ssh.obj
 0001:0000ed23       _ssh_sw_abort_deferred     0040fd23 f   ssh.obj
 0001:0000ed7d       _ssh_throttle_conn         0040fd7d f   ssh.obj
 0001:0000edce       _ssh_user_close            0040fdce f   ssh.obj
 0001:0000f4a7       _ssh1_bpp_new              004104a7 f   ssh1bpp.obj
 0001:0000f4e4       _ssh1_bpp_new_cipher       004104e4 f   ssh1bpp.obj
 0001:0000f5df       _ssh1_bpp_start_compression 004105df f   ssh1bpp.obj
 0001:0000f659       _ssh1_censor_packet        00410659 f   ssh1censor.obj
 0001:0000fe43       _ssh1_channel_free         00410e43 f   ssh1connection.obj
 0001:0000fe5e       _ssh1_channel_init         00410e5e f   ssh1connection.obj
 0001:0000ff03       _ssh1_check_termination    00410f03 f   ssh1connection.obj
 0001:000101ce       _ssh1_connection_new       004111ce f   ssh1connection.obj
 0001:00010257       _ssh1_connection_set_protoflags 00411257 f   ssh1connection.obj
 0001:0001054f       _ssh1_connection_direction_specific_setup 0041154f f   ssh1connection-client.obj
 0001:0001057e       _ssh1_connection_need_antispoof_prompt 0041157e f   ssh1connection-client.obj
 0001:000105e6       _ssh1_handle_direction_specific_packet 004115e6 f   ssh1connection-client.obj
 0001:00010a94       _ssh1_rportfwd_alloc       00411a94 f   ssh1connection-client.obj
 0001:00010be3       _ssh1_serverside_agent_open 00411be3 f   ssh1connection-client.obj
 0001:00010bff       _ssh1_serverside_x11_open  00411bff f   ssh1connection-client.obj
 0001:00010c2a       _ssh1_session_open         00411c2a f   ssh1connection-client.obj
 0001:000129e6       _ssh1_login_new            004139e6 f   ssh1login.obj
 0001:0001389d       _ssh2_bpp_new              0041489d f   ssh2bpp.obj
 0001:000138e8       _ssh2_bpp_new_incoming_crypto 004148e8 f   ssh2bpp.obj
 0001:00013a3f       _ssh2_bpp_new_outgoing_crypto 00414a3f f   ssh2bpp.obj
 0001:00013ba8       _ssh2_bpp_rekey_inadvisable 00414ba8 f   ssh2bpp.obj
 0001:00013f13       _ssh2_bare_bpp_new         00414f13 f   ssh2bpp-bare.obj
 0001:00013f4d       _ssh2_censor_packet        00414f4d f   ssh2censor.obj
 0001:00014af5       _ssh2_channel_init         00415af5 f   ssh2connection.obj
 0001:00014c61       _ssh2_chanopen_init        00415c61 f   ssh2connection.obj
 0001:00014ca9       _ssh2_chanreq_init         00415ca9 f   ssh2connection.obj
 0001:000158b5       _ssh2_connection_new       004168b5 f   ssh2connection.obj
 0001:00015985       _ssh2_queue_global_request_handler 00416985 f   ssh2connection.obj
 0001:00015e09       _ssh2_connection_need_antispoof_prompt 00416e09 f   ssh2connection-client.obj
 0001:00015e27       _ssh2_connection_parse_channel_open 00416e27 f   ssh2connection-client.obj
 0001:00015f7e       _ssh2_portfwd_chanopen     00416f7e f   ssh2connection-client.obj
 0001:00015ff7       _ssh2_rportfwd_alloc       00416ff7 f   ssh2connection-client.obj
 0001:000161a9       _ssh2_rportfwd_remove      004171a9 f   ssh2connection-client.obj
 0001:0001624b       _ssh2_serverside_agent_open 0041724b f   ssh2connection-client.obj
 0001:00016267       _ssh2_serverside_x11_open  00417267 f   ssh2connection-client.obj
 0001:00016283       _ssh2_session_open         00417283 f   ssh2connection-client.obj
 0001:000162e2       _ssh2channel_request_agent_forwarding 004172e2 f   ssh2connection-client.obj
 0001:00016319       _ssh2channel_request_pty   00417319 f   ssh2connection-client.obj
 0001:00016405       _ssh2channel_request_x11_forwarding 00417405 f   ssh2connection-client.obj
 0001:0001646b       _ssh2channel_send_env_var  0041746b f   ssh2connection-client.obj
 0001:000164c1       _ssh2channel_send_exit_signal 004174c1 f   ssh2connection-client.obj
 0001:000164dd       _ssh2channel_send_exit_signal_numeric 004174dd f   ssh2connection-client.obj
 0001:000164f9       _ssh2channel_send_exit_status 004174f9 f   ssh2connection-client.obj
 0001:00016515       _ssh2channel_send_serial_break 00417515 f   ssh2connection-client.obj
 0001:0001655f       _ssh2channel_send_signal   0041755f f   ssh2connection-client.obj
 0001:000165a9       _ssh2channel_send_terminal_size_change 004175a9 f   ssh2connection-client.obj
 0001:00016600       _ssh2channel_start_command 00417600 f   ssh2connection-client.obj
 0001:00016648       _ssh2channel_start_shell   00417648 f   ssh2connection-client.obj
 0001:0001667f       _ssh2channel_start_subsystem 0041767f f   ssh2connection-client.obj
 0001:000166cc       _ssh2kex_coroutine         004176cc f   ssh2kex-client.obj
 0001:00017d31       _ssh_transient_hostkey_cache_add 00418d31 f   ssh2transhk.obj
 0001:00017de8       _ssh_transient_hostkey_cache_free 00418de8 f   ssh2transhk.obj
 0001:00017e2d       _ssh_transient_hostkey_cache_has 00418e2d f   ssh2transhk.obj
 0001:00017e4b       _ssh_transient_hostkey_cache_new 00418e4b f   ssh2transhk.obj
 0001:00017e6c       _ssh_transient_hostkey_cache_non_empty 00418e6c f   ssh2transhk.obj
 0001:00017e80       _ssh_transient_hostkey_cache_verify 00418e80 f   ssh2transhk.obj
 0001:00019044       _ssh2_common_filter_queue  0041a044 f   ssh2transport.obj
 0001:00019807       _ssh2_transport_dialog_callback 0041a807 f   ssh2transport.obj
 0001:000198bc       _ssh2_transport_get_session_id 0041a8bc f   ssh2transport.obj
 0001:00019aff       _ssh2_transport_new        0041aaff f   ssh2transport.obj
 0001:00019cab       _ssh2_transport_notify_auth_done 0041acab f   ssh2transport.obj
 0001:00019cec       _ssh2_transport_pop        0041acec f   ssh2transport.obj
 0001:0001a5eb       _ssh2transport_finalise_exhash 0041b5eb f   ssh2transport.obj
 0001:0001d0be       _ssh2_userauth_new         0041e0be f   ssh2userauth.obj
 0001:0001d194       _ssh2_userauth_set_transport_layer 0041e194 f   ssh2userauth.obj
 0001:0002298e       _aes256_decrypt_pubkey     0042398e f   sshauxcrypt.obj
 0001:00022a08       _des3_decrypt_pubkey       00423a08 f   sshauxcrypt.obj
 0001:00022aa8       _des_decrypt_xdmauth       00423aa8 f   sshauxcrypt.obj
 0001:00022acd       _des_encrypt_xdmauth       00423acd f   sshauxcrypt.obj
 0001:00022b82       _hash_simple               00423b82 f   sshauxcrypt.obj
 0001:00022bab       _mac_simple                00423bab f   sshauxcrypt.obj
 0001:000235be       _blowfish_expandkey        004245be f   sshblowf.obj
 0001:00023940       _blowfish_initkey          00424940 f   sshblowf.obj
 0001:00024d81       _chan_no_request_response  00425d81 f   sshcommon.obj
 0001:00024d9d       _add_to_commasep           00425d9d f   sshcommon.obj
 0001:00024dd1       _alloc_channel_id_general  00425dd1 f   sshcommon.obj
 0001:00024e22       _chan_default_want_close   00425e22 f   sshcommon.obj
 0001:00024e37       _chan_remotely_opened_confirmation 00425e37 f   sshcommon.obj
 0001:00024e53       _chan_remotely_opened_failure 00425e53 f   sshcommon.obj
 0001:00024e6f       _free_rportfwd             00425e6f f   sshcommon.obj
 0001:00024e9b       _get_commasep_word         00425e9b f   sshcommon.obj
 0001:00024f06       _get_ttymodes_from_conf    00425f06 f   sshcommon.obj
 0001:000250fb       _pq_base_concatenate       004260fb f   sshcommon.obj
 0001:000251f5       _pq_base_push              004261f5 f   sshcommon.obj
 0001:0002522c       _pq_base_push_front        0042622c f   sshcommon.obj
 0001:00025303       _pq_in_clear               00426303 f   sshcommon.obj
 0001:0002531c       _pq_in_init                0042631c f   sshcommon.obj
 0001:00025365       _pq_out_clear              00426365 f   sshcommon.obj
 0001:00025390       _pq_out_init               00426390 f   sshcommon.obj
 0001:00025404       _read_ttymodes_from_packet 00426404 f   sshcommon.obj
 0001:000254d6       _ssh1_common_filter_queue  004264d6 f   sshcommon.obj
 0001:0002556c       _ssh1_common_get_specials  0042656c f   sshcommon.obj
 0001:00025590       _ssh1_compute_session_id   00426590 f   sshcommon.obj
 0001:00025624       _ssh1_pkt_type             00426624 f   sshcommon.obj
 0001:000257f1       _ssh2_bpp_check_unimplemented 004267f1 f   sshcommon.obj
 0001:0002584a       _ssh2_bpp_queue_disconnect 0042684a f   sshcommon.obj
 0001:00025890       _ssh2_pkt_type             00426890 f   sshcommon.obj
 0001:00025c2e       _ssh_bpp_common_setup      00426c2e f   sshcommon.obj
 0001:00025c8a       _ssh_free_pktout           00426c8a f   sshcommon.obj
 0001:00025ca1       _ssh_new_packet            00426ca1 f   sshcommon.obj
 0001:00025d17       _ssh_ppl_default_queued_data_size 00426d17 f   sshcommon.obj
 0001:00025d22       _ssh_ppl_free              00426d22 f   sshcommon.obj
 0001:00025d22       _ssh_bpp_free              00426d22 f   sshcommon.obj
 0001:00025d42       _ssh_ppl_replace           00426d42 f   sshcommon.obj
 0001:00025d90       _ssh_ppl_setup_queues      00426d90 f   sshcommon.obj
 0001:00025dcc       _ssh_ppl_user_output_string_and_free 00426dcc f   sshcommon.obj
 0001:00025df5       _verify_ssh_manual_host_key 00426df5 f   sshcommon.obj
 0001:00025f70       _write_ttymodes_to_packet  00426f70 f   sshcommon.obj
 0001:00026031       _zombiechan_new            00427031 f   sshcommon.obj
 0001:0002604a       _crc32_ssh1                0042704a f   sshcrc.obj
 0001:0002605d       _crc32_update              0042705d f   sshcrc.obj
 0001:00026177       _crcda_free_context        00427177 f   sshcrcda.obj
 0001:00026194       _crcda_make_context        00427194 f   sshcrcda.obj
 0001:000261ad       _detect_attack             004271ad f   sshcrcda.obj
 0001:0002710b       _des_key_setup             0042810b f   sshdes.obj
 0001:00027267       _dh_cleanup                00428267 f   sshdh.obj
 0001:000272be       _dh_create_e               004282be f   sshdh.obj
 0001:0002733f       _dh_find_K                 0042833f f   sshdh.obj
 0001:00027372       _dh_is_gex                 00428372 f   sshdh.obj
 0001:0002737c       _dh_modulus_bit_size       0042837c f   sshdh.obj
 0001:0002737c       _ssh_rsakex_klen           0042837c f   sshrsa.obj
 0001:0002738a       _dh_setup_gex              0042838a f   sshdh.obj
 0001:000273bd       _dh_setup_group            004283bd f   sshdh.obj
 0001:00027401       _dh_validate_f             00428401 f   sshdh.obj
 0001:00027bf6       _dss_gen_k                 00428bf6 f   sshdss.obj
 0001:000297ff       _ssh_ecdhkex_curve_textname 0042a7ff f   sshecc.obj
 0001:0002980c       _ssh_ecdhkex_freekey       0042a80c f   sshecc.obj
 0001:0002982a       _ssh_ecdhkex_getkey        0042a82a f   sshecc.obj
 0001:00029840       _ssh_ecdhkex_getpublic     0042a840 f   sshecc.obj
 0001:00029851       _ssh_ecdhkex_newkey        0042a851 f   sshecc.obj
 0001:00029963       _ssh_gssapi_bind_fns       0042a963 f   sshgssc.obj
 0001:00029fcf       _ssh2_mac_generate         0042afcf f   sshmac.obj
 0001:0002a027       _ssh2_mac_verify           0042b027 f   sshmac.obj
 0001:0002a052       _ssh2_mac_verresult        0042b052 f   sshmac.obj
 0001:0002a145       _MD5Final                  0042b145 f   sshmd5.obj
 0001:0002a24e       _MD5Init                   0042b24e f   sshmd5.obj
 0001:0002ae08       _prng_add_entropy          0042be08 f   sshprng.obj
 0001:0002af0e       _prng_free                 0042bf0e f   sshprng.obj
 0001:0002af72       _prng_new                  0042bf72 f   sshprng.obj
 0001:0002aff9       _prng_read                 0042bff9 f   sshprng.obj
 0001:0002b0e0       _prng_seed_begin           0042c0e0 f   sshprng.obj
 0001:0002b127       _prng_seed_finish          0042c127 f   sshprng.obj
 0001:0002b1c3       _find_pubkey_alg           0042c1c3 f   sshpubk.obj
 0001:0002b1da       _find_pubkey_alg_len       0042c1da f   sshpubk.obj
 0001:0002b296       _key_type                  0042c296 f   sshpubk.obj
 0001:0002b510       _key_type_to_str           0042c510 f   sshpubk.obj
 0001:0002b594       _openssh_loadpub           0042c594 f   sshpubk.obj
 0001:0002b91c       _rfc4716_loadpub           0042c91c f   sshpubk.obj
 0001:0002bba5       _rsa_ssh1_encrypted        0042cba5 f   sshpubk.obj
 0001:0002be90       _rsa_ssh1_loadkey          0042ce90 f   sshpubk.obj
 0001:0002bf4a       _rsa_ssh1_loadpub          0042cf4a f   sshpubk.obj
 0001:0002c18f       _ssh2_fingerprint          0042d18f f   sshpubk.obj
 0001:0002c1c1       _ssh2_fingerprint_blob     0042d1c1 f   sshpubk.obj
 0001:0002c2b8       _ssh2_load_userkey         0042d2b8 f   sshpubk.obj
 0001:0002c98a       _ssh2_userkey_encrypted    0042d98a f   sshpubk.obj
 0001:0002cae3       _ssh2_userkey_loadpub      0042dae3 f   sshpubk.obj
 0001:0002cdb2       _random_add_noise          0042ddb2 f   sshrand.obj
 0001:0002cdd6       _random_clear              0042ddd6 f   sshrand.obj
 0001:0002ce71       _random_get_savedata       0042de71 f   sshrand.obj
 0001:0002ceab       _random_read               0042deab f   sshrand.obj
 0001:0002cee2       _random_ref                0042dee2 f   sshrand.obj
 0001:0002ceff       _random_save_seed          0042deff f   sshrand.obj
 0001:0002cf85       _random_unref              0042df85 f   sshrand.obj
 0001:0002d481       _rsa2_invalid              0042e481 f   sshrsa.obj
 0001:0002d4d9       _BinarySource_get_rsa_ssh1_priv 0042e4d9 f   sshrsa.obj
 0001:0002d4ee       _BinarySource_get_rsa_ssh1_pub 0042e4ee f   sshrsa.obj
 0001:0002d5b6       _crt_modpow                0042e5b6 f   sshrsa.obj
 0001:0002d6fe       _freersakey                0042e6fe f   sshrsa.obj
 0001:0002d745       _freersapriv               0042e745 f   sshrsa.obj
 0001:0002d9b3       _rsa_ssh1_decrypt          0042e9b3 f   sshrsa.obj
 0001:0002d9b8       _rsa_ssh1_encrypt          0042e9b8 f   sshrsa.obj
 0001:0002db0a       _rsa_ssh1_fingerprint      0042eb0a f   sshrsa.obj
 0001:0002dc0b       _rsa_ssh1_public_blob      0042ec0b f   sshrsa.obj
 0001:0002dc5c       _rsa_verify                0042ec5c f   sshrsa.obj
 0001:0002dd7b       _rsastr_fmt                0042ed7b f   sshrsa.obj
 0001:0002dda6       _ssh_rsakex_encrypt        0042eda6 f   sshrsa.obj
 0001:0002dee2       _ssh_rsakex_freekey        0042eee2 f   sshrsa.obj
 0001:0002def1       _ssh_rsakex_newkey         0042eef1 f   sshrsa.obj
 0001:0002e989       _SHA384_Final              0042f989 f   sshsh512.obj
 0001:0002e9c8       _SHA384_Init               0042f9c8 f   sshsh512.obj
 0001:0002f8b8       _SHA512_Final              004308b8 f   sshsh512.obj
 0001:0002f9f1       _SHA512_Init               004309f1 f   sshsh512.obj
 0001:00030986       _share_activate            00431986 f   sshshare.obj
 0001:00030cb9       _share_dead_xchannel_respond 00431cb9 f   sshshare.obj
 0001:00031822       _share_got_pkt_from_server 00432822 f   sshshare.obj
 0001:00031b12       _share_ndownstreams        00432b12 f   sshshare.obj
 0001:00031c21       _share_setup_x11_channel   00432c21 f   sshshare.obj
 0001:00031fcd       _share_xchannel_confirmation 00432fcd f   sshshare.obj
 0001:00032078       _share_xchannel_failure    00433078 f   sshshare.obj
 0001:000320ee       _sharestate_free           004330ee f   sshshare.obj
 0001:00032148       _ssh_connection_sharing_init 00433148 f   sshshare.obj
 0001:00032342       _ssh_connshare_provide_connlayer 00433342 f   sshshare.obj
 0001:0003234e       _ssh_share_sockname        0043334e f   sshshare.obj
 0001:000323b7       _ssh_share_test_for_upstream 004333b7 f   sshshare.obj
 0001:00032ebc       _ssh_verstring_get_bugs    00433ebc f   sshverstring.obj
 0001:00032ec4       _ssh_verstring_get_local   00433ec4 f   sshverstring.obj
 0001:00032ecc       _ssh_verstring_get_remote  00433ecc f   sshverstring.obj
 0001:00032ed6       _ssh_verstring_new         00433ed6 f   sshverstring.obj
 0001:0003305a       _zlib_compress_block       0043405a f   sshzlib.obj
 0001:00033119       _zlib_decompress_init      00434119 f   sshzlib.obj
 0001:000331fc       _zlib_decompress_cleanup   004341fc f   sshzlib.obj
 0001:0003326a       _zlib_decompress_block     0043426a f   sshzlib.obj
 0001:0003388e       _zlib_compress_init        0043488e f   sshzlib.obj
 0001:0003392a       _zlib_compress_cleanup     0043492a f   sshzlib.obj
 0001:0003440a       _stripctrl_enable_line_limiting 0043540a f   stripctrl.obj
 0001:00034415       _stripctrl_free            00435415 f   stripctrl.obj
 0001:000346b3       _stripctrl_new             004356b3 f   stripctrl.obj
 0001:00034714       _stripctrl_reset           00435714 f   stripctrl.obj
 0001:00034749       _stripctrl_retarget        00435749 f   stripctrl.obj
 0001:00035949       _expire_timer_context      00436949 f   timing.obj
 0001:00035996       _run_timers                00436996 f   timing.obj
 0001:00035a34       _schedule_timer            00436a34 f   timing.obj
 0001:00035ac7       _timing_last_clock         00436ac7 f   timing.obj
 0001:00035acd       _add234                    00436acd f   tree234.obj
 0001:00035ff3       _count234                  00436ff3 f   tree234.obj
 0001:00036044       _del234                    00437044 f   tree234.obj
 0001:00036073       _delpos234                 00437073 f   tree234.obj
 0001:00036522       _find234                   00437522 f   tree234.obj
 0001:0003653b       _findrel234                0043753b f   tree234.obj
 0001:00036556       _findrelpos234             00437556 f   tree234.obj
 0001:0003668c       _freetree234               0043768c f   tree234.obj
 0001:000366a2       _index234                  004376a2 f   tree234.obj
 0001:0003671c       _newtree234                0043771c f   tree234.obj
 0001:00036735       _search234_start           00437735 f   tree234.obj
 0001:00036755       _search234_step            00437755 f   tree234.obj
 0001:00036838       _base64_decode_atom        00437838 f   utils.obj
 0001:00036924       _base64_encode_atom        00437924 f   utils.obj
 0001:000369a3       _bufchain_add              004379a3 f   utils.obj
 0001:00036a43       _bufchain_clear            00437a43 f   utils.obj
 0001:00036a75       _bufchain_consume          00437a75 f   utils.obj
 0001:00036aff       _bufchain_fetch            00437aff f   utils.obj
 0001:00036b73       _bufchain_fetch_consume    00437b73 f   utils.obj
 0001:00036b94       _bufchain_init             00437b94 f   utils.obj
 0001:00036bad       _bufchain_prefix           00437bad f   utils.obj
 0001:00036bbc       _bufchain_set_callback_inner 00437bbc f   utils.obj
 0001:00036bcf       _bufchain_size             00437bcf f   utils.obj
 0001:00036bd7       _bufchain_try_fetch_consume 00437bd7 f   utils.obj
 0001:00036bf8       _chomp                     00437bf8 f   utils.obj
 0001:00036c25       _ctrlparse                 00437c25 f   utils.obj
 0001:00036cab       _dupcat_fn                 00437cab f   utils.obj
 0001:00036d2a       _dupprintf                 00437d2a f   utils.obj
 0001:00036d3b       _dupstr                    00437d3b f   utils.obj
 0001:00036d6a       _dupvprintf                00437d6a f   utils.obj
 0001:00036e02       _fgetline                  00437e02 f   utils.obj
 0001:00036e8c       _host_strchr               00437e8c f   utils.obj
 0001:00036f04       _host_strcspn              00437f04 f   utils.obj
 0001:00036f2a       _host_strduptrim           00437f2a f   utils.obj
 0001:00036fa3       _host_strrchr              00437fa3 f   utils.obj
 0001:00036fc7       _mkstr                     00437fc7 f   utils.obj
 0001:00036ff6       _nullstrcmp                00437ff6 f   utils.obj
 0001:00037019       _parse_blocksize           00438019 f   utils.obj
 0001:0003708c       _ptrlen_endswith           0043808c f   utils.obj
 0001:000370cf       _ptrlen_eq_ptrlen          004380cf f   utils.obj
 0001:000370f3       _ptrlen_eq_string          004380f3 f   utils.obj
 0001:0003711d       _smemeq                    0043811d f   utils.obj
 0001:0003717c       _strbuf_append             0043817c f   utils.obj
 0001:000371bc       _strbuf_catf               004381bc f   utils.obj
 0001:000371d2       _strbuf_catfv              004381d2 f   utils.obj
 0001:00037207       _strbuf_chomp              00438207 f   utils.obj
 0001:0003722e       _strbuf_finalise_agent_query 0043822e f   utils.obj
 0001:00037273       _strbuf_free               00438273 f   utils.obj
 0001:0003729f       _strbuf_new                0043829f f   utils.obj
 0001:000372a8       _strbuf_new_for_agent_query 004382a8 f   utils.obj
 0001:00037308       _strbuf_new_nm             00438308 f   utils.obj
 0001:00037311       _strbuf_shrink_by          00438311 f   utils.obj
 0001:00037346       _strbuf_shrink_to          00438346 f   utils.obj
 0001:00037378       _strbuf_to_str             00438378 f   utils.obj
 0001:0003738e       _string_length_for_printf  0043838e f   utils.obj
 0001:000373b9       _vsnprintf                 004383b9 f i utils.obj
 0001:00037432       _mk_wcwidth                00438432 f   wcwidth.obj
 0001:00037489       _wc_match                  00438489 f   wildcard.obj
 0001:000376bd       _got_crypt                 004386bd f   wincapi.obj
 0001:00037829       _cleanup_exit              00438829 f   wincons.obj
 0001:0003783d       _console_confirm_weak_cached_hostkey 0043883d f   wincons.obj
 0001:00037918       _console_confirm_weak_crypto_primitive 00438918 f   wincons.obj
 0001:000379f3       _console_connection_fatal  004389f3 f   wincons.obj
 0001:00037a0b       _console_get_userpass_input 00438a0b f   wincons.obj
 0001:00037c6e       _console_print_error_msg   00438c6e f   wincons.obj
 0001:00037cc2       _console_print_error_msg_fmt_v 00438cc2 f   wincons.obj
 0001:00037ce7       _console_set_trust_status  00438ce7 f   wincons.obj
 0001:00037d08       _console_stripctrl_new     00438d08 f   wincons.obj
 0001:00037d19       _console_verify_ssh_host_key 00438d19 f   wincons.obj
 0001:00037ea6       _is_interactive            00438ea6 f   wincons.obj
 0001:00037eb6       _modalfatalbox             00438eb6 f   wincons.obj
 0001:00037ed4       _nonfatal                  00438ed4 f   wincons.obj
 0001:00037eeb       _old_keyfile_warning       00438eeb f   wincons.obj
 0001:00037f01       _pgp_fingerprints          00438f01 f   wincons.obj
 0001:00037f17       _platform_default_b        00438f17 f   windefs.obj
 0001:00037f1c       _platform_default_filename 00438f1c f   windefs.obj
 0001:00037f43       _platform_default_fontspec 00438f43 f   windefs.obj
 0001:00037f75       _platform_default_i        00438f75 f   windefs.obj
 0001:00037f7a       _platform_default_s        00438f7a f   windefs.obj
 0001:00038095       _ssh_gss_cleanup           00439095 f   wingss.obj
 0001:000380df       _ssh_gss_setup             004390df f   wingss.obj
 0001:00038923       _handle_add_foreign_event  00439923 f   winhandl.obj
 0001:00038993       _handle_backlog            00439993 f   winhandl.obj
 0001:00038a32       _handle_free               00439a32 f   winhandl.obj
 0001:00038a8d       _handle_get_events         00439a8d f   winhandl.obj
 0001:00038af0       _handle_get_privdata       00439af0 f   winhandl.obj
 0001:00038af0       _monty_identity            00439af0 f   mpint.obj
 0001:00038af8       _handle_got_event          00439af8 f   winhandl.obj
 0001:00038c17       _handle_input_new          00439c17 f   winhandl.obj
 0001:00038e30       _handle_output_new         00439e30 f   winhandl.obj
 0001:00038fe3       _handle_sink_init          00439fe3 f   winhandl.obj
 0001:000390a9       _handle_unthrottle         0043a0a9 f   winhandl.obj
 0001:000390db       _handle_write              0043a0db f   winhandl.obj
 0001:0003913d       _handle_write_eof          0043a13d f   winhandl.obj
 0001:000394cf       _make_handle_socket        0043a4cf f   winhsock.obj
 0001:0003957a       _dll_hijacking_protection  0043a57a f   winmisc.obj
 0001:000395e0       _escape_registry_key       0043a5e0 f   winmisc.obj
 0001:0003966b       _filename_char_sanitise    0043a66b f   winmisc.obj
 0001:0003968f       _filename_copy             0043a68f f   winmisc.obj
 0001:0003969c       _filename_from_str         0043a69c f   winmisc.obj
 0001:000396bc       _filename_is_null          0043a6bc f   winmisc.obj
 0001:000396c9       _filename_to_str           0043a6c9 f   winmisc.obj
 0001:000396d0       _fontspec_copy             0043a6d0 f   winmisc.obj
 0001:000396ea       _fontspec_free             0043a6ea f   winmisc.obj
 0001:000396ea       _filename_free             0043a6ea f   winmisc.obj
 0001:00039700       _fontspec_new              0043a700 f   winmisc.obj
 0001:00039735       _get_username              0043a735 f   winmisc.obj
 0001:0003982f       _load_system32_dll         0043a82f f   winmisc.obj
 0001:000398a8       _open_for_write_would_lose_data 0043a8a8 f   winmisc.obj
 0001:000398f3       _platform_get_x_display    0043a8f3 f   winmisc.obj
 0001:00039906       _win_strerror              0043a906 f   winmisc.obj
 0001:00039a17       _is_console_handle         0043aa17 f   winmiscs.obj
 0001:00039a31       _smemclr                   0043aa31 f   winmiscs.obj
 0001:00039d27       _IN6_IS_ADDR_LOOPBACK      0043ad27 f i winnet.obj
 0001:00039d9d       _first_socket              0043ad9d f   winnet.obj
 0001:00039dc2       _get_hostname              0043adc2 f   winnet.obj
 0001:00039eb6       _net_service_lookup        0043aeb6 f   winnet.obj
 0001:00039ed8       _next_socket               0043aed8 f   winnet.obj
 0001:00039efd       _platform_get_x11_unix_address 0043aefd f   winnet.obj
 0001:00039f2e       _select_result             0043af2e f   winnet.obj
 0001:0003a2df       _sk_addr_dup               0043b2df f   winnet.obj
 0001:0003a2e6       _sk_addr_error             0043b2e6 f   winnet.obj
 0001:0003a2ee       _sk_addr_free              0043b2ee f   winnet.obj
 0001:0003a326       _sk_addr_needs_port        0043b326 f   winnet.obj
 0001:0003a332       _sk_addrcopy               0043b332 f   winnet.obj
 0001:0003a3f3       _sk_address_is_local       0043b3f3 f   winnet.obj
 0001:0003a495       _sk_addrtype               0043b495 f   winnet.obj
 0001:0003a4c8       _sk_cleanup                0043b4c8 f   winnet.obj
 0001:0003a57f       _sk_getaddr                0043b57f f   winnet.obj
 0001:0003a64a       _sk_hostname_is_local      0043b64a f   winnet.obj
 0001:0003a690       _sk_init                   0043b690 f   winnet.obj
 0001:0003aba3       _sk_namedpipe_addr         0043bba3 f   winnet.obj
 0001:0003abee       _sk_namelookup             0043bbee f   winnet.obj
 0001:0003af23       _sk_new                    0043bf23 f   winnet.obj
 0001:0003afbd       _sk_newlistener            0043bfbd f   winnet.obj
 0001:0003b2f2       _sk_nonamelookup           0043c2f2 f   winnet.obj
 0001:0003b750       _try_send                  0043c750 f   winnet.obj
 0001:0003b837       _winsock_error_string      0043c837 f   winnet.obj
 0001:0003ba25       _has_embedded_chm          0043ca25 f   winnohlp.obj
 0001:0003ba29       _noise_get_heavy           0043ca29 f   winnoise.obj
 0001:0003bb00       _noise_regular             0043cb00 f   winnoise.obj
 0001:0003bc15       _noise_ultralight          0043cc15 f   winnoise.obj
 0001:0003bc67       _prng_reseed_time_ms       0043cc67 f   winnoise.obj
 0001:0003bc93       _win_read_random           0043cc93 f   winnoise.obj
 0001:0003bd73       _new_named_pipe_client     0043cd73 f   winnpc.obj
 0001:0003c0b6       _new_named_pipe_listener   0043d0b6 f   winnps.obj
 0001:0003c1c9       _agent_cancel_query        0043d1c9 f   winpgntc.obj
 0001:0003c1e2       _agent_exists              0043d1e2 f   winpgntc.obj
 0001:0003c1f5       _agent_query               0043d1f5 f   winpgntc.obj
 0001:0003c44e       _cmdline_error             0043d44e f   winplink.obj
 0001:0003c46c       _do_select                 0043d46c f   winplink.obj
 0001:0003c4ac       _main                      0043d4ac f   winplink.obj
 0001:0003cee5       _printf                    0043dee5 f i winplink.obj
 0001:0003cf02       _stdin_gotdata             0043df02 f   winplink.obj
 0001:0003cfec       _stdouterr_sent            0043dfec f   winplink.obj
 0001:0003d34f       _platform_new_connection   0043e34f f   winproxy.obj
 0001:0003d565       _get_user_sid              0043e565 f   winsecur.obj
 0001:0003d684       _getsids                   0043e684 f   winsecur.obj
 0001:0003d76a       _got_advapi                0043e76a f   winsecur.obj
 0001:0003d891       _make_private_security_descriptor 0043e891 f   winsecur.obj
 0001:0003db28       _restrict_process_acl      0043eb28 f   winsecur.obj
 0001:0003e170       _platform_ssh_share        0043f170 f   winshare.obj
 0001:0003e5e4       _close_settings_r          0043f5e4 f   winstore.obj
 0001:0003e5fe       _have_ssh_host_key         0043f5fe f   winstore.obj
 0001:0003e645       _open_settings_r           0043f645 f   winstore.obj
 0001:0003e6d7       _read_random_seed          0043f6d7 f   winstore.obj
 0001:0003e756       _read_setting_filename     0043f756 f   winstore.obj
 0001:0003e786       _read_setting_fontspec     0043f786 f   winstore.obj
 0001:0003e86c       _read_setting_i            0043f86c f   winstore.obj
 0001:0003e8b1       _read_setting_s            0043f8b1 f   winstore.obj
 0001:0003e956       _store_host_key            0043f956 f   winstore.obj
 0001:0003ea7c       _verify_host_key           0043fa7c f   winstore.obj
 0001:0003ecb4       _write_random_seed         0043fcb4 f   winstore.obj
 0001:0003ece7       _ltime                     0043fce7 f   wintime.obj
 0001:0003ed6e       _mb_to_wc                  0043fd6e f   winucs.obj
 0001:0003ed8b       _platform_get_x11_auth     0043fd8b f   winx11.obj
 0001:0003f252       _BinarySource_get_string_xauth 00440252 f   x11fwd.obj
 0001:0003f2bd       _x11_authcmp               004402bd f   x11fwd.obj
 0001:0003f322       _x11_dehexify              00440322 f   x11fwd.obj
 0001:0003f38b       _x11_free_display          0044038b f   x11fwd.obj
 0001:0003f3d0       _x11_free_fake_auth        004403d0 f   x11fwd.obj
 0001:0003f448       _x11_get_auth_from_authfile 00440448 f   x11fwd.obj
 0001:0003f763       _x11_identify_auth_proto   00440763 f   x11fwd.obj
 0001:0003f791       _x11_invent_fake_auth      00440791 f   x11fwd.obj
 0001:0003f8ea       _x11_make_greeting         004408ea f   x11fwd.obj
 0001:0003fab0       _x11_new_channel           00440ab0 f   x11fwd.obj
 0001:0003fc4f       _x11_setup_display         00440c4f f   x11fwd.obj
 0001:00040167       @__security_check_cookie@4 00441167 f   LIBCMT:_secchk_.obj
 0001:00040180       __alloca_probe             00441180 f   LIBCMT:chkstk.obj
 0001:00040180       __chkstk                   00441180 f   LIBCMT:chkstk.obj
 0001:000401b0       __allmul                   004411b0 f   LIBCMT:llmul.obj
 0001:000401f0       __allshl                   004411f0 f   LIBCMT:llshl.obj
 0001:00040210       __aullshr                  00441210 f   LIBCMT:ullshr.obj
 0001:0004022f       ___raise_securityfailure   0044122f f   LIBCMT:gs_report.obj
 0001:00040257       ___report_gsfailure        00441257 f   LIBCMT:gs_report.obj
 0001:00040352       ___report_rangecheckfailure 00441352 f   LIBCMT:gs_report.obj
 0001:0004035e       ___report_securityfailure  0044135e f   LIBCMT:gs_report.obj
 0001:00040430       __aulldiv                  00441430 f   LIBCMT:ulldiv.obj
 0001:000406c5       _mainCRTStartup            004416c5 f   LIBCMT:exe_main.obj
 0001:000406cf       ??$__crt_fast_encode_pointer@PAX@@YAPAXQAX@Z 004416cf f i libvcruntime:winapi_downlevel.obj
 0001:000406cf       ??$__crt_fast_encode_pointer@PAP6AXXZ@@YAPAP6AXXZQAP6AXXZ@Z 004416cf f i LIBCMT:utility.obj
 0001:00040730       ___scrt_acquire_startup_lock 00441730 f   LIBCMT:utility.obj
 0001:00040765       ___scrt_initialize_crt     00441765 f   LIBCMT:utility.obj
 0001:0004079e       ___scrt_initialize_onexit_tables 0044179e f   LIBCMT:utility.obj
 0001:00040835       ___scrt_is_nonwritable_in_current_image 00441835 f   LIBCMT:utility.obj
 0001:000408bf       ___scrt_release_startup_lock 004418bf f   LIBCMT:utility.obj
 0001:000408dc       ___scrt_uninitialize_crt   004418dc f   LIBCMT:utility.obj
 0001:00040904       __onexit                   00441904 f   LIBCMT:utility.obj
 0001:0004093f       _atexit                    0044193f f   LIBCMT:utility.obj
 0001:00040954       ___security_init_cookie    00441954 f   LIBCMT:gs_support.obj
 0001:000409f0       __get_startup_argv_mode    004419f0 f   LIBCMT:argv_mode.obj
 0001:000409f4       __get_startup_file_mode    004419f4 f   LIBCMT:file_mode.obj
 0001:000409fa       ?__scrt_initialize_type_info@@YAXXZ 004419fa f   LIBCMT:tncleanup.obj
 0001:00040a06       __initialize_default_precision 00441a06 f   LIBCMT:default_precision.obj
 0001:00040a27       ___scrt_initialize_default_local_stdio_options 00441a27 f   LIBCMT:default_local_stdio_options.obj
 0001:00040a44       ___scrt_is_user_matherr_present 00441a44 f   LIBCMT:matherr_detection.obj
 0001:00040a50       ___scrt_get_dyn_tls_init_callback 00441a50 f   LIBCMT:dyn_tls_init.obj
 0001:00040a56       ___scrt_get_dyn_tls_dtor_callback 00441a56 f   LIBCMT:dyn_tls_dtor.obj
 0001:00040a5c       ___scrt_fastfail           00441a5c f   LIBCMT:utility_desktop.obj
 0001:00040b77       ___scrt_set_unhandled_exception_filter 00441b77 f   LIBCMT:utility_desktop.obj
 0001:00040b83       ___scrt_unhandled_exception_filter@4 00441b83 f   LIBCMT:utility_desktop.obj
 0001:00040bc4       __crt_debugger_hook        00441bc4 f   LIBCMT:utility_desktop.obj
 0001:00040bcc       __RTC_Initialize           00441bcc f   LIBCMT:_initsect_.obj
 0001:00040bf7       __RTC_Terminate            00441bf7 f   LIBCMT:_initsect_.obj
 0001:00040c22       @_guard_check_icall@4      00441c22 f i LIBCMT:checkcfg.obj
 0001:00040c30       __SEH_prolog4              00441c30 f   LIBCMT:_sehprolg4_.obj
 0001:00040c76       __SEH_epilog4              00441c76 f   LIBCMT:_sehprolg4_.obj
 0001:00040c8b       ___isa_available_init      00441c8b f   LIBCMT:_cpu_disp_.obj
 0001:00040e25       ___scrt_is_ucrt_dll_in_use 00441e25 f   LIBCMT:ucrt_detection.obj
 0001:00040e32       _IsProcessorFeaturePresent@4 00441e32 f   kernel32:KERNEL32.dll
 0001:00040e40       _memchr                    00441e40 f   libvcruntime:memchr.obj
 0001:00040ef0       _memcpy                    00441ef0 f   libvcruntime:memcpy.obj
 0001:00041470       _memmove                   00442470 f   libvcruntime:memmove.obj
 0001:000419f0       _strchr                    004429f0 f   libvcruntime:strchr.obj
 0001:00041a5e       ___from_strstr_to_strchr   00442a5e     libvcruntime:strchr.obj
 0001:00041b20       _strrchr                   00442b20 f   libvcruntime:strrchr.obj
 0001:00041c60       _memset                    00442c60 f   libvcruntime:memset.obj
 0001:00041dba       _memcmp                    00442dba f   libvcruntime:_memcmp_.obj
 0001:00043540       _strstr                    00444540 f   libvcruntime:strstr.obj
 0001:000437f0       __except_handler4          004447f0 f   libvcruntime:_chandler4_.obj
 0001:00043956       ___vcrt_initialize         00444956 f   libvcruntime:initialization.obj
 0001:0004397f       ___vcrt_uninitialize       0044497f f   libvcruntime:initialization.obj
 0001:000439a0       __local_unwind4            004449a0 f   libvcruntime:_exsup4_.obj
 0001:00043a76       __seh_longjmp_unwind4@4    00444a76 f   libvcruntime:_exsup4_.obj
 0001:00043a9e       @_EH4_CallFilterFunc@8     00444a9e f   libvcruntime:_exsup4_.obj
 0001:00043ab5       @_EH4_TransferToHandler@8  00444ab5 f   libvcruntime:_exsup4_.obj
 0001:00043ace       @_EH4_GlobalUnwind2@8      00444ace f   libvcruntime:_exsup4_.obj
 0001:00043ae7       @_EH4_LocalUnwind@16       00444ae7 f   libvcruntime:_exsup4_.obj
 0001:00043afe       ___vcrt_freefls@4          00444afe f   libvcruntime:per_thread_data.obj
 0001:00043b1a       ___vcrt_initialize_ptd     00444b1a f   libvcruntime:per_thread_data.obj
 0001:00043b4d       ___vcrt_uninitialize_ptd   00444b4d f   libvcruntime:per_thread_data.obj
 0001:00043b68       ___vcrt_initialize_locks   00444b68 f   libvcruntime:locks.obj
 0001:00043ba4       ___vcrt_uninitialize_locks 00444ba4 f   libvcruntime:locks.obj
 0001:00043cf4       ___vcrt_FlsAlloc           00444cf4 f   libvcruntime:winapi_downlevel.obj
 0001:00043d2e       ___vcrt_FlsFree            00444d2e f   libvcruntime:winapi_downlevel.obj
 0001:00043d68       ___vcrt_FlsSetValue        00444d68 f   libvcruntime:winapi_downlevel.obj
 0001:00043da5       ___vcrt_InitializeCriticalSectionEx 00444da5 f   libvcruntime:winapi_downlevel.obj
 0001:00043deb       ___vcrt_initialize_winapi_thunks 00444deb f   libvcruntime:winapi_downlevel.obj
 0001:00043e25       ___vcrt_uninitialize_winapi_thunks 00444e25 f   libvcruntime:winapi_downlevel.obj
 0001:00043e57       ___vcrt_initialize_pure_virtual_call_handler 00444e57 f   libvcruntime:purevirt_data.obj
 0001:00043e80       __global_unwind2           00444e80 f   libvcruntime:_exsup_.obj
 0001:00043ee5       __local_unwind2            00444ee5 f   libvcruntime:_exsup_.obj
 0001:00043f69       __abnormal_termination     00444f69 f   libvcruntime:_exsup_.obj
 0001:00043f8c       __NLG_Notify1              00444f8c f   libvcruntime:_exsup_.obj
 0001:00043f95       __NLG_Notify               00444f95 f   libvcruntime:_exsup_.obj
 0001:00043fac       __NLG_Dispatch             00444fac     libvcruntime:_exsup_.obj
 0001:00043fac       __NLG_Dispatch2            00444fac     libvcruntime:_exsup_.obj
 0001:00043fb4       __NLG_Call                 00444fb4 f   libvcruntime:_exsup_.obj
 0001:00043fb6       __NLG_Return2              00444fb6     libvcruntime:_exsup_.obj
 0001:0004461b       ??$ftprintf@PAU_iobuf@@PB_WABQB_WABQB_WABI@?$__crt_char_traits@_W@@SAH$$QAPAU_iobuf@@$$QAPB_WABQB_W2ABI@Z 0044561b f i libucrt:assert.obj
 0001:000446fa       __vfwprintf_l              004456fa f i libucrt:assert.obj
 0001:0004471f       __vswprintf_c_l            0044571f f i libucrt:assert.obj
 0001:0004474e       __wassert                  0044574e f   libucrt:assert.obj
 0001:00044796       _fwprintf                  00445796 f i libucrt:assert.obj
 0001:000447b1       _swprintf                  004457b1 f i libucrt:assert.obj
 0001:000447d0       _strlen                    004457d0 f   libucrt:strlen.obj
 0001:0004485b       __fclose_nolock            0044585b f   libucrt:fclose.obj
 0001:000448d1       _fclose                    004458d1 f   libucrt:fclose.obj
 0001:00044a12       _fopen                     00445a12 f   libucrt:fopen.obj
 0001:00044a29       __fread_nolock_s           00445a29 f   libucrt:fread.obj
 0001:00044bf5       _fread                     00445bf5 f   libucrt:fread.obj
 0001:00044c12       _fread_s                   00445c12 f   libucrt:fread.obj
 0001:00044d26       ??$is_overflow_condition@K@__crt_strtox@@YA_NIK@Z 00445d26 f i libucrt:atox.obj
 0001:00044d59       ??$is_overflow_condition@_K@__crt_strtox@@YA_NI_K@Z 00445d59 f i libucrt:atox.obj
 0001:00044d9c       ??$make_c_string_character_source@DPAPAD@__crt_strtox@@YA?AV?$c_string_character_source@D@0@QBDQAPAD@Z 00445d9c f i libucrt:strtox.obj
 0001:00044d9c       ??$make_c_string_character_source@_WPAPA_W@__crt_strtox@@YA?AV?$c_string_character_source@_W@0@QB_WQAPA_W@Z 00445d9c f i libucrt:strtox.obj
 0001:00044d9c       ??$make_c_string_character_source@_W$$T@__crt_strtox@@YA?AV?$c_string_character_source@_W@0@QB_W$$T@Z 00445d9c f i libucrt:atox.obj
 0001:00044d9c       ??$make_c_string_character_source@D$$T@__crt_strtox@@YA?AV?$c_string_character_source@D@0@QBD$$T@Z 00445d9c f i libucrt:atox.obj
 0001:00044db7       ??$parse_integer@KV?$c_string_character_source@D@__crt_strtox@@@__crt_strtox@@YAKQAU__crt_locale_pointers@@V?$c_string_character_source@D@0@H_N@Z 00445db7 f i libucrt:atox.obj
 0001:00044fdf       ??$parse_integer@KV?$c_string_character_source@_W@__crt_strtox@@@__crt_strtox@@YAKQAU__crt_locale_pointers@@V?$c_string_character_source@_W@0@H_N@Z 00445fdf f i libucrt:atox.obj
 0001:000456c4       ??$parse_integer@_KV?$c_string_character_source@D@__crt_strtox@@@__crt_strtox@@YA_KQAU__crt_locale_pointers@@V?$c_string_character_source@D@0@H_N@Z 004466c4 f i libucrt:atox.obj
 0001:0004596a       ??0_LocaleUpdate@@QAE@QAU__crt_locale_pointers@@@Z 0044696a f i libucrt:atox.obj
 0001:000459ed       ?unget@?$c_string_character_source@D@__crt_strtox@@QAEXD@Z 004469ed f i libucrt:atox.obj
 0001:00045a15       ?unget@?$c_string_character_source@_W@__crt_strtox@@QAEX_W@Z 00446a15 f i libucrt:atox.obj
 0001:00045a41       ?validate@?$string_output_adapter@_W@__crt_stdio_output@@QBE_NXZ 00446a41 f i libucrt:output.obj
 0001:00045a41       ?validate@?$string_output_adapter@D@__crt_stdio_output@@QBE_NXZ 00446a41 f i libucrt:output.obj
 0001:00045a41       ?validate@?$c_string_character_source@_W@__crt_strtox@@QBE_NXZ 00446a41 f i libucrt:atox.obj
 0001:00045a41       ?validate@?$c_string_character_source@D@__crt_strtox@@QBE_NXZ 00446a41 f i libucrt:atox.obj
 0001:00045a41       ?validate@?$stream_output_adapter@_W@__crt_stdio_output@@QBE_NXZ 00446a41 f i libucrt:output.obj
 0001:00045a5c       __chvalidchk_l             00446a5c f i libucrt:atox.obj
 0001:00045a86       __ischartype_l             00446a86 f i libucrt:atox.obj
 0001:00045ab9       __wtol                     00446ab9 f   libucrt:atox.obj
 0001:00045ae3       _atoi                      00446ae3 f   libucrt:atox.obj
 0001:00045ae3       _atol                      00446ae3 f   libucrt:atox.obj
 0001:00045b10       _strcmp                    00446b10 f   libucrt:strcmp.obj
 0001:00045ba0       _strncmp                   00446ba0 f   libucrt:strncmp.obj
 0001:00045c20       _strspn                    00446c20 f   libucrt:strspn.obj
 0001:00045c66       ??$?RV<lambda_ab9923ffb5d694ec0d78876dd103e44f>@@AAV<lambda_481dd5778c961fbcd3b60b650e9b9dc4>@@V<lambda_7923d86c9e3f319b415918ec4b39749c>@@@?$__crt_seh_guarded_call@H@@QAEH$$QAV<lambda_ab9923ffb5d694ec0d78876dd103e44f>@@AAV<lambda_481dd5778c961fbcd3b60b650e9b9dc4>@@$$QAV<lambda_7923d86c9e3f319b415918ec4b39749c>@@@Z 00446c66 f i libucrt:output.obj
 0001:00045cb7       ??$?RV<lambda_db08b09ef7aa9d4f8620ce68402612bc>@@AAV<lambda_4f2c1eaeead2a5fc776db5b62ea0fb9b>@@V<lambda_3ae262bc35d4ba6a3825c4f6bcaaf95c>@@@?$__crt_seh_guarded_call@H@@QAEH$$QAV<lambda_db08b09ef7aa9d4f8620ce68402612bc>@@AAV<lambda_4f2c1eaeead2a5fc776db5b62ea0fb9b>@@$$QAV<lambda_3ae262bc35d4ba6a3825c4f6bcaaf95c>@@@Z 00446cb7 f i libucrt:output.obj
 0001:00045d08       ??$__acrt_lock_stream_and_call@V<lambda_481dd5778c961fbcd3b60b650e9b9dc4>@@@@YAHQAU_iobuf@@$$QAV<lambda_481dd5778c961fbcd3b60b650e9b9dc4>@@@Z 00446d08 f i libucrt:output.obj
 0001:00045d30       ??$__acrt_lock_stream_and_call@V<lambda_4f2c1eaeead2a5fc776db5b62ea0fb9b>@@@@YAHQAU_iobuf@@$$QAV<lambda_4f2c1eaeead2a5fc776db5b62ea0fb9b>@@@Z 00446d30 f i libucrt:output.obj
 0001:00046059       ??$count@D@formatting_buffer@__crt_stdio_output@@QBEIXZ 00447059 f i libucrt:output.obj
 0001:00046071       ??$ensure_buffer_is_big_enough@D@formatting_buffer@__crt_stdio_output@@QAE_NI@Z 00447071 f i libucrt:output.obj
 0001:000460f7       ??$is_wide_character_specifier@D@__crt_stdio_output@@YA_N_KDW4length_modifier@0@@Z 004470f7 f i libucrt:output.obj
 0001:00046137       ??$is_wide_character_specifier@_W@__crt_stdio_output@@YA_N_K_WW4length_modifier@0@@Z 00447137 f i libucrt:output.obj
 0001:00046186       ??$scratch_data@D@formatting_buffer@__crt_stdio_output@@QAEPADXZ 00447186 f i libucrt:output.obj
 0001:000461a4       ??$type_case_integer_parse_into_buffer@I@?$output_processor@DV?$stream_output_adapter@D@__crt_stdio_output@@V?$standard_base@DV?$stream_output_adapter@D@__crt_stdio_output@@@2@@__crt_stdio_output@@AAEXII_N@Z 004471a4 f i libucrt:output.obj
 0001:000461a4       ??$type_case_integer_parse_into_buffer@I@?$output_processor@_WV?$stream_output_adapter@_W@__crt_stdio_output@@V?$standard_base@_WV?$stream_output_adapter@_W@__crt_stdio_output@@@2@@__crt_stdio_output@@AAEXII_N@Z 004471a4 f i libucrt:output.obj
 0001:000461a4       ??$type_case_integer_parse_into_buffer@I@?$output_processor@_WV?$string_output_adapter@_W@__crt_stdio_output@@V?$standard_base@_WV?$string_output_adapter@_W@__crt_stdio_output@@@2@@__crt_stdio_output@@AAEXII_N@Z 004471a4 f i libucrt:output.obj
 0001:000461a4       ??$type_case_integer_parse_into_buffer@I@?$output_processor@DV?$string_output_adapter@D@__crt_stdio_output@@V?$standard_base@DV?$string_output_adapter@D@__crt_stdio_output@@@2@@__crt_stdio_output@@AAEXII_N@Z 004471a4 f i libucrt:output.obj
 0001:00046219       ??$type_case_integer_parse_into_buffer@_K@?$output_processor@_WV?$stream_output_adapter@_W@__crt_stdio_output@@V?$standard_base@_WV?$stream_output_adapter@_W@__crt_stdio_output@@@2@@__crt_stdio_output@@AAEX_KI_N@Z 00447219 f i libucrt:output.obj
 0001:00046219       ??$type_case_integer_parse_into_buffer@_K@?$output_processor@_WV?$string_output_adapter@_W@__crt_stdio_output@@V?$standard_base@_WV?$string_output_adapter@_W@__crt_stdio_output@@@2@@__crt_stdio_output@@AAEX_KI_N@Z 00447219 f i libucrt:output.obj
 0001:00046219       ??$type_case_integer_parse_into_buffer@_K@?$output_processor@DV?$string_output_adapter@D@__crt_stdio_output@@V?$standard_base@DV?$string_output_adapter@D@__crt_stdio_output@@@2@@__crt_stdio_output@@AAEX_KI_N@Z 00447219 f i libucrt:output.obj
 0001:00046219       ??$type_case_integer_parse_into_buffer@_K@?$output_processor@DV?$stream_output_adapter@D@__crt_stdio_output@@V?$standard_base@DV?$stream_output_adapter@D@__crt_stdio_output@@@2@@__crt_stdio_output@@AAEX_KI_N@Z 00447219 f i libucrt:output.obj
 0001:000462a1       ??$write_multiple_characters@V?$stream_output_adapter@D@__crt_stdio_output@@D@__crt_stdio_output@@YAXABV?$stream_output_adapter@D@0@DHQAH@Z 004472a1 f i libucrt:output.obj
 0001:000462cd       ??$write_multiple_characters@V?$stream_output_adapter@_W@__crt_stdio_output@@D@__crt_stdio_output@@YAXABV?$stream_output_adapter@_W@0@DHQAH@Z 004472cd f i libucrt:output.obj
 0001:000462fe       ??$write_multiple_characters@V?$string_output_adapter@D@__crt_stdio_output@@D@__crt_stdio_output@@YAXABV?$string_output_adapter@D@0@DHQAH@Z 004472fe f i libucrt:output.obj
 0001:0004632a       ??$write_multiple_characters@V?$string_output_adapter@_W@__crt_stdio_output@@D@__crt_stdio_output@@YAXABV?$string_output_adapter@_W@0@DHQAH@Z 0044732a f i libucrt:output.obj
 0001:0004635b       ??0?$common_data@D@__crt_stdio_output@@IAE@XZ 0044735b f i libucrt:output.obj
 0001:000463a2       ??0?$common_data@_W@__crt_stdio_output@@IAE@XZ 004473a2 f i libucrt:output.obj
 0001:000463ee       ??0?$output_adapter_data@DV?$string_output_adapter@D@__crt_stdio_output@@@__crt_stdio_output@@IAE@ABV?$string_output_adapter@D@1@_KQBDQAU__crt_locale_pointers@@QAD@Z 004473ee f i libucrt:output.obj
 0001:000463ee       ??0?$output_adapter_data@DV?$stream_output_adapter@D@__crt_stdio_output@@@__crt_stdio_output@@IAE@ABV?$stream_output_adapter@D@1@_KQBDQAU__crt_locale_pointers@@QAD@Z 004473ee f i libucrt:output.obj
 0001:0004642a       ??0?$output_adapter_data@_WV?$stream_output_adapter@_W@__crt_stdio_output@@@__crt_stdio_output@@IAE@ABV?$stream_output_adapter@_W@1@_KQB_WQAU__crt_locale_pointers@@QAD@Z 0044742a f i libucrt:output.obj
 0001:0004642a       ??0?$output_adapter_data@_WV?$string_output_adapter@_W@__crt_stdio_output@@@__crt_stdio_output@@IAE@ABV?$string_output_adapter@_W@1@_KQB_WQAU__crt_locale_pointers@@QAD@Z 0044742a f i libucrt:output.obj
 0001:00046466       ??0?$output_processor@DV?$string_output_adapter@D@__crt_stdio_output@@V?$standard_base@DV?$string_output_adapter@D@__crt_stdio_output@@@2@@__crt_stdio_output@@QAE@ABV?$string_output_adapter@D@1@_KQBDQAU__crt_locale_pointers@@QAD@Z 00447466 f i libucrt:output.obj
 0001:00046466       ??0?$output_processor@DV?$stream_output_adapter@D@__crt_stdio_output@@V?$standard_base@DV?$stream_output_adapter@D@__crt_stdio_output@@@2@@__crt_stdio_output@@QAE@ABV?$stream_output_adapter@D@1@_KQBDQAU__crt_locale_pointers@@QAD@Z 00447466 f i libucrt:output.obj
 0001:0004649b       ??0?$output_processor@_WV?$stream_output_adapter@_W@__crt_stdio_output@@V?$standard_base@_WV?$stream_output_adapter@_W@__crt_stdio_output@@@2@@__crt_stdio_output@@QAE@ABV?$stream_output_adapter@_W@1@_KQB_WQAU__crt_locale_pointers@@QAD@Z 0044749b f i libucrt:output.obj
 0001:0004649b       ??0?$output_processor@_WV?$string_output_adapter@_W@__crt_stdio_output@@V?$standard_base@_WV?$string_output_adapter@_W@__crt_stdio_output@@@2@@__crt_stdio_output@@QAE@ABV?$string_output_adapter@_W@1@_KQB_WQAU__crt_locale_pointers@@QAD@Z 0044749b f i libucrt:output.obj
 0001:000464d0       ??1formatting_buffer@__crt_stdio_output@@QAE@XZ 004474d0 f i libucrt:output.obj
 0001:000464ea       ??4?$__crt_unique_heap_ptr@DU__crt_internal_free_policy@@@@QAEAAV0@$$QAV0@@Z 004474ea f i libucrt:output.obj
 0001:00046688       ?crop_zeroes@__crt_stdio_output@@YAXPADQAU__crt_locale_pointers@@@Z 00447688 f i libucrt:output.obj
 0001:000466df       ?find_next_state@?$output_processor@DV?$stream_output_adapter@D@__crt_stdio_output@@V?$standard_base@DV?$stream_output_adapter@D@__crt_stdio_output@@@2@@__crt_stdio_output@@ABE?AW4state@2@DW432@@Z 004476df f i libucrt:output.obj
 0001:000466df       ?find_next_state@?$output_processor@DV?$string_output_adapter@D@__crt_stdio_output@@V?$standard_base@DV?$string_output_adapter@D@__crt_stdio_output@@@2@@__crt_stdio_output@@ABE?AW4state@2@DW432@@Z 004476df f i libucrt:output.obj
 0001:00046711       ?find_next_state@?$output_processor@_WV?$stream_output_adapter@_W@__crt_stdio_output@@V?$standard_base@_WV?$stream_output_adapter@_W@__crt_stdio_output@@@2@@__crt_stdio_output@@ABE?AW4state@2@_WW432@@Z 00447711 f i libucrt:output.obj
 0001:00046711       ?find_next_state@?$output_processor@_WV?$string_output_adapter@_W@__crt_stdio_output@@V?$standard_base@_WV?$string_output_adapter@_W@__crt_stdio_output@@@2@@__crt_stdio_output@@ABE?AW4state@2@_WW432@@Z 00447711 f i libucrt:output.obj
 0001:00046745       ?force_decimal_point@__crt_stdio_output@@YAXPADQAU__crt_locale_pointers@@@Z 00447745 f i libucrt:output.obj
 0001:000467a1       ?parse_int_from_format_string@?$output_processor@DV?$string_output_adapter@D@__crt_stdio_output@@V?$standard_base@DV?$string_output_adapter@D@__crt_stdio_output@@@2@@__crt_stdio_output@@AAE_NQAH@Z 004477a1 f i libucrt:output.obj
 0001:000467a1       ?parse_int_from_format_string@?$output_processor@DV?$stream_output_adapter@D@__crt_stdio_output@@V?$standard_base@DV?$stream_output_adapter@D@__crt_stdio_output@@@2@@__crt_stdio_output@@AAE_NQAH@Z 004477a1 f i libucrt:output.obj
 0001:000467fd       ?parse_int_from_format_string@?$output_processor@_WV?$stream_output_adapter@_W@__crt_stdio_output@@V?$standard_base@_WV?$stream_output_adapter@_W@__crt_stdio_output@@@2@@__crt_stdio_output@@AAE_NQAH@Z 004477fd f i libucrt:output.obj
 0001:000467fd       ?parse_int_from_format_string@?$output_processor@_WV?$string_output_adapter@_W@__crt_stdio_output@@V?$standard_base@_WV?$string_output_adapter@_W@__crt_stdio_output@@@2@@__crt_stdio_output@@AAE_NQAH@Z 004477fd f i libucrt:output.obj
 0001:0004685b       ?process@?$output_processor@DV?$stream_output_adapter@D@__crt_stdio_output@@V?$standard_base@DV?$stream_output_adapter@D@__crt_stdio_output@@@2@@__crt_stdio_output@@QAEHXZ 0044785b f i libucrt:output.obj
 0001:00046977       ?process@?$output_processor@DV?$string_output_adapter@D@__crt_stdio_output@@V?$standard_base@DV?$string_output_adapter@D@__crt_stdio_output@@@2@@__crt_stdio_output@@QAEHXZ 00447977 f i libucrt:output.obj
 0001:00046a93       ?process@?$output_processor@_WV?$stream_output_adapter@_W@__crt_stdio_output@@V?$standard_base@_WV?$stream_output_adapter@_W@__crt_stdio_output@@@2@@__crt_stdio_output@@QAEHXZ 00447a93 f i libucrt:output.obj
 0001:00046bb3       ?process@?$output_processor@_WV?$string_output_adapter@_W@__crt_stdio_output@@V?$standard_base@_WV?$string_output_adapter@_W@__crt_stdio_output@@@2@@__crt_stdio_output@@QAEHXZ 00447bb3 f i libucrt:output.obj
 0001:00046cd3       ?state_case_flag@?$output_processor@DV?$string_output_adapter@D@__crt_stdio_output@@V?$standard_base@DV?$string_output_adapter@D@__crt_stdio_output@@@2@@__crt_stdio_output@@AAE_NXZ 00447cd3 f i libucrt:output.obj
 0001:00046cd3       ?state_case_flag@?$output_processor@DV?$stream_output_adapter@D@__crt_stdio_output@@V?$standard_base@DV?$stream_output_adapter@D@__crt_stdio_output@@@2@@__crt_stdio_output@@AAE_NXZ 00447cd3 f i libucrt:output.obj
 0001:00046d10       ?state_case_flag@?$output_processor@_WV?$string_output_adapter@_W@__crt_stdio_output@@V?$standard_base@_WV?$string_output_adapter@_W@__crt_stdio_output@@@2@@__crt_stdio_output@@AAE_NXZ 00447d10 f i libucrt:output.obj
 0001:00046d10       ?state_case_flag@?$output_processor@_WV?$stream_output_adapter@_W@__crt_stdio_output@@V?$standard_base@_WV?$stream_output_adapter@_W@__crt_stdio_output@@@2@@__crt_stdio_output@@AAE_NXZ 00447d10 f i libucrt:output.obj
 0001:00046d4d       ?state_case_normal@?$output_processor@DV?$stream_output_adapter@D@__crt_stdio_output@@V?$standard_base@DV?$stream_output_adapter@D@__crt_stdio_output@@@2@@__crt_stdio_output@@AAE_NXZ 00447d4d f i libucrt:output.obj
 0001:00046d6c       ?state_case_normal@?$output_processor@DV?$string_output_adapter@D@__crt_stdio_output@@V?$standard_base@DV?$string_output_adapter@D@__crt_stdio_output@@@2@@__crt_stdio_output@@AAE_NXZ 00447d6c f i libucrt:output.obj
 0001:00046d8b       ?state_case_normal@?$output_processor@_WV?$stream_output_adapter@_W@__crt_stdio_output@@V?$standard_base@_WV?$stream_output_adapter@_W@__crt_stdio_output@@@2@@__crt_stdio_output@@AAE_NXZ 00447d8b f i libucrt:output.obj
 0001:00046daa       ?state_case_normal@?$output_processor@_WV?$string_output_adapter@_W@__crt_stdio_output@@V?$standard_base@_WV?$string_output_adapter@_W@__crt_stdio_output@@@2@@__crt_stdio_output@@AAE_NXZ 00447daa f i libucrt:output.obj
 0001:00046dc9       ?state_case_normal_common@?$output_processor@DV?$stream_output_adapter@D@__crt_stdio_output@@V?$standard_base@DV?$stream_output_adapter@D@__crt_stdio_output@@@2@@__crt_stdio_output@@AAE_NXZ 00447dc9 f i libucrt:output.obj
 0001:00046df3       ?state_case_normal_common@?$output_processor@DV?$string_output_adapter@D@__crt_stdio_output@@V?$standard_base@DV?$string_output_adapter@D@__crt_stdio_output@@@2@@__crt_stdio_output@@AAE_NXZ 00447df3 f i libucrt:output.obj
 0001:00046e1d       ?state_case_normal_common@?$output_processor@_WV?$stream_output_adapter@_W@__crt_stdio_output@@V?$standard_base@_WV?$stream_output_adapter@_W@__crt_stdio_output@@@2@@__crt_stdio_output@@AAE_NXZ 00447e1d f i libucrt:output.obj
 0001:00046e38       ?state_case_normal_common@?$output_processor@_WV?$string_output_adapter@_W@__crt_stdio_output@@V?$standard_base@_WV?$string_output_adapter@_W@__crt_stdio_output@@@2@@__crt_stdio_output@@AAE_NXZ 00447e38 f i libucrt:output.obj
 0001:00046e53       ?state_case_normal_tchar@?$output_processor@DV?$stream_output_adapter@D@__crt_stdio_output@@V?$standard_base@DV?$stream_output_adapter@D@__crt_stdio_output@@@2@@__crt_stdio_output@@AAE_ND@Z 00447e53 f i libucrt:output.obj
 0001:00046eb4       ?state_case_normal_tchar@?$output_processor@DV?$string_output_adapter@D@__crt_stdio_output@@V?$standard_base@DV?$string_output_adapter@D@__crt_stdio_output@@@2@@__crt_stdio_output@@AAE_ND@Z 00447eb4 f i libucrt:output.obj
 0001:00046f15       ?state_case_precision@?$output_processor@DV?$string_output_adapter@D@__crt_stdio_output@@V?$standard_base@DV?$string_output_adapter@D@__crt_stdio_output@@@2@@__crt_stdio_output@@AAE_NXZ 00447f15 f i libucrt:output.obj
 0001:00046f15       ?state_case_precision@?$output_processor@DV?$stream_output_adapter@D@__crt_stdio_output@@V?$standard_base@DV?$stream_output_adapter@D@__crt_stdio_output@@@2@@__crt_stdio_output@@AAE_NXZ 00447f15 f i libucrt:output.obj
 0001:00046f3d       ?state_case_precision@?$output_processor@_WV?$string_output_adapter@_W@__crt_stdio_output@@V?$standard_base@_WV?$string_output_adapter@_W@__crt_stdio_output@@@2@@__crt_stdio_output@@AAE_NXZ 00447f3d f i libucrt:output.obj
 0001:00046f3d       ?state_case_precision@?$output_processor@_WV?$stream_output_adapter@_W@__crt_stdio_output@@V?$standard_base@_WV?$stream_output_adapter@_W@__crt_stdio_output@@@2@@__crt_stdio_output@@AAE_NXZ 00447f3d f i libucrt:output.obj
 0001:00046f66       ?state_case_size@?$output_processor@DV?$stream_output_adapter@D@__crt_stdio_output@@V?$standard_base@DV?$stream_output_adapter@D@__crt_stdio_output@@@2@@__crt_stdio_output@@AAE_NXZ 00447f66 f i libucrt:output.obj
 0001:000470cf       ?state_case_size@?$output_processor@DV?$string_output_adapter@D@__crt_stdio_output@@V?$standard_base@DV?$string_output_adapter@D@__crt_stdio_output@@@2@@__crt_stdio_output@@AAE_NXZ 004480cf f i libucrt:output.obj
 0001:00047238       ?state_case_size@?$output_processor@_WV?$stream_output_adapter@_W@__crt_stdio_output@@V?$standard_base@_WV?$stream_output_adapter@_W@__crt_stdio_output@@@2@@__crt_stdio_output@@AAE_NXZ 00448238 f i libucrt:output.obj
[...]
 0002:0001d6a8       __sehtable$___acrt_initialize_lowio 004826a8     libucrt:ioinit.obj
 0002:0001d6c8       __sehtable$??$?RV<lambda_61cee617f5178ae960314fd4d05640a0>@@AAV<lambda_6978c1fb23f02e42e1d9e99668cc68aa>@@V<lambda_9cd88cf8ad10232537feb2133f08c833>@@@?$__crt_seh_guarded_call@H@@QAEH$$QAV<lambda_61cee617f5178ae960314fd4d05640a0>@@AAV<lambda_6978c1fb23f02e42e1d9e99668cc68aa>@@$$QAV<lambda_9cd88cf8ad10232537feb2133f08c833>@@@Z 004826c8     libucrt:commit.obj
 0002:0001d6e8       __sehtable$__write         004826e8     libucrt:write.obj
 0002:0001d708       __sehtable$??$?RV<lambda_9227be29367c048ad7fd93a717dcb1a1>@@AAV<lambda_a463b7b0560cfcaf9b17f27c6ef46564>@@V<lambda_ccea11b5727ccf69be64f5f5d9a08d9f>@@@?$__crt_seh_guarded_call@H@@QAEH$$QAV<lambda_9227be29367c048ad7fd93a717dcb1a1>@@AAV<lambda_a463b7b0560cfcaf9b17f27c6ef46564>@@$$QAV<lambda_ccea11b5727ccf69be64f5f5d9a08d9f>@@@Z 00482708     libucrt:winapi_thunks.obj
 0002:0001d728       __sehtable$??$common_lseek@J@@YAJHJH@Z 00482728     libucrt:lseek.obj
 0002:0001d748       __sehtable$??$common_lseek@_J@@YA_JH_JH@Z 00482748     libucrt:lseek.obj
 0002:0001d768       __sehtable$__fcloseall     00482768     libucrt:closeall.obj
 0002:0001d788       __sehtable$___acrt_update_thread_multibyte_data 00482788     libucrt:mbctype.obj
 0002:0001d7a8       __sehtable$??$?RV<lambda_978dc153c237d78434369da87b74ff60>@@AAV<lambda_ad1ced32f4ac17aa236e5ef05d6b3b7c>@@V<lambda_4a8533e2866a575feecb8298ce776b0d>@@@?$__crt_seh_guarded_call@X@@QAEX$$QAV<lambda_978dc153c237d78434369da87b74ff60>@@AAV<lambda_ad1ced32f4ac17aa236e5ef05d6b3b7c>@@$$QAV<lambda_4a8533e2866a575feecb8298ce776b0d>@@@Z 004827a8     libucrt:mbctype.obj
 0002:0001d7c8       __sehtable$__alloc_osfhnd  004827c8     libucrt:osfinfo.obj
 0002:0001d7e8       __sehtable$___acrt_lowio_ensure_fh_exists 004827e8     libucrt:osfinfo.obj
 0002:0001d808       __sehtable$___acrt_update_thread_locale_data 00482808     libucrt:locale_refcounting.obj
 0002:0001d828       __sehtable$__query_new_handler 00482828     libucrt:new_handler.obj
 0002:0001d848       __sehtable$??$common_sopen_dispatch@D@@YAHQBDHHHQAHH@Z 00482848     libucrt:open.obj
 0002:0001d868       __sehtable$___tzset        00482868     libucrt:tzset.obj
 0002:0001d888       __sehtable$___set_fpsr_sse2 00482888     libucrt:fpctrl.obj
 0002:0001d8a8       __sehtable$__IsNonwritableInCurrentImage 004828a8     LIBCMT:pesect.obj
 0002:0001dc56       .idata$6                   00482c56     advapi32:ADVAPI32.dll
 0002:0001dd08       .idata$6                   00482d08     user32:USER32.dll
 0002:0001e22c       .idata$6                   0048322c     kernel32:KERNEL32.dll
 0003:00000000       _subkeytypes               00484000     conf.obj
 0003:00000318       _valuetypes                00484318     conf.obj
 0003:00000630       _nullplug_plug             00484630     nullplug.obj
 0003:00000650       _gss_mech_krb5_desc        00484650     pgssapi.obj
 0003:00000658       _pktin_freeq_head          00484658     sshcommon.obj
 0003:00000668       _ic_pktin_free             00484668     sshcommon.obj
 0003:00000678       ?algs_with_oid@?1??ec_alg_by_oid@@9@9 00484678     sshecc.obj
 0003:0000068c       _plink_seat                0048468c     winplink.obj
 0003:000006d0       ?__vcrt_flsindex@@3KA      004846d0     libvcruntime:per_thread_data.obj
 0003:000007a0       __ctype_loc_style          004847a0     libucrt:wsetlocale.obj
 0003:000007a4       _errno_no_memory           004847a4     libucrt:errno.obj
 0003:000007a8       _doserrno_no_memory        004847a8     libucrt:errno.obj
 0003:000008b8       ___acrt_flsindex           004848b8     libucrt:per_thread_data.obj
 0003:000009c4       ___rgctypeflag             004849c4     libucrt:mbctype.obj
 0003:000009c8       ___rgcode_page_info        004849c8     libucrt:mbctype.obj
 0003:00000f48       _tzstd_program             00484f48     libucrt:timeset.obj
 0003:00000f88       _tzdst_program             00484f88     libucrt:timeset.obj
 0003:00000fc8       _tzname_states             00484fc8     libucrt:timeset.obj
 0003:00000fd0       _dststart                  00484fd0     libucrt:tzset.obj
 0003:00000fdc       _dstend                    00484fdc     libucrt:tzset.obj
 0003:00000ff0       ?__DAZ_ENABLED@?1??__set_fpsr_sse2@@9@9 00484ff0     libucrt:fpctrl.obj
 0003:00001024       _cmdline_password          00485024     cmdline.obj
 0003:00001028       ?tried_once@?1??cmdline_get_passwd_input@@9@9 00485028     cmdline.obj
 0003:00001029       _seen_hostname_argument    00485029     cmdline.obj
 0003:0000102a       _seen_port_argument        0048502a     cmdline.obj
 0003:00001030       _saves                     00485030     cmdline.obj
 0003:00001048       ?initialised@?1??aes_hw_available_cached@@9@9 00485048     sshaes.obj
 0003:00001049       ?hw_available@?1??aes_hw_available_cached@@9@9 00485049     sshaes.obj
 0003:00001050       ?curve@?1??ec_p256@@9@9    00485050     sshecc.obj
 0003:00001074       ?initialised@?1??ec_p256@@9@9 00485074     sshecc.obj
 0003:00001075       ?initialised@?1??ec_p384@@9@9 00485075     sshecc.obj
 0003:00001076       ?initialised@?1??ec_p521@@9@9 00485076     sshecc.obj
 0003:00001077       ?initialised@?1??ec_curve25519@@9@9 00485077     sshecc.obj
 0003:00001078       ?curve@?1??ec_p384@@9@9    00485078     sshecc.obj
 0003:0000109c       ?curve@?1??ec_p521@@9@9    0048509c     sshecc.obj
 0003:000010c0       ?curve@?1??ec_curve25519@@9@9 004850c0     sshecc.obj
 0003:000010e4       ?curve@?1??ec_ed25519@@9@9 004850e4     sshecc.obj
 0003:00001108       ?initialised@?1??ec_ed25519@@9@9 00485108     sshecc.obj
 0003:00001118       _random_timer_ctx          00485118     sshrand.obj
 0003:0000111c       _global_prng               0048511c     sshrand.obj
 0003:00001120       _next_noise_collection     00485120     sshrand.obj
 0003:00001124       ?initialised@?1??sha256_hw_available_cached@@9@9 00485124     sshsh256.obj
 0003:00001125       ?hw_available@?1??sha256_hw_available_cached@@9@9 00485125     sshsh256.obj
 0003:00001126       ?initialised@?1??sha1_hw_available_cached@@9@9 00485126     sshsha.obj
 0003:00001127       ?hw_available@?1??sha1_hw_available_cached@@9@9 00485127     sshsha.obj
 0003:00001128       _timers                    00485128     timing.obj
 0003:0000112c       _timer_contexts            0048512c     timing.obj
 0003:00001130       _now                       00485130     timing.obj
 0003:00001134       ?attempted@?1??got_crypt@@9@9 00485134     wincapi.obj
 0003:00001135       ?successful@?1??got_crypt@@9@9 00485135     wincapi.obj
 0003:00001138       ?crypt@?1??got_crypt@@9@9  00485138     wincapi.obj
 0003:00001144       _p_AcquireCredentialsHandleA 00485144     wingss.obj
 0003:00001148       _p_InitializeSecurityContextA 00485148     wingss.obj
 0003:0000114c       _p_FreeContextBuffer       0048514c     wingss.obj
 0003:00001150       _p_FreeCredentialsHandle   00485150     wingss.obj
 0003:00001154       _p_DeleteSecurityContext   00485154     wingss.obj
 0003:00001158       _p_QueryContextAttributesA 00485158     wingss.obj
 0003:0000115c       _p_MakeSignature           0048515c     wingss.obj
 0003:00001160       _p_VerifySignature         00485160     wingss.obj
 0003:00001164       _p_AddDllDirectory         00485164     wingss.obj
 0003:00001168       ?kernel32_module@?1??ssh_gss_setup@@9@9 00485168     wingss.obj
 0003:0000116c       _handles_by_evtomain       0048516c     winhandl.obj
 0003:00001170       ?kernel32_module@?1??sk_handle_peer_info@@9@9 00485170     winhsock.obj
 0003:00001174       ?p_GetNamedPipeClientProcessId@?1??sk_handle_peer_info@@9@9 00485174     winhsock.obj
 0003:00001178       ?tried_usernameex@?2??get_username@@9@9 00485178     winmisc.obj
 0003:0000117c       ?sysdir@?1??load_system32_dll@@9@9 0048517c     winmisc.obj
 0003:00001180       ?sysdirsize@?1??load_system32_dll@@9@9 00485180     winmisc.obj
 0003:00001184       _errstrings                00485184     winmisc.obj
 0003:00001188       ?p_GetUserNameExA@?1??get_username@@9@9 00485188     winmisc.obj
 0003:0000118c       ?kernel32_module@?1??dll_hijacking_protection@@9@9 0048518c     winmisc.obj
 0003:00001190       ?p_SetDefaultDllDirectories@?1??dll_hijacking_protection@@9@9 00485190     winmisc.obj
 0003:00001194       ?kernel32_module@?1??init_winver@@9@9 00485194     winmisc.obj
 0003:00001198       ?p_GetVersionExA@?1??init_winver@@9@9 00485198     winmisc.obj
 0003:000011a0       _winsock_module            004851a0     winnet.obj
 0003:000011a4       _winsock2_module           004851a4     winnet.obj
 0003:000011a8       _wship6_module             004851a8     winnet.obj
 0003:000011ac       _sktree                    004851ac     winnet.obj
 0003:000011b0       _p_WSAStartup              004851b0     winnet.obj
 0003:000011b4       _p_WSACleanup              004851b4     winnet.obj
 0003:000011b8       _p_closesocket             004851b8     winnet.obj
 0003:000011bc       _p_ntohl                   004851bc     winnet.obj
 0003:000011c0       _p_htonl                   004851c0     winnet.obj
 0003:000011c4       _p_htons                   004851c4     winnet.obj
 0003:000011c8       _p_ntohs                   004851c8     winnet.obj
 0003:000011cc       _p_gethostname             004851cc     winnet.obj
 0003:000011d0       _p_gethostbyname           004851d0     winnet.obj
 0003:000011d4       _p_getservbyname           004851d4     winnet.obj
 0003:000011d8       _p_inet_addr               004851d8     winnet.obj
 0003:000011dc       _p_inet_ntoa               004851dc     winnet.obj
 0003:000011e0       _p_inet_ntop               004851e0     winnet.obj
 0003:000011e4       _p_connect                 004851e4     winnet.obj
 0003:000011e8       _p_bind                    004851e8     winnet.obj
 0003:000011ec       _p_setsockopt              004851ec     winnet.obj
 0003:000011f0       _p_socket                  004851f0     winnet.obj
 0003:000011f4       _p_listen                  004851f4     winnet.obj
 0003:000011f8       _p_send                    004851f8     winnet.obj
 0003:000011fc       _p_shutdown                004851fc     winnet.obj
 0003:00001200       _p_ioctlsocket             00485200     winnet.obj
 0003:00001204       _p_accept                  00485204     winnet.obj
 0003:00001208       _p_getpeername             00485208     winnet.obj
 0003:0000120c       _p_recv                    0048520c     winnet.obj
 0003:00001210       _p_WSAIoctl                00485210     winnet.obj
 0003:00001214       _p_getaddrinfo             00485214     winnet.obj
 0003:00001218       _p_freeaddrinfo            00485218     winnet.obj
 0003:0000121c       _p_getnameinfo             0048521c     winnet.obj
 0003:00001220       _p_gai_strerror            00485220     winnet.obj
 0003:00001224       _p_WSAAddressToStringA     00485224     winnet.obj
 0003:00001228       _wsadata                   00485228     winnet.obj
 0003:000013b8       _local_interfaces          004853b8     winnet.obj
 0003:00001878       _n_local_interfaces        00485878     winnet.obj
 0003:0000187c       _wincrypt_module           0048587c     winnoise.obj
 0003:00001880       _p_CryptAcquireContextA    00485880     winnoise.obj
 0003:00001884       _p_CryptGenRandom          00485884     winnoise.obj
 0003:00001888       _p_CryptReleaseContext     00485888     winnoise.obj
 0003:0000188c       _backend                   0048588c     winplink.obj
 0003:00001890       _main_thread_id            00485890     winplink.obj
 0003:00001894       ?attempted@?1??got_advapi@@9@9 00485894     winsecur.obj
 0003:00001895       ?successful@?1??got_advapi@@9@9 00485895     winsecur.obj
 0003:00001898       _worldsid                  00485898     winsecur.obj
 0003:0000189c       _networksid                0048589c     winsecur.obj
 0003:000018a0       _usersid                   004858a0     winsecur.obj
 0003:000018a4       ?advapi@?1??got_advapi@@9@9 004858a4     winsecur.obj
 0003:000018a8       _tried_shgetfolderpath     004858a8     winstore.obj
 0003:000018ac       _shell32_module            004858ac     winstore.obj
 0003:000018b0       _p_SHGetFolderPathA        004858b0     winstore.obj
 0003:000018b4       ?c@?1??check_compose_internal@@9@9 004858b4     winucs.obj
 0003:000018b8       ?buf@?1??cp_name@@9@9      004858b8     winucs.obj
 0003:000018d8       _GS_ExceptionRecord        004858d8     LIBCMT:gs_report.obj
 0003:00001928       _GS_ContextRecord          00485928     LIBCMT:gs_report.obj
 0003:00001bfc       ?module_local_atexit_table@@3U_onexit_table_t@@A 00485bfc     LIBCMT:utility.obj
 0003:00001c08       ?module_local_at_quick_exit_table@@3U_onexit_table_t@@A 00485c08     LIBCMT:utility.obj
 0003:00001c14       ?is_initialized_as_dll@@3_NA 00485c14     LIBCMT:utility.obj
 0003:00001c2c       ?__vcrt_startup_thread_ptd@@3U__vcrt_ptd@@A 00485c2c     libvcruntime:per_thread_data.obj
 0003:00001c54       ___vcrt_lock_table         00485c54     libvcruntime:locks.obj
 0003:00001c6c       ___vcrt_locks_initialized  00485c6c     libvcruntime:locks.obj
 0003:00001c70       ?module_handles@@3PAPAUHINSTANCE__@@A 00485c70     libvcruntime:winapi_downlevel.obj
 0003:00001c80       ?encoded_function_pointers@@3PAPAXA 00485c80     libvcruntime:winapi_downlevel.obj
 0003:00001cd0       ?heap@@3V_HeapManager@@A   00485cd0     libvcruntime:undname.obj
 0003:00001ce4       ?mbst@?1??mbrtowc@@9@4U_Mbstatet@@A 00485ce4     libucrt:mbrtowc.obj
 0003:00001cf8       _c_termination_complete    00485cf8     libucrt:exit.obj
 0003:00001cfc       _thread_local_exit_callback_func 00485cfc     libucrt:exit.obj
 0003:00001d00       ?c_exit_complete@?5??common_exit@@YAXHW4_crt_exit_cleanup_mode@@W4_crt_exit_return_mode@@@Z@4_NA 00485d00     libucrt:exit.obj
 0003:00001d04       ___acrt_app_type           00485d04     libucrt:report_runtime_error.obj
 0003:00001d08       _user_matherr              00485d08     libucrt:matherr.obj
 0003:00001d10       ?program_name@?5???$common_configure_argv@D@@YAHW4_crt_argv_mode@@@Z@4PADA 00485d10     libucrt:argv_parsing.obj
 0003:00001e44       ___acrt_global_new_mode    00485e44     libucrt:new_mode.obj
 0003:00001e64       ___acrt_invalid_parameter_handler 00485e64     libucrt:invalid_parameter.obj
 0003:00001e68       ___acrt_error_mode         00485e68     libucrt:set_error_mode.obj
 0003:00001e6c       _ctrlc_action              00485e6c     libucrt:signal.obj
 0003:00001e70       _ctrlbreak_action          00485e70     libucrt:signal.obj
 0003:00001e74       _abort_action              00485e74     libucrt:signal.obj
 0003:00001e78       _term_action               00485e78     libucrt:signal.obj
 0003:00001e80       _enable_percent_n          00485e80     libucrt:printf_count_output.obj
 0003:00002098       ___acrt_lock_table         00486098     libucrt:locks.obj
 0003:000021d0       ___acrt_locks_initialized  004861d0     libucrt:locks.obj
 0003:000021d8       _module_handles            004861d8     libucrt:winapi_thunks.obj
 0003:00002228       _encoded_function_pointers 00486228     libucrt:winapi_thunks.obj
 0003:000022a8       ?static_enum_proc@?1??enum_system_locales_ex_nolock@@YAHQ6GHPA_WKJ@Z@Z@4P6GH0KJ@ZA 004862a8     libucrt:winapi_thunks.obj
 0003:000022ac       ?state_cache@?1??__acrt_is_packaged_app@@9@4JA 004862ac     libucrt:winapi_thunks.obj
 0003:000022c8       _fSystemSet                004862c8     libucrt:mbctype.obj
 0003:000022cc       ?initialized@?1??__acrt_initialize_multibyte@@9@4_NA 004862cc     libucrt:mbctype.obj
 0003:000022e0       ___acrt_new_handler        004862e0     libucrt:new_handler.obj
 0003:000022f0       __tzname                   004862f0     libucrt:timeset.obj
 0003:000022f4       _last_tz                   004862f4     libucrt:tzset.obj
 0003:000022f8       _tz_api_used               004862f8     libucrt:tzset.obj
 0003:00002300       _tz_info                   00486300     libucrt:tzset.obj
 0003:000023ac       ?first_time@?1??__tzset@@9@4JA 004863ac     libucrt:tzset.obj
 0003:000023b8       __pmatherr_set             004863b8     libucrt:libm_error.obj
 0004:00000000       __guard_fids____dcrt_uninitialize_environments_nolock 00487000     libucrt:environment_initialization.obj
 0004:00000008       __guard_fids__             00487008     libucrt:wsetlocale.obj
 0004:00000020       __guard_fids__             00487020     libucrt:initialization.obj
 0004:00000080       __guard_fids_??$common_show_message_box@_W@@YAHQB_W0I@Z 00487080     libucrt:crtmbox.obj
 0004:00000084       __guard_fids____acrt_initialize_ptd 00487084     libucrt:per_thread_data.obj
 0004:00000088       __guard_fids_??$?RV<lambda_9227be29367c048ad7fd93a717dcb1a1>@@AAV<lambda_a463b7b0560cfcaf9b17f27c6ef46564>@@V<lambda_ccea11b5727ccf69be64f5f5d9a08d9f>@@@?$__crt_seh_guarded_call@H@@QAEH$$QAV<lambda_9227be29367c048ad7fd93a717dcb1a1>@@AAV<lambda_a463b7b0560cfcaf9b17f27c6ef46564>@@$$QAV<lambda_ccea11b5727ccf69be64f5f5d9a08d9f>@@@Z 00487088     libucrt:winapi_thunks.obj
 0004:0000008c       __guard_fids__             0048708c     libucrt:stdio_initializer.obj
 0004:00000090       __guard_fids__             00487090     libucrt:stdio_initializer.obj
 0004:00000094       __guard_fids_??$expand_argument_wildcards@D@@YAHQAD0AAV?$argument_list@D@?A0xb0e4b824@@@Z 00487094     libucrt:argv_wildcards.obj
 0004:00000098       __guard_fids__             00487098     libucrt:locale_initializer.obj
 0004:0000009c       __guard_fids__GetLocaleNameFromLangCountry 0048709c     libucrt:get_qualified_locale.obj
 0004:000000a0       __guard_fids__GetLocaleNameFromLanguage 004870a0     libucrt:get_qualified_locale.obj
 0004:000000a4       __guard_fids__GetLcidFromLangCountry 004870a4     libucrt:getqloc_downlevel.obj
 0004:000000a8       __guard_fids__GetLcidFromLanguage 004870a8     libucrt:getqloc_downlevel.obj
 0004:000000ac       __guard_fids__GetLcidFromCountry 004870ac     libucrt:getqloc_downlevel.obj
 0004:000000b0       __guard_fids__             004870b0     libucrt:multibyte_initializer.obj
 0004:000000b4       __guard_fids__             004870b4     libucrt:timeset_initializer.obj
 0004:000000b8       __guard_fids____libm_error_support 004870b8     libucrt:libm_error.obj
 0004:000000bc       __guard_fids__             004870bc     libucrt:console_output_initializer.obj
 0004:000000c0       __guard_fids__             004870c0     libucrt:sse2_initializer.obj
 0004:000000c4       __guard_fids__             004870c4     LIBCMT:exe_main.obj
 0004:000000c8       __guard_fids__             004870c8     LIBCMT:exe_main.obj
 0004:000000cc       __guard_fids__             004870cc     LIBCMT:exe_main.obj
 0004:000000d0       __guard_fids_?pre_c_initialization@@YAHXZ 004870d0     LIBCMT:exe_main.obj
 0004:000000d8       __guard_fids____scrt_set_unhandled_exception_filter 004870d8     LIBCMT:utility_desktop.obj
 0004:000000dc       __guard_fids__             004870dc     LIBCMT:guard_support.obj
 0004:000000e0       __guard_fids____vcrt_initialize_ptd 004870e0     libvcruntime:per_thread_data.obj
 0005:000001e0       $R000000                   004881e0     plink.res
 0005:00000308       $R000128                   00488308     plink.res
 0005:000005f0       $R000410                   004885f0     plink.res
 0005:00000c58       $R000A78                   00488c58     plink.res
 0005:00000d08       $R000B28                   00488d08     plink.res
 0005:00000e38       $R000C58                   00488e38     plink.res
 0005:00001168       $R000F88                   00489168     plink.res
 0005:000011c8       $R000FE8                   004891c8     plink.res
