 psftp

 Timestamp is 5fe829f4 (Sun Dec 27 13:30:12 2020)

 Preferred load address is 00400000

 Start         Length     Name                   Class
 0001:00000000 0006622aH .text$mn                CODE
 0002:00000000 00000250H .idata$5                DATA
 0002:00000250 00000004H .00cfg                  DATA
 0002:00000254 00000004H .CRT$XCA                DATA
 0002:00000258 00000004H .CRT$XCAA               DATA
 0002:0000025c 00000004H .CRT$XCZ                DATA
 0002:00000260 00000004H .CRT$XIA                DATA
 0002:00000264 00000004H .CRT$XIAA               DATA
 0002:00000268 00000004H .CRT$XIAC               DATA
 0002:0000026c 00000010H .CRT$XIC                DATA
 0002:0000027c 00000004H .CRT$XIZ                DATA
 0002:00000280 00000004H .CRT$XPA                DATA
 0002:00000284 00000008H .CRT$XPX                DATA
 0002:0000028c 00000004H .CRT$XPXA               DATA
 0002:00000290 00000004H .CRT$XPZ                DATA
 0002:00000294 00000004H .CRT$XTA                DATA
 0002:00000298 00000008H .CRT$XTZ                DATA
 0002:000002a0 0001e520H .rdata                  DATA
 0002:0001e7bc 00000000H .rdata$r                DATA
 0002:0001e7c0 0000000cH .rdata$sxdata           DATA
 0002:0001e7cc 000002b8H .rdata$zzzdbg           DATA
 0002:0001ea84 00000004H .rtc$IAA                DATA
 0002:0001ea88 00000004H .rtc$IZZ                DATA
 0002:0001ea8c 00000004H .rtc$TAA                DATA
 0002:0001ea90 00000008H .rtc$TZZ                DATA
 0002:0001ea98 000006ecH .xdata$x                DATA
 0002:0001f184 00000000H .edata                  DATA
 0002:0001f184 0000003cH .idata$2                DATA
 0002:0001f1c0 00000014H .idata$3                DATA
 0002:0001f1d4 00000250H .idata$4                DATA
 0002:0001f424 00000ac4H .idata$6                DATA
 0003:00000000 00001230H .data                   DATA
 0003:00001230 00000000H .data$r                 DATA
 0003:00001230 00001460H .bss                    DATA
 0004:00000000 000000c4H .gfids$x                DATA
 0004:000000c4 00000020H .gfids$y                DATA
 0005:00000000 000001e0H .rsrc$01                DATA
 0005:000001e0 000012f8H .rsrc$02                DATA

  Address         Publics by Value              Rva+Base       Lib:Object

 0000:00000000       __except_list              00000000     <absolute>
 0000:00000000       ___guard_longjmp_count     00000000     <absolute>
 0000:00000000       ___guard_fids_count        00000000     <absolute>
 0000:00000000       ___guard_longjmp_table     00000000     <absolute>
 0000:00000000       ___guard_iat_table         00000000     <absolute>
 0000:00000000       ___guard_iat_count         00000000     <absolute>
 0000:00000000       ___dynamic_value_reloc_table 00000000     <absolute>
 0000:00000000       ___guard_fids_table        00000000     <absolute>
 0000:00000003       ___safe_se_handler_count   00000003     <absolute>
 0000:00000100       ___guard_flags             00000100     <absolute>
 0000:00000000       ___ImageBase               00400000     <linker-defined>
 0001:0000016c       _agentf_new                0040116c f   agentf.obj
 0001:000002cb       _backend_socket_log        004012cb f   be_misc.obj
 0001:0000042f       _log_proxy_stderr          0040142f f   be_misc.obj
 0001:000005a4       _psb_init                  004015a4 f   be_misc.obj
 0001:000005b0       _delete_callbacks_for_context 004015b0 f   callback.obj
 0001:0000061c       _queue_idempotent_callback 0040161c f   callback.obj
 0001:00000638       _queue_toplevel_callback   00401638 f   callback.obj
 0001:000006a8       _run_toplevel_callbacks    004016a8 f   callback.obj
 0001:000006f6       _toplevel_callback_pending 004016f6 f   callback.obj
 0001:00000730       _cmdline_cleanup           00401730 f   cmdline.obj
 0001:00000786       _cmdline_get_passwd_input  00401786 f   cmdline.obj
 0001:000007f3       _cmdline_process_param     004017f3 f   cmdline.obj
 0001:00001be7       _cmdline_run_saved         00402be7 f   cmdline.obj
 0001:00001d15       _conf_copy                 00402d15 f   conf.obj
 0001:00001d2d       _conf_copy_into            00402d2d f   conf.obj
 0001:00001e04       _conf_del_str_str          00402e04 f   conf.obj
 0001:00001e86       _conf_free                 00402e86 f   conf.obj
 0001:00001ea3       _conf_get_bool             00402ea3 f   conf.obj
 0001:00001f24       _conf_get_filename         00402f24 f   conf.obj
 0001:00001fa5       _conf_get_int              00402fa5 f   conf.obj
 0001:00002026       _conf_get_int_int          00403026 f   conf.obj
 0001:000020ad       _conf_get_str              004030ad f   conf.obj
 0001:0000212e       _conf_get_str_nthstrkey    0040312e f   conf.obj
 0001:000021ca       _conf_get_str_str          004031ca f   conf.obj
 0001:00002200       _conf_get_str_str_opt      00403200 f   conf.obj
 0001:00002275       _conf_get_str_strs         00403275 f   conf.obj
 0001:00002369       _conf_new                  00403369 f   conf.obj
 0001:0000238a       _conf_set_bool             0040338a f   conf.obj
 0001:000023f9       _conf_set_filename         004033f9 f   conf.obj
 0001:0000246e       _conf_set_fontspec         0040346e f   conf.obj
 0001:000024e3       _conf_set_int              004034e3 f   conf.obj
 0001:00002552       _conf_set_int_int          00403552 f   conf.obj
 0001:000025c8       _conf_set_str              004035c8 f   conf.obj
 0001:0000263d       _conf_set_str_str          0040363d f   conf.obj
 0001:00002716       _proxy_socks5_handlechap   00403716 f   cproxy.obj
 0001:00002927       _proxy_socks5_offerencryptedauth 00403927 f   cproxy.obj
 0001:00002938       _proxy_socks5_selectchap   00403938 f   cproxy.obj
 0001:00002a2c       _ecc_edwards_add           00403a2c f   ecc.obj
 0001:00002ced       _ecc_edwards_eq            00403ced f   ecc.obj
 0001:00002d4a       _ecc_edwards_get_affine    00403d4a f   ecc.obj
 0001:00002dd8       _ecc_edwards_multiply      00403dd8 f   ecc.obj
 0001:00002ebf       _ecc_edwards_point_copy    00403ebf f   ecc.obj
 0001:00002f01       _ecc_edwards_point_free    00403f01 f   ecc.obj
 0001:00002f38       _ecc_edwards_point_new     00403f38 f   ecc.obj
 0001:00002f8a       _ecc_edwards_point_new_from_y 00403f8a f   ecc.obj
 0001:00003170       _ecc_montgomery_curve      00404170 f   ecc.obj
 0001:0000322b       _ecc_montgomery_diff_add   0040422b f   ecc.obj
 0001:000033c1       _ecc_montgomery_double     004043c1 f   ecc.obj
 0001:000034ea       _ecc_montgomery_get_affine 004044ea f   ecc.obj
 0001:00003542       _ecc_montgomery_multiply   00404542 f   ecc.obj
 0001:0000362c       _ecc_montgomery_point_copy 0040462c f   ecc.obj
 0001:00003658       _ecc_montgomery_point_free 00404658 f   ecc.obj
 0001:0000367f       _ecc_montgomery_point_new  0040467f f   ecc.obj
 0001:000036d1       _ecc_weierstrass_add       004046d1 f   ecc.obj
 0001:000037b5       _ecc_weierstrass_add_general 004047b5 f   ecc.obj
 0001:00003ad7       _ecc_weierstrass_curve     00404ad7 f   ecc.obj
 0001:00003ad7       _ecc_edwards_curve         00404ad7 f   ecc.obj
 0001:00003b3b       _ecc_weierstrass_double    00404b3b f   ecc.obj
 0001:00003cdd       _ecc_weierstrass_get_affine 00404cdd f   ecc.obj
 0001:00003d1f       _ecc_weierstrass_is_identity 00404d1f f   ecc.obj
 0001:00003d33       _ecc_weierstrass_multiply  00404d33 f   ecc.obj
 0001:00003e9b       _ecc_weierstrass_point_copy 00404e9b f   ecc.obj
 0001:00003ed2       _ecc_weierstrass_point_free 00404ed2 f   ecc.obj
 0001:00003f01       _ecc_weierstrass_point_new 00404f01 f   ecc.obj
 0001:00003f50       _ecc_weierstrass_point_new_from_x 00404f50 f   ecc.obj
 0001:0000405d       _ecc_weierstrass_point_new_identity 0040505d f   ecc.obj
 0001:000040ca       _ecc_weierstrass_point_valid 004050ca f   ecc.obj
 0001:00004399       _new_error_socket_fmt      00405399 f   errsock.obj
 0001:000043cd       ___local_stdio_printf_options 004053cd f i logging.obj
 0001:000043d3       __vsnprintf_l              004053d3 f i logging.obj
 0001:00004405       _log_free                  00405405 f   logging.obj
 0001:0000443c       _log_init                  0040543c f   logging.obj
 0001:00004483       _log_packet                00405483 f   logging.obj
 0001:000047f7       _logevent                  004057f7 f   logging.obj
 0001:0000487a       _logevent_and_free         0040587a f   logging.obj
 0001:000048cd       _logeventf                 004058cd f   logging.obj
 0001:000048e3       _logeventvf                004058e3 f   logging.obj
 0001:000048fe       _logfclose                 004058fe f   logging.obj
 0001:00004919       _logflush                  00405919 f   logging.obj
 0001:00004932       _logfopen                  00405932 f   logging.obj
 0001:00004c8f       _sprintf                   00405c8f f i logging.obj
 0001:00005556       _mainchan_get_specials     00406556 f   mainchan.obj
 0001:0000567c       _mainchan_new              0040667c f   mainchan.obj
 0001:0000579f       _mainchan_special_cmd      0040679f f   mainchan.obj
 0001:0000581a       _mainchan_terminal_size    0040681a f   mainchan.obj
 0001:00005920       _BinarySink_put_asciz      00406920 f   marshal.obj
 0001:0000593a       _BinarySink_put_bool       0040693a f   marshal.obj
 0001:00005956       _BinarySink_put_byte       00406956 f   marshal.obj
 0001:00005968       _BinarySink_put_data       00406968 f   marshal.obj
 0001:0000597b       _BinarySink_put_datapl     0040697b f   marshal.obj
 0001:00005990       _BinarySink_put_padding    00406990 f   marshal.obj
 0001:000059e8       _BinarySink_put_pstring    004069e8 f   marshal.obj
 0001:00005a1d       _BinarySink_put_string     00406a1d f   marshal.obj
 0001:00005a3c       _BinarySink_put_stringpl   00406a3c f   marshal.obj
 0001:00005a51       _BinarySink_put_stringsb   00406a51 f   marshal.obj
 0001:00005a6f       _BinarySink_put_stringz    00406a6f f   marshal.obj
 0001:00005a8a       _BinarySink_put_uint16     00406a8a f   marshal.obj
 0001:00005aae       _BinarySink_put_uint32     00406aae f   marshal.obj
 0001:00005ae2       _BinarySink_put_uint64     00406ae2 f   marshal.obj
 0001:00005b5f       _BinarySource_REWIND_TO__  00406b5f f   marshal.obj
 0001:00005ba4       _BinarySource_get_asciz    00406ba4 f   marshal.obj
 0001:00005beb       _BinarySource_get_bool     00406beb f   marshal.obj
 0001:00005c13       _BinarySource_get_byte     00406c13 f   marshal.obj
 0001:00005c33       _BinarySource_get_data     00406c33 f   marshal.obj
 0001:00005c60       _BinarySource_get_pstring  00406c60 f   marshal.obj
 0001:00005cac       _BinarySource_get_string   00406cac f   marshal.obj
 0001:00005d1a       _BinarySource_get_uint16   00406d1a f   marshal.obj
 0001:00005d4b       _BinarySource_get_uint32   00406d4b f   marshal.obj
 0001:00005d8f       _BinarySource_get_uint64   00406d8f f   marshal.obj
 0001:00005dbc       _bufchain_sink_init        00406dbc f   marshal.obj
 0001:00005deb       _stdio_sink_init           00406deb f   marshal.obj
 0001:00005e1c       _safefree                  00406e1c f   memory.obj
 0001:00005e28       _safegrowarray             00406e28 f   memory.obj
 0001:00005f3d       _safemalloc                00406f3d f   memory.obj
 0001:00005f7b       _saferealloc               00406f7b f   memory.obj
 0001:00005fc0       _add_prompt                00406fc0 f   misc.obj
 0001:0000600f       _buildinfo                 0040700f f   misc.obj
 0001:000060a9       _conf_launchable           004070a9 f   misc.obj
 0001:000060d4       _free_prompts              004070d4 f   misc.obj
 0001:0000612b       _new_prompts               0040712b f   misc.obj
 0001:00006158       _out_of_memory             00407158 f   misc.obj
 0001:00006164       _prompt_get_result         00407164 f   misc.obj
 0001:00006174       _prompt_get_result_ref     00407174 f   misc.obj
 0001:0000617e       _prompt_set_result         0040717e f   misc.obj
 0001:000061ac       _seat_connection_fatal     004071ac f   misc.obj
 0001:000061d3       _sk_free_peer_info         004071d3 f   misc.obj
 0001:000061f7       _validate_manual_hostkey   004071f7 f   misc.obj
 0001:000063ad       _dup_mb_to_wc              004073ad f   miscucs.obj
 0001:000063cc       _dup_mb_to_wc_c            004073cc f   miscucs.obj
 0001:00006439       _BinarySink_put_mp_ssh1    00407439 f   mpint.obj
 0001:000064a0       _BinarySink_put_mp_ssh2    004074a0 f   mpint.obj
 0001:000064e4       _BinarySource_get_mp_ssh1  004074e4 f   mpint.obj
 0001:00006553       _BinarySource_get_mp_ssh2  00407553 f   mpint.obj
 0001:000065a1       __vfprintf_l               004075a1 f i mpint.obj
 0001:000065c4       _fprintf                   004075c4 f i mpint.obj
 0001:000065dc       _modsqrt_new               004075dc f   mpint.obj
 0001:00006669       _monty_add                 00407669 f   mpint.obj
 0001:000066b0       _monty_export              004076b0 f   mpint.obj
 0001:000066d3       _monty_export_into         004076d3 f   mpint.obj
 0001:00006732       _monty_free                00407732 f   mpint.obj
 0001:0000677c       _handle_get_privdata       0040777c f   winhandl.obj
 0001:0000677c       _monty_identity            0040777c f   mpint.obj
 0001:00006784       _monty_import              00407784 f   mpint.obj
 0001:0000679a       _monty_invert              0040779a f   mpint.obj
 0001:000067c7       _monty_modsqrt             004077c7 f   mpint.obj
 0001:0000698f       _monty_mul                 0040798f f   mpint.obj
 0001:000069b6       _monty_mul_into            004079b6 f   mpint.obj
 0001:00006a72       _monty_new                 00407a72 f   mpint.obj
 0001:00006b2e       _monty_pow                 00407b2e f   mpint.obj
 0001:00006d1c       _monty_sub                 00407d1c f   mpint.obj
 0001:00006d5b       _mp_add                    00407d5b f   mpint.obj
 0001:00006d87       _mp_add_integer_into       00407d87 f   mpint.obj
 0001:00006e6e       _mp_add_into               00407e6e f   mpint.obj
 0001:00007243       _mp_clear                  00408243 f   mpint.obj
 0001:00007258       _mp_cmp_eq                 00408258 f   mpint.obj
 0001:000072a6       _mp_cmp_hs                 004082a6 f   mpint.obj
 0001:000072c9       _mp_cond_add_into          004082c9 f   mpint.obj
 0001:000072f1       _mp_cond_clear             004082f1 f   mpint.obj
 0001:00007311       _mp_cond_sub_into          00408311 f   mpint.obj
 0001:0000733c       _mp_cond_swap              0040833c f   mpint.obj
 0001:0000739b       _mp_copy                   0040839b f   mpint.obj
 0001:000073c4       _mp_copy_into              004083c4 f   mpint.obj
 0001:00007401       _mp_divmod_into            00408401 f   mpint.obj
 0001:0000794b       _mp_eq_integer             0040894b f   mpint.obj
 0001:00007a9a       _mp_free                   00408a9a f   mpint.obj
 0001:00007ab6       _mp_from_bytes_be          00408ab6 f   mpint.obj
 0001:00007b2c       _mp_from_bytes_le          00408b2c f   mpint.obj
 0001:00007b41       _mp_from_decimal           00408b41 f   mpint.obj
 0001:00007b58       _mp_from_decimal_pl        00408b58 f   mpint.obj
 0001:00007bd6       _mp_from_hex               00408bd6 f   mpint.obj
 0001:00007bed       _mp_from_hex_pl            00408bed f   mpint.obj
 0001:00007cbb       _mp_from_integer           00408cbb f   mpint.obj
 0001:00007cf3       _mp_get_bit                00408cf3 f   mpint.obj
 0001:00007d13       _mp_get_byte               00408d13 f   mpint.obj
 0001:00007d33       _mp_get_hex                00408d33 f   mpint.obj
 0001:00007dca       _mp_get_nbits              00408dca f   mpint.obj
 0001:00007e24       _mp_hs_integer             00408e24 f   mpint.obj
 0001:00007e7e       _mp_invert                 00408e7e f   mpint.obj
 0001:00007ea2       _mp_invert_mod_2to         00408ea2 f   mpint.obj
 0001:0000818d       _mp_lshift_fixed_into      0040918d f   mpint.obj
 0001:00008253       _mp_max                    00409253 f   mpint.obj
 0001:0000827e       _mp_max_bits               0040927e f   mpint.obj
 0001:00008288       _mp_max_into               00409288 f   mpint.obj
 0001:000082aa       _mp_min                    004092aa f   mpint.obj
 0001:000082d5       _mp_min_into               004092d5 f   mpint.obj
 0001:000082f7       _mp_mod                    004092f7 f   mpint.obj
 0001:0000831b       _mp_modadd                 0040931b f   mpint.obj
 0001:00008346       _mp_modmul                 00409346 f   mpint.obj
 0001:00008371       _mp_modpow                 00409371 f   mpint.obj
 0001:000083f7       _mp_mul                    004093f7 f   mpint.obj
 0001:0000850f       _mp_mul_integer_into       0040950f f   mpint.obj
 0001:0000885d       _mp_mul_into               0040985d f   mpint.obj
 0001:000088a0       _mp_neg_into               004098a0 f   mpint.obj
 0001:000088bf       _mp_new                    004098bf f   mpint.obj
 0001:000088d1       _mp_power_2                004098d1 f   mpint.obj
 0001:000088f3       _mp_random_bits_fn         004098f3 f   mpint.obj
 0001:00008946       _mp_random_in_range_fn     00409946 f   mpint.obj
 0001:00008995       _mp_reduce_mod_2to         00409995 f   mpint.obj
 0001:000089bd       _mp_rshift_fixed           004099bd f   mpint.obj
 0001:000089f6       _mp_rshift_fixed_into      004099f6 f   mpint.obj
 0001:00008a61       _mp_rshift_safe            00409a61 f   mpint.obj
 0001:00008b88       _mp_select_into            00409b88 f   mpint.obj
 0001:00008bcc       _mp_set_bit                00409bcc f   mpint.obj
 0001:00008c1b       _mp_sub                    00409c1b f   mpint.obj
 0001:00008c46       _mp_sub_integer_into       00409c46 f   mpint.obj
 0001:00008c6a       _mp_sub_into               00409c6a f   mpint.obj
 0001:00008dfe       _pinger_free               00409dfe f   pinger.obj
 0001:00008e0d       _pinger_new                00409e0d f   pinger.obj
 0001:00008e40       _pinger_reconfig           00409e40 f   pinger.obj
 0001:00009881       _pfr_free                  0040a881 f   portfwd.obj
 0001:000098c0       _portfwd_raw_free          0040a8c0 f   portfwd.obj
 0001:000098f0       _portfwd_raw_new           0040a8f0 f   portfwd.obj
 0001:0000993c       _portfwd_raw_setup         0040a93c f   portfwd.obj
 0001:00009970       _portfwdmgr_close          0040a970 f   portfwd.obj
 0001:00009993       _portfwdmgr_close_all      0040a993 f   portfwd.obj
 0001:000099bf       _portfwdmgr_config         0040a9bf f   portfwd.obj
 0001:00009fee       _portfwdmgr_connect        0040afee f   portfwd.obj
 0001:0000a0ea       _portfwdmgr_free           0040b0ea f   portfwd.obj
 0001:0000a117       _portfwdmgr_new            0040b117 f   portfwd.obj
 0001:0000a4a9       ___local_stdio_scanf_options 0040b4a9 f i proxy.obj
 0001:0000a4af       __vsscanf_l                0040b4af f i proxy.obj
 0001:0000a50a       _format_telnet_command     0040b50a f   proxy.obj
 0001:0000a84c       _name_lookup               0040b84c f   proxy.obj
 0001:0000a904       _new_connection            0040b904 f   proxy.obj
 0001:0000ac44       _new_listener              0040bc44 f   proxy.obj
 0001:0000ac7a       _proxy_activate            0040bc7a f   proxy.obj
 0001:0000af57       _proxy_http_negotiate      0040bf57 f   proxy.obj
 0001:0000b377       _proxy_socks4_negotiate    0040c377 f   proxy.obj
 0001:0000b583       _proxy_socks5_negotiate    0040c583 f   proxy.obj
 0001:0000baeb       _proxy_telnet_negotiate    0040caeb f   proxy.obj
 0001:0000bc67       _sscanf                    0040cc67 f i proxy.obj
 0001:0000bc7f       _sftp_cmd_cd               0040cc7f f   psftp.obj
 0001:0000bd60       _sftp_cmd_pwd              0040cd60 f   psftp.obj
 0001:0000bda4       _sftp_cmd_get              0040cda4 f   psftp.obj
 0001:0000bdb5       _sftp_cmd_mget             0040cdb5 f   psftp.obj
 0001:0000bdc6       _sftp_cmd_reget            0040cdc6 f   psftp.obj
 0001:0000bdd7       _sftp_cmd_put              0040cdd7 f   psftp.obj
 0001:0000bde8       _sftp_cmd_mput             0040cde8 f   psftp.obj
 0001:0000bdf9       _sftp_cmd_reput            0040cdf9 f   psftp.obj
 0001:0000be0a       _sftp_cmd_mkdir            0040ce0a f   psftp.obj
 0001:0000beea       _sftp_cmd_rmdir            0040ceea f   psftp.obj
 0001:0000bf46       _sftp_cmd_rm               0040cf46 f   psftp.obj
 0001:0000bfa2       _sftp_cmd_mv               0040cfa2 f   psftp.obj
 0001:0000c0a7       _sftp_cmd_chmod            0040d0a7 f   psftp.obj
 0001:0000c59e       _sftp_cmd_quit             0040d59e f   psftp.obj
 0001:0000c59e       _has_embedded_chm          0040d59e f   winnohlp.obj
 0001:0000c5a2       _sftp_cmd_close            0040d5a2 f   psftp.obj
 0001:0000c5ed       _sftp_cmd_ls               0040d5ed f   psftp.obj
 0001:0000c859       _canonify                  0040d859 f   psftp.obj
 0001:0000c998       _cmdline_error             0040d998 f   psftp.obj
 0001:0000c9e5       _do_sftp                   0040d9e5 f   psftp.obj
 0001:0000cbbd       _is_wildcard               0040dbbd f   psftp.obj
 0001:0000cbf6       _list_directory_from_sftp_print 0040dbf6 f   psftp.obj
 0001:0000cc27       _list_directory_from_sftp_warn_unsorted 0040dc27 f   psftp.obj
 0001:0000cc33       _lookup_command            0040dc33 f   psftp.obj
 0001:0000cc8b       _printf                    0040dc8b f i psftp.obj
 0001:0000d03b       _psftp_main                0040e03b f   psftp.obj
 0001:0000d699       _sftp_begin_wildcard_matching 0040e699 f   psftp.obj
 0001:0000d7b3       _sftp_cmd_unknown          0040e7b3 f   psftp.obj
 0001:0000d7ca       _sftp_finish_wildcard_matching 0040e7ca f   psftp.obj
 0001:0000d814       _sftp_general_get          0040e814 f   psftp.obj
 0001:0000d9f0       _sftp_general_put          0040e9f0 f   psftp.obj
 0001:0000db95       _sftp_get_file             0040eb95 f   psftp.obj
 0001:0000e293       _sftp_getcmd               0040f293 f   psftp.obj
 0001:0000e4a5       _sftp_put_file             0040f4a5 f   psftp.obj
 0001:0000ea23       _sftp_recvdata             0040fa23 f   psftp.obj
 0001:0000ea78       _sftp_sendbuffer           0040fa78 f   psftp.obj
 0001:0000ea85       _sftp_senddata             0040fa85 f   psftp.obj
 0001:0000ea9e       _sftp_wait_for_reply       0040fa9e f   psftp.obj
 0001:0000eaed       _sftp_wildcard_get_filename 0040faed f   psftp.obj
 0001:0000edce       _wildcard_iterate          0040fdce f   psftp.obj
 0001:0000ee98       _list_directory_from_sftp_feed 0040fe98 f   psftpcommon.obj
 0001:0000ef54       _list_directory_from_sftp_finish 0040ff54 f   psftpcommon.obj
 0001:0000efa6       _list_directory_from_sftp_free 0040ffa6 f   psftpcommon.obj
 0001:0000efd6       _list_directory_from_sftp_new 0040ffd6 f   psftpcommon.obj
 0001:0000eff9       _sftp_name_compare         0040fff9 f   psftpcommon.obj
 0001:0000f011       _backend_vt_from_name      00410011 f   settings.obj
 0001:0000f044       _do_defaults               00410044 f   settings.obj
 0001:0000f049       _get_remote_username       00410049 f   settings.obj
 0001:0000f516       _load_open_settings        00410516 f   settings.obj
 0001:000106c6       _load_settings             004116c6 f   settings.obj
 0001:000107ac       _fxp_close_recv            004117ac f   sftp.obj
 0001:000107ac       _fxp_write_recv            004117ac f   sftp.obj
 0001:000107d6       _fxp_close_send            004117d6 f   sftp.obj
 0001:00010822       _fxp_dup_name              00411822 f   sftp.obj
 0001:0001085e       _fxp_error                 0041185e f   sftp.obj
 0001:00010864       _fxp_error_type            00411864 f   sftp.obj
 0001:0001086a       _fxp_free_name             0041186a f   sftp.obj
 0001:00010889       _fxp_free_names            00411889 f   sftp.obj
 0001:000108cd       _fxp_fstat_recv            004118cd f   sftp.obj
 0001:000108cd       _fxp_stat_recv             004118cd f   sftp.obj
 0001:00010900       _fxp_fstat_send            00411900 f   sftp.obj
 0001:00010a4a       _fxp_init                  00411a4a f   sftp.obj
 0001:00010afb       _fxp_mkdir_send            00411afb f   sftp.obj
 0001:00010b5b       _fxp_open_send             00411b5b f   sftp.obj
 0001:00010bc5       _fxp_open_recv             00411bc5 f   sftp.obj
 0001:00010bc5       _fxp_opendir_recv          00411bc5 f   sftp.obj
 0001:00010bf3       _fxp_opendir_send          00411bf3 f   sftp.obj
 0001:00010c2a       _fxp_read_recv             00411c2a f   sftp.obj
 0001:00010c9f       _fxp_read_send             00411c9f f   sftp.obj
 0001:00010cf3       _fxp_readdir_recv          00411cf3 f   sftp.obj
 0001:00010e54       _fxp_readdir_send          00411e54 f   sftp.obj
 0001:00010e90       _fxp_realpath_recv         00411e90 f   sftp.obj
 0001:00010f19       _fxp_realpath_send         00411f19 f   sftp.obj
 0001:00010f50       _fxp_remove_send           00411f50 f   sftp.obj
 0001:00010f87       _fxp_rename_send           00411f87 f   sftp.obj
 0001:00010fc8       _fxp_rmdir_send            00411fc8 f   sftp.obj
 0001:00010fff       _fxp_rmdir_recv            00411fff f   sftp.obj
 0001:00010fff       _fxp_remove_recv           00411fff f   sftp.obj
 0001:00010fff       _fxp_rename_recv           00411fff f   sftp.obj
 0001:00010fff       _fxp_setstat_recv          00411fff f   sftp.obj
 0001:00010fff       _fxp_mkdir_recv            00411fff f   sftp.obj
 0001:0001102a       _fxp_setstat_send          0041202a f   sftp.obj
 0001:0001107f       _fxp_stat_send             0041207f f   sftp.obj
 0001:000110b6       _fxp_write_send            004120b6 f   sftp.obj
 0001:000111d1       _sftp_cleanup_request      004121d1 f   sftp.obj
 0001:000111e9       _sftp_find_request         004121e9 f   sftp.obj
 0001:0001125e       _sftp_recv                 0041225e f   sftp.obj
 0001:000112ce       _sftp_register             004122ce f   sftp.obj
 0001:000112f0       _sftp_send                 004122f0 f   sftp.obj
 0001:00011316       _xfer_cleanup              00412316 f   sftp.obj
 0001:0001134a       _xfer_done                 0041234a f   sftp.obj
 0001:00011363       _xfer_download_data        00412363 f   sftp.obj
 0001:000113cb       _xfer_download_gotpkt      004123cb f   sftp.obj
 0001:000114bf       _xfer_download_init        004124bf f   sftp.obj
 0001:000114e4       _xfer_download_queue       004124e4 f   sftp.obj
 0001:000115d8       _xfer_set_error            004125d8 f   sftp.obj
 0001:000115e1       _xfer_upload_data          004125e1 f   sftp.obj
 0001:0001165e       _xfer_upload_gotpkt        0041265e f   sftp.obj
 0001:000116e0       _xfer_upload_init          004126e0 f   sftp.obj
 0001:000116f9       _xfer_upload_ready         004126f9 f   sftp.obj
 0001:00011704       _BinarySink_put_fxp_attrs  00412704 f   sftpcommon.obj
 0001:00011787       _BinarySource_get_fxp_attrs 00412787 f   sftpcommon.obj
 0001:00011885       _sftp_pkt_free             00412885 f   sftpcommon.obj
 0001:000118a0       _sftp_pkt_init             004128a0 f   sftpcommon.obj
 0001:000118e7       _sftp_recv_finish          004128e7 f   sftpcommon.obj
 0001:0001191a       _sftp_recv_prepare         0041291a f   sftpcommon.obj
 0001:00011949       _sftp_send_prepare         00412949 f   sftpcommon.obj
 0001:000121b6       _ssh_check_frozen          004131b6 f   ssh.obj
 0001:00012211       _ssh_conn_processed_data   00413211 f   ssh.obj
 0001:000122b5       _ssh_deferred_abort_callback 004132b5 f   ssh.obj
 0001:000122de       _ssh_get_logctx            004132de f   ssh.obj
 0001:000122e6       _ssh_got_exitcode          004132e6 f   ssh.obj
 0001:000122f2       _ssh_got_fallback_cmd      004132f2 f   ssh.obj
 0001:0001276a       _ssh_ldisc_update          0041376a f   ssh.obj
 0001:0001277e       _ssh_proto_error           0041377e f   ssh.obj
 0001:000127e5       _ssh_remote_eof            004137e5 f   ssh.obj
 0001:0001283e       _ssh_remote_error          0041383e f   ssh.obj
 0001:00012947       _ssh_sw_abort              00413947 f   ssh.obj
 0001:000129a8       _ssh_sw_abort_deferred     004139a8 f   ssh.obj
 0001:00012a02       _ssh_throttle_conn         00413a02 f   ssh.obj
 0001:00012a53       _ssh_user_close            00413a53 f   ssh.obj
 0001:0001312c       _ssh1_bpp_new              0041412c f   ssh1bpp.obj
 0001:00013169       _ssh1_bpp_new_cipher       00414169 f   ssh1bpp.obj
 0001:00013264       _ssh1_bpp_start_compression 00414264 f   ssh1bpp.obj
 0001:000132de       _ssh1_censor_packet        004142de f   ssh1censor.obj
 0001:00013ac8       _ssh1_channel_free         00414ac8 f   ssh1connection.obj
 0001:00013ae3       _ssh1_channel_init         00414ae3 f   ssh1connection.obj
 0001:00013b88       _ssh1_check_termination    00414b88 f   ssh1connection.obj
 0001:00013e53       _ssh1_connection_new       00414e53 f   ssh1connection.obj
 0001:00013edc       _ssh1_connection_set_protoflags 00414edc f   ssh1connection.obj
 0001:000141d4       _ssh1_connection_direction_specific_setup 004151d4 f   ssh1connection-client.obj
 0001:00014203       _ssh1_connection_need_antispoof_prompt 00415203 f   ssh1connection-client.obj
 0001:0001426b       _ssh1_handle_direction_specific_packet 0041526b f   ssh1connection-client.obj
 0001:00014719       _ssh1_rportfwd_alloc       00415719 f   ssh1connection-client.obj
 0001:00014868       _ssh1_serverside_agent_open 00415868 f   ssh1connection-client.obj
 0001:00014884       _ssh1_serverside_x11_open  00415884 f   ssh1connection-client.obj
 0001:000148af       _ssh1_session_open         004158af f   ssh1connection-client.obj
 0001:0001666b       _ssh1_login_new            0041766b f   ssh1login.obj
 0001:00017522       _ssh2_bpp_new              00418522 f   ssh2bpp.obj
 0001:0001756d       _ssh2_bpp_new_incoming_crypto 0041856d f   ssh2bpp.obj
 0001:000176c4       _ssh2_bpp_new_outgoing_crypto 004186c4 f   ssh2bpp.obj
 0001:0001782d       _ssh2_bpp_rekey_inadvisable 0041882d f   ssh2bpp.obj
 0001:00017b98       _ssh2_bare_bpp_new         00418b98 f   ssh2bpp-bare.obj
 0001:00017bd2       _ssh2_censor_packet        00418bd2 f   ssh2censor.obj
 0001:0001877a       _ssh2_channel_init         0041977a f   ssh2connection.obj
 0001:000188e6       _ssh2_chanopen_init        004198e6 f   ssh2connection.obj
 0001:0001892e       _ssh2_chanreq_init         0041992e f   ssh2connection.obj
 0001:0001953a       _ssh2_connection_new       0041a53a f   ssh2connection.obj
 0001:0001960a       _ssh2_queue_global_request_handler 0041a60a f   ssh2connection.obj
 0001:00019a8e       _ssh2_connection_need_antispoof_prompt 0041aa8e f   ssh2connection-client.obj
 0001:00019aac       _ssh2_connection_parse_channel_open 0041aaac f   ssh2connection-client.obj
 0001:00019c03       _ssh2_portfwd_chanopen     0041ac03 f   ssh2connection-client.obj
 0001:00019c7c       _ssh2_rportfwd_alloc       0041ac7c f   ssh2connection-client.obj
 0001:00019e2e       _ssh2_rportfwd_remove      0041ae2e f   ssh2connection-client.obj
 0001:00019ed0       _ssh2_serverside_agent_open 0041aed0 f   ssh2connection-client.obj
 0001:00019eec       _ssh2_serverside_x11_open  0041aeec f   ssh2connection-client.obj
 0001:00019f08       _ssh2_session_open         0041af08 f   ssh2connection-client.obj
 0001:00019f67       _ssh2channel_request_agent_forwarding 0041af67 f   ssh2connection-client.obj
 0001:00019f9e       _ssh2channel_request_pty   0041af9e f   ssh2connection-client.obj
 0001:0001a08a       _ssh2channel_request_x11_forwarding 0041b08a f   ssh2connection-client.obj
 0001:0001a0f0       _ssh2channel_send_env_var  0041b0f0 f   ssh2connection-client.obj
 0001:0001a146       _ssh2channel_send_exit_signal 0041b146 f   ssh2connection-client.obj
 0001:0001a162       _ssh2channel_send_exit_signal_numeric 0041b162 f   ssh2connection-client.obj
 0001:0001a17e       _ssh2channel_send_exit_status 0041b17e f   ssh2connection-client.obj
 0001:0001a19a       _ssh2channel_send_serial_break 0041b19a f   ssh2connection-client.obj
 0001:0001a1e4       _ssh2channel_send_signal   0041b1e4 f   ssh2connection-client.obj
 0001:0001a22e       _ssh2channel_send_terminal_size_change 0041b22e f   ssh2connection-client.obj
 0001:0001a285       _ssh2channel_start_command 0041b285 f   ssh2connection-client.obj
 0001:0001a2cd       _ssh2channel_start_shell   0041b2cd f   ssh2connection-client.obj
 0001:0001a304       _ssh2channel_start_subsystem 0041b304 f   ssh2connection-client.obj
 0001:0001a34e       _ssh2kex_coroutine         0041b34e f   ssh2kex-client.obj
 0001:0001b9b3       _ssh_transient_hostkey_cache_add 0041c9b3 f   ssh2transhk.obj
 0001:0001ba6a       _ssh_transient_hostkey_cache_free 0041ca6a f   ssh2transhk.obj
 0001:0001baaf       _ssh_transient_hostkey_cache_has 0041caaf f   ssh2transhk.obj
 0001:0001bacd       _ssh_transient_hostkey_cache_new 0041cacd f   ssh2transhk.obj
 0001:0001baee       _ssh_transient_hostkey_cache_non_empty 0041caee f   ssh2transhk.obj
 0001:0001bb02       _ssh_transient_hostkey_cache_verify 0041cb02 f   ssh2transhk.obj
 0001:0001ccc6       _nullseat_get_x_display    0041dcc6 f   misc.obj
 0001:0001ccc6       ___scrt_initialize_winrt   0041dcc6 f   LIBCMT:utility_desktop.obj
 0001:0001ccc6       __matherr                  0041dcc6 f   LIBCMT:matherr.obj
 0001:0001ccc6       __get_startup_new_mode     0041dcc6 f   LIBCMT:new_mode.obj
 0001:0001ccc6       _nullseat_get_ttymode      0041dcc6 f   misc.obj
 0001:0001ccc6       __get_startup_thread_locale_mode 0041dcc6 f   LIBCMT:thread_locale.obj
 0001:0001ccc6       __get_startup_commit_mode  0041dcc6 f   LIBCMT:commit_mode.obj
 0001:0001ccc9       _ssh2_common_filter_queue  0041dcc9 f   ssh2transport.obj
 0001:0001d48c       _ssh2_transport_dialog_callback 0041e48c f   ssh2transport.obj
 0001:0001d541       _ssh2_transport_get_session_id 0041e541 f   ssh2transport.obj
 0001:0001d790       _ssh2_transport_new        0041e790 f   ssh2transport.obj
 0001:0001d93c       _ssh2_transport_notify_auth_done 0041e93c f   ssh2transport.obj
 0001:0001d97d       _ssh2_transport_pop        0041e97d f   ssh2transport.obj
 0001:0001e27c       _ssh2transport_finalise_exhash 0041f27c f   ssh2transport.obj
 0001:00020d4f       _ssh2_userauth_new         00421d4f f   ssh2userauth.obj
 0001:00020e25       _ssh2_userauth_set_transport_layer 00421e25 f   ssh2userauth.obj
 0001:0002661f       _aes256_decrypt_pubkey     0042761f f   sshauxcrypt.obj
 0001:00026699       _des3_decrypt_pubkey       00427699 f   sshauxcrypt.obj
 0001:00026739       _des_decrypt_xdmauth       00427739 f   sshauxcrypt.obj
 0001:0002675e       _des_encrypt_xdmauth       0042775e f   sshauxcrypt.obj
 0001:00026813       _hash_simple               00427813 f   sshauxcrypt.obj
 0001:0002683c       _mac_simple                0042783c f   sshauxcrypt.obj
 0001:0002724f       _blowfish_expandkey        0042824f f   sshblowf.obj
 0001:000275d1       _blowfish_initkey          004285d1 f   sshblowf.obj
 0001:00027bf0       _ldisc_echoedit_update     00428bf0 f   psftp.obj
 0001:00027bf0       _nullseat_notify_remote_exit 00428bf0 f   misc.obj
 0001:00027bf0       _add_session_to_jumplist   00428bf0 f   winnojmp.obj
 0001:00027bf0       ___except_validate_jump_buffer 00428bf0 f   libvcruntime:jbcxrval.obj
 0001:00027bf0       _nullseat_echoedit_update  00428bf0 f   misc.obj
 0001:00027bf0       _platform_ssh_share_cleanup 00428bf0 f   winshare.obj
 0001:00027bf0       __initialize_invalid_parameter_handler 00428bf0 f   LIBCMT:invalid_parameter_handler.obj
 0001:00027bf0       __initialize_denormal_control 00428bf0 f   LIBCMT:denormal_control.obj
 0001:00027bf0       _nullseat_set_busy_status  00428bf0 f   misc.obj
 0001:00027bf0       @_guard_check_icall_nop@4  00428bf0 f   LIBCMT:guard_support.obj
 0001:00027bf0       _nullseat_update_specials_menu 00428bf0 f   misc.obj
 0001:00027bf0       _timer_change_notify       00428bf0 f   wincons.obj
 0001:00027bf0       _platform_get_x11_auth     00428bf0 f   winsftp.obj
 0001:00027bf0       ___except_validate_context_record 00428bf0 f   libvcruntime:jbcxrval.obj
 0001:00028a13       _nullseat_get_window_pixel_size 00429a13 f   misc.obj
 0001:00028a13       _chan_no_send_break        00429a13 f   sshcommon.obj
 0001:00028a13       _chan_no_run_shell         00429a13 f   sshcommon.obj
 0001:00028a13       _chan_no_run_subsystem     00429a13 f   sshcommon.obj
 0001:00028a13       _chan_no_exit_status       00429a13 f   sshcommon.obj
 0001:00028a13       _nullseat_get_windowid     00429a13 f   misc.obj
 0001:00028a13       _ssh2_connection_parse_global_request 00429a13 f   ssh2connection-client.obj
 0001:00028a13       _chan_no_enable_agent_forwarding 00429a13 f   sshcommon.obj
 0001:00028a13       _chan_no_exit_signal_numeric 00429a13 f   sshcommon.obj
 0001:00028a13       _chan_no_send_signal       00429a13 f   sshcommon.obj
 0001:00028a13       _chan_no_enable_x11_forwarding 00429a13 f   sshcommon.obj
 0001:00028a13       _chan_no_allocate_pty      00429a13 f   sshcommon.obj
 0001:00028a13       _chan_no_change_window_size 00429a13 f   sshcommon.obj
 0001:00028a13       _chan_no_set_env           00429a13 f   sshcommon.obj
 0001:00028a13       _chan_no_exit_signal       00429a13 f   sshcommon.obj
 0001:00028a13       _nullseat_is_never_utf8    00429a13 f   misc.obj
 0001:00028a13       _chan_no_run_command       00429a13 f   sshcommon.obj
 0001:00028a13       _sk_address_is_special_local 00429a13 f   winnet.obj
 0001:00028a16       _chan_no_request_response  00429a16 f   sshcommon.obj
 0001:00028a32       _add_to_commasep           00429a32 f   sshcommon.obj
 0001:00028a66       _alloc_channel_id_general  00429a66 f   sshcommon.obj
 0001:00028ab7       _chan_default_want_close   00429ab7 f   sshcommon.obj
 0001:00028acc       _chan_remotely_opened_confirmation 00429acc f   sshcommon.obj
 0001:00028ae8       _chan_remotely_opened_failure 00429ae8 f   sshcommon.obj
 0001:00028b04       _free_rportfwd             00429b04 f   sshcommon.obj
 0001:00028b30       _get_commasep_word         00429b30 f   sshcommon.obj
 0001:00028b9b       _get_ttymodes_from_conf    00429b9b f   sshcommon.obj
 0001:00028d90       _pq_base_concatenate       00429d90 f   sshcommon.obj
 0001:00028e8a       _pq_base_push              00429e8a f   sshcommon.obj
 0001:00028ec1       _pq_base_push_front        00429ec1 f   sshcommon.obj
 0001:00028f98       _pq_in_clear               00429f98 f   sshcommon.obj
 0001:00028fb1       _pq_in_init                00429fb1 f   sshcommon.obj
 0001:00028ffa       _pq_out_clear              00429ffa f   sshcommon.obj
 0001:00029025       _pq_out_init               0042a025 f   sshcommon.obj
 0001:00029099       _read_ttymodes_from_packet 0042a099 f   sshcommon.obj
 0001:0002916b       _ssh1_common_filter_queue  0042a16b f   sshcommon.obj
 0001:00029201       _ssh1_common_get_specials  0042a201 f   sshcommon.obj
 0001:00029225       _ssh1_compute_session_id   0042a225 f   sshcommon.obj
 0001:000292b9       _ssh1_pkt_type             0042a2b9 f   sshcommon.obj
 0001:00029486       _ssh2_bpp_check_unimplemented 0042a486 f   sshcommon.obj
 0001:000294df       _ssh2_bpp_queue_disconnect 0042a4df f   sshcommon.obj
 0001:00029525       _ssh2_pkt_type             0042a525 f   sshcommon.obj
 0001:000298c3       _ssh_bpp_common_setup      0042a8c3 f   sshcommon.obj
 0001:000298fb       _ssh_bpp_free              0042a8fb f   sshcommon.obj
 0001:000298fb       _ssh_ppl_free              0042a8fb f   sshcommon.obj
 0001:00029933       _ssh_free_pktout           0042a933 f   sshcommon.obj
 0001:0002994a       _ssh_new_packet            0042a94a f   sshcommon.obj
 0001:000299c0       _ssh_ppl_default_queued_data_size 0042a9c0 f   sshcommon.obj
 0001:000299cb       _ssh_ppl_replace           0042a9cb f   sshcommon.obj
 0001:00029a19       _ssh_ppl_setup_queues      0042aa19 f   sshcommon.obj
 0001:00029a55       _ssh_ppl_user_output_string_and_free 0042aa55 f   sshcommon.obj
 0001:00029a7e       _verify_ssh_manual_host_key 0042aa7e f   sshcommon.obj
 0001:00029bf9       _write_ttymodes_to_packet  0042abf9 f   sshcommon.obj
 0001:00029cba       _zombiechan_new            0042acba f   sshcommon.obj
 0001:00029cd3       _crc32_ssh1                0042acd3 f   sshcrc.obj
 0001:00029ce6       _crc32_update              0042ace6 f   sshcrc.obj
 0001:00029e00       _crcda_free_context        0042ae00 f   sshcrcda.obj
 0001:00029e1d       _crcda_make_context        0042ae1d f   sshcrcda.obj
 0001:00029e36       _detect_attack             0042ae36 f   sshcrcda.obj
 0001:0002ad13       _des_key_setup             0042bd13 f   sshdes.obj
 0001:0002ae6f       _dh_cleanup                0042be6f f   sshdh.obj
 0001:0002aec6       _dh_create_e               0042bec6 f   sshdh.obj
 0001:0002af47       _dh_find_K                 0042bf47 f   sshdh.obj
 0001:0002af7a       _dh_is_gex                 0042bf7a f   sshdh.obj
 0001:0002af84       _dh_setup_gex              0042bf84 f   sshdh.obj
 0001:0002afb7       _dh_setup_group            0042bfb7 f   sshdh.obj
 0001:0002affb       _dh_validate_f             0042bffb f   sshdh.obj
 0001:0002b7f0       _dss_gen_k                 0042c7f0 f   sshdss.obj
 0001:0002d3f9       _ssh_ecdhkex_curve_textname 0042e3f9 f   sshecc.obj
 0001:0002d406       _ssh_ecdhkex_freekey       0042e406 f   sshecc.obj
 0001:0002d424       _ssh_ecdhkex_getkey        0042e424 f   sshecc.obj
 0001:0002d43a       _ssh_ecdhkex_getpublic     0042e43a f   sshecc.obj
 0001:0002d44b       _ssh_ecdhkex_newkey        0042e44b f   sshecc.obj
 0001:0002d55d       _ssh_gssapi_bind_fns       0042e55d f   sshgssc.obj
 0001:0002dbc9       _ssh2_mac_generate         0042ebc9 f   sshmac.obj
 0001:0002dc21       _ssh2_mac_verify           0042ec21 f   sshmac.obj
 0001:0002dc4c       _ssh2_mac_verresult        0042ec4c f   sshmac.obj
 0001:0002dd3f       _MD5Final                  0042ed3f f   sshmd5.obj
 0001:0002de48       _MD5Init                   0042ee48 f   sshmd5.obj
 0001:0002ea02       _prng_add_entropy          0042fa02 f   sshprng.obj
 0001:0002eb08       _prng_free                 0042fb08 f   sshprng.obj
 0001:0002eb6c       _prng_new                  0042fb6c f   sshprng.obj
 0001:0002ebf3       _prng_read                 0042fbf3 f   sshprng.obj
 0001:0002ecda       _prng_seed_begin           0042fcda f   sshprng.obj
 0001:0002ed21       _prng_seed_finish          0042fd21 f   sshprng.obj
 0001:0002edbd       _find_pubkey_alg           0042fdbd f   sshpubk.obj
 0001:0002edd4       _find_pubkey_alg_len       0042fdd4 f   sshpubk.obj
 0001:0002ee90       _key_type                  0042fe90 f   sshpubk.obj
 0001:0002f10a       _key_type_to_str           0043010a f   sshpubk.obj
 0001:0002f18e       _openssh_loadpub           0043018e f   sshpubk.obj
 0001:0002f516       _rfc4716_loadpub           00430516 f   sshpubk.obj
 0001:0002f79f       _rsa_ssh1_encrypted        0043079f f   sshpubk.obj
 0001:0002fa8a       _rsa_ssh1_loadkey          00430a8a f   sshpubk.obj
 0001:0002fb44       _rsa_ssh1_loadpub          00430b44 f   sshpubk.obj
 0001:0002fd89       _ssh2_fingerprint          00430d89 f   sshpubk.obj
 0001:0002fdbb       _ssh2_fingerprint_blob     00430dbb f   sshpubk.obj
 0001:0002feb2       _ssh2_load_userkey         00430eb2 f   sshpubk.obj
 0001:00030584       _ssh2_userkey_encrypted    00431584 f   sshpubk.obj
 0001:000306dd       _ssh2_userkey_loadpub      004316dd f   sshpubk.obj
 0001:000309ac       _random_add_noise          004319ac f   sshrand.obj
 0001:000309d0       _random_clear              004319d0 f   sshrand.obj
 0001:00030a6b       _random_get_savedata       00431a6b f   sshrand.obj
 0001:00030aa5       _random_read               00431aa5 f   sshrand.obj
 0001:00030adc       _random_ref                00431adc f   sshrand.obj
 0001:00030af9       _random_save_seed          00431af9 f   sshrand.obj
 0001:00030b7f       _random_unref              00431b7f f   sshrand.obj
 0001:0003107b       _rsa2_invalid              0043207b f   sshrsa.obj
 0001:000310d3       _BinarySource_get_rsa_ssh1_priv 004320d3 f   sshrsa.obj
 0001:000310e8       _BinarySource_get_rsa_ssh1_pub 004320e8 f   sshrsa.obj
 0001:000311b0       _crt_modpow                004321b0 f   sshrsa.obj
 0001:000312f8       _freersakey                004322f8 f   sshrsa.obj
 0001:0003133f       _freersapriv               0043233f f   sshrsa.obj
 0001:000315ad       _rsa_ssh1_decrypt          004325ad f   sshrsa.obj
 0001:000315b2       _rsa_ssh1_encrypt          004325b2 f   sshrsa.obj
 0001:00031704       _rsa_ssh1_fingerprint      00432704 f   sshrsa.obj
 0001:00031805       _rsa_ssh1_public_blob      00432805 f   sshrsa.obj
 0001:00031856       _rsa_verify                00432856 f   sshrsa.obj
 0001:00031975       _rsastr_fmt                00432975 f   sshrsa.obj
 0001:000319a0       _ssh_rsakex_encrypt        004329a0 f   sshrsa.obj
 0001:00031adc       _ssh_rsakex_freekey        00432adc f   sshrsa.obj
 0001:00031aeb       _dh_modulus_bit_size       00432aeb f   sshdh.obj
 0001:00031aeb       _ssh_rsakex_klen           00432aeb f   sshrsa.obj
 0001:00031af9       _ssh_rsakex_newkey         00432af9 f   sshrsa.obj
 0001:00032654       _SHA384_Final              00433654 f   sshsh512.obj
 0001:00032693       _SHA384_Init               00433693 f   sshsh512.obj
 0001:00033583       _SHA512_Final              00434583 f   sshsh512.obj
 0001:000336bc       _SHA512_Init               004346bc f   sshsh512.obj
 0001:0003460f       _share_activate            0043560f f   sshshare.obj
 0001:00034929       _share_dead_xchannel_respond 00435929 f   sshshare.obj
 0001:00035492       _share_got_pkt_from_server 00436492 f   sshshare.obj
 0001:00035782       _share_ndownstreams        00436782 f   sshshare.obj
 0001:00035891       _share_setup_x11_channel   00436891 f   sshshare.obj
 0001:00035c3d       _share_xchannel_confirmation 00436c3d f   sshshare.obj
 0001:00035ce8       _share_xchannel_failure    00436ce8 f   sshshare.obj
 0001:00035d79       _sharestate_free           00436d79 f   sshshare.obj
 0001:00035dd3       _ssh_connection_sharing_init 00436dd3 f   sshshare.obj
 0001:00035fcd       _ssh_connshare_provide_connlayer 00436fcd f   sshshare.obj
 0001:00035fda       _ssh_share_sockname        00436fda f   sshshare.obj
 0001:00036043       _ssh_share_test_for_upstream 00437043 f   sshshare.obj
 0001:00036b48       _ssh_verstring_get_bugs    00437b48 f   sshverstring.obj
 0001:00036b50       _ssh_verstring_get_local   00437b50 f   sshverstring.obj
 0001:00036b58       _ssh_verstring_get_remote  00437b58 f   sshverstring.obj
 0001:00036b62       _ssh_verstring_new         00437b62 f   sshverstring.obj
 0001:00036ce6       _zlib_compress_block       00437ce6 f   sshzlib.obj
 0001:00036da5       _zlib_decompress_init      00437da5 f   sshzlib.obj
 0001:00036e88       _zlib_decompress_cleanup   00437e88 f   sshzlib.obj
 0001:00036ef6       _zlib_decompress_block     00437ef6 f   sshzlib.obj
 0001:0003751a       _zlib_compress_init        0043851a f   sshzlib.obj
 0001:000375b6       _zlib_compress_cleanup     004385b6 f   sshzlib.obj
 0001:00038096       _stripctrl_enable_line_limiting 00439096 f   stripctrl.obj
 0001:000380a1       _stripctrl_free            004390a1 f   stripctrl.obj
 0001:0003833f       _stripctrl_new             0043933f f   stripctrl.obj
 0001:000383a0       _stripctrl_reset           004393a0 f   stripctrl.obj
 0001:000383d5       _stripctrl_retarget        004393d5 f   stripctrl.obj
 0001:000383e8       _stripctrl_string_ptrlen   004393e8 f   stripctrl.obj
 0001:00038479       _expire_timer_context      00439479 f   timing.obj
 0001:000384c6       _run_timers                004394c6 f   timing.obj
 0001:00038564       _schedule_timer            00439564 f   timing.obj
 0001:000385f7       _timing_last_clock         004395f7 f   timing.obj
 0001:000385fd       _add234                    004395fd f   tree234.obj
 0001:00038b23       _count234                  00439b23 f   tree234.obj
 0001:00038b74       _del234                    00439b74 f   tree234.obj
 0001:00038ba3       _delpos234                 00439ba3 f   tree234.obj
 0001:00039052       _find234                   0043a052 f   tree234.obj
 0001:0003906b       _findrel234                0043a06b f   tree234.obj
 0001:00039086       _findrelpos234             0043a086 f   tree234.obj
 0001:000391bc       _freetree234               0043a1bc f   tree234.obj
 0001:000391d2       _index234                  0043a1d2 f   tree234.obj
 0001:0003924c       _newtree234                0043a24c f   tree234.obj
 0001:00039265       _search234_start           0043a265 f   tree234.obj
 0001:00039285       _search234_step            0043a285 f   tree234.obj
 0001:00039368       _base64_decode_atom        0043a368 f   utils.obj
 0001:00039454       _base64_encode_atom        0043a454 f   utils.obj
 0001:000394d3       _bufchain_add              0043a4d3 f   utils.obj
 0001:00039573       _bufchain_clear            0043a573 f   utils.obj
 0001:000395a5       _bufchain_consume          0043a5a5 f   utils.obj
 0001:0003962f       _bufchain_fetch            0043a62f f   utils.obj
 0001:000396a3       _bufchain_fetch_consume    0043a6a3 f   utils.obj
 0001:000396c4       _bufchain_fetch_consume_up_to 0043a6c4 f   utils.obj
 0001:000396ea       _bufchain_init             0043a6ea f   utils.obj
 0001:00039703       _bufchain_prefix           0043a703 f   utils.obj
 0001:00039712       _bufchain_set_callback_inner 0043a712 f   utils.obj
 0001:00039725       _bufchain_size             0043a725 f   utils.obj
 0001:0003972d       _bufchain_try_fetch_consume 0043a72d f   utils.obj
 0001:0003974e       _chomp                     0043a74e f   utils.obj
 0001:0003977b       _ctrlparse                 0043a77b f   utils.obj
 0001:00039801       _dupcat_fn                 0043a801 f   utils.obj
 0001:00039880       _dupprintf                 0043a880 f   utils.obj
 0001:00039891       _dupstr                    0043a891 f   utils.obj
 0001:000398c0       _dupvprintf                0043a8c0 f   utils.obj
 0001:00039958       _fgetline                  0043a958 f   utils.obj
 0001:000399e2       _host_strchr               0043a9e2 f   utils.obj
 0001:00039a5a       _host_strcspn              0043aa5a f   utils.obj
 0001:00039a80       _host_strduptrim           0043aa80 f   utils.obj
 0001:00039af9       _host_strrchr              0043aaf9 f   utils.obj
 0001:00039b1d       _mkstr                     0043ab1d f   utils.obj
 0001:00039b4c       _nullstrcmp                0043ab4c f   utils.obj
 0001:00039b6f       _parse_blocksize           0043ab6f f   utils.obj
 0001:00039be2       _ptrlen_endswith           0043abe2 f   utils.obj
 0001:00039c25       _ptrlen_eq_ptrlen          0043ac25 f   utils.obj
 0001:00039c49       _ptrlen_eq_string          0043ac49 f   utils.obj
 0001:00039c73       _smemeq                    0043ac73 f   utils.obj
 0001:00039cd2       _strbuf_append             0043acd2 f   utils.obj
 0001:00039d12       _strbuf_catf               0043ad12 f   utils.obj
 0001:00039d28       _strbuf_catfv              0043ad28 f   utils.obj
 0001:00039d5d       _strbuf_chomp              0043ad5d f   utils.obj
 0001:00039d84       _strbuf_finalise_agent_query 0043ad84 f   utils.obj
 0001:00039dc9       _strbuf_free               0043adc9 f   utils.obj
 0001:00039df5       _strbuf_new                0043adf5 f   utils.obj
 0001:00039dfe       _strbuf_new_for_agent_query 0043adfe f   utils.obj
 0001:00039e5e       _strbuf_new_nm             0043ae5e f   utils.obj
 0001:00039e67       _strbuf_shrink_by          0043ae67 f   utils.obj
 0001:00039e9c       _strbuf_shrink_to          0043ae9c f   utils.obj
 0001:00039ece       _strbuf_to_str             0043aece f   utils.obj
 0001:00039ee4       _strendswith               0043aee4 f   utils.obj
 0001:00039f1c       _string_length_for_printf  0043af1c f   utils.obj
 0001:00039f47       _vsnprintf                 0043af47 f i utils.obj
 0001:00039fc0       _mk_wcwidth                0043afc0 f   wcwidth.obj
 0001:0003a017       _wc_match                  0043b017 f   wildcard.obj
 0001:0003a24b       _wc_unescape               0043b24b f   wildcard.obj
 0001:0003a29c       _got_crypt                 0043b29c f   wincapi.obj
 0001:0003a408       _cleanup_exit              0043b408 f   wincons.obj
 0001:0003a41c       _console_confirm_weak_cached_hostkey 0043b41c f   wincons.obj
 0001:0003a4f7       _console_confirm_weak_crypto_primitive 0043b4f7 f   wincons.obj
 0001:0003a5d2       _console_connection_fatal  0043b5d2 f   wincons.obj
 0001:0003a5ea       _console_get_userpass_input 0043b5ea f   wincons.obj
 0001:0003a84d       _console_print_error_msg   0043b84d f   wincons.obj
 0001:0003a8a1       _console_print_error_msg_fmt_v 0043b8a1 f   wincons.obj
 0001:0003a8c6       _console_stripctrl_new     0043b8c6 f   wincons.obj
 0001:0003a8d7       _console_verify_ssh_host_key 0043b8d7 f   wincons.obj
 0001:0003aa64       _modalfatalbox             0043ba64 f   wincons.obj
 0001:0003aa82       _nonfatal                  0043ba82 f   wincons.obj
 0001:0003aa99       _old_keyfile_warning       0043ba99 f   wincons.obj
 0001:0003aaaf       _pgp_fingerprints          0043baaf f   wincons.obj
 0001:0003aac5       _platform_default_b        0043bac5 f   windefs.obj
 0001:0003aaca       _platform_default_filename 0043baca f   windefs.obj
 0001:0003aaf1       _platform_default_fontspec 0043baf1 f   windefs.obj
 0001:0003ab23       _platform_default_i        0043bb23 f   windefs.obj
 0001:0003ab28       _platform_default_s        0043bb28 f   windefs.obj
 0001:0003ac43       _ssh_gss_cleanup           0043bc43 f   wingss.obj
 0001:0003ac8d       _ssh_gss_setup             0043bc8d f   wingss.obj
 0001:0003b4d1       _handle_add_foreign_event  0043c4d1 f   winhandl.obj
 0001:0003b598       _handle_free               0043c598 f   winhandl.obj
 0001:0003b5f3       _handle_get_events         0043c5f3 f   winhandl.obj
 0001:0003b656       _handle_got_event          0043c656 f   winhandl.obj
 0001:0003b775       _handle_input_new          0043c775 f   winhandl.obj
 0001:0003b98e       _handle_output_new         0043c98e f   winhandl.obj
 0001:0003bbd8       _handle_unthrottle         0043cbd8 f   winhandl.obj
 0001:0003bc0a       _handle_write              0043cc0a f   winhandl.obj
 0001:0003bc6c       _handle_write_eof          0043cc6c f   winhandl.obj
 0001:0003bffe       _make_handle_socket        0043cffe f   winhsock.obj
 0001:0003c0a9       _dll_hijacking_protection  0043d0a9 f   winmisc.obj
 0001:0003c10f       _escape_registry_key       0043d10f f   winmisc.obj
 0001:0003c19a       _filename_char_sanitise    0043d19a f   winmisc.obj
 0001:0003c1be       _filename_copy             0043d1be f   winmisc.obj
 0001:0003c1cb       _fontspec_free             0043d1cb f   winmisc.obj
 0001:0003c1cb       _filename_free             0043d1cb f   winmisc.obj
 0001:0003c1e1       _filename_from_str         0043d1e1 f   winmisc.obj
 0001:0003c201       _filename_is_null          0043d201 f   winmisc.obj
 0001:0003c20e       _filename_to_str           0043d20e f   winmisc.obj
 0001:0003c215       _fontspec_copy             0043d215 f   winmisc.obj
 0001:0003c22f       _fontspec_new              0043d22f f   winmisc.obj
 0001:0003c264       _get_username              0043d264 f   winmisc.obj
 0001:0003c35e       _load_system32_dll         0043d35e f   winmisc.obj
 0001:0003c3d7       _open_for_write_would_lose_data 0043d3d7 f   winmisc.obj
 0001:0003c422       _platform_get_x_display    0043d422 f   winmisc.obj
 0001:0003c435       _win_strerror              0043d435 f   winmisc.obj
 0001:0003c546       _smemclr                   0043d546 f   winmiscs.obj
 0001:0003c83c       _IN6_IS_ADDR_LOOPBACK      0043d83c f i winnet.obj
 0001:0003c8b2       _first_socket              0043d8b2 f   winnet.obj
 0001:0003c983       _net_service_lookup        0043d983 f   winnet.obj
 0001:0003c9a5       _next_socket               0043d9a5 f   winnet.obj
 0001:0003c9ca       _platform_get_x11_unix_address 0043d9ca f   winnet.obj
 0001:0003c9fb       _select_result             0043d9fb f   winnet.obj
 0001:0003cdac       _sk_addr_dup               0043ddac f   winnet.obj
 0001:0003cdb3       _sk_addr_error             0043ddb3 f   winnet.obj
 0001:0003cdbb       _sk_addr_free              0043ddbb f   winnet.obj
 0001:0003cdf3       _sk_addr_needs_port        0043ddf3 f   winnet.obj
 0001:0003cdff       _sk_addrcopy               0043ddff f   winnet.obj
 0001:0003cec0       _sk_address_is_local       0043dec0 f   winnet.obj
 0001:0003cf62       _sk_addrtype               0043df62 f   winnet.obj
 0001:0003cf95       _sk_cleanup                0043df95 f   winnet.obj
 0001:0003d04c       _sk_getaddr                0043e04c f   winnet.obj
 0001:0003d117       _sk_hostname_is_local      0043e117 f   winnet.obj
 0001:0003d15d       _sk_init                   0043e15d f   winnet.obj
 0001:0003d670       _sk_namedpipe_addr         0043e670 f   winnet.obj
 0001:0003d6bb       _sk_namelookup             0043e6bb f   winnet.obj
 0001:0003d9f0       _sk_new                    0043e9f0 f   winnet.obj
 0001:0003da8a       _sk_newlistener            0043ea8a f   winnet.obj
 0001:0003ddbf       _sk_nonamelookup           0043edbf f   winnet.obj
 0001:0003de77       _socket_writable           0043ee77 f   winnet.obj
 0001:0003e24e       _try_send                  0043f24e f   winnet.obj
 0001:0003e335       _winsock_error_string      0043f335 f   winnet.obj
 0001:0003e523       _noise_get_heavy           0043f523 f   winnoise.obj
 0001:0003e5fa       _noise_regular             0043f5fa f   winnoise.obj
 0001:0003e70f       _noise_ultralight          0043f70f f   winnoise.obj
 0001:0003e761       _prng_reseed_time_ms       0043f761 f   winnoise.obj
 0001:0003e78d       _win_read_random           0043f78d f   winnoise.obj
 0001:0003e86d       _new_named_pipe_client     0043f86d f   winnpc.obj
 0001:0003ebb0       _new_named_pipe_listener   0043fbb0 f   winnps.obj
 0001:0003ecc3       _agent_cancel_query        0043fcc3 f   winpgntc.obj
 0001:0003ecdc       _agent_exists              0043fcdc f   winpgntc.obj
 0001:0003ecef       _agent_query               0043fcef f   winpgntc.obj
 0001:0003eeb5       _platform_new_connection   0043feb5 f   winproxy.obj
 0001:0003f0cb       _get_user_sid              004400cb f   winsecur.obj
 0001:0003f1ea       _getsids                   004401ea f   winsecur.obj
 0001:0003f2d0       _got_advapi                004402d0 f   winsecur.obj
 0001:0003f3f7       _make_private_security_descriptor 004403f7 f   winsecur.obj
 0001:0003f68e       _restrict_process_acl      0044068e f   winsecur.obj
 0001:0003f6b7       _begin_wildcard_matching   004406b7 f   winsftp.obj
 0001:0003f75d       _close_directory           0044075d f   winsftp.obj
 0001:0003f782       _close_wfile               00440782 f   winsftp.obj
 0001:0003f782       _close_rfile               00440782 f   winsftp.obj
 0001:0003f7bb       _create_directory          004407bb f   winsftp.obj
 0001:0003f7ce       _dir_file_cat              004407ce f   winsftp.obj
 0001:0003f82a       _do_eventsel_loop          0044082a f   winsftp.obj
 0001:0003fa1f       _do_select                 00440a1f f   winsftp.obj
 0001:0003fa91       _file_type                 00440a91 f   winsftp.obj
 0001:0003faad       _filexfer_get_userpass_input 00440aad f   winsftp.obj
 0001:0003fac7       _finish_wildcard_matching  00440ac7 f   winsftp.obj
 0001:0003faf5       _get_file_posn             00440af5 f   winsftp.obj
 0001:0003fb1b       _main                      00440b1b f   winsftp.obj
 0001:0003fb25       _open_directory            00440b25 f   winsftp.obj
 0001:0003fbb5       _open_existing_file        00440bb5 f   winsftp.obj
 0001:0003fc8a       _open_existing_wfile       00440c8a f   winsftp.obj
 0001:0003fcee       _open_new_file             00440cee f   winsftp.obj
 0001:0003fd28       _platform_psftp_pre_conn_setup 00440d28 f   winsftp.obj
 0001:0003fd45       _psftp_getcwd              00440d45 f   winsftp.obj
 0001:0003fd86       _psftp_lcd                 00440d86 f   winsftp.obj
 0001:0003fde8       _read_filename             00440de8 f   winsftp.obj
 0001:0003fe8c       _read_from_file            00440e8c f   winsftp.obj
 0001:0003feb8       _seek_file                 00440eb8 f   winsftp.obj
 0001:0003ff00       _ssh_sftp_get_cmdline      00440f00 f   winsftp.obj
 0001:0003ffea       _ssh_sftp_loop_iteration   00440fea f   winsftp.obj
 0001:000400f4       _stripslashes              004410f4 f   winsftp.obj
 0001:0004013e       _test_wildcard             0044113e f   winsftp.obj
 0001:00040196       _vet_filename              00441196 f   winsftp.obj
 0001:000401df       _wildcard_get_filename     004411df f   winsftp.obj
 0001:0004026c       _write_to_file             0044126c f   winsftp.obj
 0001:00040389       _platform_ssh_share        00441389 f   winshare.obj
 0001:000407fd       _close_settings_r          004417fd f   winstore.obj
 0001:00040817       _have_ssh_host_key         00441817 f   winstore.obj
 0001:0004085e       _open_settings_r           0044185e f   winstore.obj
 0001:000408f0       _read_random_seed          004418f0 f   winstore.obj
 0001:0004096f       _read_setting_filename     0044196f f   winstore.obj
 0001:0004099f       _read_setting_fontspec     0044199f f   winstore.obj
 0001:00040a85       _read_setting_i            00441a85 f   winstore.obj
 0001:00040aca       _read_setting_s            00441aca f   winstore.obj
 0001:00040b6f       _store_host_key            00441b6f f   winstore.obj
 0001:00040c95       _verify_host_key           00441c95 f   winstore.obj
 0001:00040ecd       _write_random_seed         00441ecd f   winstore.obj
 0001:00040f00       _ltime                     00441f00 f   wintime.obj
 0001:00040f87       _mb_to_wc                  00441f87 f   winucs.obj
 0001:00041497       _x11_authcmp               00442497 f   x11fwd.obj
 0001:000414fc       _x11_dehexify              004424fc f   x11fwd.obj
 0001:00041565       _x11_free_display          00442565 f   x11fwd.obj
 0001:000415aa       _x11_free_fake_auth        004425aa f   x11fwd.obj
 0001:00041622       _x11_identify_auth_proto   00442622 f   x11fwd.obj
 0001:00041650       _x11_invent_fake_auth      00442650 f   x11fwd.obj
 0001:000417a9       _x11_make_greeting         004427a9 f   x11fwd.obj
 0001:0004196f       _x11_new_channel           0044296f f   x11fwd.obj
 0001:00041b0e       _x11_setup_display         00442b0e f   x11fwd.obj
 0001:00042026       @__security_check_cookie@4 00443026 f   LIBCMT:_secchk_.obj
 0001:00042040       __alloca_probe             00443040 f   LIBCMT:chkstk.obj
 0001:00042040       __chkstk                   00443040 f   LIBCMT:chkstk.obj
 0001:00042070       __allmul                   00443070 f   LIBCMT:llmul.obj
 0001:000420b0       __allshl                   004430b0 f   LIBCMT:llshl.obj
 0001:000420d0       __aullshr                  004430d0 f   LIBCMT:ullshr.obj
 0001:000420ef       ___raise_securityfailure   004430ef f   LIBCMT:gs_report.obj
 0001:00042117       ___report_gsfailure        00443117 f   LIBCMT:gs_report.obj
 0001:00042212       ___report_rangecheckfailure 00443212 f   LIBCMT:gs_report.obj
 0001:0004221e       ___report_securityfailure  0044321e f   LIBCMT:gs_report.obj
 0001:000422f0       __aulldiv                  004432f0 f   LIBCMT:ulldiv.obj
 0001:00042585       _mainCRTStartup            00443585 f   LIBCMT:exe_main.obj
 0001:0004258f       ??$__crt_fast_encode_pointer@PAX@@YAPAXQAX@Z 0044358f f i libvcruntime:winapi_downlevel.obj
 0001:0004258f       ??$__crt_fast_encode_pointer@PAP6AXXZ@@YAPAP6AXXZQAP6AXXZ@Z 0044358f f i LIBCMT:utility.obj
 0001:000425f0       ___scrt_acquire_startup_lock 004435f0 f   LIBCMT:utility.obj
 0001:00042625       ___scrt_initialize_crt     00443625 f   LIBCMT:utility.obj
 0001:0004265e       ___scrt_initialize_onexit_tables 0044365e f   LIBCMT:utility.obj
 0001:000426f5       ___scrt_is_nonwritable_in_current_image 004436f5 f   LIBCMT:utility.obj
 0001:0004277f       ___scrt_release_startup_lock 0044377f f   LIBCMT:utility.obj
 0001:0004279c       ___scrt_uninitialize_crt   0044379c f   LIBCMT:utility.obj
 0001:000427c4       __onexit                   004437c4 f   LIBCMT:utility.obj
 0001:000427ff       _atexit                    004437ff f   LIBCMT:utility.obj
 0001:00042814       ___security_init_cookie    00443814 f   LIBCMT:gs_support.obj
 0001:000428b0       _sftp_cmd_null             004438b0 f   psftp.obj
 0001:000428b0       __get_startup_argv_mode    004438b0 f   LIBCMT:argv_mode.obj
 0001:000428b4       __get_startup_file_mode    004438b4 f   LIBCMT:file_mode.obj
 0001:000428ba       ?__scrt_initialize_type_info@@YAXXZ 004438ba f   LIBCMT:tncleanup.obj
 0001:000428c6       __initialize_default_precision 004438c6 f   LIBCMT:default_precision.obj
 0001:000428e7       ___scrt_initialize_default_local_stdio_options 004438e7 f   LIBCMT:default_local_stdio_options.obj
 0001:00042904       ___scrt_is_user_matherr_present 00443904 f   LIBCMT:matherr_detection.obj
 0001:00042910       ___scrt_get_dyn_tls_init_callback 00443910 f   LIBCMT:dyn_tls_init.obj
 0001:00042916       ___scrt_get_dyn_tls_dtor_callback 00443916 f   LIBCMT:dyn_tls_dtor.obj
 0001:0004291c       ___scrt_fastfail           0044391c f   LIBCMT:utility_desktop.obj
 0001:00042a37       ___scrt_is_managed_app     00443a37 f   LIBCMT:utility_desktop.obj
 0001:00042a7b       ___scrt_set_unhandled_exception_filter 00443a7b f   LIBCMT:utility_desktop.obj
 0001:00042a87       ___scrt_unhandled_exception_filter@4 00443a87 f   LIBCMT:utility_desktop.obj
 0001:00042ac8       __crt_debugger_hook        00443ac8 f   LIBCMT:utility_desktop.obj
 0001:00042ad0       __RTC_Initialize           00443ad0 f   LIBCMT:_initsect_.obj
 0001:00042afb       __RTC_Terminate            00443afb f   LIBCMT:_initsect_.obj
 0001:00042b26       @_guard_check_icall@4      00443b26 f i LIBCMT:checkcfg.obj
 0001:00042b30       __SEH_prolog4              00443b30 f   LIBCMT:_sehprolg4_.obj
 0001:00042b76       __SEH_epilog4              00443b76 f   LIBCMT:_sehprolg4_.obj
 0001:00042b8b       ___isa_available_init      00443b8b f   LIBCMT:_cpu_disp_.obj
 0001:00042d25       ___scrt_is_ucrt_dll_in_use 00443d25 f   LIBCMT:ucrt_detection.obj
 0001:00042d32       _IsProcessorFeaturePresent@4 00443d32 f   kernel32:KERNEL32.dll
 0001:00042d40       _memchr                    00443d40 f   libvcruntime:memchr.obj
 0001:00042df0       _memcpy                    00443df0 f   libvcruntime:memcpy.obj
 0001:00043370       _memmove                   00444370 f   libvcruntime:memmove.obj
 0001:000438f0       _strchr                    004448f0 f   libvcruntime:strchr.obj
 0001:0004395e       ___from_strstr_to_strchr   0044495e     libvcruntime:strchr.obj
 0001:00043a20       _strrchr                   00444a20 f   libvcruntime:strrchr.obj
 0001:00043b60       _memset                    00444b60 f   libvcruntime:memset.obj
 0001:00043cba       _memcmp                    00444cba f   libvcruntime:_memcmp_.obj
 0001:00045440       _strstr                    00446440 f   libvcruntime:strstr.obj
 0001:000456f0       __except_handler4          004466f0 f   libvcruntime:_chandler4_.obj
 0001:00045856       ___vcrt_initialize         00446856 f   libvcruntime:initialization.obj
 0001:0004587f       ___vcrt_uninitialize       0044687f f   libvcruntime:initialization.obj
 0001:000458a0       __local_unwind4            004468a0 f   libvcruntime:_exsup4_.obj
 0001:00045976       __seh_longjmp_unwind4@4    00446976 f   libvcruntime:_exsup4_.obj
 0001:0004599e       @_EH4_CallFilterFunc@8     0044699e f   libvcruntime:_exsup4_.obj
 0001:000459b5       @_EH4_TransferToHandler@8  004469b5 f   libvcruntime:_exsup4_.obj
 0001:000459ce       @_EH4_GlobalUnwind2@8      004469ce f   libvcruntime:_exsup4_.obj
 0001:000459e7       @_EH4_LocalUnwind@16       004469e7 f   libvcruntime:_exsup4_.obj
 0001:000459fe       ___vcrt_freefls@4          004469fe f   libvcruntime:per_thread_data.obj
 0001:00045a1a       ___vcrt_initialize_ptd     00446a1a f   libvcruntime:per_thread_data.obj
 0001:00045a4d       ___vcrt_uninitialize_ptd   00446a4d f   libvcruntime:per_thread_data.obj
 0001:00045a68       ___vcrt_initialize_locks   00446a68 f   libvcruntime:locks.obj
 0001:00045aa4       ___vcrt_uninitialize_locks 00446aa4 f   libvcruntime:locks.obj
 0001:00045bf4       ___vcrt_FlsAlloc           00446bf4 f   libvcruntime:winapi_downlevel.obj
 0001:00045c2e       ___vcrt_FlsFree            00446c2e f   libvcruntime:winapi_downlevel.obj
 0001:00045c68       ___vcrt_FlsSetValue        00446c68 f   libvcruntime:winapi_downlevel.obj
 0001:00045ca5       ___vcrt_InitializeCriticalSectionEx 00446ca5 f   libvcruntime:winapi_downlevel.obj
 0001:00045ceb       ___vcrt_initialize_winapi_thunks 00446ceb f   libvcruntime:winapi_downlevel.obj
 0001:00045d25       ___vcrt_uninitialize_winapi_thunks 00446d25 f   libvcruntime:winapi_downlevel.obj
 0001:00045d57       ___vcrt_initialize_pure_virtual_call_handler 00446d57 f   libvcruntime:purevirt_data.obj
 0001:00045d80       __global_unwind2           00446d80 f   libvcruntime:_exsup_.obj
 0001:00045de5       __local_unwind2            00446de5 f   libvcruntime:_exsup_.obj
 0001:00045e69       __abnormal_termination     00446e69 f   libvcruntime:_exsup_.obj
 0001:00045e8c       __NLG_Notify1              00446e8c f   libvcruntime:_exsup_.obj
 0001:00045e95       __NLG_Notify               00446e95 f   libvcruntime:_exsup_.obj
 0001:00045eac       __NLG_Dispatch             00446eac     libvcruntime:_exsup_.obj
 0001:00045eac       __NLG_Dispatch2            00446eac     libvcruntime:_exsup_.obj
 0001:00045eb4       __NLG_Call                 00446eb4 f   libvcruntime:_exsup_.obj
 0001:00045eb6       __NLG_Return2              00446eb6     libvcruntime:_exsup_.obj
 0001:0004651b       ??$ftprintf@PAU_iobuf@@PB_WABQB_WABQB_WABI@?$__crt_char_traits@_W@@SAH$$QAPAU_iobuf@@$$QAPB_WABQB_W2ABI@Z 0044751b f i libucrt:assert.obj
 0001:000465fa       __vfwprintf_l              004475fa f i libucrt:assert.obj
 0001:0004661f       __vswprintf_c_l            0044761f f i libucrt:assert.obj
 0001:0004664e       __wassert                  0044764e f   libucrt:assert.obj
 0001:00046696       _fwprintf                  00447696 f i libucrt:assert.obj
 0001:000466b1       _swprintf                  004476b1 f i libucrt:assert.obj
 0001:000466d0       _strlen                    004476d0 f   libucrt:strlen.obj
 0001:0004675b       __fclose_nolock            0044775b f   libucrt:fclose.obj
 0001:000467d1       _fclose                    004477d1 f   libucrt:fclose.obj
 0001:00046912       _fopen                     00447912 f   libucrt:fopen.obj
 0001:00046929       __fread_nolock_s           00447929 f   libucrt:fread.obj
 0001:00046af5       _fread                     00447af5 f   libucrt:fread.obj
 0001:00046b12       _fread_s                   00447b12 f   libucrt:fread.obj
 0001:00046ba5       ??$is_overflow_condition@K@__crt_strtox@@YA_NIK@Z 00447ba5 f i libucrt:atox.obj
 0001:00046bd8       ??$is_overflow_condition@_K@__crt_strtox@@YA_NI_K@Z 00447bd8 f i libucrt:atox.obj
 0001:00046c1b       ??$make_c_string_character_source@_W$$T@__crt_strtox@@YA?AV?$c_string_character_source@_W@0@QB_W$$T@Z 00447c1b f i libucrt:atox.obj
 0001:00046c1b       ??$make_c_string_character_source@DPAPAD@__crt_strtox@@YA?AV?$c_string_character_source@D@0@QBDQAPAD@Z 00447c1b f i libucrt:strtox.obj
 0001:00046c1b       ??$make_c_string_character_source@D$$T@__crt_strtox@@YA?AV?$c_string_character_source@D@0@QBD$$T@Z 00447c1b f i libucrt:atox.obj
 0001:00046c1b       ??$make_c_string_character_source@_WPAPA_W@__crt_strtox@@YA?AV?$c_string_character_source@_W@0@QB_WQAPA_W@Z 00447c1b f i libucrt:strtox.obj
 0001:00046c36       ??$parse_integer@KV?$c_string_character_source@D@__crt_strtox@@@__crt_strtox@@YAKQAU__crt_locale_pointers@@V?$c_string_character_source@D@0@H_N@Z 00447c36 f i libucrt:atox.obj
 0001:00046e5e       ??$parse_integer@KV?$c_string_character_source@_W@__crt_strtox@@@__crt_strtox@@YAKQAU__crt_locale_pointers@@V?$c_string_character_source@_W@0@H_N@Z 00447e5e f i libucrt:atox.obj
 0001:00047543       ??$parse_integer@_KV?$c_string_character_source@D@__crt_strtox@@@__crt_strtox@@YA_KQAU__crt_locale_pointers@@V?$c_string_character_source@D@0@H_N@Z 00448543 f i libucrt:atox.obj
 0001:000477e9       ??0_LocaleUpdate@@QAE@QAU__crt_locale_pointers@@@Z 004487e9 f i libucrt:atox.obj
 0001:0004786c       ?unget@?$c_string_character_source@D@__crt_strtox@@QAEXD@Z 0044886c f i libucrt:atox.obj
 0001:00047894       ?unget@?$c_string_character_source@_W@__crt_strtox@@QAEX_W@Z 00448894 f i libucrt:atox.obj
 0001:000478c0       ?validate@?$c_string_character_source@_W@__crt_strtox@@QBE_NXZ 004488c0 f i libucrt:atox.obj
 0001:000478c0       ?validate@?$string_output_adapter@_W@__crt_stdio_output@@QBE_NXZ 004488c0 f i libucrt:output.obj
 0001:000478c0       ?validate@?$c_string_character_source@D@__crt_strtox@@QBE_NXZ 004488c0 f i libucrt:atox.obj
 0001:000478c0       ?validate@?$string_output_adapter@D@__crt_stdio_output@@QBE_NXZ 004488c0 f i libucrt:output.obj
 0001:000478c0       ?validate@?$stream_output_adapter@_W@__crt_stdio_output@@QBE_NXZ 004488c0 f i libucrt:output.obj
 0001:000478db       __chvalidchk_l             004488db f i libucrt:atox.obj
 0001:00047905       __ischartype_l             00448905 f i libucrt:atox.obj
 0001:00047938       __wtol                     00448938 f   libucrt:atox.obj
 0001:00047962       _atol                      00448962 f   libucrt:atox.obj
 0001:00047962       _atoi                      00448962 f   libucrt:atox.obj
 0001:00047990       _strcmp                    00448990 f   libucrt:strcmp.obj
 0001:00047a20       _strncmp                   00448a20 f   libucrt:strncmp.obj
 0001:00047aa0       _strspn                    00448aa0 f   libucrt:strspn.obj
 0001:00047ae6       ___acrt_stdio_flush_nolock 00448ae6 f   libucrt:fflush.obj
 0001:00047b4c       __fflush_nolock            00448b4c f   libucrt:fflush.obj
 0001:00047b93       __flushall                 00448b93 f   libucrt:fflush.obj
 0001:00047c74       _fflush                    00448c74 f   libucrt:fflush.obj
 0001:00047ccd       ??$?RV<lambda_11b4f7b0d3157825a5656a18eba1ae27>@@AAV<lambda_b51c0495177f500e782686251704ae76>@@V<lambda_cf89b47920b5017557bfe891e78aca36>@@@?$__crt_seh_guarded_call@I@@QAEI$$QAV<lambda_11b4f7b0d3157825a5656a18eba1ae27>@@AAV<lambda_b51c0495177f500e782686251704ae76>@@$$QAV<lambda_cf89b47920b5017557bfe891e78aca36>@@@Z 00448ccd f i libucrt:fwrite.obj
 0001:00047d1e       ??$__acrt_lock_stream_and_call@V<lambda_b51c0495177f500e782686251704ae76>@@@@YAIQAU_iobuf@@$$QAV<lambda_b51c0495177f500e782686251704ae76>@@@Z 00448d1e f i libucrt:fwrite.obj
 0001:00047d8c       __fwrite_nolock            00448d8c f   libucrt:fwrite.obj
 0001:00047f05       _fwrite                    00448f05 f   libucrt:fwrite.obj
 0001:00047f5d       ??$?RV<lambda_ab9923ffb5d694ec0d78876dd103e44f>@@AAV<lambda_481dd5778c961fbcd3b60b650e9b9dc4>@@V<lambda_7923d86c9e3f319b415918ec4b39749c>@@@?$__crt_seh_guarded_call@H@@QAEH$$QAV<lambda_ab9923ffb5d694ec0d78876dd103e44f>@@AAV<lambda_481dd5778c961fbcd3b60b650e9b9dc4>@@$$QAV<lambda_7923d86c9e3f319b415918ec4b39749c>@@@Z 00448f5d f i libucrt:output.obj
 0001:00047fae       ??$?RV<lambda_db08b09ef7aa9d4f8620ce68402612bc>@@AAV<lambda_4f2c1eaeead2a5fc776db5b62ea0fb9b>@@V<lambda_3ae262bc35d4ba6a3825c4f6bcaaf95c>@@@?$__crt_seh_guarded_call@H@@QAEH$$QAV<lambda_db08b09ef7aa9d4f8620ce68402612bc>@@AAV<lambda_4f2c1eaeead2a5fc776db5b62ea0fb9b>@@$$QAV<lambda_3ae262bc35d4ba6a3825c4f6bcaaf95c>@@@Z 00448fae f i libucrt:output.obj
 0001:00047fff       ??$__acrt_lock_stream_and_call@V<lambda_481dd5778c961fbcd3b60b650e9b9dc4>@@@@YAHQAU_iobuf@@$$QAV<lambda_481dd5778c961fbcd3b60b650e9b9dc4>@@@Z 00448fff f i libucrt:output.obj
 0001:00048027       ??$__acrt_lock_stream_and_call@V<lambda_4f2c1eaeead2a5fc776db5b62ea0fb9b>@@@@YAHQAU_iobuf@@$$QAV<lambda_4f2c1eaeead2a5fc776db5b62ea0fb9b>@@@Z 00449027 f i libucrt:output.obj
 0001:00048350       ??$count@D@formatting_buffer@__crt_stdio_output@@QBEIXZ 00449350 f i libucrt:output.obj
 0001:00048368       ??$ensure_buffer_is_big_enough@D@formatting_buffer@__crt_stdio_output@@QAE_NI@Z 00449368 f i libucrt:output.obj
 0001:000483ee       ??$is_wide_character_specifier@D@__crt_stdio_output@@YA_N_KDW4length_modifier@0@@Z 004493ee f i libucrt:output.obj
 0001:0004842e       ??$is_wide_character_specifier@_W@__crt_stdio_output@@YA_N_K_WW4length_modifier@0@@Z 0044942e f i libucrt:output.obj
 0001:0004847d       ??$scratch_data@D@formatting_buffer@__crt_stdio_output@@QAEPADXZ 0044947d f i libucrt:output.obj
 0001:0004849b       ??$type_case_integer_parse_into_buffer@I@?$output_processor@_WV?$stream_output_adapter@_W@__crt_stdio_output@@V?$standard_base@_WV?$stream_output_adapter@_W@__crt_stdio_output@@@2@@__crt_stdio_output@@AAEXII_N@Z 0044949b f i libucrt:output.obj
 0001:0004849b       ??$type_case_integer_parse_into_buffer@I@?$output_processor@_WV?$string_output_adapter@_W@__crt_stdio_output@@V?$standard_base@_WV?$string_output_adapter@_W@__crt_stdio_output@@@2@@__crt_stdio_output@@AAEXII_N@Z 0044949b f i libucrt:output.obj
 0001:0004849b       ??$type_case_integer_parse_into_buffer@I@?$output_processor@DV?$stream_output_adapter@D@__crt_stdio_output@@V?$standard_base@DV?$stream_output_adapter@D@__crt_stdio_output@@@2@@__crt_stdio_output@@AAEXII_N@Z 0044949b f i libucrt:output.obj
 0001:0004849b       ??$type_case_integer_parse_into_buffer@I@?$output_processor@DV?$string_output_adapter@D@__crt_stdio_output@@V?$standard_base@DV?$string_output_adapter@D@__crt_stdio_output@@@2@@__crt_stdio_output@@AAEXII_N@Z 0044949b f i libucrt:output.obj
 0001:00048510       ??$type_case_integer_parse_into_buffer@_K@?$output_processor@DV?$string_output_adapter@D@__crt_stdio_output@@V?$standard_base@DV?$string_output_adapter@D@__crt_stdio_output@@@2@@__crt_stdio_output@@AAEX_KI_N@Z 00449510 f i libucrt:output.obj
 0001:00048510       ??$type_case_integer_parse_into_buffer@_K@?$output_processor@_WV?$string_output_adapter@_W@__crt_stdio_output@@V?$standard_base@_WV?$string_output_adapter@_W@__crt_stdio_output@@@2@@__crt_stdio_output@@AAEX_KI_N@Z 00449510 f i libucrt:output.obj
 0001:00048510       ??$type_case_integer_parse_into_buffer@_K@?$output_processor@_WV?$stream_output_adapter@_W@__crt_stdio_output@@V?$standard_base@_WV?$stream_output_adapter@_W@__crt_stdio_output@@@2@@__crt_stdio_output@@AAEX_KI_N@Z 00449510 f i libucrt:output.obj
 0001:00048510       ??$type_case_integer_parse_into_buffer@_K@?$output_processor@DV?$stream_output_adapter@D@__crt_stdio_output@@V?$standard_base@DV?$stream_output_adapter@D@__crt_stdio_output@@@2@@__crt_stdio_output@@AAEX_KI_N@Z 00449510 f i libucrt:output.obj
 0001:00048598       ??$write_multiple_characters@V?$stream_output_adapter@D@__crt_stdio_output@@D@__crt_stdio_output@@YAXABV?$stream_output_adapter@D@0@DHQAH@Z 00449598 f i libucrt:output.obj
 0001:000485c4       ??$write_multiple_characters@V?$stream_output_adapter@_W@__crt_stdio_output@@D@__crt_stdio_output@@YAXABV?$stream_output_adapter@_W@0@DHQAH@Z 004495c4 f i libucrt:output.obj
 0001:000485f5       ??$write_multiple_characters@V?$string_output_adapter@D@__crt_stdio_output@@D@__crt_stdio_output@@YAXABV?$string_output_adapter@D@0@DHQAH@Z 004495f5 f i libucrt:output.obj
 0001:00048621       ??$write_multiple_characters@V?$string_output_adapter@_W@__crt_stdio_output@@D@__crt_stdio_output@@YAXABV?$string_output_adapter@_W@0@DHQAH@Z 00449621 f i libucrt:output.obj
 0001:00048652       ??0?$common_data@D@__crt_stdio_output@@IAE@XZ 00449652 f i libucrt:output.obj
 0001:00048699       ??0?$common_data@_W@__crt_stdio_output@@IAE@XZ 00449699 f i libucrt:output.obj
[...]
 0002:0001efc8       __sehtable$__fcloseall     00486fc8     libucrt:closeall.obj
 0002:0001efe8       __sehtable$??$?RV<lambda_eee62cb4a147bfbb98180ad682ce6e17>@@AAV<lambda_5056f36f92c185fae794536d1ce2027b>@@V<lambda_57c77e0e75d6a1e6f8ecaa6bd26c2518>@@@?$__crt_seh_guarded_call@_N@@QAE_N$$QAV<lambda_eee62cb4a147bfbb98180ad682ce6e17>@@AAV<lambda_5056f36f92c185fae794536d1ce2027b>@@$$QAV<lambda_57c77e0e75d6a1e6f8ecaa6bd26c2518>@@@Z 00486fe8     libucrt:spawnv.obj
 0002:0001f008       __sehtable$??$common_lseek@J@@YAJHJH@Z 00487008     libucrt:lseek.obj
 0002:0001f028       __sehtable$??$common_lseek@_J@@YA_JH_JH@Z 00487028     libucrt:lseek.obj
 0002:0001f048       __sehtable$___acrt_update_thread_multibyte_data 00487048     libucrt:mbctype.obj
 0002:0001f068       __sehtable$??$?RV<lambda_978dc153c237d78434369da87b74ff60>@@AAV<lambda_ad1ced32f4ac17aa236e5ef05d6b3b7c>@@V<lambda_4a8533e2866a575feecb8298ce776b0d>@@@?$__crt_seh_guarded_call@X@@QAEX$$QAV<lambda_978dc153c237d78434369da87b74ff60>@@AAV<lambda_ad1ced32f4ac17aa236e5ef05d6b3b7c>@@$$QAV<lambda_4a8533e2866a575feecb8298ce776b0d>@@@Z 00487068     libucrt:mbctype.obj
 0002:0001f088       __sehtable$__alloc_osfhnd  00487088     libucrt:osfinfo.obj
 0002:0001f0a8       __sehtable$___acrt_lowio_ensure_fh_exists 004870a8     libucrt:osfinfo.obj
 0002:0001f0c8       __sehtable$___acrt_update_thread_locale_data 004870c8     libucrt:locale_refcounting.obj
 0002:0001f0e8       __sehtable$__query_new_handler 004870e8     libucrt:new_handler.obj
 0002:0001f108       __sehtable$??$common_sopen_dispatch@D@@YAHQBDHHHQAHH@Z 00487108     libucrt:open.obj
 0002:0001f128       __sehtable$___tzset        00487128     libucrt:tzset.obj
 0002:0001f148       __sehtable$___set_fpsr_sse2 00487148     libucrt:fpctrl.obj
 0002:0001f168       __sehtable$__IsNonwritableInCurrentImage 00487168     LIBCMT:pesect.obj
 0002:0001f522       .idata$6                   00487522     advapi32:ADVAPI32.dll
 0002:0001f5a8       .idata$6                   004875a8     user32:USER32.dll
 0002:0001fb0c       .idata$6                   00487b0c     kernel32:KERNEL32.dll
 0003:00000000       _subkeytypes               00488000     conf.obj
 0003:00000318       _valuetypes                00488318     conf.obj
 0003:00000630       _nullplug_plug             00488630     nullplug.obj
 0003:00000650       _gss_mech_krb5_desc        00488650     pgssapi.obj
 0003:00000658       _sftp_lookup               00488658     psftp.obj
 0003:00000888       _psftp_seat                00488888     psftp.obj
 0003:0000088c       _pktin_freeq_head          0048888c     sshcommon.obj
 0003:0000089c       _ic_pktin_free             0048889c     sshcommon.obj
 0003:000008ac       ?algs_with_oid@?1??ec_alg_by_oid@@9@9 004888ac     sshecc.obj
 0003:000008c0       _sftp_ssh_socket           004888c0     winsftp.obj
 0003:000008c4       _netevent                  004888c4     winsftp.obj
 0003:00000900       ?__vcrt_flsindex@@3KA      00488900     libvcruntime:per_thread_data.obj
 0003:000009d0       __ctype_loc_style          004889d0     libucrt:wsetlocale.obj
 0003:000009d4       _errno_no_memory           004889d4     libucrt:errno.obj
 0003:000009d8       _doserrno_no_memory        004889d8     libucrt:errno.obj
 0003:00000ae8       ___acrt_flsindex           00488ae8     libucrt:per_thread_data.obj
 0003:00000bf4       ___rgctypeflag             00488bf4     libucrt:mbctype.obj
 0003:00000bf8       ___rgcode_page_info        00488bf8     libucrt:mbctype.obj
 0003:00001178       _tzstd_program             00489178     libucrt:timeset.obj
 0003:000011b8       _tzdst_program             004891b8     libucrt:timeset.obj
 0003:000011f8       _tzname_states             004891f8     libucrt:timeset.obj
 0003:00001200       _dststart                  00489200     libucrt:tzset.obj
 0003:0000120c       _dstend                    0048920c     libucrt:tzset.obj
 0003:00001220       ?__DAZ_ENABLED@?1??__set_fpsr_sse2@@9@9 00489220     libucrt:fpctrl.obj
 0003:00001244       _cmdline_password          00489244     cmdline.obj
 0003:00001248       ?tried_once@?1??cmdline_get_passwd_input@@9@9 00489248     cmdline.obj
 0003:00001249       _seen_hostname_argument    00489249     cmdline.obj
 0003:0000124a       _seen_port_argument        0048924a     cmdline.obj
 0003:00001250       _saves                     00489250     cmdline.obj
 0003:00001268       _psftp_logctx              00489268     psftp.obj
 0003:0000126d       _verbose                   0048926d     psftp.obj
 0003:00001270       _backend                   00489270     psftp.obj
 0003:00001274       _string_scc                00489274     psftp.obj
 0003:00001278       _received_data             00489278     psftp.obj
 0003:0000128c       _stderr_bs                 0048928c     psftp.obj
 0003:00001290       _stderr_ss                 00489290     psftp.obj
 0003:0000129c       _stderr_scc                0048929c     psftp.obj
 0003:000012a0       _fxp_error_message         004892a0     sftp.obj
 0003:000012a4       _fxp_errtype               004892a4     sftp.obj
 0003:000012a8       _sftp_requests             004892a8     sftp.obj
 0003:000012ac       ?initialised@?1??aes_hw_available_cached@@9@9 004892ac     sshaes.obj
 0003:000012ad       ?hw_available@?1??aes_hw_available_cached@@9@9 004892ad     sshaes.obj
 0003:000012b4       ?curve@?1??ec_p256@@9@9    004892b4     sshecc.obj
 0003:000012d8       ?initialised@?1??ec_p256@@9@9 004892d8     sshecc.obj
 0003:000012d9       ?initialised@?1??ec_p384@@9@9 004892d9     sshecc.obj
 0003:000012da       ?initialised@?1??ec_p521@@9@9 004892da     sshecc.obj
 0003:000012db       ?initialised@?1??ec_curve25519@@9@9 004892db     sshecc.obj
 0003:000012dc       ?curve@?1??ec_p384@@9@9    004892dc     sshecc.obj
 0003:00001300       ?curve@?1??ec_p521@@9@9    00489300     sshecc.obj
 0003:00001324       ?curve@?1??ec_curve25519@@9@9 00489324     sshecc.obj
 0003:00001348       ?curve@?1??ec_ed25519@@9@9 00489348     sshecc.obj
 0003:0000136c       ?initialised@?1??ec_ed25519@@9@9 0048936c     sshecc.obj
 0003:0000137c       _random_timer_ctx          0048937c     sshrand.obj
 0003:00001380       _global_prng               00489380     sshrand.obj
 0003:00001384       _next_noise_collection     00489384     sshrand.obj
 0003:00001388       ?initialised@?1??sha256_hw_available_cached@@9@9 00489388     sshsh256.obj
 0003:00001389       ?hw_available@?1??sha256_hw_available_cached@@9@9 00489389     sshsh256.obj
 0003:0000138a       ?initialised@?1??sha1_hw_available_cached@@9@9 0048938a     sshsha.obj
 0003:0000138b       ?hw_available@?1??sha1_hw_available_cached@@9@9 0048938b     sshsha.obj
 0003:0000138c       _timers                    0048938c     timing.obj
 0003:00001390       _timer_contexts            00489390     timing.obj
 0003:00001394       _now                       00489394     timing.obj
 0003:00001398       ?attempted@?1??got_crypt@@9@9 00489398     wincapi.obj
 0003:00001399       ?successful@?1??got_crypt@@9@9 00489399     wincapi.obj
 0003:0000139c       ?crypt@?1??got_crypt@@9@9  0048939c     wincapi.obj
 0003:000013a8       _p_AcquireCredentialsHandleA 004893a8     wingss.obj
 0003:000013ac       _p_InitializeSecurityContextA 004893ac     wingss.obj
 0003:000013b0       _p_FreeContextBuffer       004893b0     wingss.obj
 0003:000013b4       _p_FreeCredentialsHandle   004893b4     wingss.obj
 0003:000013b8       _p_DeleteSecurityContext   004893b8     wingss.obj
 0003:000013bc       _p_QueryContextAttributesA 004893bc     wingss.obj
 0003:000013c0       _p_MakeSignature           004893c0     wingss.obj
 0003:000013c4       _p_VerifySignature         004893c4     wingss.obj
 0003:000013c8       _p_AddDllDirectory         004893c8     wingss.obj
 0003:000013cc       ?kernel32_module@?1??ssh_gss_setup@@9@9 004893cc     wingss.obj
 0003:000013d0       _handles_by_evtomain       004893d0     winhandl.obj
 0003:000013d4       ?kernel32_module@?1??sk_handle_peer_info@@9@9 004893d4     winhsock.obj
 0003:000013d8       ?p_GetNamedPipeClientProcessId@?1??sk_handle_peer_info@@9@9 004893d8     winhsock.obj
 0003:000013dc       ?tried_usernameex@?2??get_username@@9@9 004893dc     winmisc.obj
 0003:000013e0       ?sysdir@?1??load_system32_dll@@9@9 004893e0     winmisc.obj
 0003:000013e4       ?sysdirsize@?1??load_system32_dll@@9@9 004893e4     winmisc.obj
 0003:000013e8       _errstrings                004893e8     winmisc.obj
 0003:000013ec       ?p_GetUserNameExA@?1??get_username@@9@9 004893ec     winmisc.obj
 0003:000013f0       ?kernel32_module@?1??dll_hijacking_protection@@9@9 004893f0     winmisc.obj
 0003:000013f4       ?p_SetDefaultDllDirectories@?1??dll_hijacking_protection@@9@9 004893f4     winmisc.obj
 0003:000013f8       ?kernel32_module@?1??init_winver@@9@9 004893f8     winmisc.obj
 0003:000013fc       ?p_GetVersionExA@?1??init_winver@@9@9 004893fc     winmisc.obj
 0003:00001400       _winsock_module            00489400     winnet.obj
 0003:00001404       _winsock2_module           00489404     winnet.obj
 0003:00001408       _wship6_module             00489408     winnet.obj
 0003:0000140c       _sktree                    0048940c     winnet.obj
 0003:00001410       _p_WSAStartup              00489410     winnet.obj
 0003:00001414       _p_WSACleanup              00489414     winnet.obj
 0003:00001418       _p_closesocket             00489418     winnet.obj
 0003:0000141c       _p_ntohl                   0048941c     winnet.obj
 0003:00001420       _p_htonl                   00489420     winnet.obj
 0003:00001424       _p_htons                   00489424     winnet.obj
 0003:00001428       _p_ntohs                   00489428     winnet.obj
 0003:0000142c       _p_gethostname             0048942c     winnet.obj
 0003:00001430       _p_gethostbyname           00489430     winnet.obj
 0003:00001434       _p_getservbyname           00489434     winnet.obj
 0003:00001438       _p_inet_addr               00489438     winnet.obj
 0003:0000143c       _p_inet_ntoa               0048943c     winnet.obj
 0003:00001440       _p_inet_ntop               00489440     winnet.obj
 0003:00001444       _p_connect                 00489444     winnet.obj
 0003:00001448       _p_bind                    00489448     winnet.obj
 0003:0000144c       _p_setsockopt              0048944c     winnet.obj
 0003:00001450       _p_socket                  00489450     winnet.obj
 0003:00001454       _p_listen                  00489454     winnet.obj
 0003:00001458       _p_send                    00489458     winnet.obj
 0003:0000145c       _p_shutdown                0048945c     winnet.obj
 0003:00001460       _p_ioctlsocket             00489460     winnet.obj
 0003:00001464       _p_accept                  00489464     winnet.obj
 0003:00001468       _p_getpeername             00489468     winnet.obj
 0003:0000146c       _p_recv                    0048946c     winnet.obj
 0003:00001470       _p_WSAIoctl                00489470     winnet.obj
 0003:00001474       _p_getaddrinfo             00489474     winnet.obj
 0003:00001478       _p_freeaddrinfo            00489478     winnet.obj
 0003:0000147c       _p_getnameinfo             0048947c     winnet.obj
 0003:00001480       _p_gai_strerror            00489480     winnet.obj
 0003:00001484       _p_WSAAddressToStringA     00489484     winnet.obj
 0003:00001488       _wsadata                   00489488     winnet.obj
 0003:00001618       _local_interfaces          00489618     winnet.obj
 0003:00001ad8       _n_local_interfaces        00489ad8     winnet.obj
 0003:00001adc       _wincrypt_module           00489adc     winnoise.obj
 0003:00001ae0       _p_CryptAcquireContextA    00489ae0     winnoise.obj
 0003:00001ae4       _p_CryptGenRandom          00489ae4     winnoise.obj
 0003:00001ae8       _p_CryptReleaseContext     00489ae8     winnoise.obj
 0003:00001aec       ?attempted@?1??got_advapi@@9@9 00489aec     winsecur.obj
 0003:00001aed       ?successful@?1??got_advapi@@9@9 00489aed     winsecur.obj
 0003:00001af0       _worldsid                  00489af0     winsecur.obj
 0003:00001af4       _networksid                00489af4     winsecur.obj
 0003:00001af8       _usersid                   00489af8     winsecur.obj
 0003:00001afc       ?advapi@?1??got_advapi@@9@9 00489afc     winsecur.obj
 0003:00001b00       _tried_shgetfolderpath     00489b00     winstore.obj
 0003:00001b04       _shell32_module            00489b04     winstore.obj
 0003:00001b08       _p_SHGetFolderPathA        00489b08     winstore.obj
 0003:00001b0c       ?c@?1??check_compose_internal@@9@9 00489b0c     winucs.obj
 0003:00001b10       ?buf@?1??cp_name@@9@9      00489b10     winucs.obj
 0003:00001b30       _GS_ExceptionRecord        00489b30     LIBCMT:gs_report.obj
 0003:00001b80       _GS_ContextRecord          00489b80     LIBCMT:gs_report.obj
 0003:00001e54       ?module_local_atexit_table@@3U_onexit_table_t@@A 00489e54     LIBCMT:utility.obj
 0003:00001e60       ?module_local_at_quick_exit_table@@3U_onexit_table_t@@A 00489e60     LIBCMT:utility.obj
 0003:00001e6c       ?is_initialized_as_dll@@3_NA 00489e6c     LIBCMT:utility.obj
 0003:00001e84       ?__vcrt_startup_thread_ptd@@3U__vcrt_ptd@@A 00489e84     libvcruntime:per_thread_data.obj
 0003:00001eac       ___vcrt_lock_table         00489eac     libvcruntime:locks.obj
 0003:00001ec4       ___vcrt_locks_initialized  00489ec4     libvcruntime:locks.obj
 0003:00001ec8       ?module_handles@@3PAPAUHINSTANCE__@@A 00489ec8     libvcruntime:winapi_downlevel.obj
 0003:00001ed8       ?encoded_function_pointers@@3PAPAXA 00489ed8     libvcruntime:winapi_downlevel.obj
 0003:00001f28       ?heap@@3V_HeapManager@@A   00489f28     libvcruntime:undname.obj
 0003:00001f48       _c_termination_complete    00489f48     libucrt:exit.obj
 0003:00001f4c       _thread_local_exit_callback_func 00489f4c     libucrt:exit.obj
 0003:00001f50       ?c_exit_complete@?5??common_exit@@YAXHW4_crt_exit_cleanup_mode@@W4_crt_exit_return_mode@@@Z@4_NA 00489f50     libucrt:exit.obj
 0003:00001f54       ?mbst@?1??mbrtowc@@9@4U_Mbstatet@@A 00489f54     libucrt:mbrtowc.obj
 0003:00001f5c       ___acrt_app_type           00489f5c     libucrt:report_runtime_error.obj
 0003:00001f60       _user_matherr              00489f60     libucrt:matherr.obj
 0003:00001f68       ?program_name@?5???$common_configure_argv@D@@YAHW4_crt_argv_mode@@@Z@4PADA 00489f68     libucrt:argv_parsing.obj
 0003:0000209c       ___acrt_global_new_mode    0048a09c     libucrt:new_mode.obj
 0003:000020bc       ___acrt_invalid_parameter_handler 0048a0bc     libucrt:invalid_parameter.obj
 0003:000020c0       ___acrt_error_mode         0048a0c0     libucrt:set_error_mode.obj
 0003:000020c4       _ctrlc_action              0048a0c4     libucrt:signal.obj
 0003:000020c8       _ctrlbreak_action          0048a0c8     libucrt:signal.obj
 0003:000020cc       _abort_action              0048a0cc     libucrt:signal.obj
 0003:000020d0       _term_action               0048a0d0     libucrt:signal.obj
 0003:000020d8       ___acrt_lock_table         0048a0d8     libucrt:locks.obj
 0003:00002210       ___acrt_locks_initialized  0048a210     libucrt:locks.obj
 0003:0000221c       _enable_percent_n          0048a21c     libucrt:printf_count_output.obj
 0003:00002428       _module_handles            0048a428     libucrt:winapi_thunks.obj
 0003:00002478       _encoded_function_pointers 0048a478     libucrt:winapi_thunks.obj
 0003:000024f8       ?static_enum_proc@?1??enum_system_locales_ex_nolock@@YAHQ6GHPA_WKJ@Z@Z@4P6GH0KJ@ZA 0048a4f8     libucrt:winapi_thunks.obj
 0003:000024fc       ?state_cache@?1??__acrt_is_packaged_app@@9@4JA 0048a4fc     libucrt:winapi_thunks.obj
 0003:00002518       _fSystemSet                0048a518     libucrt:mbctype.obj
 0003:0000251c       ?initialized@?1??__acrt_initialize_multibyte@@9@4_NA 0048a51c     libucrt:mbctype.obj
 0003:00002530       ___acrt_new_handler        0048a530     libucrt:new_handler.obj
 0003:00002540       __tzname                   0048a540     libucrt:timeset.obj
 0003:00002544       _last_tz                   0048a544     libucrt:tzset.obj
 0003:00002548       _tz_api_used               0048a548     libucrt:tzset.obj
 0003:00002550       _tz_info                   0048a550     libucrt:tzset.obj
 0003:000025fc       ?first_time@?1??__tzset@@9@4JA 0048a5fc     libucrt:tzset.obj
 0003:00002608       __pmatherr_set             0048a608     libucrt:libm_error.obj
 0004:00000000       __guard_fids____dcrt_uninitialize_environments_nolock 0048b000     libucrt:environment_initialization.obj
 0004:00000008       __guard_fids__             0048b008     libucrt:wsetlocale.obj
 0004:00000020       __guard_fids__             0048b020     libucrt:initialization.obj
 0004:00000080       __guard_fids_??$common_show_message_box@_W@@YAHQB_W0I@Z 0048b080     libucrt:crtmbox.obj
 0004:00000084       __guard_fids____acrt_initialize_ptd 0048b084     libucrt:per_thread_data.obj
 0004:00000088       __guard_fids__             0048b088     libucrt:stdio_initializer.obj
 0004:0000008c       __guard_fids__             0048b08c     libucrt:stdio_initializer.obj
 0004:00000090       __guard_fids_??$?RV<lambda_9227be29367c048ad7fd93a717dcb1a1>@@AAV<lambda_a463b7b0560cfcaf9b17f27c6ef46564>@@V<lambda_ccea11b5727ccf69be64f5f5d9a08d9f>@@@?$__crt_seh_guarded_call@H@@QAEH$$QAV<lambda_9227be29367c048ad7fd93a717dcb1a1>@@AAV<lambda_a463b7b0560cfcaf9b17f27c6ef46564>@@$$QAV<lambda_ccea11b5727ccf69be64f5f5d9a08d9f>@@@Z 0048b090     libucrt:winapi_thunks.obj
 0004:00000094       __guard_fids_??$expand_argument_wildcards@D@@YAHQAD0AAV?$argument_list@D@?A0xb0e4b824@@@Z 0048b094     libucrt:argv_wildcards.obj
 0004:00000098       __guard_fids__             0048b098     libucrt:locale_initializer.obj
 0004:0000009c       __guard_fids__GetLocaleNameFromLangCountry 0048b09c     libucrt:get_qualified_locale.obj
 0004:000000a0       __guard_fids__GetLocaleNameFromLanguage 0048b0a0     libucrt:get_qualified_locale.obj
 0004:000000a4       __guard_fids__GetLcidFromLangCountry 0048b0a4     libucrt:getqloc_downlevel.obj
 0004:000000a8       __guard_fids__GetLcidFromLanguage 0048b0a8     libucrt:getqloc_downlevel.obj
 0004:000000ac       __guard_fids__GetLcidFromCountry 0048b0ac     libucrt:getqloc_downlevel.obj
 0004:000000b0       __guard_fids__             0048b0b0     libucrt:multibyte_initializer.obj
 0004:000000b4       __guard_fids__             0048b0b4     libucrt:timeset_initializer.obj
 0004:000000b8       __guard_fids__             0048b0b8     libucrt:console_output_initializer.obj
 0004:000000bc       __guard_fids____libm_error_support 0048b0bc     libucrt:libm_error.obj
 0004:000000c0       __guard_fids__             0048b0c0     libucrt:sse2_initializer.obj
 0004:000000c4       __guard_fids__             0048b0c4     LIBCMT:exe_main.obj
 0004:000000c8       __guard_fids__             0048b0c8     LIBCMT:exe_main.obj
 0004:000000cc       __guard_fids__             0048b0cc     LIBCMT:exe_main.obj
 0004:000000d0       __guard_fids_?pre_c_initialization@@YAHXZ 0048b0d0     LIBCMT:exe_main.obj
 0004:000000d8       __guard_fids____scrt_set_unhandled_exception_filter 0048b0d8     LIBCMT:utility_desktop.obj
 0004:000000dc       __guard_fids__             0048b0dc     LIBCMT:guard_support.obj
 0004:000000e0       __guard_fids____vcrt_initialize_ptd 0048b0e0     libvcruntime:per_thread_data.obj
 0005:000001e0       $R000000                   0048c1e0     psftp.res
 0005:00000308       $R000128                   0048c308     psftp.res
 0005:000005f0       $R000410                   0048c5f0     psftp.res
 0005:00000c58       $R000A78                   0048cc58     psftp.res
 0005:00000d08       $R000B28                   0048cd08     psftp.res
 0005:00000e38       $R000C58                   0048ce38     psftp.res
 0005:00001168       $R000F88                   0048d168     psftp.res
 0005:000011c8       $R000FE8                   0048d1c8     psftp.res
