 puttytel

 Timestamp is 5fe829fd (Sun Dec 27 13:30:21 2020)

 Preferred load address is 00400000

 Start         Length     Name                   Class
 0001:00000000 0004fe6cH .text$mn                CODE
 0002:00000000 000004dcH .idata$5                DATA
 0002:000004dc 00000004H .00cfg                  DATA
 0002:000004e0 00000004H .CRT$XCA                DATA
 0002:000004e4 00000004H .CRT$XCAA               DATA
 0002:000004e8 00000004H .CRT$XCZ                DATA
 0002:000004ec 00000004H .CRT$XIA                DATA
 0002:000004f0 00000004H .CRT$XIAA               DATA
 0002:000004f4 00000004H .CRT$XIAC               DATA
 0002:000004f8 00000010H .CRT$XIC                DATA
 0002:00000508 00000004H .CRT$XIZ                DATA
 0002:0000050c 00000004H .CRT$XPA                DATA
 0002:00000510 00000008H .CRT$XPX                DATA
 0002:00000518 00000004H .CRT$XPXA               DATA
 0002:0000051c 00000004H .CRT$XPZ                DATA
 0002:00000520 00000004H .CRT$XTA                DATA
 0002:00000524 0000000cH .CRT$XTZ                DATA
 0002:00000530 000165f0H .rdata                  DATA
 0002:00016b1c 00000000H .rdata$r                DATA
 0002:00016b20 0000000cH .rdata$sxdata           DATA
 0002:00016b2c 000002b8H .rdata$zzzdbg           DATA
 0002:00016de4 00000004H .rtc$IAA                DATA
 0002:00016de8 00000004H .rtc$IZZ                DATA
 0002:00016dec 00000004H .rtc$TAA                DATA
 0002:00016df0 00000008H .rtc$TZZ                DATA
 0002:00016df8 0000050cH .xdata$x                DATA
 0002:00017304 00000000H .edata                  DATA
 0002:00017304 000000a0H .idata$2                DATA
 0002:000173a4 00000014H .idata$3                DATA
 0002:000173b8 000004dcH .idata$4                DATA
 0002:00017894 00001500H .idata$6                DATA
 0003:00000000 00000fc0H .data                   DATA
 0003:00000fb0 00000000H .data$r                 DATA
 0003:00000fc0 00004258H .bss                    DATA
 0004:00000000 00000094H .gfids$x                DATA
 0004:00000094 00000020H .gfids$y                DATA
 0005:00000000 00000450H .rsrc$01                DATA
 0005:00000450 00002ac0H .rsrc$02                DATA

  Address         Publics by Value              Rva+Base       Lib:Object

 0000:00000000       ___guard_longjmp_count     00000000     <absolute>
 0000:00000000       ___guard_iat_count         00000000     <absolute>
 0000:00000000       __except_list              00000000     <absolute>
 0000:00000000       ___guard_iat_table         00000000     <absolute>
 0000:00000000       ___guard_fids_count        00000000     <absolute>
 0000:00000000       ___guard_fids_table        00000000     <absolute>
 0000:00000000       ___guard_longjmp_table     00000000     <absolute>
 0000:00000000       ___dynamic_value_reloc_table 00000000     <absolute>
 0000:00000003       ___safe_se_handler_count   00000003     <absolute>
 0000:00000100       ___guard_flags             00000100     <absolute>
 0000:00000000       ___ImageBase               00400000     <linker-defined>
 0001:00000000       _backend_socket_log        00401000 f   be_misc.obj
 0001:00000164       _log_proxy_stderr          00401164 f   be_misc.obj
 0001:000002d9       _psb_init                  004012d9 f   be_misc.obj
 0001:000002e5       _delete_callbacks_for_context 004012e5 f   callback.obj
 0001:00000351       _queue_toplevel_callback   00401351 f   callback.obj
 0001:000003c1       _run_toplevel_callbacks    004013c1 f   callback.obj
 0001:0000040f       _toplevel_callback_pending 0040140f f   callback.obj
 0001:00000449       _cmdline_get_passwd_input  00401449 f   cmdline.obj
 0001:000004b6       _cmdline_host_ok           004014b6 f   cmdline.obj
 0001:000004fc       _cmdline_process_param     004014fc f   cmdline.obj
 0001:000018f0       _cmdline_run_saved         004028f0 f   cmdline.obj
 0001:00001a1e       _conf_copy                 00402a1e f   conf.obj
 0001:00001a36       _conf_copy_into            00402a36 f   conf.obj
 0001:00001b0d       _conf_del_str_str          00402b0d f   conf.obj
 0001:00001b8f       _conf_deserialise          00402b8f f   conf.obj
 0001:00001c9f       _conf_free                 00402c9f f   conf.obj
 0001:00001cbc       _conf_get_bool             00402cbc f   conf.obj
 0001:00001d3d       _conf_get_filename         00402d3d f   conf.obj
 0001:00001dbe       _conf_get_fontspec         00402dbe f   conf.obj
 0001:00001e3f       _conf_get_int              00402e3f f   conf.obj
 0001:00001ec0       _conf_get_int_int          00402ec0 f   conf.obj
 0001:00001f47       _conf_get_str              00402f47 f   conf.obj
 0001:00001fc8       _conf_get_str_nthstrkey    00402fc8 f   conf.obj
 0001:00002064       _conf_get_str_str          00403064 f   conf.obj
 0001:0000209a       _conf_get_str_str_opt      0040309a f   conf.obj
 0001:0000210f       _conf_get_str_strs         0040310f f   conf.obj
 0001:00002203       _conf_new                  00403203 f   conf.obj
 0001:00002224       _conf_serialise            00403224 f   conf.obj
 0001:00002302       _conf_set_bool             00403302 f   conf.obj
 0001:00002371       _conf_set_filename         00403371 f   conf.obj
 0001:000023e6       _conf_set_fontspec         004033e6 f   conf.obj
 0001:0000245b       _conf_set_int              0040345b f   conf.obj
 0001:000024ca       _conf_set_int_int          004034ca f   conf.obj
 0001:00002540       _conf_set_str              00403540 f   conf.obj
 0001:000025b5       _conf_set_str_str          004035b5 f   conf.obj
 0001:0000268e       ___local_stdio_printf_options 0040368e f i config.obj
 0001:00002694       __vsnprintf_l              00403694 f i config.obj
 0001:00002d15       _conf_checkbox_handler     00403d15 f   config.obj
 0001:00002d9b       _conf_editbox_handler      00403d9b f   config.obj
 0001:00002eec       _conf_filesel_handler      00403eec f   config.obj
 0001:00002f3d       _conf_fontsel_handler      00403f3d f   config.obj
 0001:00002f8e       _conf_radiobutton_bool_handler 00403f8e f   config.obj
 0001:0000303b       _conf_radiobutton_handler  0040403b f   config.obj
 0001:00003267       _config_protocolbuttons_handler 00404267 f   config.obj
 0001:000042f1       _setup_config_box          004052f1 f   config.obj
 0001:000075cc       _sprintf                   004085cc f i config.obj
 0001:00007901       _I                         00408901 f   dialog.obj
 0001:00007901       _P                         00408901 f   dialog.obj
 0001:00007906       _ctrl_alloc                00408906 f   dialog.obj
 0001:0000791c       _ctrl_alloc_with_free      0040891c f   dialog.obj
 0001:0000797b       _ctrl_checkbox             0040897b f   dialog.obj
 0001:000079b8       _ctrl_columns              004089b8 f   dialog.obj
 0001:00007a36       _ctrl_combobox             00408a36 f   dialog.obj
 0001:00007a8a       _ctrl_draglist             00408a8a f   dialog.obj
 0001:00007ae8       _ctrl_droplist             00408ae8 f   dialog.obj
 0001:00007b40       _ctrl_editbox              00408b40 f   dialog.obj
 0001:00007b8f       _ctrl_filesel              00408b8f f   dialog.obj
 0001:00007be4       _ctrl_find_path            00408be4 f   dialog.obj
 0001:00007c75       _ctrl_fontsel              00408c75 f   dialog.obj
 0001:00007cb2       _ctrl_free                 00408cb2 f   dialog.obj
 0001:00007d2b       _ctrl_free_box             00408d2b f   dialog.obj
 0001:00007d88       _ctrl_free_set             00408d88 f   dialog.obj
 0001:00007dd4       _ctrl_getset               00408dd4 f   dialog.obj
 0001:00007ec2       _ctrl_listbox              00408ec2 f   dialog.obj
 0001:00007f8c       _ctrl_new_box              00408f8c f   dialog.obj
 0001:00007fb2       _ctrl_path_compare         00408fb2 f   dialog.obj
 0001:00007ff3       _ctrl_path_elements        00408ff3 f   dialog.obj
 0001:00008017       _ctrl_pushbutton           00409017 f   dialog.obj
 0001:0000805a       _ctrl_radiobuttons         0040905a f   dialog.obj
 0001:00008139       _ctrl_settitle             00409139 f   dialog.obj
 0001:000081c7       _ctrl_tabdelay             004091c7 f   dialog.obj
 0001:000081e2       _ctrl_text                 004091e2 f   dialog.obj
 0001:00008223       _new_error_socket_fmt      00409223 f   errsock.obj
 0001:00008294       _ldisc_configure           00409294 f   ldisc.obj
 0001:000082db       _ldisc_create              004092db f   ldisc.obj
 0001:00008336       _ldisc_echoedit_update     00409336 f   ldisc.obj
 0001:00008394       _ldisc_free                00409394 f   ldisc.obj
 0001:000083cf       _ldisc_send                004093cf f   ldisc.obj
 0001:00008a3f       _log_init                  00409a3f f   logging.obj
 0001:00008a86       _log_reconfig              00409a86 f   logging.obj
 0001:00008b0f       _logevent                  00409b0f f   logging.obj
 0001:00008b92       _logevent_and_free         00409b92 f   logging.obj
 0001:00008be5       _logeventf                 00409be5 f   logging.obj
 0001:00008bfb       _logeventvf                00409bfb f   logging.obj
 0001:00008c16       _logfclose                 00409c16 f   logging.obj
 0001:00008c31       _logflush                  00409c31 f   logging.obj
 0001:00008c4a       _logfopen                  00409c4a f   logging.obj
 0001:00008f22       _logtraffic                00409f22 f   logging.obj
 0001:0000914d       _BinarySink_put_asciz      0040a14d f   marshal.obj
 0001:00009167       _BinarySink_put_bool       0040a167 f   marshal.obj
 0001:00009183       _BinarySink_put_byte       0040a183 f   marshal.obj
 0001:00009195       _BinarySink_put_data       0040a195 f   marshal.obj
 0001:000091a8       _BinarySink_put_datapl     0040a1a8 f   marshal.obj
 0001:000091bd       _BinarySink_put_pstring    0040a1bd f   marshal.obj
 0001:000091f2       _BinarySink_put_uint16     0040a1f2 f   marshal.obj
 0001:00009216       _BinarySink_put_uint32     0040a216 f   marshal.obj
 0001:0000926d       _BinarySource_get_asciz    0040a26d f   marshal.obj
 0001:000092b4       _BinarySource_get_bool     0040a2b4 f   marshal.obj
 0001:000092dc       _BinarySource_get_byte     0040a2dc f   marshal.obj
 0001:000092fc       _BinarySource_get_uint16   0040a2fc f   marshal.obj
 0001:0000932d       _BinarySource_get_uint32   0040a32d f   marshal.obj
 0001:00009371       _safefree                  0040a371 f   memory.obj
 0001:0000937d       _safegrowarray             0040a37d f   memory.obj
 0001:00009492       _safemalloc                0040a492 f   memory.obj
 0001:000094d0       _saferealloc               0040a4d0 f   memory.obj
 0001:0000a795       _do_bidi                   0040b795 f   minibidi.obj
 0001:0000addd       _do_shape                  0040bddd f   minibidi.obj
 0001:0000b116       _is_rtl                    0040c116 f   minibidi.obj
 0001:0000b153       _add_prompt                0040c153 f   misc.obj
 0001:0000b1a2       _buildinfo                 0040c1a2 f   misc.obj
 0001:0000b23c       _conf_dest                 0040c23c f   misc.obj
 0001:0000b260       _conf_launchable           0040c260 f   misc.obj
 0001:0000b28b       _free_prompts              0040c28b f   misc.obj
 0001:0000b2e2       _new_prompts               0040c2e2 f   misc.obj
 0001:0000b30f       _sk_address_is_special_local 0040c30f f   winnet.obj
 0001:0000b30f       _nullseat_get_windowid     0040c30f f   misc.obj
 0001:0000b312       _out_of_memory             0040c312 f   misc.obj
 0001:0000b31e       _prompt_get_result_ref     0040c31e f   misc.obj
 0001:0000b328       _prompt_set_result         0040c328 f   misc.obj
 0001:0000b356       _seat_connection_fatal     0040c356 f   misc.obj
 0001:0000b37d       _validate_manual_hostkey   0040c37d f   misc.obj
 0001:0000b533       _dup_mb_to_wc              0040c533 f   miscucs.obj
 0001:0000b552       _dup_mb_to_wc_c            0040c552 f   miscucs.obj
 0001:0000b5bf       _proxy_socks5_selectchap   0040c5bf f   nocproxy.obj
 0001:0000b5bf       _proxy_socks5_handlechap   0040c5bf f   nocproxy.obj
 0001:0000b5df       _pinger_free               0040c5df f   pinger.obj
 0001:0000b5ee       _pinger_new                0040c5ee f   pinger.obj
 0001:0000b621       _pinger_reconfig           0040c621 f   pinger.obj
 0001:0000b9cb       ___local_stdio_scanf_options 0040c9cb f i proxy.obj
 0001:0000b9d1       __vsscanf_l                0040c9d1 f i proxy.obj
 0001:0000ba2c       _format_telnet_command     0040ca2c f   proxy.obj
 0001:0000bd6e       _name_lookup               0040cd6e f   proxy.obj
 0001:0000be26       _new_connection            0040ce26 f   proxy.obj
 0001:0000c180       _proxy_activate            0040d180 f   proxy.obj
 0001:0000c45d       _proxy_http_negotiate      0040d45d f   proxy.obj
 0001:0000c87d       _proxy_socks4_negotiate    0040d87d f   proxy.obj
 0001:0000ca89       _proxy_socks5_negotiate    0040da89 f   proxy.obj
 0001:0000cff1       _proxy_telnet_negotiate    0040dff1 f   proxy.obj
 0001:0000d16d       _sscanf                    0040e16d f i proxy.obj
 0001:0000d8f0       _random_save_seed          0040e8f0 f   be_nos_s.obj
 0001:0000d8f0       ___except_validate_context_record 0040e8f0 f   libvcruntime:jbcxrval.obj
 0001:0000d8f0       ___except_validate_jump_buffer 0040e8f0 f   libvcruntime:jbcxrval.obj
 0001:0000d8f0       __initialize_denormal_control 0040e8f0 f   LIBCMT:denormal_control.obj
 0001:0000d8f0       _nullseat_echoedit_update  0040e8f0 f   misc.obj
 0001:0000d8f0       __initialize_invalid_parameter_handler 0040e8f0 f   LIBCMT:invalid_parameter_handler.obj
 0001:0000d8f0       _proxy_socks5_offerencryptedauth 0040e8f0 f   nocproxy.obj
 0001:0000d8f0       @_guard_check_icall_nop@4  0040e8f0 f   LIBCMT:guard_support.obj
 0001:0000d8f0       _noise_ultralight          0040e8f0 f   be_nos_s.obj
 0001:0000d9e4       _ser_setup_config_box      0040e9e4 f   sercfg.obj
 0001:0000de23       _prepare_session           0040ee23 f   sessprep.obj
 0001:0000deca       _backend_vt_from_name      0040eeca f   settings.obj
 0001:0000defd       _backend_vt_from_proto     0040eefd f   settings.obj
 0001:0000df23       _do_defaults               0040ef23 f   settings.obj
 0001:0000df28       _get_remote_username       0040ef28 f   settings.obj
 0001:0000df5a       _get_sesslist              0040ef5a f   settings.obj
 0001:0000e4ff       _load_open_settings        0040f4ff f   settings.obj
 0001:0000f6af       _load_settings             004106af f   settings.obj
 0001:0000f795       _save_open_settings        00410795 f   settings.obj
 0001:00010a55       _save_settings             00411a55 f   settings.obj
 0001:00010e03       _EnableSizeTip             00411e03 f   sizetip.obj
 0001:0001100f       _UpdateSizeTip             0041200f f   sizetip.obj
 0001:000112ad       _stripctrl_new_term_fn     004122ad f   stripctrl.obj
 0001:000143ba       _format_arrow_key          004153ba f   terminal.obj
 0001:0001441a       _format_function_key       0041541a f   terminal.obj
 0001:00014534       _format_numeric_keypad_key 00415534 f   terminal.obj
 0001:0001470e       _format_small_keypad_key   0041570e f   terminal.obj
 0001:00016c65       _term_clrsb                00417c65 f   terminal.obj
 0001:00016cea       _term_copy_stuff_from_conf 00417cea f   terminal.obj
 0001:0001708f       _term_copyall              0041808f f   terminal.obj
 0001:000170cd       _term_data                 004180cd f   terminal.obj
 0001:0001752c       _term_do_paste             0041852c f   terminal.obj
 0001:00017708       _term_get_ttymode          00418708 f   terminal.obj
 0001:00017773       _term_get_userpass_input   00418773 f   terminal.obj
 0001:00017a2d       _term_init                 00418a2d f   terminal.obj
 0001:00017d7a       _term_invalidate           00418d7a f   terminal.obj
 0001:00017dca       _term_keyinput             00418dca f   terminal.obj
 0001:00017e9a       _term_keyinputw            00418e9a f   terminal.obj
 0001:00017ed3       _term_lost_clipboard_ownership 00418ed3 f   terminal.obj
 0001:00017f0d       _term_mouse                00418f0d f   terminal.obj
 0001:0001854a       _term_nopaste              0041954a f   terminal.obj
 0001:0001afdf       _term_paint                0041bfdf f   terminal.obj
 0001:0001b292       _term_provide_backend      0041c292 f   terminal.obj
 0001:0001b2c6       _term_provide_logctx       0041c2c6 f   terminal.obj
 0001:0001b2d5       _term_pwron                0041c2d5 f   terminal.obj
 0001:0001b30b       _term_reconfig             0041c30b f   terminal.obj
 0001:0001b5fc       _term_request_copy         0041c5fc f   terminal.obj
 0001:0001b669       _term_request_paste        0041c669 f   terminal.obj
 0001:0001b7b5       _term_scroll               0041c7b5 f   terminal.obj
 0001:0001b7fe       _term_scroll_to_selection  0041c7fe f   terminal.obj
 0001:0001b85c       _term_seen_key_event       0041c85c f   terminal.obj
 0001:0001b898       _term_set_focus            0041c898 f   terminal.obj
 0001:0001b8ae       _term_set_trust_status     0041c8ae f   terminal.obj
 0001:0001b8bd       _term_size                 0041c8bd f   terminal.obj
 0001:0001beca       _term_translate            0041ceca f   terminal.obj
 0001:0001c1ae       _term_update               0041d1ae f   terminal.obj
 0001:0001c890       _expire_timer_context      0041d890 f   timing.obj
 0001:0001c8dd       _run_timers                0041d8dd f   timing.obj
 0001:0001c97b       _schedule_timer            0041d97b f   timing.obj
 0001:0001ca0e       _timing_last_clock         0041da0e f   timing.obj
 0001:0001ca14       _add234                    0041da14 f   tree234.obj
 0001:0001cf3a       _addpos234                 0041df3a f   tree234.obj
 0001:0001cf60       _count234                  0041df60 f   tree234.obj
 0001:0001cfb1       _del234                    0041dfb1 f   tree234.obj
 0001:0001cfe0       _delpos234                 0041dfe0 f   tree234.obj
 0001:0001d48f       _find234                   0041e48f f   tree234.obj
 0001:0001d4a8       _findrel234                0041e4a8 f   tree234.obj
 0001:0001d4c3       _findrelpos234             0041e4c3 f   tree234.obj
 0001:0001d5f9       _freetree234               0041e5f9 f   tree234.obj
 0001:0001d60f       _index234                  0041e60f f   tree234.obj
 0001:0001d689       _newtree234                0041e689 f   tree234.obj
 0001:0001d6a2       _search234_start           0041e6a2 f   tree234.obj
 0001:0001d6c2       _search234_step            0041e6c2 f   tree234.obj
 0001:0001d7a5       _base64_decode_atom        0041e7a5 f   utils.obj
 0001:0001d891       _base64_encode_atom        0041e891 f   utils.obj
 0001:0001d910       _bufchain_add              0041e910 f   utils.obj
 0001:0001d9b0       _bufchain_clear            0041e9b0 f   utils.obj
 0001:0001d9e2       _bufchain_consume          0041e9e2 f   utils.obj
 0001:0001da6c       _bufchain_fetch            0041ea6c f   utils.obj
 0001:0001dae0       _bufchain_fetch_consume    0041eae0 f   utils.obj
 0001:0001db01       _bufchain_init             0041eb01 f   utils.obj
 0001:0001db1a       _bufchain_prefix           0041eb1a f   utils.obj
 0001:0001db29       _bufchain_size             0041eb29 f   utils.obj
 0001:0001db31       _ctrlparse                 0041eb31 f   utils.obj
 0001:0001dbb7       _dupcat_fn                 0041ebb7 f   utils.obj
 0001:0001dc36       _dupprintf                 0041ec36 f   utils.obj
 0001:0001dc47       _dupstr                    0041ec47 f   utils.obj
 0001:0001dc76       _dupvprintf                0041ec76 f   utils.obj
 0001:0001dd0e       _encode_utf8               0041ed0e f   utils.obj
 0001:0001dd8c       _host_strchr               0041ed8c f   utils.obj
 0001:0001de04       _host_strcspn              0041ee04 f   utils.obj
 0001:0001de2a       _host_strduptrim           0041ee2a f   utils.obj
 0001:0001dea3       _host_strrchr              0041eea3 f   utils.obj
 0001:0001dec7       _ptrlen_endswith           0041eec7 f   utils.obj
 0001:0001df2f       _strbuf_append             0041ef2f f   utils.obj
 0001:0001df6f       _strbuf_catf               0041ef6f f   utils.obj
 0001:0001df85       _strbuf_catfv              0041ef85 f   utils.obj
 0001:0001dfba       _strbuf_free               0041efba f   utils.obj
 0001:0001dfe6       _strbuf_new                0041efe6 f   utils.obj
 0001:0001e036       _strbuf_new_nm             0041f036 f   utils.obj
 0001:0001e03f       _strbuf_shrink_by          0041f03f f   utils.obj
 0001:0001e074       _strbuf_shrink_to          0041f074 f   utils.obj
 0001:0001e0a6       _strbuf_to_str             0041f0a6 f   utils.obj
 0001:0001e0d8       _vsnprintf                 0041f0d8 f i utils.obj
 0001:0001e151       _mk_wcwidth                0041f151 f   wcwidth.obj
 0001:0001e1a8       _mk_wcwidth_cjk            0041f1a8 f   wcwidth.obj
 0001:0001e249       _win_setup_config_box      0041f249 f   wincfg.obj
 0001:0001ec39       _beginbox                  0041fc39 f   winctrls.obj
 0001:0001ec70       _button                    0041fc70 f   winctrls.obj
 0001:0001ecee       _checkbox                  0041fcee f   winctrls.obj
 0001:0001ed46       _combobox                  0041fd46 f   winctrls.obj
 0001:0001ede1       _ctlposinit                0041fde1 f   winctrls.obj
 0001:0001ee6d       _dlg_auto_set_fixed_pitch_flag 0041fe6d f   winctrls.obj
 0001:0001ef37       _dlg_beep                  0041ff37 f   winctrls.obj
 0001:0001ef40       _dlg_checkbox_get          0041ff40 f   winctrls.obj
 0001:0001ef8a       _dlg_checkbox_set          0041ff8a f   winctrls.obj
 0001:0001efd4       _dlg_coloursel_results     0041ffd4 f   winctrls.obj
 0001:0001f00e       _dlg_coloursel_start       0042000e f   winctrls.obj
 0001:0001f038       _dlg_editbox_get           00420038 f   winctrls.obj
 0001:0001f07f       _dlg_editbox_set           0042007f f   winctrls.obj
 0001:0001f0c9       _dlg_end                   004200c9 f   winctrls.obj
 0001:0001f0df       _dlg_error_msg             004200df f   winctrls.obj
 0001:0001f0f5       _dlg_filesel_get           004200f5 f   winctrls.obj
 0001:0001f14f       _dlg_filesel_set           0042014f f   winctrls.obj
 0001:0001f1cc       _dlg_fontsel_get           004201cc f   winctrls.obj
 0001:0001f20b       _dlg_fontsel_set           0042020b f   winctrls.obj
 0001:0001f2d3       _dlg_get_fixed_pitch_flag  004202d3 f   winctrls.obj
 0001:0001f2de       _dlg_is_visible            004202de f   winctrls.obj
 0001:0001f2f4       _dlg_label_change          004202f4 f   winctrls.obj
 0001:0001f39c       _dlg_last_focused          0042039c f   winctrls.obj
 0001:0001f3ad       _dlg_listbox_add           004203ad f   winctrls.obj
 0001:0001f41c       _dlg_listbox_addwithid     0042041c f   winctrls.obj
 0001:0001f4b6       _dlg_listbox_clear         004204b6 f   winctrls.obj
 0001:0001f522       _dlg_listbox_getid         00420522 f   winctrls.obj
 0001:0001f580       _dlg_listbox_index         00420580 f   winctrls.obj
 0001:0001f62b       _dlg_listbox_issel         0042062b f   winctrls.obj
 0001:0001f68e       _dlg_listbox_select        0042068e f   winctrls.obj
 0001:0001f6f2       _dlg_radiobutton_get       004206f2 f   winctrls.obj
 0001:0001f771       _dlg_radiobutton_set       00420771 f   winctrls.obj
 0001:0001f7c9       _dlg_refresh               004207c9 f   winctrls.obj
 0001:0001f837       _dlg_set_fixed_pitch_flag  00420837 f   winctrls.obj
 0001:0001f846       _dlg_set_focus             00420846 f   winctrls.obj
 0001:0001f8c4       _dlg_update_done           004208c4 f   winctrls.obj
 0001:0001f909       _dlg_update_start          00420909 f   winctrls.obj
 0001:0001f93a       _doctl                     0042093a f   winctrls.obj
 0001:0001fa0d       _dp_add_tree               00420a0d f   winctrls.obj
 0001:0001fa3f       _dp_cleanup                00420a3f f   winctrls.obj
 0001:0001fa58       _dp_init                   00420a58 f   winctrls.obj
 0001:0001fa96       _editboxfw                 00420a96 f   winctrls.obj
 0001:0001fb3d       _editbutton                00420b3d f   winctrls.obj
 0001:0001fc4f       _endbox                    00420c4f f   winctrls.obj
 0001:0001fcbe       _handle_prefslist          00420cbe f   winctrls.obj
 0001:0001feee       _init_common_controls      00420eee f   winctrls.obj
 0001:0001ff73       _listbox                   00420f73 f   winctrls.obj
 0001:0002003d       _paneltitle                0042103d f   winctrls.obj
 0001:00020094       _pl_itemfrompt             00421094 f   winctrls.obj
 0001:0002020a       _prefslist                 0042120a f   winctrls.obj
 0001:000205e9       _staticbtn                 004215e9 f   winctrls.obj
 0001:000206a6       _staticcombo               004216a6 f   winctrls.obj
 0001:00020771       _staticddl                 00421771 f   winctrls.obj
 0001:0002083c       _staticddlbig              0042183c f   winctrls.obj
 0001:000208e4       _staticedit                004218e4 f   winctrls.obj
 0001:000209d2       _staticpassedit            004219d2 f   winctrls.obj
 0001:000209f0       _statictext                004219f0 f   winctrls.obj
 0001:00020a4c       _staticwrap                00421a4c f   winctrls.obj
 0001:00020c00       _winctrl_add               00421c00 f   winctrls.obj
 0001:00020c5b       _winctrl_add_shortcuts     00421c5b f   winctrls.obj
 0001:00020cae       _winctrl_cleanup           00421cae f   winctrls.obj
 0001:00020d73       _winctrl_context_help      00421d73 f   winctrls.obj
 0001:00020dc2       _winctrl_findbyctrl        00421dc2 f   winctrls.obj
 0001:00020dda       _winctrl_findbyid          00421dda f   winctrls.obj
 0001:00020df4       _winctrl_findbyindex       00421df4 f   winctrls.obj
 0001:00020e07       _winctrl_handle_command    00421e07 f   winctrls.obj
 0001:0002175b       _winctrl_init              0042275b f   winctrls.obj
 0001:0002177e       _winctrl_layout            0042277e f   winctrls.obj
 0001:0002214e       _winctrl_rem_shortcuts     0042314e f   winctrls.obj
 0001:000221a1       _winctrl_remove            004231a1 f   winctrls.obj
 0001:00022211       _platform_default_b        00423211 f   windefs.obj
 0001:00022216       _platform_default_filename 00423216 f   windefs.obj
 0001:0002223d       _platform_default_fontspec 0042323d f   windefs.obj
 0001:0002226f       _platform_default_i        0042326f f   windefs.obj
 0001:00022274       _platform_default_s        00423274 f   windefs.obj
 0001:0002306f       _defuse_showwindow         0042406f f   windlg.obj
 0001:000230a2       _do_config                 004240a2 f   windlg.obj
 0001:00023189       _do_reconfig               00424189 f   windlg.obj
 0001:000232b2       _force_normal              004242b2 f   windlg.obj
 0001:00023357       _modal_about_box           00424357 f   windlg.obj
 0001:00023393       _show_help                 00424393 f   windlg.obj
 0001:000233a1       _showabout                 004243a1 f   windlg.obj
 0001:000233bb       _showeventlog              004243bb f   windlg.obj
 0001:00023491       _win_seat_confirm_weak_cached_hostkey 00424491 f   windlg.obj
 0001:000234ed       _win_seat_confirm_weak_crypto_primitive 004244ed f   windlg.obj
 0001:00023549       _win_seat_verify_ssh_host_key 00424549 f   windlg.obj
 0001:00024db2       _win_seat_get_ttymode      00425db2 f   window.obj
 0001:00024dc4       _win_seat_get_window_pixel_size 00425dc4 f   window.obj
 0001:00024ddf       _win_seat_stripctrl_new    00425ddf f   window.obj
 0001:00024e16       ___acrt_uninitialize_command_line 00425e16 f   libucrt:argv_data.obj
 0001:00024e16       __should_initialize_environment 00425e16 f   LIBCMT:env_mode.obj
 0001:000250c7       _InitMultipleMonitorStubs  004260c7 f   window.obj
 0001:000251b1       _IsPlatformNT              004261b1 f   window.obj
 0001:00025eb7       _WinMain@16                00426eb7 f   window.obj
 0001:000289db       _cleanup_exit              004299db f   window.obj
 0001:00028cc7       _cmdline_error             00429cc7 f   window.obj
 0001:00028d15       _cmpCOLORREF               00429d15 f   window.obj
 0001:00028eb9       _do_select                 00429eb9 f   window.obj
 0001:0002a825       _modalfatalbox             0042b825 f   window.obj
 0001:0002a87d       _nonfatal                  0042b87d f   window.obj
 0001:0002b3af       _timer_change_notify       0042c3af f   window.obj
 0001:0002b584       _write_aclip               0042c584 f   window.obj
 0001:0002b63a       _xGetMonitorInfo@8         0042c63a f   window.obj
 0001:0002b6eb       _xMonitorFromPoint@12      0042c6eb f   window.obj
 0001:0002b741       _xMonitorFromRect@8        0042c741 f   window.obj
 0001:0002b78d       _xMonitorFromWindow@8      0042c78d f   window.obj
 0001:0002b87d       _handle_free               0042c87d f   winhandl.obj
 0001:0002b8d8       _handle_get_events         0042c8d8 f   winhandl.obj
 0001:0002b93b       _handle_get_privdata       0042c93b f   winhandl.obj
 0001:0002b943       _handle_got_event          0042c943 f   winhandl.obj
 0001:0002ba62       _handle_input_new          0042ca62 f   winhandl.obj
 0001:0002bc7b       _handle_output_new         0042cc7b f   winhandl.obj
 0001:0002bec5       _handle_unthrottle         0042cec5 f   winhandl.obj
 0001:0002bef7       _handle_write              0042cef7 f   winhandl.obj
 0001:0002bf59       _handle_write_eof          0042cf59 f   winhandl.obj
 0001:0002bff4       _has_embedded_chm          0042cff4 f   winhelp.obj
 0001:0002c02b       _has_help                  0042d02b f   winhelp.obj
 0001:0002c044       _init_help                 0042d044 f   winhelp.obj
 0001:0002c0c4       _launch_help               0042d0c4 f   winhelp.obj
 0001:0002c2b4       _quit_help                 0042d2b4 f   winhelp.obj
 0001:0002c2e4       _shutdown_help             0042d2e4 f   winhelp.obj
 0001:0002c69c       _make_handle_socket        0042d69c f   winhsock.obj
 0001:0002c747       _add_session_to_jumplist   0042d747 f   winjump.obj
 0001:0002c774       _clear_jumplist            0042d774 f   winjump.obj
 0001:0002c9e6       _remove_session_from_jumplist 0042d9e6 f   winjump.obj
 0001:0002ca13       _set_explicit_app_user_model_id 0042da13 f   winjump.obj
 0001:0002cde1       _dll_hijacking_protection  0042dde1 f   winmisc.obj
 0001:0002ce47       _escape_registry_key       0042de47 f   winmisc.obj
 0001:0002ced2       _filename_char_sanitise    0042ded2 f   winmisc.obj
 0001:0002cef6       _filename_copy             0042def6 f   winmisc.obj
 0001:0002cf03       _filename_deserialise      0042df03 f   winmisc.obj
 0001:0002cf18       _filename_equal            0042df18 f   winmisc.obj
 0001:0002cf31       _filename_from_str         0042df31 f   winmisc.obj
 0001:0002cf51       _filename_serialise        0042df51 f   winmisc.obj
 0001:0002cf66       _filename_to_str           0042df66 f   winmisc.obj
 0001:0002cf6d       _fontspec_copy             0042df6d f   winmisc.obj
 0001:0002cf87       _fontspec_deserialise      0042df87 f   winmisc.obj
 0001:0002cfce       _filename_free             0042dfce f   winmisc.obj
 0001:0002cfce       _fontspec_free             0042dfce f   winmisc.obj
 0001:0002cfe4       _fontspec_new              0042dfe4 f   winmisc.obj
 0001:0002d019       _fontspec_serialise        0042e019 f   winmisc.obj
 0001:0002d056       _get_username              0042e056 f   winmisc.obj
 0001:0002d150       _init_winver               0042e150 f   winmisc.obj
 0001:0002d209       _load_system32_dll         0042e209 f   winmisc.obj
 0001:0002d282       _open_for_write_would_lose_data 0042e282 f   winmisc.obj
 0001:0002d2cd       _registry_get_string       0042e2cd f   winmisc.obj
 0001:0002d383       _unescape_registry_key     0042e383 f   winmisc.obj
 0001:0002d3fb       _win_strerror              0042e3fb f   winmisc.obj
 0001:0002d50c       _smemclr                   0042e50c f   winmiscs.obj
 0001:0002d802       _IN6_IS_ADDR_LOOPBACK      0042e802 f i winnet.obj
 0001:0002d924       _select_result             0042e924 f   winnet.obj
 0001:0002dcd5       _sk_addr_error             0042ecd5 f   winnet.obj
 0001:0002dcdd       _sk_addr_free              0042ecdd f   winnet.obj
 0001:0002dd15       _sk_addr_needs_port        0042ed15 f   winnet.obj
 0001:0002dd21       _sk_addrcopy               0042ed21 f   winnet.obj
 0001:0002dde2       _sk_address_is_local       0042ede2 f   winnet.obj
 0001:0002de84       _sk_addrtype               0042ee84 f   winnet.obj
 0001:0002deb7       _sk_cleanup                0042eeb7 f   winnet.obj
 0001:0002df6e       _sk_getaddr                0042ef6e f   winnet.obj
 0001:0002e039       _sk_hostname_is_local      0042f039 f   winnet.obj
 0001:0002e07f       _sk_init                   0042f07f f   winnet.obj
 0001:0002e592       _sk_namelookup             0042f592 f   winnet.obj
 0001:0002e8c7       _sk_new                    0042f8c7 f   winnet.obj
 0001:0002e98c       _sk_nonamelookup           0042f98c f   winnet.obj
 0001:0002ea44       _socket_reselect_all       0042fa44 f   winnet.obj
 0001:0002ee16       _try_send                  0042fe16 f   winnet.obj
 0001:0002ef00       _winsock_error_string      0042ff00 f   winnet.obj
 0001:0002f29f       _printer_finish_enum       0043029f f   winprint.obj
 0001:0002f2c7       _printer_finish_job        004302c7 f   winprint.obj
 0001:0002f2f1       _printer_get_name          004302f1 f   winprint.obj
 0001:0002f324       _printer_job_data          00430324 f   winprint.obj
 0001:0002f342       _printer_start_enum        00430342 f   winprint.obj
 0001:0002f3d2       _printer_start_job         004303d2 f   winprint.obj
 0001:0002f457       _platform_new_connection   00430457 f   winproxy.obj
 0001:0002f66d       _get_user_sid              0043066d f   winsecur.obj
 0001:0002f78c       _getsids                   0043078c f   winsecur.obj
 0001:0002f872       _got_advapi                00430872 f   winsecur.obj
 0001:0002fa7c       _restrict_process_acl      00430a7c f   winsecur.obj
 0001:0002fc90       __get_startup_thread_locale_mode 00430c90 f   LIBCMT:thread_locale.obj
 0001:0002fc90       __get_startup_commit_mode  00430c90 f   LIBCMT:commit_mode.obj
 0001:0002fc90       __matherr                  00430c90 f   LIBCMT:matherr.obj
 0001:0002fc90       _nullseat_get_x_display    00430c90 f   misc.obj
 0001:0002fc90       __get_startup_new_mode     00430c90 f   LIBCMT:new_mode.obj
 0001:0002fc90       ___scrt_initialize_winrt   00430c90 f   LIBCMT:utility_desktop.obj
 0001:000301f7       _add_to_jumplist_registry  004311f7 f   winstore.obj
 0001:0003020a       _cleanup_all               0043120a f   winstore.obj
 0001:000302e4       _close_settings_r          004312e4 f   winstore.obj
 0001:000302fe       _del_settings              004312fe f   winstore.obj
 0001:00030356       _enum_settings_finish      00431356 f   winstore.obj
 0001:00030356       _close_settings_w          00431356 f   winstore.obj
 0001:0003036c       _enum_settings_next        0043136c f   winstore.obj
 0001:000303f7       _enum_settings_start       004313f7 f   winstore.obj
 0001:00030436       _get_jumplist_registry_entries 00431436 f   winstore.obj
 0001:0003048f       _open_settings_r           0043148f f   winstore.obj
 0001:00030521       _open_settings_w           00431521 f   winstore.obj
 0001:000305da       _read_setting_filename     004315da f   winstore.obj
 0001:0003060a       _read_setting_fontspec     0043160a f   winstore.obj
 0001:000306f0       _read_setting_i            004316f0 f   winstore.obj
 0001:00030735       _read_setting_s            00431735 f   winstore.obj
 0001:0003085d       _remove_from_jumplist_registry 0043185d f   winstore.obj
 0001:0003086e       _store_host_key            0043186e f   winstore.obj
 0001:00030b88       _verify_host_key           00431b88 f   winstore.obj
 0001:00030dc0       _write_setting_filename    00431dc0 f   winstore.obj
 0001:00030dd7       _write_setting_fontspec    00431dd7 f   winstore.obj
 0001:00030e67       _write_setting_i           00431e67 f   winstore.obj
 0001:00030e87       _write_setting_s           00431e87 f   winstore.obj
 0001:00030eb2       _ltime                     00431eb2 f   wintime.obj
 0001:00030f39       _check_compose             00431f39 f   winucs.obj
 0001:00030f4c       _check_compose_internal    00431f4c f   winucs.obj
 0001:00030fee       _cp_enumerate              00431fee f   winucs.obj
 0001:00031008       _cp_name                   00432008 f   winucs.obj
 0001:000310a9       _decode_codepage           004320a9 f   winucs.obj
 0001:000312e6       _get_unitab                004322e6 f   winucs.obj
 0001:000313d7       _init_ucs                  004323d7 f   winucs.obj
 0001:0003184d       _is_dbcs_leadbyte          0043284d f   winucs.obj
 0001:000318b4       _mb_to_wc                  004328b4 f   winucs.obj
 0001:000318d1       _wc_to_mb                  004328d1 f   winucs.obj
 0001:00031a6b       _xlat_uskbd2cyrllic        00432a6b f   winucs.obj
 0001:00031a7b       _GetDlgItemText_alloc      00432a7b f   winutils.obj
 0001:00031acd       _message_box               00432acd f   winutils.obj
 0001:00031b84       _pgp_fingerprints          00432b84 f   winutils.obj
 0001:00031b9b       _request_file              00432b9b f   winutils.obj
 0001:00031c4f       _split_into_argv           00432c4f f   winutils.obj
 0001:00031e98       _ImmGetContext@4           00432e98 f   imm32:IMM32.dll
 0001:00031e9e       _ImmReleaseContext@8       00432e9e f   imm32:IMM32.dll
 0001:00031ea4       _ImmGetCompositionStringW@16 00432ea4 f   imm32:IMM32.dll
 0001:00031eaa       _ImmSetCompositionFontA@8  00432eaa f   imm32:IMM32.dll
 0001:00031eb0       _ImmSetCompositionWindow@8 00432eb0 f   imm32:IMM32.dll
 0001:00031eb6       @__security_check_cookie@4 00432eb6 f   LIBCMT:_secchk_.obj
 0001:00031ed0       __alloca_probe             00432ed0 f   LIBCMT:chkstk.obj
 0001:00031ed0       __chkstk                   00432ed0 f   LIBCMT:chkstk.obj
 0001:00031efd       ___raise_securityfailure   00432efd f   LIBCMT:gs_report.obj
 0001:00031f25       ___report_gsfailure        00432f25 f   LIBCMT:gs_report.obj
 0001:00032020       ___report_rangecheckfailure 00433020 f   LIBCMT:gs_report.obj
 0001:0003202c       ___report_securityfailure  0043302c f   LIBCMT:gs_report.obj
 0001:00032322       _WinMainCRTStartup         00433322 f   LIBCMT:exe_winmain.obj
 0001:00032370       ___scrt_acquire_startup_lock 00433370 f   LIBCMT:utility.obj
 0001:000323a5       ___scrt_initialize_crt     004333a5 f   LIBCMT:utility.obj
 0001:000323de       ___scrt_initialize_onexit_tables 004333de f   LIBCMT:utility.obj
 0001:00032475       ___scrt_is_nonwritable_in_current_image 00433475 f   LIBCMT:utility.obj
 0001:000324ff       ___scrt_release_startup_lock 004334ff f   LIBCMT:utility.obj
 0001:0003251c       ___scrt_uninitialize_crt   0043351c f   LIBCMT:utility.obj
 0001:00032544       __onexit                   00433544 f   LIBCMT:utility.obj
 0001:0003257f       _atexit                    0043357f f   LIBCMT:utility.obj
 0001:00032594       ___security_init_cookie    00433594 f   LIBCMT:gs_support.obj
 0001:00032630       __get_startup_argv_mode    00433630 f   LIBCMT:argv_mode.obj
 0001:00032634       __get_startup_file_mode    00433634 f   LIBCMT:file_mode.obj
 0001:0003263a       ?__scrt_initialize_type_info@@YAXXZ 0043363a f   LIBCMT:tncleanup.obj
 0001:00032646       __initialize_default_precision 00433646 f   LIBCMT:default_precision.obj
 0001:00032667       ___scrt_initialize_default_local_stdio_options 00433667 f   LIBCMT:default_local_stdio_options.obj
 0001:00032684       ___scrt_is_user_matherr_present 00433684 f   LIBCMT:matherr_detection.obj
 0001:00032690       ___scrt_get_dyn_tls_init_callback 00433690 f   LIBCMT:dyn_tls_init.obj
 0001:00032696       ___scrt_get_dyn_tls_dtor_callback 00433696 f   LIBCMT:dyn_tls_dtor.obj
 0001:0003269c       ___scrt_fastfail           0043369c f   LIBCMT:utility_desktop.obj
 0001:000327b7       ___scrt_get_show_window_mode 004337b7 f   LIBCMT:utility_desktop.obj
 0001:000327ea       ___scrt_is_managed_app     004337ea f   LIBCMT:utility_desktop.obj
 0001:0003282e       ___scrt_set_unhandled_exception_filter 0043382e f   LIBCMT:utility_desktop.obj
 0001:0003283a       ___scrt_unhandled_exception_filter@4 0043383a f   LIBCMT:utility_desktop.obj
 0001:0003287b       __crt_debugger_hook        0043387b f   LIBCMT:utility_desktop.obj
 0001:00032883       __RTC_Initialize           00433883 f   LIBCMT:_initsect_.obj
 0001:000328ae       __RTC_Terminate            004338ae f   LIBCMT:_initsect_.obj
 0001:000328d9       @_guard_check_icall@4      004338d9 f i LIBCMT:checkcfg.obj
 0001:000328e0       __SEH_prolog4              004338e0 f   LIBCMT:_sehprolg4_.obj
 0001:00032926       __SEH_epilog4              00433926 f   LIBCMT:_sehprolg4_.obj
 0001:0003293b       ___isa_available_init      0043393b f   LIBCMT:_cpu_disp_.obj
 0001:00032ad5       ___scrt_is_ucrt_dll_in_use 00433ad5 f   LIBCMT:ucrt_detection.obj
 0001:00032ae2       _IsProcessorFeaturePresent@4 00433ae2 f   kernel32:KERNEL32.dll
 0001:00032af0       _memchr                    00433af0 f   libvcruntime:memchr.obj
 0001:00032ba0       _memcpy                    00433ba0 f   libvcruntime:memcpy.obj
 0001:00033120       _memmove                   00434120 f   libvcruntime:memmove.obj
 0001:000336a0       _strchr                    004346a0 f   libvcruntime:strchr.obj
 0001:0003370e       ___from_strstr_to_strchr   0043470e     libvcruntime:strchr.obj
 0001:000337d0       _strrchr                   004347d0 f   libvcruntime:strrchr.obj
 0001:00033910       _memset                    00434910 f   libvcruntime:memset.obj
 0001:00033a6a       _memcmp                    00434a6a f   libvcruntime:_memcmp_.obj
 0001:00035230       __except_handler4          00436230 f   libvcruntime:_chandler4_.obj
 0001:00035396       ___vcrt_initialize         00436396 f   libvcruntime:initialization.obj
 0001:000353bf       ___vcrt_uninitialize       004363bf f   libvcruntime:initialization.obj
 0001:000353e0       __local_unwind4            004363e0 f   libvcruntime:_exsup4_.obj
 0001:000354b6       __seh_longjmp_unwind4@4    004364b6 f   libvcruntime:_exsup4_.obj
 0001:000354de       @_EH4_CallFilterFunc@8     004364de f   libvcruntime:_exsup4_.obj
 0001:000354f5       @_EH4_TransferToHandler@8  004364f5 f   libvcruntime:_exsup4_.obj
 0001:0003550e       @_EH4_GlobalUnwind2@8      0043650e f   libvcruntime:_exsup4_.obj
 0001:00035527       @_EH4_LocalUnwind@16       00436527 f   libvcruntime:_exsup4_.obj
 0001:0003553e       ___vcrt_freefls@4          0043653e f   libvcruntime:per_thread_data.obj
 0001:0003555a       ___vcrt_initialize_ptd     0043655a f   libvcruntime:per_thread_data.obj
 0001:0003558d       ___vcrt_uninitialize_ptd   0043658d f   libvcruntime:per_thread_data.obj
 0001:000355a8       ___vcrt_initialize_locks   004365a8 f   libvcruntime:locks.obj
 0001:000355e4       ___vcrt_uninitialize_locks 004365e4 f   libvcruntime:locks.obj
 0001:00035613       ??$__crt_fast_encode_pointer@PAX@@YAPAXQAX@Z 00436613 f i libvcruntime:winapi_downlevel.obj
 0001:00035613       ??$__crt_fast_encode_pointer@PAP6AXXZ@@YAPAP6AXXZQAP6AXXZ@Z 00436613 f i LIBCMT:utility.obj
 0001:00035751       ___vcrt_FlsAlloc           00436751 f   libvcruntime:winapi_downlevel.obj
 0001:0003578b       ___vcrt_FlsFree            0043678b f   libvcruntime:winapi_downlevel.obj
 0001:000357c5       ___vcrt_FlsSetValue        004367c5 f   libvcruntime:winapi_downlevel.obj
 0001:00035802       ___vcrt_InitializeCriticalSectionEx 00436802 f   libvcruntime:winapi_downlevel.obj
 0001:00035848       ___vcrt_initialize_winapi_thunks 00436848 f   libvcruntime:winapi_downlevel.obj
 0001:00035882       ___vcrt_uninitialize_winapi_thunks 00436882 f   libvcruntime:winapi_downlevel.obj
 0001:000358b4       ___vcrt_initialize_pure_virtual_call_handler 004368b4 f   libvcruntime:purevirt_data.obj
 0001:000358e0       __global_unwind2           004368e0 f   libvcruntime:_exsup_.obj
 0001:00035945       __local_unwind2            00436945 f   libvcruntime:_exsup_.obj
 0001:000359c9       __abnormal_termination     004369c9 f   libvcruntime:_exsup_.obj
 0001:000359ec       __NLG_Notify1              004369ec f   libvcruntime:_exsup_.obj
 0001:000359f5       __NLG_Notify               004369f5 f   libvcruntime:_exsup_.obj
 0001:00035a0c       __NLG_Dispatch             00436a0c     libvcruntime:_exsup_.obj
 0001:00035a0c       __NLG_Dispatch2            00436a0c     libvcruntime:_exsup_.obj
 0001:00035a14       __NLG_Call                 00436a14 f   libvcruntime:_exsup_.obj
 0001:00035a16       __NLG_Return2              00436a16     libvcruntime:_exsup_.obj
 0001:0003607b       ??$ftprintf@PAU_iobuf@@PB_WABQB_WABQB_WABI@?$__crt_char_traits@_W@@SAH$$QAPAU_iobuf@@$$QAPB_WABQB_W2ABI@Z 0043707b f i libucrt:assert.obj
 0001:0003615a       __vfwprintf_l              0043715a f i libucrt:assert.obj
 0001:0003617f       __vswprintf_c_l            0043717f f i libucrt:assert.obj
 0001:000361ae       __wassert                  004371ae f   libucrt:assert.obj
 0001:000361f6       _fwprintf                  004371f6 f i libucrt:assert.obj
 0001:00036211       _swprintf                  00437211 f i libucrt:assert.obj
 0001:00036230       _strlen                    00437230 f   libucrt:strlen.obj
 0001:000362bb       __fclose_nolock            004372bb f   libucrt:fclose.obj
 0001:00036331       _fclose                    00437331 f   libucrt:fclose.obj
 0001:00036472       _fopen                     00437472 f   libucrt:fopen.obj
 0001:00036489       __fread_nolock_s           00437489 f   libucrt:fread.obj
 0001:00036655       _fread                     00437655 f   libucrt:fread.obj
 0001:00036672       _fread_s                   00437672 f   libucrt:fread.obj
 0001:00036705       ??$is_overflow_condition@K@__crt_strtox@@YA_NIK@Z 00437705 f i libucrt:atox.obj
 0001:00036738       ??$is_overflow_condition@_K@__crt_strtox@@YA_NI_K@Z 00437738 f i libucrt:atox.obj
 0001:0003677b       ??$parse_integer@KV?$c_string_character_source@D@__crt_strtox@@@__crt_strtox@@YAKQAU__crt_locale_pointers@@V?$c_string_character_source@D@0@H_N@Z 0043777b f i libucrt:atox.obj
 0001:000369a3       ??$parse_integer@KV?$c_string_character_source@_W@__crt_strtox@@@__crt_strtox@@YAKQAU__crt_locale_pointers@@V?$c_string_character_source@_W@0@H_N@Z 004379a3 f i libucrt:atox.obj
 0001:00037088       ??$parse_integer@_KV?$c_string_character_source@D@__crt_strtox@@@__crt_strtox@@YA_KQAU__crt_locale_pointers@@V?$c_string_character_source@D@0@H_N@Z 00438088 f i libucrt:atox.obj
 0001:0003732e       ??0_LocaleUpdate@@QAE@QAU__crt_locale_pointers@@@Z 0043832e f i libucrt:atox.obj
 0001:000373b1       ?unget@?$c_string_character_source@D@__crt_strtox@@QAEXD@Z 004383b1 f i libucrt:atox.obj
 0001:000373d9       ?unget@?$c_string_character_source@_W@__crt_strtox@@QAEX_W@Z 004383d9 f i libucrt:atox.obj
 0001:00037405       __chvalidchk_l             00438405 f i libucrt:atox.obj
 0001:0003742f       __ischartype_l             0043842f f i libucrt:atox.obj
 0001:00037462       _atol                      00438462 f   libucrt:atox.obj
 0001:00037462       _atoi                      00438462 f   libucrt:atox.obj
 0001:00037490       _strcmp                    00438490 f   libucrt:strcmp.obj
 0001:00037520       _strncmp                   00438520 f   libucrt:strncmp.obj
 0001:000375a0       _strspn                    004385a0 f   libucrt:strspn.obj
 0001:000375e6       ??$assemble_floating_point_ind@N@__crt_strtox@@YAXAAN@Z 004385e6 f i libucrt:atof.obj
 0001:00037615       ??$assemble_floating_point_infinity@N@__crt_strtox@@YAX_NAAN@Z 00438615 f i libucrt:atof.obj
 0001:00037654       ??$assemble_floating_point_qnan@N@__crt_strtox@@YAX_NAAN@Z 00438654 f i libucrt:atof.obj
 0001:00037693       ??$assemble_floating_point_snan@N@__crt_strtox@@YAX_NAAN@Z 00438693 f i libucrt:atof.obj
 0001:000376d7       ??$assemble_floating_point_value_t@M@__crt_strtox@@YA?AW4SLD_STATUS@@_NH_KAAM@Z 004386d7 f i libucrt:atof.obj
 0001:00037707       ??$assemble_floating_point_value_t@N@__crt_strtox@@YA?AW4SLD_STATUS@@_NH_KAAN@Z 00438707 f i libucrt:atof.obj
 0001:00037766       ??$assemble_floating_point_zero@N@__crt_strtox@@YAX_NAAN@Z 00438766 f i libucrt:atof.obj
 0001:00037810       ??$convert_decimal_string_to_floating_type@M@__crt_strtox@@YA?AW4SLD_STATUS@@ABUfloating_point_string@0@AAM@Z 00438810 f i libucrt:atof.obj
 0001:00037833       ??$convert_decimal_string_to_floating_type@N@__crt_strtox@@YA?AW4SLD_STATUS@@ABUfloating_point_string@0@AAN@Z 00438833 f i libucrt:atof.obj
 0001:00037856       ??$convert_hexadecimal_string_to_floating_type@M@__crt_strtox@@YA?AW4SLD_STATUS@@ABUfloating_point_string@0@AAM@Z 00438856 f i libucrt:atof.obj
 0001:00037879       ??$convert_hexadecimal_string_to_floating_type@N@__crt_strtox@@YA?AW4SLD_STATUS@@ABUfloating_point_string@0@AAN@Z 00438879 f i libucrt:atof.obj
 0001:0003789c       ??$parse_floating_point@V?$c_string_character_source@D@__crt_strtox@@N@__crt_strtox@@YA?AW4SLD_STATUS@@QAU__crt_locale_pointers@@V?$c_string_character_source@D@0@QAN@Z 0043889c f i libucrt:atof.obj
 0001:00037912       ??$parse_floating_point_from_source@V?$c_string_character_source@D@__crt_strtox@@@__crt_strtox@@YA?AW4floating_point_parse_result@0@QAU__crt_locale_pointers@@AAV?$c_string_character_source@D@0@AAUfloating_point_string@0@@Z 00438912 f i libucrt:atof.obj
 0001:00037d04       ??$parse_floating_point_possible_infinity@DV?$c_string_character_source@D@__crt_strtox@@PBD@__crt_strtox@@YA?AW4floating_point_parse_result@0@AADAAV?$c_string_character_source@D@0@PBD@Z 00438d04 f i libucrt:atof.obj
 0001:00037db1       ??$parse_floating_point_possible_nan@DV?$c_string_character_source@D@__crt_strtox@@PBD@__crt_strtox@@YA?AW4floating_point_parse_result@0@AADAAV?$c_string_character_source@D@0@PBD@Z 00438db1 f i libucrt:atof.obj
 0001:00037ecc       ??$parse_floating_point_possible_nan_is_ind@DV?$c_string_character_source@D@__crt_strtox@@@__crt_strtox@@YA_NAADAAV?$c_string_character_source@D@0@@Z 00438ecc f i libucrt:atof.obj
 0001:00037f08       ??$parse_floating_point_possible_nan_is_snan@DV?$c_string_character_source@D@__crt_strtox@@@__crt_strtox@@YA_NAADAAV?$c_string_character_source@D@0@@Z 00438f08 f i libucrt:atof.obj
 0001:00037f44       ??$parse_floating_point_write_result@M@__crt_strtox@@YA?AW4SLD_STATUS@@W4floating_point_parse_result@0@ABUfloating_point_string@0@QAM@Z 00438f44 f i libucrt:atof.obj
 0001:00038054       ??$parse_floating_point_write_result@N@__crt_strtox@@YA?AW4SLD_STATUS@@W4floating_point_parse_result@0@ABUfloating_point_string@0@QAN@Z 00439054 f i libucrt:atof.obj
 0001:0003817e       ?as_double@floating_point_value@__crt_strtox@@QBEAANXZ 0043917e f i libucrt:atof.obj
 0001:000381a3       ?as_float@floating_point_value@__crt_strtox@@QBEAAMXZ 004391a3 f i libucrt:atof.obj
 0001:000381c8       ?assemble_floating_point_infinity@__crt_strtox@@YAX_NABVfloating_point_value@1@@Z 004391c8 f i libucrt:atof.obj
 0001:00038202       ?assemble_floating_point_value@__crt_strtox@@YA?AW4SLD_STATUS@@_KH_N1ABVfloating_point_value@1@@Z 00439202 f i libucrt:atof.obj
 0001:0003854e       ?assemble_floating_point_value_from_big_integer@__crt_strtox@@YA?AW4SLD_STATUS@@ABUbig_integer@1@I_N1ABVfloating_point_value@1@@Z 0043954e f i libucrt:atof.obj
 0001:000386dc       ?assemble_floating_point_zero@__crt_strtox@@YAX_NABVfloating_point_value@1@@Z 004396dc f i libucrt:atof.obj
 0001:00038710       ?convert_decimal_string_to_floating_type_common@__crt_strtox@@YA?AW4SLD_STATUS@@ABUfloating_point_string@1@ABVfloating_point_value@1@@Z 00439710 f i libucrt:atof.obj
 0001:0003a4d3       ?convert_hexadecimal_string_to_floating_type_common@__crt_strtox@@YA?AW4SLD_STATUS@@ABUfloating_point_string@1@ABVfloating_point_value@1@@Z 0043b4d3 f i libucrt:atof.obj
 0001:0003a57f       ?denormal_mantissa_mask@floating_point_value@__crt_strtox@@QBE_KXZ 0043b57f f i libucrt:atof.obj
 0001:0003a5a0       ?divide@__crt_strtox@@YA_KAAUbig_integer@1@ABU21@@Z 0043b5a0 f i libucrt:atof.obj
 0001:0003aa4e       ?normal_mantissa_mask@floating_point_value@__crt_strtox@@QBE_KXZ 0043ba4e f i libucrt:atof.obj
 0001:0003aa65       _atof                      0043ba65 f   libucrt:atof.obj
 0001:0003aaf9       ??$?RV<lambda_ab9923ffb5d694ec0d78876dd103e44f>@@AAV<lambda_481dd5778c961fbcd3b60b650e9b9dc4>@@V<lambda_7923d86c9e3f319b415918ec4b39749c>@@@?$__crt_seh_guarded_call@H@@QAEH$$QAV<lambda_ab9923ffb5d694ec0d78876dd103e44f>@@AAV<lambda_481dd5778c961fbcd3b60b650e9b9dc4>@@$$QAV<lambda_7923d86c9e3f319b415918ec4b39749c>@@@Z 0043baf9 f i libucrt:output.obj
 0001:0003ab4a       ??$__acrt_lock_stream_and_call@V<lambda_481dd5778c961fbcd3b60b650e9b9dc4>@@@@YAHQAU_iobuf@@$$QAV<lambda_481dd5778c961fbcd3b60b650e9b9dc4>@@@Z 0043bb4a f i libucrt:output.obj
 0001:0003ae73       ??$count@D@formatting_buffer@__crt_stdio_output@@QBEIXZ 0043be73 f i libucrt:output.obj
 0001:0003ae8b       ??$ensure_buffer_is_big_enough@D@formatting_buffer@__crt_stdio_output@@QAE_NI@Z 0043be8b f i libucrt:output.obj
 0001:0003af11       ??$is_wide_character_specifier@D@__crt_stdio_output@@YA_N_KDW4length_modifier@0@@Z 0043bf11 f i libucrt:output.obj
 0001:0003af51       ??$is_wide_character_specifier@_W@__crt_stdio_output@@YA_N_K_WW4length_modifier@0@@Z 0043bf51 f i libucrt:output.obj
 0001:0003afa0       ??$scratch_data@D@formatting_buffer@__crt_stdio_output@@QAEPADXZ 0043bfa0 f i libucrt:output.obj
 0001:0003afbe       ??$type_case_integer_parse_into_buffer@I@?$output_processor@_WV?$string_output_adapter@_W@__crt_stdio_output@@V?$standard_base@_WV?$string_output_adapter@_W@__crt_stdio_output@@@2@@__crt_stdio_output@@AAEXII_N@Z 0043bfbe f i libucrt:output.obj
 0001:0003afbe       ??$type_case_integer_parse_into_buffer@I@?$output_processor@DV?$string_output_adapter@D@__crt_stdio_output@@V?$standard_base@DV?$string_output_adapter@D@__crt_stdio_output@@@2@@__crt_stdio_output@@AAEXII_N@Z 0043bfbe f i libucrt:output.obj
 0001:0003afbe       ??$type_case_integer_parse_into_buffer@I@?$output_processor@_WV?$stream_output_adapter@_W@__crt_stdio_output@@V?$standard_base@_WV?$stream_output_adapter@_W@__crt_stdio_output@@@2@@__crt_stdio_output@@AAEXII_N@Z 0043bfbe f i libucrt:output.obj
 0001:0003b033       ??$type_case_integer_parse_into_buffer@_K@?$output_processor@DV?$string_output_adapter@D@__crt_stdio_output@@V?$standard_base@DV?$string_output_adapter@D@__crt_stdio_output@@@2@@__crt_stdio_output@@AAEX_KI_N@Z 0043c033 f i libucrt:output.obj
 0001:0003b033       ??$type_case_integer_parse_into_buffer@_K@?$output_processor@_WV?$stream_output_adapter@_W@__crt_stdio_output@@V?$standard_base@_WV?$stream_output_adapter@_W@__crt_stdio_output@@@2@@__crt_stdio_output@@AAEX_KI_N@Z 0043c033 f i libucrt:output.obj
 0001:0003b033       ??$type_case_integer_parse_into_buffer@_K@?$output_processor@_WV?$string_output_adapter@_W@__crt_stdio_output@@V?$standard_base@_WV?$string_output_adapter@_W@__crt_stdio_output@@@2@@__crt_stdio_output@@AAEX_KI_N@Z 0043c033 f i libucrt:output.obj
 0001:0003b0bb       ??$write_multiple_characters@V?$stream_output_adapter@_W@__crt_stdio_output@@D@__crt_stdio_output@@YAXABV?$stream_output_adapter@_W@0@DHQAH@Z 0043c0bb f i libucrt:output.obj
 0001:0003b0ec       ??$write_multiple_characters@V?$string_output_adapter@D@__crt_stdio_output@@D@__crt_stdio_output@@YAXABV?$string_output_adapter@D@0@DHQAH@Z 0043c0ec f i libucrt:output.obj
 0001:0003b118       ??$write_multiple_characters@V?$string_output_adapter@_W@__crt_stdio_output@@D@__crt_stdio_output@@YAXABV?$string_output_adapter@_W@0@DHQAH@Z 0043c118 f i libucrt:output.obj
 0001:0003b149       ??0?$common_data@D@__crt_stdio_output@@IAE@XZ 0043c149 f i libucrt:output.obj
 0001:0003b190       ??0?$common_data@_W@__crt_stdio_output@@IAE@XZ 0043c190 f i libucrt:output.obj
 0001:0003b1dc       ??0?$output_adapter_data@DV?$string_output_adapter@D@__crt_stdio_output@@@__crt_stdio_output@@IAE@ABV?$string_output_adapter@D@1@_KQBDQAU__crt_locale_pointers@@QAD@Z 0043c1dc f i libucrt:output.obj
 0001:0003b218       ??0?$output_adapter_data@_WV?$string_output_adapter@_W@__crt_stdio_output@@@__crt_stdio_output@@IAE@ABV?$string_output_adapter@_W@1@_KQB_WQAU__crt_locale_pointers@@QAD@Z 0043c218 f i libucrt:output.obj
 0001:0003b218       ??0?$output_adapter_data@_WV?$stream_output_adapter@_W@__crt_stdio_output@@@__crt_stdio_output@@IAE@ABV?$stream_output_adapter@_W@1@_KQB_WQAU__crt_locale_pointers@@QAD@Z 0043c218 f i libucrt:output.obj
 0001:0003b254       ??0?$output_processor@DV?$string_output_adapter@D@__crt_stdio_output@@V?$standard_base@DV?$string_output_adapter@D@__crt_stdio_output@@@2@@__crt_stdio_output@@QAE@ABV?$string_output_adapter@D@1@_KQBDQAU__crt_locale_pointers@@QAD@Z 0043c254 f i libucrt:output.obj
 0001:0003b289       ??0?$output_processor@_WV?$string_output_adapter@_W@__crt_stdio_output@@V?$standard_base@_WV?$string_output_adapter@_W@__crt_stdio_output@@@2@@__crt_stdio_output@@QAE@ABV?$string_output_adapter@_W@1@_KQB_WQAU__crt_locale_pointers@@QAD@Z 0043c289 f i libucrt:output.obj
 0001:0003b289       ??0?$output_processor@_WV?$stream_output_adapter@_W@__crt_stdio_output@@V?$standard_base@_WV?$stream_output_adapter@_W@__crt_stdio_output@@@2@@__crt_stdio_output@@QAE@ABV?$stream_output_adapter@_W@1@_KQB_WQAU__crt_locale_pointers@@QAD@Z 0043c289 f i libucrt:output.obj
 0001:0003b2be       ??1formatting_buffer@__crt_stdio_output@@QAE@XZ 0043c2be f i libucrt:output.obj
 0001:0003b2d8       ??4?$__crt_unique_heap_ptr@DU__crt_internal_free_policy@@@@QAEAAV0@$$QAV0@@Z 0043c2d8 f i libucrt:output.obj
 0001:0003b3b9       ?crop_zeroes@__crt_stdio_output@@YAXPADQAU__crt_locale_pointers@@@Z 0043c3b9 f i libucrt:output.obj
 0001:0003b410       ?find_next_state@?$output_processor@DV?$string_output_adapter@D@__crt_stdio_output@@V?$standard_base@DV?$string_output_adapter@D@__crt_stdio_output@@@2@@__crt_stdio_output@@ABE?AW4state@2@DW432@@Z 0043c410 f i libucrt:output.obj
 0001:0003b442       ?find_next_state@?$output_processor@_WV?$string_output_adapter@_W@__crt_stdio_output@@V?$standard_base@_WV?$string_output_adapter@_W@__crt_stdio_output@@@2@@__crt_stdio_output@@ABE?AW4state@2@_WW432@@Z 0043c442 f i libucrt:output.obj
 0001:0003b442       ?find_next_state@?$output_processor@_WV?$stream_output_adapter@_W@__crt_stdio_output@@V?$standard_base@_WV?$stream_output_adapter@_W@__crt_stdio_output@@@2@@__crt_stdio_output@@ABE?AW4state@2@_WW432@@Z 0043c442 f i libucrt:output.obj
 0001:0003b476       ?force_decimal_point@__crt_stdio_output@@YAXPADQAU__crt_locale_pointers@@@Z 0043c476 f i libucrt:output.obj
 0001:0003b4d2       ?parse_int_from_format_string@?$output_processor@DV?$string_output_adapter@D@__crt_stdio_output@@V?$standard_base@DV?$string_output_adapter@D@__crt_stdio_output@@@2@@__crt_stdio_output@@AAE_NQAH@Z 0043c4d2 f i libucrt:output.obj
 0001:0003b52e       ?parse_int_from_format_string@?$output_processor@_WV?$stream_output_adapter@_W@__crt_stdio_output@@V?$standard_base@_WV?$stream_output_adapter@_W@__crt_stdio_output@@@2@@__crt_stdio_output@@AAE_NQAH@Z 0043c52e f i libucrt:output.obj
 0001:0003b52e       ?parse_int_from_format_string@?$output_processor@_WV?$string_output_adapter@_W@__crt_stdio_output@@V?$standard_base@_WV?$string_output_adapter@_W@__crt_stdio_output@@@2@@__crt_stdio_output@@AAE_NQAH@Z 0043c52e f i libucrt:output.obj
 0001:0003b58c       ?process@?$output_processor@DV?$string_output_adapter@D@__crt_stdio_output@@V?$standard_base@DV?$string_output_adapter@D@__crt_stdio_output@@@2@@__crt_stdio_output@@QAEHXZ 0043c58c f i libucrt:output.obj
 0001:0003b6a8       ?process@?$output_processor@_WV?$stream_output_adapter@_W@__crt_stdio_output@@V?$standard_base@_WV?$stream_output_adapter@_W@__crt_stdio_output@@@2@@__crt_stdio_output@@QAEHXZ 0043c6a8 f i libucrt:output.obj
 0001:0003b7c8       ?process@?$output_processor@_WV?$string_output_adapter@_W@__crt_stdio_output@@V?$standard_base@_WV?$string_output_adapter@_W@__crt_stdio_output@@@2@@__crt_stdio_output@@QAEHXZ 0043c7c8 f i libucrt:output.obj
 0001:0003b8e8       ?state_case_flag@?$output_processor@DV?$string_output_adapter@D@__crt_stdio_output@@V?$standard_base@DV?$string_output_adapter@D@__crt_stdio_output@@@2@@__crt_stdio_output@@AAE_NXZ 0043c8e8 f i libucrt:output.obj
 0001:0003b925       ?state_case_flag@?$output_processor@_WV?$string_output_adapter@_W@__crt_stdio_output@@V?$standard_base@_WV?$string_output_adapter@_W@__crt_stdio_output@@@2@@__crt_stdio_output@@AAE_NXZ 0043c925 f i libucrt:output.obj
 0001:0003b925       ?state_case_flag@?$output_processor@_WV?$stream_output_adapter@_W@__crt_stdio_output@@V?$standard_base@_WV?$stream_output_adapter@_W@__crt_stdio_output@@@2@@__crt_stdio_output@@AAE_NXZ 0043c925 f i libucrt:output.obj
 0001:0003b962       ?state_case_normal@?$output_processor@DV?$string_output_adapter@D@__crt_stdio_output@@V?$standard_base@DV?$string_output_adapter@D@__crt_stdio_output@@@2@@__crt_stdio_output@@AAE_NXZ 0043c962 f i libucrt:output.obj
 0001:0003b981       ?state_case_normal@?$output_processor@_WV?$stream_output_adapter@_W@__crt_stdio_output@@V?$standard_base@_WV?$stream_output_adapter@_W@__crt_stdio_output@@@2@@__crt_stdio_output@@AAE_NXZ 0043c981 f i libucrt:output.obj
 0001:0003b9a0       ?state_case_normal@?$output_processor@_WV?$string_output_adapter@_W@__crt_stdio_output@@V?$standard_base@_WV?$string_output_adapter@_W@__crt_stdio_output@@@2@@__crt_stdio_output@@AAE_NXZ 0043c9a0 f i libucrt:output.obj
 0001:0003b9bf       ?state_case_normal_common@?$output_processor@DV?$string_output_adapter@D@__crt_stdio_output@@V?$standard_base@DV?$string_output_adapter@D@__crt_stdio_output@@@2@@__crt_stdio_output@@AAE_NXZ 0043c9bf f i libucrt:output.obj
 0001:0003b9e9       ?state_case_normal_common@?$output_processor@_WV?$stream_output_adapter@_W@__crt_stdio_output@@V?$standard_base@_WV?$stream_output_adapter@_W@__crt_stdio_output@@@2@@__crt_stdio_output@@AAE_NXZ 0043c9e9 f i libucrt:output.obj
 0001:0003ba04       ?state_case_normal_common@?$output_processor@_WV?$string_output_adapter@_W@__crt_stdio_output@@V?$standard_base@_WV?$string_output_adapter@_W@__crt_stdio_output@@@2@@__crt_stdio_output@@AAE_NXZ 0043ca04 f i libucrt:output.obj
 0001:0003ba1f       ?state_case_normal_tchar@?$output_processor@DV?$string_output_adapter@D@__crt_stdio_output@@V?$standard_base@DV?$string_output_adapter@D@__crt_stdio_output@@@2@@__crt_stdio_output@@AAE_ND@Z 0043ca1f f i libucrt:output.obj
 0001:0003ba80       ?state_case_precision@?$output_processor@DV?$string_output_adapter@D@__crt_stdio_output@@V?$standard_base@DV?$string_output_adapter@D@__crt_stdio_output@@@2@@__crt_stdio_output@@AAE_NXZ 0043ca80 f i libucrt:output.obj
 0001:0003baa8       ?state_case_precision@?$output_processor@_WV?$string_output_adapter@_W@__crt_stdio_output@@V?$standard_base@_WV?$string_output_adapter@_W@__crt_stdio_output@@@2@@__crt_stdio_output@@AAE_NXZ 0043caa8 f i libucrt:output.obj
 0001:0003baa8       ?state_case_precision@?$output_processor@_WV?$stream_output_adapter@_W@__crt_stdio_output@@V?$standard_base@_WV?$stream_output_adapter@_W@__crt_stdio_output@@@2@@__crt_stdio_output@@AAE_NXZ 0043caa8 f i libucrt:output.obj
 0001:0003bad1       ?state_case_size@?$output_processor@DV?$string_output_adapter@D@__crt_stdio_output@@V?$standard_base@DV?$string_output_adapter@D@__crt_stdio_output@@@2@@__crt_stdio_output@@AAE_NXZ 0043cad1 f i libucrt:output.obj
 0001:0003bc3a       ?state_case_size@?$output_processor@_WV?$stream_output_adapter@_W@__crt_stdio_output@@V?$standard_base@_WV?$stream_output_adapter@_W@__crt_stdio_output@@@2@@__crt_stdio_output@@AAE_NXZ 0043cc3a f i libucrt:output.obj
 0001:0003bdb6       ?state_case_size@?$output_processor@_WV?$string_output_adapter@_W@__crt_stdio_output@@V?$standard_base@_WV?$string_output_adapter@_W@__crt_stdio_output@@@2@@__crt_stdio_output@@AAE_NXZ 0043cdb6 f i libucrt:output.obj
 0001:0003bf32       ?state_case_type@?$output_processor@DV?$string_output_adapter@D@__crt_stdio_output@@V?$standard_base@DV?$string_output_adapter@D@__crt_stdio_output@@@2@@__crt_stdio_output@@AAE_NXZ 0043cf32 f i libucrt:output.obj
 0001:0003c161       ?state_case_type@?$output_processor@_WV?$stream_output_adapter@_W@__crt_stdio_output@@V?$standard_base@_WV?$stream_output_adapter@_W@__crt_stdio_output@@@2@@__crt_stdio_output@@AAE_NXZ 0043d161 f i libucrt:output.obj
 0001:0003c3be       ?state_case_type@?$output_processor@_WV?$string_output_adapter@_W@__crt_stdio_output@@V?$standard_base@_WV?$string_output_adapter@_W@__crt_stdio_output@@@2@@__crt_stdio_output@@AAE_NXZ 0043d3be f i libucrt:output.obj
 0001:0003c61b       ?state_case_width@?$output_processor@DV?$string_output_adapter@D@__crt_stdio_output@@V?$standard_base@DV?$string_output_adapter@D@__crt_stdio_output@@@2@@__crt_stdio_output@@AAE_NXZ 0043d61b f i libucrt:output.obj
 0001:0003c646       ?state_case_width@?$output_processor@_WV?$stream_output_adapter@_W@__crt_stdio_output@@V?$standard_base@_WV?$stream_output_adapter@_W@__crt_stdio_output@@@2@@__crt_stdio_output@@AAE_NXZ 0043d646 f i libucrt:output.obj
 0001:0003c646       ?state_case_width@?$output_processor@_WV?$string_output_adapter@_W@__crt_stdio_output@@V?$standard_base@_WV?$string_output_adapter@_W@__crt_stdio_output@@@2@@__crt_stdio_output@@AAE_NXZ 0043d646 f i libucrt:output.obj
 0001:0003c672       ?to_integer_size@__crt_stdio_output@@YAIW4length_modifier@1@@Z 0043d672 f i libucrt:output.obj
 0001:0003c6ce       ?type_case_Z@?$output_processor@DV?$string_output_adapter@D@__crt_stdio_output@@V?$standard_base@DV?$string_output_adapter@D@__crt_stdio_output@@@2@@__crt_stdio_output@@AAE_NXZ 0043d6ce f i libucrt:output.obj
 0001:0003c731       ?type_case_Z@?$output_processor@_WV?$stream_output_adapter@_W@__crt_stdio_output@@V?$standard_base@_WV?$stream_output_adapter@_W@__crt_stdio_output@@@2@@__crt_stdio_output@@AAE_NXZ 0043d731 f i libucrt:output.obj
 0001:0003c731       ?type_case_Z@?$output_processor@_WV?$string_output_adapter@_W@__crt_stdio_output@@V?$standard_base@_WV?$string_output_adapter@_W@__crt_stdio_output@@@2@@__crt_stdio_output@@AAE_NXZ 0043d731 f i libucrt:output.obj
 0001:0003c794       ?type_case_a@?$output_processor@DV?$string_output_adapter@D@__crt_stdio_output@@V?$standard_base@DV?$string_output_adapter@D@__crt_stdio_output@@@2@@__crt_stdio_output@@AAE_NXZ 0043d794 f i libucrt:output.obj
 0001:0003c8ee       ?type_case_a@?$output_processor@_WV?$string_output_adapter@_W@__crt_stdio_output@@V?$standard_base@_WV?$string_output_adapter@_W@__crt_stdio_output@@@2@@__crt_stdio_output@@AAE_NXZ 0043d8ee f i libucrt:output.obj
 0001:0003c8ee       ?type_case_a@?$output_processor@_WV?$stream_output_adapter@_W@__crt_stdio_output@@V?$standard_base@_WV?$stream_output_adapter@_W@__crt_stdio_output@@@2@@__crt_stdio_output@@AAE_NXZ 0043d8ee f i libucrt:output.obj
 0001:0003ca60       ?type_case_c_tchar@?$output_processor@DV?$string_output_adapter@D@__crt_stdio_output@@V?$standard_base@DV?$string_output_adapter@D@__crt_stdio_output@@@2@@__crt_stdio_output@@AAE_ND@Z 0043da60 f i libucrt:output.obj
 0001:0003caf0       ?type_case_c_tchar@?$output_processor@_WV?$string_output_adapter@_W@__crt_stdio_output@@V?$standard_base@_WV?$string_output_adapter@_W@__crt_stdio_output@@@2@@__crt_stdio_output@@AAE_N_W@Z 0043daf0 f i libucrt:output.obj
 0001:0003caf0       ?type_case_c_tchar@?$output_processor@_WV?$stream_output_adapter@_W@__crt_stdio_output@@V?$standard_base@_WV?$stream_output_adapter@_W@__crt_stdio_output@@@2@@__crt_stdio_output@@AAE_N_W@Z 0043daf0 f i libucrt:output.obj
 0001:0003cb88       ?type_case_integer@?$output_processor@DV?$string_output_adapter@D@__crt_stdio_output@@V?$standard_base@DV?$string_output_adapter@D@__crt_stdio_output@@@2@@__crt_stdio_output@@AAE_NI_N@Z 0043db88 f i libucrt:output.obj
 0001:0003cb88       ?type_case_integer@?$output_processor@_WV?$string_output_adapter@_W@__crt_stdio_output@@V?$standard_base@_WV?$string_output_adapter@_W@__crt_stdio_output@@@2@@__crt_stdio_output@@AAE_NI_N@Z 0043db88 f i libucrt:output.obj
 0001:0003cb88       ?type_case_integer@?$output_processor@_WV?$stream_output_adapter@_W@__crt_stdio_output@@V?$standard_base@_WV?$stream_output_adapter@_W@__crt_stdio_output@@@2@@__crt_stdio_output@@AAE_NI_N@Z 0043db88 f i libucrt:output.obj
 0001:0003ccd2       ?type_case_n@?$output_processor@_WV?$string_output_adapter@_W@__crt_stdio_output@@V?$standard_base@_WV?$string_output_adapter@_W@__crt_stdio_output@@@2@@__crt_stdio_output@@AAE_NXZ 0043dcd2 f i libucrt:output.obj
 0001:0003ccd2       ?type_case_n@?$output_processor@DV?$string_output_adapter@D@__crt_stdio_output@@V?$standard_base@DV?$string_output_adapter@D@__crt_stdio_output@@@2@@__crt_stdio_output@@AAE_NXZ 0043dcd2 f i libucrt:output.obj
 0001:0003ccd2       ?type_case_n@?$output_processor@_WV?$stream_output_adapter@_W@__crt_stdio_output@@V?$standard_base@_WV?$stream_output_adapter@_W@__crt_stdio_output@@@2@@__crt_stdio_output@@AAE_NXZ 0043dcd2 f i libucrt:output.obj
 0001:0003cd46       ?type_case_o@?$output_processor@DV?$string_output_adapter@D@__crt_stdio_output@@V?$standard_base@DV?$string_output_adapter@D@__crt_stdio_output@@@2@@__crt_stdio_output@@AAE_NXZ 0043dd46 f i libucrt:output.obj
 0001:0003cd46       ?type_case_o@?$output_processor@_WV?$stream_output_adapter@_W@__crt_stdio_output@@V?$standard_base@_WV?$stream_output_adapter@_W@__crt_stdio_output@@@2@@__crt_stdio_output@@AAE_NXZ 0043dd46 f i libucrt:output.obj
 0001:0003cd46       ?type_case_o@?$output_processor@_WV?$string_output_adapter@_W@__crt_stdio_output@@V?$standard_base@_WV?$string_output_adapter@_W@__crt_stdio_output@@@2@@__crt_stdio_output@@AAE_NXZ 0043dd46 f i libucrt:output.obj
 0001:0003cd65       ?type_case_p@?$output_processor@_WV?$string_output_adapter@_W@__crt_stdio_output@@V?$standard_base@_WV?$string_output_adapter@_W@__crt_stdio_output@@@2@@__crt_stdio_output@@AAE_NXZ 0043dd65 f i libucrt:output.obj
 0001:0003cd65       ?type_case_p@?$output_processor@DV?$string_output_adapter@D@__crt_stdio_output@@V?$standard_base@DV?$string_output_adapter@D@__crt_stdio_output@@@2@@__crt_stdio_output@@AAE_NXZ 0043dd65 f i libucrt:output.obj
 0001:0003cd65       ?type_case_p@?$output_processor@_WV?$stream_output_adapter@_W@__crt_stdio_output@@V?$standard_base@_WV?$stream_output_adapter@_W@__crt_stdio_output@@@2@@__crt_stdio_output@@AAE_NXZ 0043dd65 f i libucrt:output.obj
 0001:0003cd7d       ?type_case_s@?$output_processor@DV?$string_output_adapter@D@__crt_stdio_output@@V?$standard_base@DV?$string_output_adapter@D@__crt_stdio_output@@@2@@__crt_stdio_output@@AAE_NXZ 0043dd7d f i libucrt:output.obj
 0001:0003cdf0       ?type_case_s@?$output_processor@_WV?$string_output_adapter@_W@__crt_stdio_output@@V?$standard_base@_WV?$string_output_adapter@_W@__crt_stdio_output@@@2@@__crt_stdio_output@@AAE_NXZ 0043ddf0 f i libucrt:output.obj
 0001:0003cdf0       ?type_case_s@?$output_processor@_WV?$stream_output_adapter@_W@__crt_stdio_output@@V?$standard_base@_WV?$stream_output_adapter@_W@__crt_stdio_output@@@2@@__crt_stdio_output@@AAE_NXZ 0043ddf0 f i libucrt:output.obj
 0001:0003ce64       ?type_case_s_compute_narrow_string_length@?$output_processor@_WV?$stream_output_adapter@_W@__crt_stdio_output@@V?$standard_base@_WV?$stream_output_adapter@_W@__crt_stdio_output@@@2@@__crt_stdio_output@@ABEHH_W@Z 0043de64 f i libucrt:output.obj
 0001:0003ce64       ?type_case_s_compute_narrow_string_length@?$output_processor@_WV?$string_output_adapter@_W@__crt_stdio_output@@V?$standard_base@_WV?$string_output_adapter@_W@__crt_stdio_output@@@2@@__crt_stdio_output@@ABEHH_W@Z 0043de64 f i libucrt:output.obj
 0001:0003cea4       ?validate@?$stream_output_adapter@_W@__crt_stdio_output@@QBE_NXZ 0043dea4 f i libucrt:output.obj
 0001:0003cea4       ?validate@?$string_output_adapter@D@__crt_stdio_output@@QBE_NXZ 0043dea4 f i libucrt:output.obj
 0001:0003cea4       ?validate@?$c_string_character_source@_W@__crt_strtox@@QBE_NXZ 0043dea4 f i libucrt:atox.obj
 0001:0003cea4       ?validate@?$c_string_character_source@D@__crt_strtox@@QBE_NXZ 0043dea4 f i libucrt:atox.obj
 0001:0003cea4       ?validate@?$string_output_adapter@_W@__crt_stdio_output@@QBE_NXZ 0043dea4 f i libucrt:output.obj
 0001:0003cebf       ?write_character@?$stream_output_adapter@_W@__crt_stdio_output@@QBEX_WQAH@Z 0043debf f i libucrt:output.obj
 0001:0003ceff       ?write_character@?$string_output_adapter@D@__crt_stdio_output@@QBE_NDQAH@Z 0043deff f i libucrt:output.obj
 0001:0003cf41       ?write_character@?$string_output_adapter@_W@__crt_stdio_output@@QBE_N_WQAH@Z 0043df41 f i libucrt:output.obj
 0001:0003cf86       ?write_stored_string_tchar@?$output_processor@DV?$string_output_adapter@D@__crt_stdio_output@@V?$standard_base@DV?$string_output_adapter@D@__crt_stdio_output@@@2@@__crt_stdio_output@@AAE_ND@Z 0043df86 f i libucrt:output.obj
 0001:0003d02d       ?write_stored_string_tchar@?$output_processor@_WV?$stream_output_adapter@_W@__crt_stdio_output@@V?$standard_base@_WV?$stream_output_adapter@_W@__crt_stdio_output@@@2@@__crt_stdio_output@@AAE_N_W@Z 0043e02d f i libucrt:output.obj
 0001:0003d0b8       ?write_stored_string_tchar@?$output_processor@_WV?$string_output_adapter@_W@__crt_stdio_output@@V?$standard_base@_WV?$string_output_adapter@_W@__crt_stdio_output@@@2@@__crt_stdio_output@@AAE_N_W@Z 0043e0b8 f i libucrt:output.obj
 0001:0003d143       ?write_string@?$stream_output_adapter@_W@__crt_stdio_output@@QBEXQB_WHQAH1@Z 0043e143 f i libucrt:output.obj
 0001:0003d1d0       ?write_string@?$string_output_adapter@D@__crt_stdio_output@@QBEXQBDHQAH1@Z 0043e1d0 f i libucrt:output.obj
 0001:0003d263       ?write_string@?$string_output_adapter@_W@__crt_stdio_output@@QBEXQB_WHQAH1@Z 0043e263 f i libucrt:output.obj
 0001:0003d2fd       ___stdio_common_vfwprintf  0043e2fd f   libucrt:output.obj
 0001:0003d374       ___stdio_common_vsprintf   0043e374 f   libucrt:output.obj
 0001:0003d398       ___stdio_common_vswprintf  0043e398 f   libucrt:output.obj
 0001:0003d3bc       __isalnum_l                0043e3bc f i libucrt:_ctype.obj
 0001:0003d3f7       __isdigit_l                0043e3f7 f i libucrt:_ctype.obj
 0001:0003d42f       __isspace_l                0043e42f f i libucrt:_ctype.obj
 0001:0003d467       __isxdigit_l               0043e467 f i libucrt:_ctype.obj
 0001:0003d4a2       _isalnum                   0043e4a2 f i libucrt:_ctype.obj
 0001:0003d4d1       _isdigit                   0043e4d1 f i libucrt:_ctype.obj
 0001:0003d4fe       _isspace                   0043e4fe f i libucrt:_ctype.obj
 0001:0003d52b       _isxdigit                  0043e52b f i libucrt:_ctype.obj
 0001:0003d55a       ___acrt_stdio_flush_nolock 0043e55a f   libucrt:fflush.obj
 0001:0003d5c0       __fflush_nolock            0043e5c0 f   libucrt:fflush.obj
 0001:0003d607       __flushall                 0043e607 f   libucrt:fflush.obj
 0001:0003d6e8       _fflush                    0043e6e8 f   libucrt:fflush.obj
 0001:0003d741       ??$?RV<lambda_11b4f7b0d3157825a5656a18eba1ae27>@@AAV<lambda_b51c0495177f500e782686251704ae76>@@V<lambda_cf89b47920b5017557bfe891e78aca36>@@@?$__crt_seh_guarded_call@I@@QAEI$$QAV<lambda_11b4f7b0d3157825a5656a18eba1ae27>@@AAV<lambda_b51c0495177f500e782686251704ae76>@@$$QAV<lambda_cf89b47920b5017557bfe891e78aca36>@@@Z 0043e741 f i libucrt:fwrite.obj
 0001:0003d792       ??$__acrt_lock_stream_and_call@V<lambda_b51c0495177f500e782686251704ae76>@@@@YAIQAU_iobuf@@$$QAV<lambda_b51c0495177f500e782686251704ae76>@@@Z 0043e792 f i libucrt:fwrite.obj
 0001:0003d800       __fwrite_nolock            0043e800 f   libucrt:fwrite.obj
 0001:0003d979       _fwrite                    0043e979 f   libucrt:fwrite.obj
 0001:0003dc9f       __tolower_l                0043ec9f f   libucrt:tolower_toupper.obj
 0001:0003dcb9       __toupper_l                0043ecb9 f   libucrt:tolower_toupper.obj
 0001:0003dcd3       _tolower                   0043ecd3 f   libucrt:tolower_toupper.obj
 0001:0003dd03       _toupper                   0043ed03 f   libucrt:tolower_toupper.obj
 0001:0003dd33       __Strftime_l               0043ed33 f   libucrt:strftime.obj
 0001:0003de62       _strftime                  0043ee62 f   libucrt:strftime.obj
 0001:0003de90       _strcpy                    0043ee90 f   libucrt:strcat.obj
 0001:0003dea0       _strcat                    0043eea0 f   libucrt:strcat.obj
 0001:0003df88       _free                      0043ef88 f   libucrt:free.obj
 0001:0003df8d       _malloc                    0043ef8d f   libucrt:malloc.obj
 0001:0003df98       _realloc                   0043ef98 f   libucrt:realloc.obj
 0001:0003dfb0       _strcspn                   0043efb0 f   libucrt:strcspn.obj
 0001:0003dff6       __strnicmp                 0043eff6 f   libucrt:strnicmp.obj
 0001:0003e062       __strnicmp_l               0043f062 f   libucrt:strnicmp.obj
 0001:0003e1d8       ??$make_input_adapter_character_source@V?$string_input_adapter@D@__crt_stdio_input@@@__crt_strtox@@YA?AV?$input_adapter_character_source@V?$string_input_adapter@D@__crt_stdio_input@@@0@QAV?$string_input_adapter@D@__crt_stdio_input@@_KQA_N@Z 0043f1d8 f i libucrt:input.obj
 0001:0003e1f6       ??$parse_floating_point@V?$input_adapter_character_source@V?$string_input_adapter@D@__crt_stdio_input@@@__crt_strtox@@M@__crt_strtox@@YA?AW4SLD_STATUS@@QAU__crt_locale_pointers@@V?$input_adapter_character_source@V?$string_input_adapter@D@__crt_stdio_input@@@0@QAM@Z 0043f1f6 f i libucrt:input.obj
 0001:0003e271       ??$parse_floating_point@V?$input_adapter_character_source@V?$string_input_adapter@D@__crt_stdio_input@@@__crt_strtox@@N@__crt_strtox@@YA?AW4SLD_STATUS@@QAU__crt_locale_pointers@@V?$input_adapter_character_source@V?$string_input_adapter@D@__crt_stdio_input@@@0@QAN@Z 0043f271 f i libucrt:input.obj
 0001:0003e2ec       ??$parse_floating_point_from_source@V?$input_adapter_character_source@V?$string_input_adapter@D@__crt_stdio_input@@@__crt_strtox@@@__crt_strtox@@YA?AW4floating_point_parse_result@0@QAU__crt_locale_pointers@@AAV?$input_adapter_character_source@V?$string_input_adapter@D@__crt_stdio_input@@@0@AAUfloating_point_string@0@@Z 0043f2ec f i libucrt:input.obj
 0001:0003e753       ??$parse_floating_point_possible_infinity@DV?$input_adapter_character_source@V?$string_input_adapter@D@__crt_stdio_input@@@__crt_strtox@@_K@__crt_strtox@@YA?AW4floating_point_parse_result@0@AADAAV?$input_adapter_character_source@V?$string_input_adapter@D@__crt_stdio_input@@@0@_K@Z 0043f753 f i libucrt:input.obj
 0001:0003e814       ??$parse_floating_point_possible_nan@DV?$input_adapter_character_source@V?$string_input_adapter@D@__crt_stdio_input@@@__crt_strtox@@_K@__crt_strtox@@YA?AW4floating_point_parse_result@0@AADAAV?$input_adapter_character_source@V?$string_input_adapter@D@__crt_stdio_input@@@0@_K@Z 0043f814 f i libucrt:input.obj
 0001:0003e926       ??$parse_floating_point_possible_nan_is_ind@DV?$input_adapter_character_source@V?$string_input_adapter@D@__crt_stdio_input@@@__crt_strtox@@@__crt_strtox@@YA_NAADAAV?$input_adapter_character_source@V?$string_input_adapter@D@__crt_stdio_input@@@0@@Z 0043f926 f i libucrt:input.obj
 0001:0003e960       ??$parse_floating_point_possible_nan_is_snan@DV?$input_adapter_character_source@V?$string_input_adapter@D@__crt_stdio_input@@@__crt_strtox@@@__crt_strtox@@YA_NAADAAV?$input_adapter_character_source@V?$string_input_adapter@D@__crt_stdio_input@@@0@@Z 0043f960 f i libucrt:input.obj
 0001:0003e99a       ??$parse_integer@_KV?$input_adapter_character_source@V?$string_input_adapter@D@__crt_stdio_input@@@__crt_strtox@@@__crt_strtox@@YA_KQAU__crt_locale_pointers@@V?$input_adapter_character_source@V?$string_input_adapter@D@__crt_stdio_input@@@0@H_N@Z 0043f99a f i libucrt:input.obj
[...]
 0003:000010ac       _ctrls_base                0046b0ac     windlg.obj
 0003:000010b4       _ctrls_panel               0046b0b4     windlg.obj
 0003:000010c0       _dp                        0046b0c0     windlg.obj
 0003:00001198       _events_initial            0046b198     windlg.obj
 0003:00001398       _events_circular           0046b398     windlg.obj
 0003:00001598       ?forced_visible@?1??update_mouse_pointer@@9@9 0046b598     window.obj
 0003:00001599       _flashing                  0046b599     window.obj
 0003:0000159a       _was_zoomed                0046b59a     window.obj
 0003:0000159b       _reconfiguring             0046b59b     window.obj
 0003:0000159c       ?lpDx@?1??do_text_internal@@9@9 0046b59c     window.obj
 0003:000015a0       ?lpDx_len@?1??do_text_internal@@9@9 0046b5a0     window.obj
 0003:000015a4       ?uni_buf@?CD@??do_text_internal@@9@9 0046b5a4     window.obj
 0003:000015a8       ?uni_len@?CD@??do_text_internal@@9@9 0046b5a8     window.obj
 0003:000015ac       ?directbuf@?CK@??do_text_internal@@9@9 0046b5ac     window.obj
 0003:000015b0       ?directlen@?CK@??do_text_internal@@9@9 0046b5b0     window.obj
 0003:000015b4       ?wbuf@?CN@??do_text_internal@@9@9 0046b5b4     window.obj
 0003:000015b8       ?wlen@?CN@??do_text_internal@@9@9 0046b5b8     window.obj
 0003:000015bc       ?lastbeep@?2??wintw_bell@@9@9 0046b5bc     window.obj
 0003:000015c0       ?lastbeep@?5??wintw_bell@@9@9 0046b5c0     window.obj
 0003:000015c8       _specials                  0046b5c8     window.obj
 0003:000015cc       _specials_menu             0046b5cc     window.obj
 0003:000015d4       _n_specials                0046b5d4     window.obj
 0003:000015f4       ?alt_sum@?1??TranslateKey@@9@9 0046b5f4     window.obj
 0003:000015f8       ?compose_char@?1??TranslateKey@@9@9 0046b5f8     window.obj
 0003:000015fc       _send_raw_mouse            0046b5fc     window.obj
 0003:000015fd       ?ignore_clip@?1??WndProc@@9@9 0046b5fd     window.obj
 0003:000015fe       ?need_backend_resize@?1??WndProc@@9@9 0046b5fe     window.obj
 0003:000015ff       ?fullscr_on_max@?1??WndProc@@9@9 0046b5ff     window.obj
 0003:00001600       ?compose_keycode@?1??TranslateKey@@9@9 0046b600     window.obj
 0003:00001604       _wheel_accumulator         0046b604     window.obj
 0003:00001608       _busy_status               0046b608     window.obj
 0003:0000160c       _compose_state             0046b60c     window.obj
 0003:00001610       ?processed_resize@?1??WndProc@@9@9 0046b610     window.obj
 0003:00001614       ?last_mousemove@?1??WndProc@@9@9 0046b614     window.obj
 0003:00001618       ?wp@?CL@??WndProc@@9@9     0046b618     window.obj
 0003:0000161c       ?lp@?CL@??WndProc@@9@9     0046b61c     window.obj
 0003:00001620       ?wp@?CO@??WndProc@@9@9     0046b620     window.obj
 0003:00001624       ?lp@?CO@??WndProc@@9@9     0046b624     window.obj
 0003:00001628       ?pending_surrogate@?GA@??WndProc@@9@9 0046b628     window.obj
 0003:0000162a       _font_dualwidth            0046b62a     window.obj
 0003:0000162b       _font_varpitch             0046b62b     window.obj
 0003:0000162c       _extra_width               0046b62c     window.obj
 0003:00001630       _extra_height              0046b630     window.obj
 0003:00001634       _font_width                0046b634     window.obj
 0003:00001638       _font_height               0046b638     window.obj
 0003:0000163c       _offset_width              0046b63c     window.obj
 0003:00001640       _offset_height             0046b640     window.obj
 0003:00001644       _prev_rows                 0046b644     window.obj
 0003:00001648       _prev_cols                 0046b648     window.obj
 0003:0000164c       _kbd_codepage              0046b64c     window.obj
 0003:00001650       _ldisc                     0046b650     window.obj
 0003:00001654       _backend                   0046b654     window.obj
 0003:00001658       _ucsdata                   0046b658     window.obj
 0003:00002168       _session_closed            0046c168     window.obj
 0003:00002169       _bold_colours              0046c169     window.obj
 0003:0000216a       _resizing                  0046c16a     window.obj
 0003:0000216c       _timing_next_time          0046c16c     window.obj
 0003:00002170       _popup_menus               0046c170     window.obj
 0003:00002178       _savedsess_menu            0046c178     window.obj
 0003:0000217c       _sesslist                  0046c17c     window.obj
 0003:00002188       _fonts                     0046c188     window.obj
 0003:00002288       _lfont                     0046c288     window.obj
 0003:000022c4       _bold_font_mode            0046c2c4     window.obj
 0003:000022c8       _fontflag                  0046c2c8     window.obj
 0003:00002308       _und_mode                  0046c308     window.obj
 0003:0000230c       _descent                   0046c30c     window.obj
 0003:00002310       _colours                   0046c310     window.obj
 0003:00002728       _pal                       0046c728     window.obj
 0003:0000272c       _logpal                    0046c72c     window.obj
 0003:00002730       _defpal                    0046c730     window.obj
 0003:00002a44       _caretbm                   0046ca44     window.obj
 0003:00002a48       _dbltime                   0046ca48     window.obj
 0003:00002a4c       _lasttime                  0046ca4c     window.obj
 0003:00002a50       _lastact                   0046ca50     window.obj
 0003:00002a54       _lastbtn                   0046ca54     window.obj
 0003:00002a58       _window_name               0046ca58     window.obj
 0003:00002a5c       _icon_name                 0046ca5c     window.obj
 0003:00002a60       _wintw                     0046ca60     window.obj
 0003:00002a64       _wintw_hdc                 0046ca64     window.obj
 0003:00002a68       ?ss@?3??wintw_request_resize@@9@9 0046ca68     window.obj
 0003:00002a78       ?ss@?N@??reset_window@@9@9 0046ca78     window.obj
 0003:00002a88       _p_FlashWindowEx           0046ca88     window.obj
 0003:00002a8c       _p_ToUnicodeEx             0046ca8c     window.obj
 0003:00002a90       _p_PlaySound               0046ca90     window.obj
 0003:00002a94       ?keys_unicode@?1??TranslateKey@@9@9 0046ca94     window.obj
 0003:00002a9c       ?keys@?DI@??TranslateKey@@9@9 0046ca9c     window.obj
 0003:00002aa4       ?keysb@?DI@??TranslateKey@@9@9 0046caa4     window.obj
 0003:00002aa8       _next_flash                0046caa8     window.obj
 0003:00002aac       _handles_by_evtomain       0046caac     winhandl.obj
 0003:00002ab0       _chm_path                  0046cab0     winhelp.obj
 0003:00002ab4       _chm_created_by_us         0046cab4     winhelp.obj
 0003:00002ab5       ?checked@?1??has_embedded_chm@@9@9 0046cab5     winhelp.obj
 0003:00002ab6       ?checked@?1??find_chm_resource@@9@9 0046cab6     winhelp.obj
 0003:00002ab7       ?tried_to_load@?1??load_chm_resource@@9@9 0046cab7     winhelp.obj
 0003:00002ab8       _chm_resource_size         0046cab8     winhelp.obj
 0003:00002abc       _chm_resource              0046cabc     winhelp.obj
 0003:00002ac0       ?already_called@?1??init_help@@9@9 0046cac0     winhelp.obj
 0003:00002ac1       _requested_help            0046cac1     winhelp.obj
 0003:00002ac4       _p_HtmlHelpA               0046cac4     winhelp.obj
 0003:00002ac8       _chm_hrsrc                 0046cac8     winhelp.obj
 0003:00002acc       ?kernel32_module@?1??sk_handle_peer_info@@9@9 0046cacc     winhsock.obj
 0003:00002ad0       ?p_GetNamedPipeClientProcessId@?1??sk_handle_peer_info@@9@9 0046cad0     winhsock.obj
 0003:00002ad8       ?shell32_module@?1??set_explicit_app_user_model_id@@9@9 0046cad8     winjump.obj
 0003:00002adc       ?p_SetCurrentProcessExplicitAppUserModelID@?1??set_explicit_app_user_model_id@@9@9 0046cadc     winjump.obj
 0003:00002ae0       _putty_path                0046cae0     winjump.obj
 0003:000032e0       ?tried_usernameex@?2??get_username@@9@9 0046d2e0     winmisc.obj
 0003:000032e4       ?sysdir@?1??load_system32_dll@@9@9 0046d2e4     winmisc.obj
 0003:000032e8       ?sysdirsize@?1??load_system32_dll@@9@9 0046d2e8     winmisc.obj
 0003:000032ec       _errstrings                0046d2ec     winmisc.obj
 0003:000032f0       ?p_GetUserNameExA@?1??get_username@@9@9 0046d2f0     winmisc.obj
 0003:000032f4       ?kernel32_module@?1??dll_hijacking_protection@@9@9 0046d2f4     winmisc.obj
 0003:000032f8       ?p_SetDefaultDllDirectories@?1??dll_hijacking_protection@@9@9 0046d2f8     winmisc.obj
 0003:000032fc       ?kernel32_module@?1??init_winver@@9@9 0046d2fc     winmisc.obj
 0003:00003300       ?p_GetVersionExA@?1??init_winver@@9@9 0046d300     winmisc.obj
 0003:00003308       _winsock_module            0046d308     winnet.obj
 0003:0000330c       _winsock2_module           0046d30c     winnet.obj
 0003:00003310       _wship6_module             0046d310     winnet.obj
 0003:00003314       _sktree                    0046d314     winnet.obj
 0003:00003318       _p_WSAStartup              0046d318     winnet.obj
 0003:0000331c       _p_WSACleanup              0046d31c     winnet.obj
 0003:00003320       _p_closesocket             0046d320     winnet.obj
 0003:00003324       _p_ntohl                   0046d324     winnet.obj
 0003:00003328       _p_htonl                   0046d328     winnet.obj
 0003:0000332c       _p_htons                   0046d32c     winnet.obj
 0003:00003330       _p_ntohs                   0046d330     winnet.obj
 0003:00003334       _p_gethostname             0046d334     winnet.obj
 0003:00003338       _p_gethostbyname           0046d338     winnet.obj
 0003:0000333c       _p_getservbyname           0046d33c     winnet.obj
 0003:00003340       _p_inet_addr               0046d340     winnet.obj
 0003:00003344       _p_inet_ntoa               0046d344     winnet.obj
 0003:00003348       _p_inet_ntop               0046d348     winnet.obj
 0003:0000334c       _p_connect                 0046d34c     winnet.obj
 0003:00003350       _p_bind                    0046d350     winnet.obj
 0003:00003354       _p_setsockopt              0046d354     winnet.obj
 0003:00003358       _p_socket                  0046d358     winnet.obj
 0003:0000335c       _p_listen                  0046d35c     winnet.obj
 0003:00003360       _p_send                    0046d360     winnet.obj
 0003:00003364       _p_shutdown                0046d364     winnet.obj
 0003:00003368       _p_ioctlsocket             0046d368     winnet.obj
 0003:0000336c       _p_accept                  0046d36c     winnet.obj
 0003:00003370       _p_getpeername             0046d370     winnet.obj
 0003:00003374       _p_recv                    0046d374     winnet.obj
 0003:00003378       _p_WSAIoctl                0046d378     winnet.obj
 0003:0000337c       _p_getaddrinfo             0046d37c     winnet.obj
 0003:00003380       _p_freeaddrinfo            0046d380     winnet.obj
 0003:00003384       _p_getnameinfo             0046d384     winnet.obj
 0003:00003388       _p_gai_strerror            0046d388     winnet.obj
 0003:0000338c       _p_WSAAddressToStringA     0046d38c     winnet.obj
 0003:00003390       _wsadata                   0046d390     winnet.obj
 0003:00003520       _local_interfaces          0046d520     winnet.obj
 0003:000039e0       _n_local_interfaces        0046d9e0     winnet.obj
 0003:000039e4       ?initialised@?1??init_winfuncs@@9@9 0046d9e4     winprint.obj
 0003:000039e8       _p_EnumPrinters            0046d9e8     winprint.obj
 0003:000039ec       _p_OpenPrinter             0046d9ec     winprint.obj
 0003:000039f0       _p_ClosePrinter            0046d9f0     winprint.obj
 0003:000039f4       _p_StartDocPrinter         0046d9f4     winprint.obj
 0003:000039f8       _p_EndDocPrinter           0046d9f8     winprint.obj
 0003:000039fc       _p_StartPagePrinter        0046d9fc     winprint.obj
 0003:00003a00       _p_EndPagePrinter          0046da00     winprint.obj
 0003:00003a04       _p_WritePrinter            0046da04     winprint.obj
 0003:00003a08       ?attempted@?1??got_advapi@@9@9 0046da08     winsecur.obj
 0003:00003a09       ?successful@?1??got_advapi@@9@9 0046da09     winsecur.obj
 0003:00003a0c       _worldsid                  0046da0c     winsecur.obj
 0003:00003a10       _networksid                0046da10     winsecur.obj
 0003:00003a14       _usersid                   0046da14     winsecur.obj
 0003:00003a18       ?advapi@?1??got_advapi@@9@9 0046da18     winsecur.obj
 0003:00003a1c       _tried_shgetfolderpath     0046da1c     winstore.obj
 0003:00003a20       _shell32_module            0046da20     winstore.obj
 0003:00003a24       _p_SHGetFolderPathA        0046da24     winstore.obj
 0003:00003a28       ?c@?1??check_compose_internal@@9@9 0046da28     winucs.obj
 0003:00003a2c       ?buf@?1??cp_name@@9@9      0046da2c     winucs.obj
 0003:00003a50       _GS_ExceptionRecord        0046da50     LIBCMT:gs_report.obj
 0003:00003aa0       _GS_ContextRecord          0046daa0     LIBCMT:gs_report.obj
 0003:00003d74       ?module_local_atexit_table@@3U_onexit_table_t@@A 0046dd74     LIBCMT:utility.obj
 0003:00003d80       ?module_local_at_quick_exit_table@@3U_onexit_table_t@@A 0046dd80     LIBCMT:utility.obj
 0003:00003d8c       ?is_initialized_as_dll@@3_NA 0046dd8c     LIBCMT:utility.obj
 0003:00003da4       ?__vcrt_startup_thread_ptd@@3U__vcrt_ptd@@A 0046dda4     libvcruntime:per_thread_data.obj
 0003:00003dcc       ___vcrt_lock_table         0046ddcc     libvcruntime:locks.obj
 0003:00003de4       ___vcrt_locks_initialized  0046dde4     libvcruntime:locks.obj
 0003:00003de8       ?module_handles@@3PAPAUHINSTANCE__@@A 0046dde8     libvcruntime:winapi_downlevel.obj
 0003:00003df8       ?encoded_function_pointers@@3PAPAXA 0046ddf8     libvcruntime:winapi_downlevel.obj
 0003:00003e48       ?heap@@3V_HeapManager@@A   0046de48     libvcruntime:undname.obj
 0003:00003e5c       _c_termination_complete    0046de5c     libucrt:exit.obj
 0003:00003e60       _thread_local_exit_callback_func 0046de60     libucrt:exit.obj
 0003:00003e64       ?c_exit_complete@?5??common_exit@@YAXHW4_crt_exit_cleanup_mode@@W4_crt_exit_return_mode@@@Z@4_NA 0046de64     libucrt:exit.obj
 0003:00003e68       ___acrt_app_type           0046de68     libucrt:report_runtime_error.obj
 0003:00003e6c       _user_matherr              0046de6c     libucrt:matherr.obj
 0003:00003e70       ?program_name@?5???$common_configure_argv@D@@YAHW4_crt_argv_mode@@@Z@4PADA 0046de70     libucrt:argv_parsing.obj
 0003:00003f88       ?empty_string@?1???$common_wincmdln@D@@YAPADXZ@4PADA 0046df88     libucrt:argv_winmain.obj
 0003:00003f90       ___acrt_global_new_mode    0046df90     libucrt:new_mode.obj
 0003:00003fb0       ___acrt_invalid_parameter_handler 0046dfb0     libucrt:invalid_parameter.obj
 0003:00003fb4       ___acrt_error_mode         0046dfb4     libucrt:set_error_mode.obj
 0003:00003fc4       _ctrlc_action              0046dfc4     libucrt:signal.obj
 0003:00003fc8       _ctrlbreak_action          0046dfc8     libucrt:signal.obj
 0003:00003fcc       _abort_action              0046dfcc     libucrt:signal.obj
 0003:00003fd0       _term_action               0046dfd0     libucrt:signal.obj
 0003:00003fd8       _enable_percent_n          0046dfd8     libucrt:printf_count_output.obj
 0003:000041f0       ___acrt_lock_table         0046e1f0     libucrt:locks.obj
 0003:00004328       ___acrt_locks_initialized  0046e328     libucrt:locks.obj
 0003:00004330       _module_handles            0046e330     libucrt:winapi_thunks.obj
 0003:00004380       _encoded_function_pointers 0046e380     libucrt:winapi_thunks.obj
 0003:00004400       ?state_cache@?1??__acrt_is_packaged_app@@9@4JA 0046e400     libucrt:winapi_thunks.obj
 0003:0000441c       _fSystemSet                0046e41c     libucrt:mbctype.obj
 0003:00004420       ?initialized@?1??__acrt_initialize_multibyte@@9@4_NA 0046e420     libucrt:mbctype.obj
 0003:0000444c       ___acrt_new_handler        0046e44c     libucrt:new_handler.obj
 0003:0000445c       __tzname                   0046e45c     libucrt:timeset.obj
 0003:00004460       _last_tz                   0046e460     libucrt:tzset.obj
 0003:00004468       _tz_api_used               0046e468     libucrt:tzset.obj
 0003:00004470       _tz_info                   0046e470     libucrt:tzset.obj
 0003:0000451c       ?first_time@?1??__tzset@@9@4JA 0046e51c     libucrt:tzset.obj
 0003:00004528       __pmatherr_set             0046e528     libucrt:libm_error.obj
 0004:00000000       __guard_fids____dcrt_uninitialize_environments_nolock 00470000     libucrt:environment_initialization.obj
 0004:00000008       __guard_fids__             00470008     libucrt:initialization.obj
 0004:00000068       __guard_fids_??$common_show_message_box@_W@@YAHQB_W0I@Z 00470068     libucrt:crtmbox.obj
 0004:0000006c       __guard_fids____acrt_initialize_ptd 0047006c     libucrt:per_thread_data.obj
 0004:00000070       __guard_fids_??$expand_argument_wildcards@D@@YAHQAD0AAV?$argument_list@D@?A0xb0e4b824@@@Z 00470070     libucrt:argv_wildcards.obj
 0004:00000074       __guard_fids__             00470074     libucrt:locale_initializer.obj
 0004:00000078       __guard_fids__             00470078     libucrt:stdio_initializer.obj
 0004:0000007c       __guard_fids__             0047007c     libucrt:stdio_initializer.obj
 0004:00000080       __guard_fids__             00470080     libucrt:multibyte_initializer.obj
 0004:00000084       __guard_fids__             00470084     libucrt:timeset_initializer.obj
 0004:00000088       __guard_fids____libm_error_support 00470088     libucrt:libm_error.obj
 0004:0000008c       __guard_fids__             0047008c     libucrt:console_output_initializer.obj
 0004:00000090       __guard_fids__             00470090     libucrt:sse2_initializer.obj
 0004:00000094       __guard_fids__             00470094     LIBCMT:exe_winmain.obj
 0004:00000098       __guard_fids__             00470098     LIBCMT:exe_winmain.obj
 0004:0000009c       __guard_fids__             0047009c     LIBCMT:exe_winmain.obj
 0004:000000a0       __guard_fids_?pre_c_initialization@@YAHXZ 004700a0     LIBCMT:exe_winmain.obj
 0004:000000a8       __guard_fids____scrt_set_unhandled_exception_filter 004700a8     LIBCMT:utility_desktop.obj
 0004:000000ac       __guard_fids__             004700ac     LIBCMT:guard_support.obj
 0004:000000b0       __guard_fids____vcrt_initialize_ptd 004700b0     libvcruntime:per_thread_data.obj
 0005:00000450       $R000000                   00471450     puttytel.res
 0005:00000578       $R000128                   00471578     puttytel.res
 0005:00000860       $R000410                   00471860     puttytel.res
 0005:00000ec8       $R000A78                   00471ec8     puttytel.res
 0005:00000f78       $R000B28                   00471f78     puttytel.res
 0005:000010a8       $R000C58                   004720a8     puttytel.res
 0005:000013d8       $R000F88                   004723d8     puttytel.res
 0005:00001438       $R000FE8                   00472438     puttytel.res
 0005:00001560       $R001110                   00472560     puttytel.res
 0005:00001848       $R0013F8                   00472848     puttytel.res
 0005:00001eb0       $R001A60                   00472eb0     puttytel.res
 0005:00001f60       $R001B10                   00472f60     puttytel.res
 0005:00002090       $R001C40                   00473090     puttytel.res
 0005:000023c0       $R001F70                   004733c0     puttytel.res
 0005:00002420       $R001FD0                   00473420     puttytel.res
 0005:00002520       $R0020D0                   00473520     puttytel.res
 0005:00002598       $R002148                   00473598     puttytel.res
 0005:00002658       $R002208                   00473658     puttytel.res
 0005:000026e8       $R002298                   004736e8     puttytel.res
 0005:00002a20       $R0025D0                   00473a20     puttytel.res
