 putty

 Timestamp is 5fe829fa (Sun Dec 27 13:30:18 2020)

 Preferred load address is 00400000

 Start         Length     Name                   Class
 0001:00000000 0008153cH .text$mn                CODE
 0002:00000000 00000528H .idata$5                DATA
 0002:00000528 00000004H .00cfg                  DATA
 0002:0000052c 00000004H .CRT$XCA                DATA
 0002:00000530 00000004H .CRT$XCAA               DATA
 0002:00000534 00000004H .CRT$XCZ                DATA
 0002:00000538 00000004H .CRT$XIA                DATA
 0002:0000053c 00000004H .CRT$XIAA               DATA
 0002:00000540 00000004H .CRT$XIAC               DATA
 0002:00000544 00000010H .CRT$XIC                DATA
 0002:00000554 00000004H .CRT$XIZ                DATA
 0002:00000558 00000004H .CRT$XPA                DATA
 0002:0000055c 00000008H .CRT$XPX                DATA
 0002:00000564 00000004H .CRT$XPXA               DATA
 0002:00000568 00000004H .CRT$XPZ                DATA
 0002:0000056c 00000004H .CRT$XTA                DATA
 0002:00000570 00000010H .CRT$XTZ                DATA
 0002:00000580 00023a90H .rdata                  DATA
 0002:0002400c 00000000H .rdata$r                DATA
 0002:00024010 0000000cH .rdata$sxdata           DATA
 0002:0002401c 000002b8H .rdata$zzzdbg           DATA
 0002:000242d4 00000004H .rtc$IAA                DATA
 0002:000242d8 00000004H .rtc$IZZ                DATA
 0002:000242dc 00000004H .rtc$TAA                DATA
 0002:000242e0 00000008H .rtc$TZZ                DATA
 0002:000242e8 000005ccH .xdata$x                DATA
 0002:000248b4 00000000H .edata                  DATA
 0002:000248b4 000000a0H .idata$2                DATA
 0002:00024954 00000014H .idata$3                DATA
 0002:00024968 00000528H .idata$4                DATA
 0002:00024e90 00001680H .idata$6                DATA
 0003:00000000 00001020H .data                   DATA
 0003:00001020 00000000H .data$r                 DATA
 0003:00001020 00004380H .bss                    DATA
 0004:00000000 00000094H .gfids$x                DATA
 0004:00000094 00000020H .gfids$y                DATA
 0005:00000000 00000450H .rsrc$01                DATA
 0005:00000450 00002ab8H .rsrc$02                DATA

  Address         Publics by Value              Rva+Base       Lib:Object

 0000:00000000       ___guard_longjmp_count     00000000     <absolute>
 0000:00000000       ___guard_iat_table         00000000     <absolute>
 0000:00000000       ___guard_iat_count         00000000     <absolute>
 0000:00000000       ___guard_fids_count        00000000     <absolute>
 0000:00000000       __except_list              00000000     <absolute>
 0000:00000000       ___guard_fids_table        00000000     <absolute>
 0000:00000000       ___guard_longjmp_table     00000000     <absolute>
 0000:00000000       ___dynamic_value_reloc_table 00000000     <absolute>
 0000:00000003       ___safe_se_handler_count   00000003     <absolute>
 0000:00000100       ___guard_flags             00000100     <absolute>
 0000:00000000       ___ImageBase               00400000     <linker-defined>
 0001:0000016c       _agentf_new                0040116c f   agentf.obj
 0001:000002cb       _backend_socket_log        004012cb f   be_misc.obj
 0001:0000042f       _log_proxy_stderr          0040142f f   be_misc.obj
 0001:000005a4       _psb_init                  004015a4 f   be_misc.obj
 0001:000005b0       _delete_callbacks_for_context 004015b0 f   callback.obj
 0001:0000061c       _queue_idempotent_callback 0040161c f   callback.obj
 0001:00000638       _queue_toplevel_callback   00401638 f   callback.obj
 0001:000006a8       _run_toplevel_callbacks    004016a8 f   callback.obj
 0001:000006f6       _toplevel_callback_pending 004016f6 f   callback.obj
 0001:00000730       _cmdline_get_passwd_input  00401730 f   cmdline.obj
 0001:0000079d       _cmdline_host_ok           0040179d f   cmdline.obj
 0001:000007e3       _cmdline_process_param     004017e3 f   cmdline.obj
 0001:00001bd7       _cmdline_run_saved         00402bd7 f   cmdline.obj
 0001:00001d05       _conf_copy                 00402d05 f   conf.obj
 0001:00001d1d       _conf_copy_into            00402d1d f   conf.obj
 0001:00001df4       _conf_del_str_str          00402df4 f   conf.obj
 0001:00001e76       _conf_deserialise          00402e76 f   conf.obj
 0001:00001f86       _conf_free                 00402f86 f   conf.obj
 0001:00001fa3       _conf_get_bool             00402fa3 f   conf.obj
 0001:00002024       _conf_get_filename         00403024 f   conf.obj
 0001:000020a5       _conf_get_fontspec         004030a5 f   conf.obj
 0001:00002126       _conf_get_int              00403126 f   conf.obj
 0001:000021a7       _conf_get_int_int          004031a7 f   conf.obj
 0001:0000222e       _conf_get_str              0040322e f   conf.obj
 0001:000022af       _conf_get_str_nthstrkey    004032af f   conf.obj
 0001:0000234b       _conf_get_str_str          0040334b f   conf.obj
 0001:00002381       _conf_get_str_str_opt      00403381 f   conf.obj
 0001:000023f6       _conf_get_str_strs         004033f6 f   conf.obj
 0001:000024ea       _conf_new                  004034ea f   conf.obj
 0001:0000250b       _conf_serialise            0040350b f   conf.obj
 0001:000025e9       _conf_set_bool             004035e9 f   conf.obj
 0001:00002658       _conf_set_filename         00403658 f   conf.obj
 0001:000026cd       _conf_set_fontspec         004036cd f   conf.obj
 0001:00002742       _conf_set_int              00403742 f   conf.obj
 0001:000027b1       _conf_set_int_int          004037b1 f   conf.obj
 0001:00002827       _conf_set_str              00403827 f   conf.obj
 0001:0000289c       _conf_set_str_str          0040389c f   conf.obj
 0001:00002975       ___local_stdio_printf_options 00403975 f i config.obj
 0001:0000297b       __vsnprintf_l              0040397b f i config.obj
 0001:00002ffc       _conf_checkbox_handler     00403ffc f   config.obj
 0001:00003082       _conf_editbox_handler      00404082 f   config.obj
 0001:000031d3       _conf_filesel_handler      004041d3 f   config.obj
 0001:00003224       _conf_fontsel_handler      00404224 f   config.obj
 0001:00003275       _conf_radiobutton_bool_handler 00404275 f   config.obj
 0001:00003322       _conf_radiobutton_handler  00404322 f   config.obj
 0001:0000354e       _config_protocolbuttons_handler 0040454e f   config.obj
 0001:000045d9       _setup_config_box          004055d9 f   config.obj
 0001:000078b4       _sprintf                   004088b4 f i config.obj
 0001:00007be9       _proxy_socks5_handlechap   00408be9 f   cproxy.obj
 0001:00007dfa       _proxy_socks5_offerencryptedauth 00408dfa f   cproxy.obj
 0001:00007e0b       _proxy_socks5_selectchap   00408e0b f   cproxy.obj
 0001:00007eff       _P                         00408eff f   dialog.obj
 0001:00007eff       _I                         00408eff f   dialog.obj
 0001:00007f04       _ctrl_alloc                00408f04 f   dialog.obj
 0001:00007f1a       _ctrl_alloc_with_free      00408f1a f   dialog.obj
 0001:00007f79       _ctrl_checkbox             00408f79 f   dialog.obj
 0001:00007fb6       _ctrl_columns              00408fb6 f   dialog.obj
 0001:00008034       _ctrl_combobox             00409034 f   dialog.obj
 0001:00008088       _ctrl_draglist             00409088 f   dialog.obj
 0001:000080e6       _ctrl_droplist             004090e6 f   dialog.obj
 0001:0000813e       _ctrl_editbox              0040913e f   dialog.obj
 0001:0000818d       _ctrl_filesel              0040918d f   dialog.obj
 0001:000081e2       _ctrl_find_path            004091e2 f   dialog.obj
 0001:00008273       _ctrl_fontsel              00409273 f   dialog.obj
 0001:000082b0       _ctrl_free                 004092b0 f   dialog.obj
 0001:00008329       _ctrl_free_box             00409329 f   dialog.obj
 0001:00008386       _ctrl_free_set             00409386 f   dialog.obj
 0001:000083d2       _ctrl_getset               004093d2 f   dialog.obj
 0001:000084c0       _ctrl_listbox              004094c0 f   dialog.obj
 0001:0000858a       _ctrl_new_box              0040958a f   dialog.obj
 0001:000085b0       _ctrl_path_compare         004095b0 f   dialog.obj
 0001:000085f1       _ctrl_path_elements        004095f1 f   dialog.obj
 0001:00008615       _ctrl_pushbutton           00409615 f   dialog.obj
 0001:00008658       _ctrl_radiobuttons         00409658 f   dialog.obj
 0001:00008737       _ctrl_settitle             00409737 f   dialog.obj
 0001:000087c5       _ctrl_tabdelay             004097c5 f   dialog.obj
 0001:000087e0       _ctrl_text                 004097e0 f   dialog.obj
 0001:00008808       _ecc_edwards_add           00409808 f   ecc.obj
 0001:00008ac9       _ecc_edwards_eq            00409ac9 f   ecc.obj
 0001:00008b26       _ecc_edwards_get_affine    00409b26 f   ecc.obj
 0001:00008bb4       _ecc_edwards_multiply      00409bb4 f   ecc.obj
 0001:00008c9b       _ecc_edwards_point_copy    00409c9b f   ecc.obj
 0001:00008cdd       _ecc_edwards_point_free    00409cdd f   ecc.obj
 0001:00008d14       _ecc_edwards_point_new     00409d14 f   ecc.obj
 0001:00008d66       _ecc_edwards_point_new_from_y 00409d66 f   ecc.obj
 0001:00008f4c       _ecc_montgomery_curve      00409f4c f   ecc.obj
 0001:00009007       _ecc_montgomery_diff_add   0040a007 f   ecc.obj
 0001:0000919d       _ecc_montgomery_double     0040a19d f   ecc.obj
 0001:000092c6       _ecc_montgomery_get_affine 0040a2c6 f   ecc.obj
 0001:0000931e       _ecc_montgomery_multiply   0040a31e f   ecc.obj
 0001:00009408       _ecc_montgomery_point_copy 0040a408 f   ecc.obj
 0001:00009434       _ecc_montgomery_point_free 0040a434 f   ecc.obj
 0001:0000945b       _ecc_montgomery_point_new  0040a45b f   ecc.obj
 0001:000094ad       _ecc_weierstrass_add       0040a4ad f   ecc.obj
 0001:00009591       _ecc_weierstrass_add_general 0040a591 f   ecc.obj
 0001:000098b3       _ecc_weierstrass_curve     0040a8b3 f   ecc.obj
 0001:000098b3       _ecc_edwards_curve         0040a8b3 f   ecc.obj
 0001:00009917       _ecc_weierstrass_double    0040a917 f   ecc.obj
 0001:00009ab9       _ecc_weierstrass_get_affine 0040aab9 f   ecc.obj
 0001:00009afb       _ecc_weierstrass_is_identity 0040aafb f   ecc.obj
 0001:00009b0f       _ecc_weierstrass_multiply  0040ab0f f   ecc.obj
 0001:00009c77       _ecc_weierstrass_point_copy 0040ac77 f   ecc.obj
 0001:00009cae       _ecc_weierstrass_point_free 0040acae f   ecc.obj
 0001:00009cdd       _ecc_weierstrass_point_new 0040acdd f   ecc.obj
 0001:00009d2c       _ecc_weierstrass_point_new_from_x 0040ad2c f   ecc.obj
 0001:00009e39       _ecc_weierstrass_point_new_identity 0040ae39 f   ecc.obj
 0001:00009ea6       _ecc_weierstrass_point_valid 0040aea6 f   ecc.obj
 0001:0000a175       _ssh_verstring_get_local   0040b175 f   sshverstring.obj
 0001:0000a17d       _new_error_socket_fmt      0040b17d f   errsock.obj
 0001:0000a1ee       _ldisc_configure           0040b1ee f   ldisc.obj
 0001:0000a235       _ldisc_create              0040b235 f   ldisc.obj
 0001:0000a290       _ldisc_echoedit_update     0040b290 f   ldisc.obj
 0001:0000a2ee       _ldisc_free                0040b2ee f   ldisc.obj
 0001:0000a329       _ldisc_send                0040b329 f   ldisc.obj
 0001:0000a999       _log_init                  0040b999 f   logging.obj
 0001:0000a9e0       _log_packet                0040b9e0 f   logging.obj
 0001:0000ad54       _log_reconfig              0040bd54 f   logging.obj
 0001:0000addd       _logevent                  0040bddd f   logging.obj
 0001:0000ae60       _logevent_and_free         0040be60 f   logging.obj
 0001:0000aeb3       _logeventf                 0040beb3 f   logging.obj
 0001:0000aec9       _logeventvf                0040bec9 f   logging.obj
 0001:0000aee4       _logfclose                 0040bee4 f   logging.obj
 0001:0000aeff       _logflush                  0040beff f   logging.obj
 0001:0000af18       _logfopen                  0040bf18 f   logging.obj
 0001:0000b1f0       _logtraffic                0040c1f0 f   logging.obj
 0001:0000bb44       _mainchan_get_specials     0040cb44 f   mainchan.obj
 0001:0000bc6a       _mainchan_new              0040cc6a f   mainchan.obj
 0001:0000bd8d       _mainchan_special_cmd      0040cd8d f   mainchan.obj
 0001:0000be08       _mainchan_terminal_size    0040ce08 f   mainchan.obj
 0001:0000bf0e       _BinarySink_put_asciz      0040cf0e f   marshal.obj
 0001:0000bf28       _BinarySink_put_bool       0040cf28 f   marshal.obj
 0001:0000bf44       _BinarySink_put_byte       0040cf44 f   marshal.obj
 0001:0000bf56       _BinarySink_put_data       0040cf56 f   marshal.obj
 0001:0000bf69       _BinarySink_put_datapl     0040cf69 f   marshal.obj
 0001:0000bf7e       _BinarySink_put_padding    0040cf7e f   marshal.obj
 0001:0000bfd6       _BinarySink_put_pstring    0040cfd6 f   marshal.obj
 0001:0000c00b       _BinarySink_put_string     0040d00b f   marshal.obj
 0001:0000c02a       _BinarySink_put_stringpl   0040d02a f   marshal.obj
 0001:0000c03f       _BinarySink_put_stringsb   0040d03f f   marshal.obj
 0001:0000c05d       _BinarySink_put_stringz    0040d05d f   marshal.obj
 0001:0000c078       _BinarySink_put_uint16     0040d078 f   marshal.obj
 0001:0000c09c       _BinarySink_put_uint32     0040d09c f   marshal.obj
 0001:0000c0d0       _BinarySink_put_uint64     0040d0d0 f   marshal.obj
 0001:0000c14d       _BinarySource_REWIND_TO__  0040d14d f   marshal.obj
 0001:0000c192       _BinarySource_get_asciz    0040d192 f   marshal.obj
 0001:0000c1d9       _BinarySource_get_bool     0040d1d9 f   marshal.obj
 0001:0000c201       _BinarySource_get_byte     0040d201 f   marshal.obj
 0001:0000c221       _BinarySource_get_data     0040d221 f   marshal.obj
 0001:0000c24e       _BinarySource_get_pstring  0040d24e f   marshal.obj
 0001:0000c29a       _BinarySource_get_string   0040d29a f   marshal.obj
 0001:0000c308       _BinarySource_get_uint16   0040d308 f   marshal.obj
 0001:0000c339       _BinarySource_get_uint32   0040d339 f   marshal.obj
 0001:0000c37d       _bufchain_sink_init        0040d37d f   marshal.obj
 0001:0000c3ac       _safefree                  0040d3ac f   memory.obj
 0001:0000c3b8       _safegrowarray             0040d3b8 f   memory.obj
 0001:0000c4cd       _safemalloc                0040d4cd f   memory.obj
 0001:0000c50b       _saferealloc               0040d50b f   memory.obj
 0001:0000d7d0       _do_bidi                   0040e7d0 f   minibidi.obj
 0001:0000de18       _do_shape                  0040ee18 f   minibidi.obj
 0001:0000e151       _is_rtl                    0040f151 f   minibidi.obj
 0001:0000e18e       _add_prompt                0040f18e f   misc.obj
 0001:0000e1dd       _buildinfo                 0040f1dd f   misc.obj
 0001:0000e277       _conf_dest                 0040f277 f   misc.obj
 0001:0000e29b       _conf_launchable           0040f29b f   misc.obj
 0001:0000e2c6       _free_prompts              0040f2c6 f   misc.obj
 0001:0000e31d       _new_prompts               0040f31d f   misc.obj
 0001:0000e34a       __get_startup_new_mode     0040f34a f   LIBCMT:new_mode.obj
 0001:0000e34a       _nullseat_get_x_display    0040f34a f   misc.obj
 0001:0000e34a       ___scrt_initialize_winrt   0040f34a f   LIBCMT:utility_desktop.obj
 0001:0000e34a       __matherr                  0040f34a f   LIBCMT:matherr.obj
 0001:0000e34a       __get_startup_commit_mode  0040f34a f   LIBCMT:commit_mode.obj
 0001:0000e34a       __get_startup_thread_locale_mode 0040f34a f   LIBCMT:thread_locale.obj
 0001:0000e34d       _out_of_memory             0040f34d f   misc.obj
 0001:0000e359       _prompt_get_result         0040f359 f   misc.obj
 0001:0000e369       _prompt_get_result_ref     0040f369 f   misc.obj
 0001:0000e373       _prompt_set_result         0040f373 f   misc.obj
 0001:0000e3a1       _seat_connection_fatal     0040f3a1 f   misc.obj
 0001:0000e3c8       _sk_free_peer_info         0040f3c8 f   misc.obj
 0001:0000e3ec       _validate_manual_hostkey   0040f3ec f   misc.obj
 0001:0000e5a2       _dup_mb_to_wc              0040f5a2 f   miscucs.obj
 0001:0000e5c1       _dup_mb_to_wc_c            0040f5c1 f   miscucs.obj
 0001:0000e62e       _BinarySink_put_mp_ssh1    0040f62e f   mpint.obj
 0001:0000e695       _BinarySink_put_mp_ssh2    0040f695 f   mpint.obj
 0001:0000e6d9       _BinarySource_get_mp_ssh1  0040f6d9 f   mpint.obj
 0001:0000e748       _BinarySource_get_mp_ssh2  0040f748 f   mpint.obj
 0001:0000e796       _modsqrt_new               0040f796 f   mpint.obj
 0001:0000e823       _monty_add                 0040f823 f   mpint.obj
 0001:0000e86a       _monty_export              0040f86a f   mpint.obj
 0001:0000e88d       _monty_export_into         0040f88d f   mpint.obj
 0001:0000e8ec       _monty_free                0040f8ec f   mpint.obj
 0001:0000e936       _monty_import              0040f936 f   mpint.obj
 0001:0000e94c       _monty_invert              0040f94c f   mpint.obj
 0001:0000e979       _monty_modsqrt             0040f979 f   mpint.obj
 0001:0000eb41       _monty_mul                 0040fb41 f   mpint.obj
 0001:0000eb68       _monty_mul_into            0040fb68 f   mpint.obj
 0001:0000ec24       _monty_new                 0040fc24 f   mpint.obj
 0001:0000ece0       _monty_pow                 0040fce0 f   mpint.obj
 0001:0000eece       _monty_sub                 0040fece f   mpint.obj
 0001:0000ef0d       _mp_add                    0040ff0d f   mpint.obj
 0001:0000ef39       _mp_add_integer_into       0040ff39 f   mpint.obj
 0001:0000f020       _mp_add_into               00410020 f   mpint.obj
 0001:0000f3f5       _mp_clear                  004103f5 f   mpint.obj
 0001:0000f40a       _mp_cmp_eq                 0041040a f   mpint.obj
 0001:0000f458       _mp_cmp_hs                 00410458 f   mpint.obj
 0001:0000f47b       _mp_cond_add_into          0041047b f   mpint.obj
 0001:0000f4a3       _mp_cond_clear             004104a3 f   mpint.obj
 0001:0000f4c3       _mp_cond_sub_into          004104c3 f   mpint.obj
 0001:0000f4ee       _mp_cond_swap              004104ee f   mpint.obj
 0001:0000f54d       _mp_copy                   0041054d f   mpint.obj
 0001:0000f576       _mp_copy_into              00410576 f   mpint.obj
 0001:0000f5b3       _mp_divmod_into            004105b3 f   mpint.obj
 0001:0000fafd       _mp_eq_integer             00410afd f   mpint.obj
 0001:0000fc4c       _mp_free                   00410c4c f   mpint.obj
 0001:0000fc68       _mp_from_bytes_be          00410c68 f   mpint.obj
 0001:0000fcde       _mp_from_bytes_le          00410cde f   mpint.obj
 0001:0000fcf3       _mp_from_decimal           00410cf3 f   mpint.obj
 0001:0000fd0a       _mp_from_decimal_pl        00410d0a f   mpint.obj
 0001:0000fd88       _mp_from_hex               00410d88 f   mpint.obj
 0001:0000fd9f       _mp_from_hex_pl            00410d9f f   mpint.obj
 0001:0000fe6d       _mp_from_integer           00410e6d f   mpint.obj
 0001:0000fea5       _mp_get_bit                00410ea5 f   mpint.obj
 0001:0000fec5       _mp_get_byte               00410ec5 f   mpint.obj
 0001:0000fee5       _mp_get_hex                00410ee5 f   mpint.obj
 0001:0000ff7c       _mp_get_nbits              00410f7c f   mpint.obj
 0001:0000ffd6       _mp_hs_integer             00410fd6 f   mpint.obj
 0001:00010030       _mp_invert                 00411030 f   mpint.obj
 0001:00010054       _mp_invert_mod_2to         00411054 f   mpint.obj
 0001:0001033f       _mp_lshift_fixed_into      0041133f f   mpint.obj
 0001:00010405       _mp_max                    00411405 f   mpint.obj
 0001:00010430       _mp_max_bits               00411430 f   mpint.obj
 0001:0001043a       _mp_max_into               0041143a f   mpint.obj
 0001:0001045c       _mp_min                    0041145c f   mpint.obj
 0001:00010487       _mp_min_into               00411487 f   mpint.obj
 0001:000104a9       _mp_mod                    004114a9 f   mpint.obj
 0001:000104cd       _mp_modadd                 004114cd f   mpint.obj
 0001:000104f8       _mp_modmul                 004114f8 f   mpint.obj
 0001:00010523       _mp_modpow                 00411523 f   mpint.obj
 0001:000105a9       _mp_mul                    004115a9 f   mpint.obj
 0001:000106c1       _mp_mul_integer_into       004116c1 f   mpint.obj
 0001:00010a0f       _mp_mul_into               00411a0f f   mpint.obj
 0001:00010a52       _mp_neg_into               00411a52 f   mpint.obj
 0001:00010a71       _mp_new                    00411a71 f   mpint.obj
 0001:00010a83       _mp_power_2                00411a83 f   mpint.obj
 0001:00010aa5       _mp_random_bits_fn         00411aa5 f   mpint.obj
 0001:00010af8       _mp_random_in_range_fn     00411af8 f   mpint.obj
 0001:00010b47       _mp_reduce_mod_2to         00411b47 f   mpint.obj
 0001:00010b6f       _mp_rshift_fixed           00411b6f f   mpint.obj
 0001:00010ba8       _mp_rshift_fixed_into      00411ba8 f   mpint.obj
 0001:00010c13       _mp_rshift_safe            00411c13 f   mpint.obj
 0001:00010d3a       _mp_select_into            00411d3a f   mpint.obj
 0001:00010d7e       _mp_set_bit                00411d7e f   mpint.obj
 0001:00010dcd       _mp_sub                    00411dcd f   mpint.obj
 0001:00010df8       _mp_sub_integer_into       00411df8 f   mpint.obj
 0001:00010e1c       _mp_sub_into               00411e1c f   mpint.obj
 0001:00010fb0       _pinger_free               00411fb0 f   pinger.obj
 0001:00010fbf       _pinger_new                00411fbf f   pinger.obj
 0001:00010ff2       _pinger_reconfig           00411ff2 f   pinger.obj
 0001:00011a33       _pfr_free                  00412a33 f   portfwd.obj
 0001:00011a72       _portfwd_raw_free          00412a72 f   portfwd.obj
 0001:00011aa2       _portfwd_raw_new           00412aa2 f   portfwd.obj
 0001:00011aee       _portfwd_raw_setup         00412aee f   portfwd.obj
 0001:00011b22       _portfwdmgr_close          00412b22 f   portfwd.obj
 0001:00011b45       _portfwdmgr_close_all      00412b45 f   portfwd.obj
 0001:00011b71       _portfwdmgr_config         00412b71 f   portfwd.obj
 0001:000121a0       _portfwdmgr_connect        004131a0 f   portfwd.obj
 0001:0001229c       _portfwdmgr_free           0041329c f   portfwd.obj
 0001:000122c9       _portfwdmgr_new            004132c9 f   portfwd.obj
 0001:0001265b       ___local_stdio_scanf_options 0041365b f i proxy.obj
 0001:00012661       __vsscanf_l                00413661 f i proxy.obj
 0001:000126bc       _format_telnet_command     004136bc f   proxy.obj
 0001:000129fe       _name_lookup               004139fe f   proxy.obj
 0001:00012ab6       _new_connection            00413ab6 f   proxy.obj
 0001:00012df6       _new_listener              00413df6 f   proxy.obj
 0001:00012e2c       _proxy_activate            00413e2c f   proxy.obj
 0001:00013109       _proxy_http_negotiate      00414109 f   proxy.obj
 0001:00013529       _proxy_socks4_negotiate    00414529 f   proxy.obj
 0001:00013735       _proxy_socks5_negotiate    00414735 f   proxy.obj
 0001:00013c9d       _proxy_telnet_negotiate    00414c9d f   proxy.obj
 0001:00013e19       _sscanf                    00414e19 f i proxy.obj
 0001:0001468b       _ser_setup_config_box      0041568b f   sercfg.obj
 0001:00014aca       _prepare_session           00415aca f   sessprep.obj
 0001:00014b71       _backend_vt_from_name      00415b71 f   settings.obj
 0001:00014ba4       _backend_vt_from_proto     00415ba4 f   settings.obj
 0001:00014bca       _do_defaults               00415bca f   settings.obj
 0001:00014bcf       _get_remote_username       00415bcf f   settings.obj
 0001:00014c01       _get_sesslist              00415c01 f   settings.obj
 0001:000151a5       _load_open_settings        004161a5 f   settings.obj
 0001:00016355       _load_settings             00417355 f   settings.obj
 0001:0001643b       _save_open_settings        0041743b f   settings.obj
 0001:000176fb       _save_settings             004186fb f   settings.obj
 0001:00017aa9       _EnableSizeTip             00418aa9 f   sizetip.obj
 0001:00017cb5       _UpdateSizeTip             00418cb5 f   sizetip.obj
 0001:000186aa       _ssh_check_frozen          004196aa f   ssh.obj
 0001:00018705       _ssh_conn_processed_data   00419705 f   ssh.obj
 0001:000187a9       _ssh_deferred_abort_callback 004197a9 f   ssh.obj
 0001:000187d2       _ssh_get_logctx            004197d2 f   ssh.obj
 0001:000187da       _ssh_got_exitcode          004197da f   ssh.obj
 0001:000187e6       _ssh_got_fallback_cmd      004197e6 f   ssh.obj
 0001:00018c5e       _ssh_ldisc_update          00419c5e f   ssh.obj
 0001:00018c72       _ssh_proto_error           00419c72 f   ssh.obj
 0001:00018cd9       _ssh_remote_eof            00419cd9 f   ssh.obj
 0001:00018d32       _ssh_remote_error          00419d32 f   ssh.obj
 0001:00018e3b       _ssh_sw_abort              00419e3b f   ssh.obj
 0001:00018e9c       _ssh_sw_abort_deferred     00419e9c f   ssh.obj
 0001:00018ef6       _ssh_throttle_conn         00419ef6 f   ssh.obj
 0001:00018f47       _ssh_user_close            00419f47 f   ssh.obj
 0001:00019620       _ssh1_bpp_new              0041a620 f   ssh1bpp.obj
 0001:0001965d       _ssh1_bpp_new_cipher       0041a65d f   ssh1bpp.obj
 0001:00019758       _ssh1_bpp_start_compression 0041a758 f   ssh1bpp.obj
 0001:000197d2       _ssh1_censor_packet        0041a7d2 f   ssh1censor.obj
 0001:00019fbc       _ssh1_channel_free         0041afbc f   ssh1connection.obj
 0001:00019fd7       _ssh1_channel_init         0041afd7 f   ssh1connection.obj
 0001:0001a096       _ssh1_check_termination    0041b096 f   ssh1connection.obj
 0001:0001a361       _ssh1_connection_new       0041b361 f   ssh1connection.obj
 0001:0001a3ea       _ssh1_connection_set_protoflags 0041b3ea f   ssh1connection.obj
 0001:0001a6e2       _ssh1_connection_direction_specific_setup 0041b6e2 f   ssh1connection-client.obj
 0001:0001a711       _ssh1_connection_need_antispoof_prompt 0041b711 f   ssh1connection-client.obj
 0001:0001a779       _ssh1_handle_direction_specific_packet 0041b779 f   ssh1connection-client.obj
 0001:0001ac27       _ssh1_rportfwd_alloc       0041bc27 f   ssh1connection-client.obj
 0001:0001ad76       _ssh1_serverside_agent_open 0041bd76 f   ssh1connection-client.obj
 0001:0001ad92       _ssh1_serverside_x11_open  0041bd92 f   ssh1connection-client.obj
 0001:0001adbd       _ssh1_session_open         0041bdbd f   ssh1connection-client.obj
 0001:0001cb79       _ssh1_login_new            0041db79 f   ssh1login.obj
 0001:0001da53       _ssh2_bpp_new              0041ea53 f   ssh2bpp.obj
 0001:0001da9e       _ssh2_bpp_new_incoming_crypto 0041ea9e f   ssh2bpp.obj
 0001:0001dbf5       _ssh2_bpp_new_outgoing_crypto 0041ebf5 f   ssh2bpp.obj
 0001:0001dd5e       _ssh2_bpp_rekey_inadvisable 0041ed5e f   ssh2bpp.obj
 0001:0001e0c9       _ssh2_bare_bpp_new         0041f0c9 f   ssh2bpp-bare.obj
 0001:0001e103       _ssh2_censor_packet        0041f103 f   ssh2censor.obj
 0001:0001ecab       _ssh2_channel_init         0041fcab f   ssh2connection.obj
 0001:0001ee17       _ssh2_chanopen_init        0041fe17 f   ssh2connection.obj
 0001:0001ee5f       _ssh2_chanreq_init         0041fe5f f   ssh2connection.obj
 0001:0001fa6b       _ssh2_connection_new       00420a6b f   ssh2connection.obj
 0001:0001fb3b       _ssh2_queue_global_request_handler 00420b3b f   ssh2connection.obj
 0001:0001ffbf       _ssh2_connection_need_antispoof_prompt 00420fbf f   ssh2connection-client.obj
 0001:0001ffdd       _ssh2_connection_parse_channel_open 00420fdd f   ssh2connection-client.obj
 0001:00020134       _ssh2_portfwd_chanopen     00421134 f   ssh2connection-client.obj
 0001:000201ad       _ssh2_rportfwd_alloc       004211ad f   ssh2connection-client.obj
 0001:0002035f       _ssh2_rportfwd_remove      0042135f f   ssh2connection-client.obj
 0001:00020401       _ssh2_serverside_agent_open 00421401 f   ssh2connection-client.obj
 0001:0002041d       _ssh2_serverside_x11_open  0042141d f   ssh2connection-client.obj
 0001:00020439       _ssh2_session_open         00421439 f   ssh2connection-client.obj
 0001:00020498       _ssh2channel_request_agent_forwarding 00421498 f   ssh2connection-client.obj
 0001:000204cf       _ssh2channel_request_pty   004214cf f   ssh2connection-client.obj
 0001:000205bb       _ssh2channel_request_x11_forwarding 004215bb f   ssh2connection-client.obj
 0001:00020621       _ssh2channel_send_env_var  00421621 f   ssh2connection-client.obj
 0001:00020677       _ssh2channel_send_exit_signal 00421677 f   ssh2connection-client.obj
 0001:00020693       _ssh2channel_send_exit_signal_numeric 00421693 f   ssh2connection-client.obj
 0001:000206af       _ssh2channel_send_exit_status 004216af f   ssh2connection-client.obj
 0001:000206cb       _ssh2channel_send_serial_break 004216cb f   ssh2connection-client.obj
 0001:00020715       _ssh2channel_send_signal   00421715 f   ssh2connection-client.obj
 0001:0002075f       _ssh2channel_send_terminal_size_change 0042175f f   ssh2connection-client.obj
 0001:000207b6       _ssh2channel_start_command 004217b6 f   ssh2connection-client.obj
 0001:000207fe       _ssh2channel_start_shell   004217fe f   ssh2connection-client.obj
 0001:00020835       _ssh2channel_start_subsystem 00421835 f   ssh2connection-client.obj
 0001:0002087f       _ssh2kex_coroutine         0042187f f   ssh2kex-client.obj
 0001:00021ee4       _ssh_transient_hostkey_cache_add 00422ee4 f   ssh2transhk.obj
 0001:00021f9b       _ssh_transient_hostkey_cache_free 00422f9b f   ssh2transhk.obj
 0001:00021fe0       _ssh_transient_hostkey_cache_has 00422fe0 f   ssh2transhk.obj
 0001:00021ffe       _ssh_transient_hostkey_cache_new 00422ffe f   ssh2transhk.obj
 0001:0002201f       _ssh_transient_hostkey_cache_non_empty 0042301f f   ssh2transhk.obj
 0001:00022033       _ssh_transient_hostkey_cache_verify 00423033 f   ssh2transhk.obj
 0001:000231f7       _ssh2_common_filter_queue  004241f7 f   ssh2transport.obj
 0001:000239ba       _ssh2_transport_dialog_callback 004249ba f   ssh2transport.obj
 0001:00023a6f       _ssh2_transport_get_session_id 00424a6f f   ssh2transport.obj
 0001:00023cb2       _ssh2_transport_new        00424cb2 f   ssh2transport.obj
 0001:00023e5e       _ssh2_transport_notify_auth_done 00424e5e f   ssh2transport.obj
 0001:00023e9f       _ssh2_transport_pop        00424e9f f   ssh2transport.obj
 0001:0002479e       _ssh2transport_finalise_exhash 0042579e f   ssh2transport.obj
 0001:00027271       _ssh2_userauth_new         00428271 f   ssh2userauth.obj
 0001:00027347       _ssh2_userauth_set_transport_layer 00428347 f   ssh2userauth.obj
 0001:0002cb41       _aes256_decrypt_pubkey     0042db41 f   sshauxcrypt.obj
 0001:0002cbbb       _des3_decrypt_pubkey       0042dbbb f   sshauxcrypt.obj
 0001:0002cc5b       _des_decrypt_xdmauth       0042dc5b f   sshauxcrypt.obj
 0001:0002cc80       _des_encrypt_xdmauth       0042dc80 f   sshauxcrypt.obj
 0001:0002cd35       _hash_simple               0042dd35 f   sshauxcrypt.obj
 0001:0002cd5e       _mac_simple                0042dd5e f   sshauxcrypt.obj
 0001:0002d72b       _blowfish_expandkey        0042e72b f   sshblowf.obj
 0001:0002daad       _blowfish_initkey          0042eaad f   sshblowf.obj
 0001:0002e00f       __initialize_denormal_control 0042f00f f   LIBCMT:denormal_control.obj
 0001:0002e00f       ___except_validate_jump_buffer 0042f00f f   libvcruntime:jbcxrval.obj
 0001:0002e00f       __initialize_invalid_parameter_handler 0042f00f f   LIBCMT:invalid_parameter_handler.obj
 0001:0002e00f       @_guard_check_icall_nop@4  0042f00f f   LIBCMT:guard_support.obj
 0001:0002e00f       _nullseat_echoedit_update  0042f00f f   misc.obj
 0001:0002e00f       ___except_validate_context_record 0042f00f f   libvcruntime:jbcxrval.obj
 0001:0002e00f       _platform_ssh_share_cleanup 0042f00f f   winshare.obj
 0001:0002ef12       _nullseat_get_windowid     0042ff12 f   misc.obj
 0001:0002ef12       _chan_no_send_break        0042ff12 f   sshcommon.obj
 0001:0002ef12       _chan_no_exit_status       0042ff12 f   sshcommon.obj
 0001:0002ef12       _sk_address_is_special_local 0042ff12 f   winnet.obj
 0001:0002ef12       _chan_no_run_subsystem     0042ff12 f   sshcommon.obj
 0001:0002ef12       _chan_no_set_env           0042ff12 f   sshcommon.obj
 0001:0002ef12       _chan_no_change_window_size 0042ff12 f   sshcommon.obj
 0001:0002ef12       _chan_no_allocate_pty      0042ff12 f   sshcommon.obj
 0001:0002ef12       _chan_no_send_signal       0042ff12 f   sshcommon.obj
 0001:0002ef12       _chan_no_run_command       0042ff12 f   sshcommon.obj
 0001:0002ef12       _chan_no_enable_x11_forwarding 0042ff12 f   sshcommon.obj
 0001:0002ef12       _ssh2_connection_parse_global_request 0042ff12 f   ssh2connection-client.obj
 0001:0002ef12       _chan_no_exit_signal_numeric 0042ff12 f   sshcommon.obj
 0001:0002ef12       _chan_no_exit_signal       0042ff12 f   sshcommon.obj
 0001:0002ef12       _chan_no_run_shell         0042ff12 f   sshcommon.obj
 0001:0002ef12       _chan_no_enable_agent_forwarding 0042ff12 f   sshcommon.obj
 0001:0002ef15       _chan_no_request_response  0042ff15 f   sshcommon.obj
 0001:0002ef31       _add_to_commasep           0042ff31 f   sshcommon.obj
 0001:0002ef65       _alloc_channel_id_general  0042ff65 f   sshcommon.obj
 0001:0002efb6       _chan_default_want_close   0042ffb6 f   sshcommon.obj
 0001:0002efcb       _chan_remotely_opened_confirmation 0042ffcb f   sshcommon.obj
 0001:0002efe7       _chan_remotely_opened_failure 0042ffe7 f   sshcommon.obj
 0001:0002f003       _free_rportfwd             00430003 f   sshcommon.obj
 0001:0002f02f       _get_commasep_word         0043002f f   sshcommon.obj
 0001:0002f09a       _get_ttymodes_from_conf    0043009a f   sshcommon.obj
 0001:0002f28f       _pq_base_concatenate       0043028f f   sshcommon.obj
 0001:0002f389       _pq_base_push              00430389 f   sshcommon.obj
 0001:0002f3c0       _pq_base_push_front        004303c0 f   sshcommon.obj
 0001:0002f497       _pq_in_clear               00430497 f   sshcommon.obj
 0001:0002f4b0       _pq_in_init                004304b0 f   sshcommon.obj
 0001:0002f4f9       _pq_out_clear              004304f9 f   sshcommon.obj
 0001:0002f524       _pq_out_init               00430524 f   sshcommon.obj
 0001:0002f598       _read_ttymodes_from_packet 00430598 f   sshcommon.obj
 0001:0002f66a       _ssh1_common_filter_queue  0043066a f   sshcommon.obj
 0001:0002f700       _ssh1_common_get_specials  00430700 f   sshcommon.obj
 0001:0002f724       _ssh1_compute_session_id   00430724 f   sshcommon.obj
 0001:0002f7b8       _ssh1_pkt_type             004307b8 f   sshcommon.obj
 0001:0002f985       _ssh2_bpp_check_unimplemented 00430985 f   sshcommon.obj
 0001:0002f9de       _ssh2_bpp_queue_disconnect 004309de f   sshcommon.obj
 0001:0002fa24       _ssh2_pkt_type             00430a24 f   sshcommon.obj
 0001:0002fdc2       _ssh_bpp_common_setup      00430dc2 f   sshcommon.obj
 0001:0002fe1e       _ssh_free_pktout           00430e1e f   sshcommon.obj
 0001:0002fe35       _ssh_new_packet            00430e35 f   sshcommon.obj
 0001:0002feab       _ssh_ppl_default_queued_data_size 00430eab f   sshcommon.obj
 0001:0002feb6       _ssh_ppl_free              00430eb6 f   sshcommon.obj
 0001:0002feb6       _ssh_bpp_free              00430eb6 f   sshcommon.obj
 0001:0002fed6       _ssh_ppl_replace           00430ed6 f   sshcommon.obj
 0001:0002ff24       _ssh_ppl_setup_queues      00430f24 f   sshcommon.obj
 0001:0002ff60       _ssh_ppl_user_output_string_and_free 00430f60 f   sshcommon.obj
 0001:0002ff8b       _verify_ssh_manual_host_key 00430f8b f   sshcommon.obj
 0001:00030106       _write_ttymodes_to_packet  00431106 f   sshcommon.obj
 0001:000301c7       _zombiechan_new            004311c7 f   sshcommon.obj
 0001:000301e0       _crc32_ssh1                004311e0 f   sshcrc.obj
 0001:000301f3       _crc32_update              004311f3 f   sshcrc.obj
 0001:0003030d       _crcda_free_context        0043130d f   sshcrcda.obj
 0001:0003032a       _crcda_make_context        0043132a f   sshcrcda.obj
 0001:00030343       _detect_attack             00431343 f   sshcrcda.obj
 0001:00031220       _des_key_setup             00432220 f   sshdes.obj
 0001:0003137c       _dh_cleanup                0043237c f   sshdh.obj
 0001:000313d3       _dh_create_e               004323d3 f   sshdh.obj
 0001:00031454       _dh_find_K                 00432454 f   sshdh.obj
 0001:00031487       _dh_is_gex                 00432487 f   sshdh.obj
 0001:00031491       _dh_setup_gex              00432491 f   sshdh.obj
 0001:000314c4       _dh_setup_group            004324c4 f   sshdh.obj
 0001:00031508       _dh_validate_f             00432508 f   sshdh.obj
 0001:00031cfd       _dss_gen_k                 00432cfd f   sshdss.obj
 0001:00033906       _ssh_ecdhkex_curve_textname 00434906 f   sshecc.obj
 0001:00033913       _ssh_ecdhkex_freekey       00434913 f   sshecc.obj
 0001:00033931       _ssh_ecdhkex_getkey        00434931 f   sshecc.obj
 0001:00033947       _ssh_ecdhkex_getpublic     00434947 f   sshecc.obj
 0001:00033958       _ssh_ecdhkex_newkey        00434958 f   sshecc.obj
 0001:00033a6a       _ssh_gssapi_bind_fns       00434a6a f   sshgssc.obj
 0001:000340d6       _ssh2_mac_generate         004350d6 f   sshmac.obj
 0001:0003412e       _ssh2_mac_verify           0043512e f   sshmac.obj
 0001:00034159       _ssh2_mac_verresult        00435159 f   sshmac.obj
 0001:0003424c       _MD5Final                  0043524c f   sshmd5.obj
 0001:00034355       _MD5Init                   00435355 f   sshmd5.obj
 0001:00034f0f       _prng_add_entropy          00435f0f f   sshprng.obj
 0001:00035015       _prng_free                 00436015 f   sshprng.obj
 0001:00035079       _prng_new                  00436079 f   sshprng.obj
 0001:00035100       _prng_read                 00436100 f   sshprng.obj
 0001:000351e7       _prng_seed_begin           004361e7 f   sshprng.obj
 0001:0003522e       _prng_seed_finish          0043622e f   sshprng.obj
 0001:000352ca       _find_pubkey_alg           004362ca f   sshpubk.obj
 0001:000352e1       _find_pubkey_alg_len       004362e1 f   sshpubk.obj
 0001:0003539d       _key_type                  0043639d f   sshpubk.obj
 0001:00035617       _key_type_to_str           00436617 f   sshpubk.obj
 0001:0003569b       _openssh_loadpub           0043669b f   sshpubk.obj
 0001:00035a23       _rfc4716_loadpub           00436a23 f   sshpubk.obj
 0001:00035cac       _rsa_ssh1_encrypted        00436cac f   sshpubk.obj
 0001:00035f97       _rsa_ssh1_loadkey          00436f97 f   sshpubk.obj
 0001:00036051       _rsa_ssh1_loadpub          00437051 f   sshpubk.obj
 0001:00036296       _ssh2_fingerprint          00437296 f   sshpubk.obj
 0001:000362c8       _ssh2_fingerprint_blob     004372c8 f   sshpubk.obj
 0001:000363bf       _ssh2_load_userkey         004373bf f   sshpubk.obj
 0001:00036a91       _ssh2_userkey_encrypted    00437a91 f   sshpubk.obj
 0001:00036bea       _ssh2_userkey_loadpub      00437bea f   sshpubk.obj
 0001:00036eb9       _random_add_noise          00437eb9 f   sshrand.obj
 0001:00036edd       _random_clear              00437edd f   sshrand.obj
 0001:00036f78       _random_get_savedata       00437f78 f   sshrand.obj
 0001:00036fb2       _random_read               00437fb2 f   sshrand.obj
 0001:00036fe9       _random_ref                00437fe9 f   sshrand.obj
 0001:00037006       _random_save_seed          00438006 f   sshrand.obj
 0001:0003708c       _random_unref              0043808c f   sshrand.obj
 0001:00037588       _rsa2_invalid              00438588 f   sshrsa.obj
 0001:000375e0       _BinarySource_get_rsa_ssh1_priv 004385e0 f   sshrsa.obj
 0001:000375f5       _BinarySource_get_rsa_ssh1_pub 004385f5 f   sshrsa.obj
 0001:000376bd       _crt_modpow                004386bd f   sshrsa.obj
 0001:00037805       _freersakey                00438805 f   sshrsa.obj
 0001:0003784c       _freersapriv               0043884c f   sshrsa.obj
 0001:00037aba       _rsa_ssh1_decrypt          00438aba f   sshrsa.obj
 0001:00037abf       _rsa_ssh1_encrypt          00438abf f   sshrsa.obj
 0001:00037c11       _rsa_ssh1_fingerprint      00438c11 f   sshrsa.obj
 0001:00037d12       _rsa_ssh1_public_blob      00438d12 f   sshrsa.obj
 0001:00037d63       _rsa_verify                00438d63 f   sshrsa.obj
 0001:00037e82       _rsastr_fmt                00438e82 f   sshrsa.obj
 0001:00037ead       _ssh_rsakex_encrypt        00438ead f   sshrsa.obj
 0001:00037fe9       _ssh_rsakex_freekey        00438fe9 f   sshrsa.obj
 0001:00037ff8       _ssh_rsakex_klen           00438ff8 f   sshrsa.obj
 0001:00037ff8       _dh_modulus_bit_size       00438ff8 f   sshdh.obj
 0001:00038006       _ssh_rsakex_newkey         00439006 f   sshrsa.obj
 0001:00038b23       _SHA384_Final              00439b23 f   sshsh512.obj
 0001:00038b62       _SHA384_Init               00439b62 f   sshsh512.obj
 0001:00039a52       _SHA512_Final              0043aa52 f   sshsh512.obj
 0001:00039b8b       _SHA512_Init               0043ab8b f   sshsh512.obj
 0001:0003ab1c       _share_activate            0043bb1c f   sshshare.obj
 0001:0003ae36       _share_dead_xchannel_respond 0043be36 f   sshshare.obj
 0001:0003b99f       _share_got_pkt_from_server 0043c99f f   sshshare.obj
 0001:0003bca8       _share_ndownstreams        0043cca8 f   sshshare.obj
 0001:0003bdb7       _share_setup_x11_channel   0043cdb7 f   sshshare.obj
 0001:0003c163       _share_xchannel_confirmation 0043d163 f   sshshare.obj
 0001:0003c20e       _share_xchannel_failure    0043d20e f   sshshare.obj
 0001:0003c284       _sharestate_free           0043d284 f   sshshare.obj
 0001:0003c2de       _ssh_connection_sharing_init 0043d2de f   sshshare.obj
 0001:0003c4d8       _ssh_connshare_provide_connlayer 0043d4d8 f   sshshare.obj
 0001:0003c4e4       _ssh_share_sockname        0043d4e4 f   sshshare.obj
 0001:0003c54d       _ssh_share_test_for_upstream 0043d54d f   sshshare.obj
 0001:0003d052       _ssh_verstring_get_bugs    0043e052 f   sshverstring.obj
 0001:0003d05a       _ssh_verstring_get_remote  0043e05a f   sshverstring.obj
 0001:0003d064       _ssh_verstring_new         0043e064 f   sshverstring.obj
 0001:0003d1e8       _zlib_compress_block       0043e1e8 f   sshzlib.obj
 0001:0003d2a7       _zlib_decompress_init      0043e2a7 f   sshzlib.obj
 0001:0003d38a       _zlib_decompress_cleanup   0043e38a f   sshzlib.obj
 0001:0003d3f8       _zlib_decompress_block     0043e3f8 f   sshzlib.obj
 0001:0003da1c       _zlib_compress_init        0043ea1c f   sshzlib.obj
 0001:0003dab8       _zlib_compress_cleanup     0043eab8 f   sshzlib.obj
 0001:0003e59a       _stripctrl_enable_line_limiting 0043f59a f   stripctrl.obj
 0001:0003e5a5       _stripctrl_free            0043f5a5 f   stripctrl.obj
 0001:0003e5fe       _stripctrl_new_term_fn     0043f5fe f   stripctrl.obj
 0001:0003e631       _stripctrl_reset           0043f631 f   stripctrl.obj
 0001:0003e666       _stripctrl_retarget        0043f666 f   stripctrl.obj
 0001:00041757       _format_arrow_key          00442757 f   terminal.obj
 0001:000417b7       _format_function_key       004427b7 f   terminal.obj
 0001:000418d1       _format_numeric_keypad_key 004428d1 f   terminal.obj
 0001:00041aab       _format_small_keypad_key   00442aab f   terminal.obj
 0001:00044025       _term_clrsb                00445025 f   terminal.obj
 0001:000440aa       _term_copy_stuff_from_conf 004450aa f   terminal.obj
 0001:0004444f       _term_copyall              0044544f f   terminal.obj
 0001:0004448d       _term_data                 0044548d f   terminal.obj
 0001:000448ec       _term_do_paste             004458ec f   terminal.obj
 0001:00044ac8       _term_get_ttymode          00445ac8 f   terminal.obj
 0001:00044b33       _term_get_userpass_input   00445b33 f   terminal.obj
 0001:00044ded       _term_init                 00445ded f   terminal.obj
 0001:0004513a       _term_invalidate           0044613a f   terminal.obj
 0001:0004518a       _term_keyinput             0044618a f   terminal.obj
 0001:0004525a       _term_keyinputw            0044625a f   terminal.obj
 0001:00045293       _term_lost_clipboard_ownership 00446293 f   terminal.obj
 0001:000452cd       _term_mouse                004462cd f   terminal.obj
 0001:0004590a       _term_nopaste              0044690a f   terminal.obj
 0001:0004839f       _term_paint                0044939f f   terminal.obj
 0001:00048652       _term_provide_backend      00449652 f   terminal.obj
 0001:00048686       _term_provide_logctx       00449686 f   terminal.obj
 0001:00048695       _term_pwron                00449695 f   terminal.obj
 0001:000486cb       _term_reconfig             004496cb f   terminal.obj
 0001:000489bc       _term_request_copy         004499bc f   terminal.obj
 0001:00048a29       _term_request_paste        00449a29 f   terminal.obj
 0001:00048b75       _term_scroll               00449b75 f   terminal.obj
 0001:00048bbe       _term_scroll_to_selection  00449bbe f   terminal.obj
 0001:00048c1c       _term_seen_key_event       00449c1c f   terminal.obj
 0001:00048c58       _term_set_focus            00449c58 f   terminal.obj
 0001:00048c6e       _term_set_trust_status     00449c6e f   terminal.obj
 0001:00048c7d       _term_size                 00449c7d f   terminal.obj
 0001:0004928a       _term_translate            0044a28a f   terminal.obj
 0001:0004956e       _term_update               0044a56e f   terminal.obj
 0001:00049c50       _expire_timer_context      0044ac50 f   timing.obj
 0001:00049c9d       _run_timers                0044ac9d f   timing.obj
 0001:00049d3b       _schedule_timer            0044ad3b f   timing.obj
 0001:00049dce       _timing_last_clock         0044adce f   timing.obj
 0001:00049dd4       _add234                    0044add4 f   tree234.obj
 0001:0004a2fa       _addpos234                 0044b2fa f   tree234.obj
 0001:0004a320       _count234                  0044b320 f   tree234.obj
 0001:0004a371       _del234                    0044b371 f   tree234.obj
 0001:0004a3a0       _delpos234                 0044b3a0 f   tree234.obj
 0001:0004a84f       _find234                   0044b84f f   tree234.obj
 0001:0004a868       _findrel234                0044b868 f   tree234.obj
 0001:0004a883       _findrelpos234             0044b883 f   tree234.obj
 0001:0004a9b9       _freetree234               0044b9b9 f   tree234.obj
 0001:0004a9cf       _index234                  0044b9cf f   tree234.obj
 0001:0004aa49       _newtree234                0044ba49 f   tree234.obj
 0001:0004aa62       _search234_start           0044ba62 f   tree234.obj
 0001:0004aa82       _search234_step            0044ba82 f   tree234.obj
 0001:0004ab65       _base64_decode_atom        0044bb65 f   utils.obj
 0001:0004ac51       _base64_encode_atom        0044bc51 f   utils.obj
 0001:0004acd0       _bufchain_add              0044bcd0 f   utils.obj
 0001:0004ad70       _bufchain_clear            0044bd70 f   utils.obj
 0001:0004ada2       _bufchain_consume          0044bda2 f   utils.obj
 0001:0004ae2c       _bufchain_fetch            0044be2c f   utils.obj
 0001:0004aea0       _bufchain_fetch_consume    0044bea0 f   utils.obj
 0001:0004aec1       _bufchain_init             0044bec1 f   utils.obj
 0001:0004aeda       _bufchain_prefix           0044beda f   utils.obj
 0001:0004aee9       _bufchain_set_callback_inner 0044bee9 f   utils.obj
 0001:0004aefc       _bufchain_size             0044befc f   utils.obj
 0001:0004af04       _bufchain_try_fetch_consume 0044bf04 f   utils.obj
 0001:0004af25       _chomp                     0044bf25 f   utils.obj
 0001:0004af52       _ctrlparse                 0044bf52 f   utils.obj
 0001:0004afd8       _dupcat_fn                 0044bfd8 f   utils.obj
 0001:0004b057       _dupprintf                 0044c057 f   utils.obj
 0001:0004b068       _dupstr                    0044c068 f   utils.obj
 0001:0004b097       _dupvprintf                0044c097 f   utils.obj
 0001:0004b12f       _encode_utf8               0044c12f f   utils.obj
 0001:0004b1ad       _fgetline                  0044c1ad f   utils.obj
 0001:0004b237       _host_strchr               0044c237 f   utils.obj
 0001:0004b2af       _host_strcspn              0044c2af f   utils.obj
 0001:0004b2d5       _host_strduptrim           0044c2d5 f   utils.obj
 0001:0004b34e       _host_strrchr              0044c34e f   utils.obj
 0001:0004b372       _mkstr                     0044c372 f   utils.obj
 0001:0004b3a1       _nullstrcmp                0044c3a1 f   utils.obj
 0001:0004b3c4       _parse_blocksize           0044c3c4 f   utils.obj
 0001:0004b437       _ptrlen_endswith           0044c437 f   utils.obj
 0001:0004b47a       _ptrlen_eq_ptrlen          0044c47a f   utils.obj
 0001:0004b49e       _ptrlen_eq_string          0044c49e f   utils.obj
 0001:0004b4c8       _smemeq                    0044c4c8 f   utils.obj
 0001:0004b527       _strbuf_append             0044c527 f   utils.obj
 0001:0004b567       _strbuf_catf               0044c567 f   utils.obj
 0001:0004b57d       _strbuf_catfv              0044c57d f   utils.obj
 0001:0004b5b2       _strbuf_finalise_agent_query 0044c5b2 f   utils.obj
 0001:0004b5f7       _strbuf_free               0044c5f7 f   utils.obj
 0001:0004b623       _strbuf_new                0044c623 f   utils.obj
 0001:0004b62c       _strbuf_new_for_agent_query 0044c62c f   utils.obj
 0001:0004b68c       _strbuf_new_nm             0044c68c f   utils.obj
 0001:0004b695       _strbuf_shrink_by          0044c695 f   utils.obj
 0001:0004b6ca       _strbuf_shrink_to          0044c6ca f   utils.obj
 0001:0004b6fc       _strbuf_to_str             0044c6fc f   utils.obj
 0001:0004b712       _string_length_for_printf  0044c712 f   utils.obj
 0001:0004b73d       _vsnprintf                 0044c73d f i utils.obj
 0001:0004b7b6       _mk_wcwidth                0044c7b6 f   wcwidth.obj
 0001:0004b80d       _mk_wcwidth_cjk            0044c80d f   wcwidth.obj
 0001:0004b830       _wc_match                  0044c830 f   wildcard.obj
 0001:0004ba64       _got_crypt                 0044ca64 f   wincapi.obj
 0001:0004bb32       _win_setup_config_box      0044cb32 f   wincfg.obj
 0001:0004c522       _beginbox                  0044d522 f   winctrls.obj
 0001:0004c559       _button                    0044d559 f   winctrls.obj
 0001:0004c5d7       _checkbox                  0044d5d7 f   winctrls.obj
 0001:0004c62f       _combobox                  0044d62f f   winctrls.obj
 0001:0004c6ca       _ctlposinit                0044d6ca f   winctrls.obj
 0001:0004c756       _dlg_auto_set_fixed_pitch_flag 0044d756 f   winctrls.obj
 0001:0004c820       _dlg_beep                  0044d820 f   winctrls.obj
 0001:0004c829       _dlg_checkbox_get          0044d829 f   winctrls.obj
 0001:0004c873       _dlg_checkbox_set          0044d873 f   winctrls.obj
 0001:0004c8bd       _dlg_coloursel_results     0044d8bd f   winctrls.obj
 0001:0004c8f7       _dlg_coloursel_start       0044d8f7 f   winctrls.obj
 0001:0004c921       _dlg_editbox_get           0044d921 f   winctrls.obj
 0001:0004c968       _dlg_editbox_set           0044d968 f   winctrls.obj
 0001:0004c9b2       _dlg_end                   0044d9b2 f   winctrls.obj
 0001:0004c9c8       _dlg_error_msg             0044d9c8 f   winctrls.obj
 0001:0004c9de       _dlg_filesel_get           0044d9de f   winctrls.obj
 0001:0004ca38       _dlg_filesel_set           0044da38 f   winctrls.obj
 0001:0004cab5       _dlg_fontsel_get           0044dab5 f   winctrls.obj
 0001:0004caf4       _dlg_fontsel_set           0044daf4 f   winctrls.obj
 0001:0004cbbc       _dlg_get_fixed_pitch_flag  0044dbbc f   winctrls.obj
 0001:0004cbc7       _dlg_is_visible            0044dbc7 f   winctrls.obj
 0001:0004cbdd       _dlg_label_change          0044dbdd f   winctrls.obj
 0001:0004cc85       _dlg_last_focused          0044dc85 f   winctrls.obj
 0001:0004cc96       _dlg_listbox_add           0044dc96 f   winctrls.obj
 0001:0004cd05       _dlg_listbox_addwithid     0044dd05 f   winctrls.obj
 0001:0004cd9f       _dlg_listbox_clear         0044dd9f f   winctrls.obj
 0001:0004ce0b       _dlg_listbox_getid         0044de0b f   winctrls.obj
 0001:0004ce69       _dlg_listbox_index         0044de69 f   winctrls.obj
 0001:0004cf14       _dlg_listbox_issel         0044df14 f   winctrls.obj
 0001:0004cf77       _dlg_listbox_select        0044df77 f   winctrls.obj
 0001:0004cfdb       _dlg_radiobutton_get       0044dfdb f   winctrls.obj
 0001:0004d05a       _dlg_radiobutton_set       0044e05a f   winctrls.obj
 0001:0004d0b2       _dlg_refresh               0044e0b2 f   winctrls.obj
 0001:0004d120       _dlg_set_fixed_pitch_flag  0044e120 f   winctrls.obj
 0001:0004d12f       _dlg_set_focus             0044e12f f   winctrls.obj
 0001:0004d1ad       _dlg_update_done           0044e1ad f   winctrls.obj
 0001:0004d1f2       _dlg_update_start          0044e1f2 f   winctrls.obj
 0001:0004d223       _doctl                     0044e223 f   winctrls.obj
 0001:0004d2f6       _dp_add_tree               0044e2f6 f   winctrls.obj
 0001:0004d328       _dp_cleanup                0044e328 f   winctrls.obj
 0001:0004d341       _dp_init                   0044e341 f   winctrls.obj
 0001:0004d37f       _editboxfw                 0044e37f f   winctrls.obj
 0001:0004d426       _editbutton                0044e426 f   winctrls.obj
 0001:0004d538       _endbox                    0044e538 f   winctrls.obj
 0001:0004d5a7       _handle_prefslist          0044e5a7 f   winctrls.obj
 0001:0004d7d7       _init_common_controls      0044e7d7 f   winctrls.obj
 0001:0004d85c       _listbox                   0044e85c f   winctrls.obj
 0001:0004d926       _paneltitle                0044e926 f   winctrls.obj
 0001:0004d97d       _pl_itemfrompt             0044e97d f   winctrls.obj
 0001:0004daf3       _prefslist                 0044eaf3 f   winctrls.obj
 0001:0004ded2       _staticbtn                 0044eed2 f   winctrls.obj
 0001:0004df8f       _staticcombo               0044ef8f f   winctrls.obj
 0001:0004e05a       _staticddl                 0044f05a f   winctrls.obj
 0001:0004e125       _staticddlbig              0044f125 f   winctrls.obj
 0001:0004e1cd       _staticedit                0044f1cd f   winctrls.obj
 0001:0004e2bb       _staticpassedit            0044f2bb f   winctrls.obj
 0001:0004e2d9       _statictext                0044f2d9 f   winctrls.obj
 0001:0004e335       _staticwrap                0044f335 f   winctrls.obj
 0001:0004e4e9       _winctrl_add               0044f4e9 f   winctrls.obj
 0001:0004e544       _winctrl_add_shortcuts     0044f544 f   winctrls.obj
 0001:0004e597       _winctrl_cleanup           0044f597 f   winctrls.obj
 0001:0004e643       _winctrl_context_help      0044f643 f   winctrls.obj
 0001:0004e692       _winctrl_findbyctrl        0044f692 f   winctrls.obj
 0001:0004e6aa       _winctrl_findbyid          0044f6aa f   winctrls.obj
 0001:0004e6c4       _winctrl_findbyindex       0044f6c4 f   winctrls.obj
 0001:0004e6d7       _winctrl_handle_command    0044f6d7 f   winctrls.obj
 0001:0004f02b       _winctrl_init              0045002b f   winctrls.obj
 0001:0004f04e       _winctrl_layout            0045004e f   winctrls.obj
 0001:0004fa1e       _winctrl_rem_shortcuts     00450a1e f   winctrls.obj
 0001:0004fa71       _winctrl_remove            00450a71 f   winctrls.obj
 0001:0004fae1       _platform_default_b        00450ae1 f   windefs.obj
 0001:0004fae6       _platform_default_filename 00450ae6 f   windefs.obj
 0001:0004fb0d       _platform_default_fontspec 00450b0d f   windefs.obj
 0001:0004fb3f       _platform_default_i        00450b3f f   windefs.obj
 0001:0004fb44       _platform_default_s        00450b44 f   windefs.obj
 0001:0005093f       _defuse_showwindow         0045193f f   windlg.obj
 0001:00050972       _do_config                 00451972 f   windlg.obj
 0001:00050a59       _do_reconfig               00451a59 f   windlg.obj
 0001:00050b82       _force_normal              00451b82 f   windlg.obj
 0001:00050c27       _modal_about_box           00451c27 f   windlg.obj
 0001:00050c63       _old_keyfile_warning       00451c63 f   windlg.obj
 0001:00050cae       _show_help                 00451cae f   windlg.obj
 0001:00050cbc       _showabout                 00451cbc f   windlg.obj
 0001:00050cd6       _showeventlog              00451cd6 f   windlg.obj
 0001:00050dac       _win_seat_confirm_weak_cached_hostkey 00451dac f   windlg.obj
 0001:00050e08       _win_seat_confirm_weak_crypto_primitive 00451e08 f   windlg.obj
 0001:00050e64       _win_seat_verify_ssh_host_key 00451e64 f   windlg.obj
 0001:000526cd       _win_seat_get_ttymode      004536cd f   window.obj
 0001:000526df       _win_seat_get_window_pixel_size 004536df f   window.obj
 0001:000526fa       _win_seat_stripctrl_new    004536fa f   window.obj
 0001:00052731       __should_initialize_environment 00453731 f   LIBCMT:env_mode.obj
 0001:00052731       ___acrt_uninitialize_command_line 00453731 f   libucrt:argv_data.obj
 0001:000529e2       _InitMultipleMonitorStubs  004539e2 f   window.obj
 0001:00052acc       _IsPlatformNT              00453acc f   window.obj
 0001:000537d2       _WinMain@16                004547d2 f   window.obj
 0001:000562f7       _cleanup_exit              004572f7 f   window.obj
 0001:000565e3       _cmdline_error             004575e3 f   window.obj
 0001:00056631       _cmpCOLORREF               00457631 f   window.obj
 0001:000567d5       _do_select                 004577d5 f   window.obj
 0001:00058141       _modalfatalbox             00459141 f   window.obj
 0001:00058199       _nonfatal                  00459199 f   window.obj
 0001:00058ccb       _timer_change_notify       00459ccb f   window.obj
 0001:00058ea0       _write_aclip               00459ea0 f   window.obj
 0001:00058f56       _xGetMonitorInfo@8         00459f56 f   window.obj
 0001:00059007       _xMonitorFromPoint@12      0045a007 f   window.obj
 0001:0005905d       _xMonitorFromRect@8        0045a05d f   window.obj
 0001:000590a9       _xMonitorFromWindow@8      0045a0a9 f   window.obj
 0001:0005921f       _ssh_gss_cleanup           0045a21f f   wingss.obj
 0001:00059269       _ssh_gss_setup             0045a269 f   wingss.obj
 0001:00059aad       _handle_add_foreign_event  0045aaad f   winhandl.obj
 0001:00059b75       _handle_free               0045ab75 f   winhandl.obj
 0001:00059bd0       _handle_get_events         0045abd0 f   winhandl.obj
 0001:00059c33       _monty_identity            0045ac33 f   mpint.obj
 0001:00059c33       _handle_get_privdata       0045ac33 f   winhandl.obj
 0001:00059c3b       _handle_got_event          0045ac3b f   winhandl.obj
 0001:00059d5a       _handle_input_new          0045ad5a f   winhandl.obj
 0001:00059f73       _handle_output_new         0045af73 f   winhandl.obj
 0001:0005a1bd       _handle_unthrottle         0045b1bd f   winhandl.obj
 0001:0005a1ef       _handle_write              0045b1ef f   winhandl.obj
 0001:0005a251       _handle_write_eof          0045b251 f   winhandl.obj
 0001:0005a2ec       _has_embedded_chm          0045b2ec f   winhelp.obj
 0001:0005a323       _has_help                  0045b323 f   winhelp.obj
 0001:0005a33c       _init_help                 0045b33c f   winhelp.obj
 0001:0005a3bc       _launch_help               0045b3bc f   winhelp.obj
 0001:0005a5ac       _quit_help                 0045b5ac f   winhelp.obj
 0001:0005a5dc       _shutdown_help             0045b5dc f   winhelp.obj
 0001:0005a979       _make_handle_socket        0045b979 f   winhsock.obj
 0001:0005aa24       _add_session_to_jumplist   0045ba24 f   winjump.obj
 0001:0005aa51       _clear_jumplist            0045ba51 f   winjump.obj
 0001:0005acc3       _remove_session_from_jumplist 0045bcc3 f   winjump.obj
 0001:0005acf0       _set_explicit_app_user_model_id 0045bcf0 f   winjump.obj
 0001:0005b0be       _dll_hijacking_protection  0045c0be f   winmisc.obj
 0001:0005b124       _escape_registry_key       0045c124 f   winmisc.obj
 0001:0005b1af       _filename_char_sanitise    0045c1af f   winmisc.obj
 0001:0005b1d3       _filename_copy             0045c1d3 f   winmisc.obj
 0001:0005b1e0       _filename_deserialise      0045c1e0 f   winmisc.obj
 0001:0005b1f5       _filename_equal            0045c1f5 f   winmisc.obj
 0001:0005b20e       _filename_from_str         0045c20e f   winmisc.obj
 0001:0005b22e       _filename_is_null          0045c22e f   winmisc.obj
 0001:0005b23b       _filename_serialise        0045c23b f   winmisc.obj
 0001:0005b250       _filename_to_str           0045c250 f   winmisc.obj
 0001:0005b257       _fontspec_copy             0045c257 f   winmisc.obj
 0001:0005b271       _fontspec_deserialise      0045c271 f   winmisc.obj
 0001:0005b2b8       _fontspec_free             0045c2b8 f   winmisc.obj
 0001:0005b2b8       _filename_free             0045c2b8 f   winmisc.obj
 0001:0005b2ce       _fontspec_new              0045c2ce f   winmisc.obj
 0001:0005b303       _fontspec_serialise        0045c303 f   winmisc.obj
 0001:0005b340       _get_username              0045c340 f   winmisc.obj
 0001:0005b43a       _init_winver               0045c43a f   winmisc.obj
 0001:0005b4f3       _load_system32_dll         0045c4f3 f   winmisc.obj
 0001:0005b56c       _open_for_write_would_lose_data 0045c56c f   winmisc.obj
 0001:0005b5b7       _platform_get_x_display    0045c5b7 f   winmisc.obj
 0001:0005b5ca       _registry_get_string       0045c5ca f   winmisc.obj
 0001:0005b680       _unescape_registry_key     0045c680 f   winmisc.obj
 0001:0005b6f8       _win_strerror              0045c6f8 f   winmisc.obj
 0001:0005b809       _smemclr                   0045c809 f   winmiscs.obj
 0001:0005baff       _IN6_IS_ADDR_LOOPBACK      0045caff f i winnet.obj
 0001:0005bb75       _get_hostname              0045cb75 f   winnet.obj
 0001:0005bc69       _net_service_lookup        0045cc69 f   winnet.obj
 0001:0005bc8b       _platform_get_x11_unix_address 0045cc8b f   winnet.obj
 0001:0005bcbc       _select_result             0045ccbc f   winnet.obj
 0001:0005c06d       _sk_addr_dup               0045d06d f   winnet.obj
 0001:0005c074       _sk_addr_error             0045d074 f   winnet.obj
 0001:0005c07c       _sk_addr_free              0045d07c f   winnet.obj
 0001:0005c0b4       _sk_addr_needs_port        0045d0b4 f   winnet.obj
 0001:0005c0c0       _sk_addrcopy               0045d0c0 f   winnet.obj
 0001:0005c181       _sk_address_is_local       0045d181 f   winnet.obj
 0001:0005c223       _sk_addrtype               0045d223 f   winnet.obj
 0001:0005c256       _sk_cleanup                0045d256 f   winnet.obj
 0001:0005c30d       _sk_getaddr                0045d30d f   winnet.obj
 0001:0005c3d8       _sk_hostname_is_local      0045d3d8 f   winnet.obj
 0001:0005c41e       _sk_init                   0045d41e f   winnet.obj
 0001:0005c931       _sk_namedpipe_addr         0045d931 f   winnet.obj
 0001:0005c97c       _sk_namelookup             0045d97c f   winnet.obj
 0001:0005ccb1       _sk_new                    0045dcb1 f   winnet.obj
 0001:0005cd4b       _sk_newlistener            0045dd4b f   winnet.obj
 0001:0005d080       _sk_nonamelookup           0045e080 f   winnet.obj
 0001:0005d138       _socket_reselect_all       0045e138 f   winnet.obj
 0001:0005d50a       _try_send                  0045e50a f   winnet.obj
 0001:0005d5f1       _winsock_error_string      0045e5f1 f   winnet.obj
 0001:0005d7df       _noise_get_heavy           0045e7df f   winnoise.obj
 0001:0005d8b6       _noise_regular             0045e8b6 f   winnoise.obj
 0001:0005d9cb       _noise_ultralight          0045e9cb f   winnoise.obj
 0001:0005da1d       _prng_reseed_time_ms       0045ea1d f   winnoise.obj
 0001:0005da49       _win_read_random           0045ea49 f   winnoise.obj
 0001:0005db29       _new_named_pipe_client     0045eb29 f   winnpc.obj
 0001:0005de6c       _new_named_pipe_listener   0045ee6c f   winnps.obj
 0001:0005df7f       _agent_cancel_query        0045ef7f f   winpgntc.obj
 0001:0005df98       _agent_exists              0045ef98 f   winpgntc.obj
 0001:0005dfab       _agent_query               0045efab f   winpgntc.obj
 0001:0005e322       _printer_finish_enum       0045f322 f   winprint.obj
 0001:0005e34a       _printer_finish_job        0045f34a f   winprint.obj
 0001:0005e374       _printer_get_name          0045f374 f   winprint.obj
 0001:0005e3a7       _printer_job_data          0045f3a7 f   winprint.obj
 0001:0005e3c5       _printer_start_enum        0045f3c5 f   winprint.obj
 0001:0005e455       _printer_start_job         0045f455 f   winprint.obj
 0001:0005e4da       _platform_new_connection   0045f4da f   winproxy.obj
 0001:0005e6f0       _get_user_sid              0045f6f0 f   winsecur.obj
 0001:0005e80f       _getsids                   0045f80f f   winsecur.obj
 0001:0005e8f5       _got_advapi                0045f8f5 f   winsecur.obj
 0001:0005ea1c       _make_private_security_descriptor 0045fa1c f   winsecur.obj
 0001:0005ecb3       _restrict_process_acl      0045fcb3 f   winsecur.obj
 0001:0005f2fe       _platform_ssh_share        004602fe f   winshare.obj
 0001:0005f772       _add_to_jumplist_registry  00460772 f   winstore.obj
 0001:0005f785       _cleanup_all               00460785 f   winstore.obj
 0001:0005f85f       _close_settings_r          0046085f f   winstore.obj
 0001:0005f879       _del_settings              00460879 f   winstore.obj
 0001:0005f8d1       _close_settings_w          004608d1 f   winstore.obj
 0001:0005f8d1       _enum_settings_finish      004608d1 f   winstore.obj
 0001:0005f8e7       _enum_settings_next        004608e7 f   winstore.obj
 0001:0005f972       _enum_settings_start       00460972 f   winstore.obj
 0001:0005f9b1       _get_jumplist_registry_entries 004609b1 f   winstore.obj
 0001:0005f9e4       _have_ssh_host_key         004609e4 f   winstore.obj
 0001:0005fa2b       _open_settings_r           00460a2b f   winstore.obj
 0001:0005fabd       _open_settings_w           00460abd f   winstore.obj
 0001:0005fb76       _read_random_seed          00460b76 f   winstore.obj
 0001:0005fbf5       _read_setting_filename     00460bf5 f   winstore.obj
 0001:0005fc25       _read_setting_fontspec     00460c25 f   winstore.obj
 0001:0005fd0b       _read_setting_i            00460d0b f   winstore.obj
 0001:0005fd50       _read_setting_s            00460d50 f   winstore.obj
 0001:0005fe78       _remove_from_jumplist_registry 00460e78 f   winstore.obj
 0001:0005fe89       _store_host_key            00460e89 f   winstore.obj
 0001:000601a3       _verify_host_key           004611a3 f   winstore.obj
 0001:000603db       _write_random_seed         004613db f   winstore.obj
 0001:0006040e       _write_setting_filename    0046140e f   winstore.obj
 0001:00060425       _write_setting_fontspec    00461425 f   winstore.obj
 0001:000604b5       _write_setting_i           004614b5 f   winstore.obj
 0001:000604d5       _write_setting_s           004614d5 f   winstore.obj
 0001:00060500       _ltime                     00461500 f   wintime.obj
 0001:00060587       _check_compose             00461587 f   winucs.obj
 0001:0006059a       _check_compose_internal    0046159a f   winucs.obj
 0001:00060639       _cp_enumerate              00461639 f   winucs.obj
 0001:00060653       _cp_name                   00461653 f   winucs.obj
 0001:000606f4       _decode_codepage           004616f4 f   winucs.obj
 0001:00060931       _get_unitab                00461931 f   winucs.obj
 0001:00060a22       _init_ucs                  00461a22 f   winucs.obj
 0001:00060e98       _is_dbcs_leadbyte          00461e98 f   winucs.obj
 0001:00060eff       _mb_to_wc                  00461eff f   winucs.obj
 0001:00060f1c       _wc_to_mb                  00461f1c f   winucs.obj
 0001:000610b6       _xlat_uskbd2cyrllic        004620b6 f   winucs.obj
 0001:000610c6       _GetDlgItemText_alloc      004620c6 f   winutils.obj
 0001:00061118       _message_box               00462118 f   winutils.obj
 0001:000611cf       _pgp_fingerprints          004621cf f   winutils.obj
 0001:000611e6       _request_file              004621e6 f   winutils.obj
 0001:0006129a       _split_into_argv           0046229a f   winutils.obj
 0001:000614e3       _platform_get_x11_auth     004624e3 f   winx11.obj
 0001:000619aa       _BinarySource_get_string_xauth 004629aa f   x11fwd.obj
 0001:00061a15       _x11_authcmp               00462a15 f   x11fwd.obj
 0001:00061a7a       _x11_dehexify              00462a7a f   x11fwd.obj
 0001:00061ae3       _x11_free_display          00462ae3 f   x11fwd.obj
 0001:00061b28       _x11_free_fake_auth        00462b28 f   x11fwd.obj
 0001:00061ba0       _x11_get_auth_from_authfile 00462ba0 f   x11fwd.obj
 0001:00061ebb       _x11_identify_auth_proto   00462ebb f   x11fwd.obj
 0001:00061ee9       _x11_invent_fake_auth      00462ee9 f   x11fwd.obj
 0001:00062042       _x11_make_greeting         00463042 f   x11fwd.obj
 0001:00062208       _x11_new_channel           00463208 f   x11fwd.obj
 0001:000623a7       _x11_setup_display         004633a7 f   x11fwd.obj
 0001:000628c0       _ImmGetContext@4           004638c0 f   imm32:IMM32.dll
 0001:000628c6       _ImmReleaseContext@8       004638c6 f   imm32:IMM32.dll
 0001:000628cc       _ImmGetCompositionStringW@16 004638cc f   imm32:IMM32.dll
 0001:000628d2       _ImmSetCompositionFontA@8  004638d2 f   imm32:IMM32.dll
 0001:000628d8       _ImmSetCompositionWindow@8 004638d8 f   imm32:IMM32.dll
 0001:000628de       @__security_check_cookie@4 004638de f   LIBCMT:_secchk_.obj
 0001:000628f0       __alloca_probe             004638f0 f   LIBCMT:chkstk.obj
 0001:000628f0       __chkstk                   004638f0 f   LIBCMT:chkstk.obj
 0001:00062920       __allmul                   00463920 f   LIBCMT:llmul.obj
 0001:00062960       __allshl                   00463960 f   LIBCMT:llshl.obj
 0001:00062980       __aullshr                  00463980 f   LIBCMT:ullshr.obj
 0001:0006299f       ___raise_securityfailure   0046399f f   LIBCMT:gs_report.obj
 0001:000629c7       ___report_gsfailure        004639c7 f   LIBCMT:gs_report.obj
 0001:00062ac2       ___report_rangecheckfailure 00463ac2 f   LIBCMT:gs_report.obj
 0001:00062ace       ___report_securityfailure  00463ace f   LIBCMT:gs_report.obj
 0001:00062ba0       __aulldiv                  00463ba0 f   LIBCMT:ulldiv.obj
 0001:00062e2e       _WinMainCRTStartup         00463e2e f   LIBCMT:exe_winmain.obj
 0001:00062e7c       ___scrt_acquire_startup_lock 00463e7c f   LIBCMT:utility.obj
 0001:00062eb1       ___scrt_initialize_crt     00463eb1 f   LIBCMT:utility.obj
 0001:00062eea       ___scrt_initialize_onexit_tables 00463eea f   LIBCMT:utility.obj
 0001:00062f81       ___scrt_is_nonwritable_in_current_image 00463f81 f   LIBCMT:utility.obj
 0001:0006300b       ___scrt_release_startup_lock 0046400b f   LIBCMT:utility.obj
 0001:00063028       ___scrt_uninitialize_crt   00464028 f   LIBCMT:utility.obj
 0001:00063050       __onexit                   00464050 f   LIBCMT:utility.obj
 0001:0006308b       _atexit                    0046408b f   LIBCMT:utility.obj
 0001:000630a0       ___security_init_cookie    004640a0 f   LIBCMT:gs_support.obj
 0001:0006313c       __get_startup_argv_mode    0046413c f   LIBCMT:argv_mode.obj
 0001:00063140       __get_startup_file_mode    00464140 f   LIBCMT:file_mode.obj
 0001:00063146       ?__scrt_initialize_type_info@@YAXXZ 00464146 f   LIBCMT:tncleanup.obj
 0001:00063152       __initialize_default_precision 00464152 f   LIBCMT:default_precision.obj
 0001:00063173       ___scrt_initialize_default_local_stdio_options 00464173 f   LIBCMT:default_local_stdio_options.obj
 0001:00063190       ___scrt_is_user_matherr_present 00464190 f   LIBCMT:matherr_detection.obj
 0001:0006319c       ___scrt_get_dyn_tls_init_callback 0046419c f   LIBCMT:dyn_tls_init.obj
 0001:000631a2       ___scrt_get_dyn_tls_dtor_callback 004641a2 f   LIBCMT:dyn_tls_dtor.obj
 0001:000631a8       ___scrt_fastfail           004641a8 f   LIBCMT:utility_desktop.obj
 0001:000632c3       ___scrt_get_show_window_mode 004642c3 f   LIBCMT:utility_desktop.obj
 0001:000632f6       ___scrt_set_unhandled_exception_filter 004642f6 f   LIBCMT:utility_desktop.obj
 0001:00063302       ___scrt_unhandled_exception_filter@4 00464302 f   LIBCMT:utility_desktop.obj
 0001:00063343       __crt_debugger_hook        00464343 f   LIBCMT:utility_desktop.obj
 0001:0006334b       __RTC_Initialize           0046434b f   LIBCMT:_initsect_.obj
 0001:00063376       __RTC_Terminate            00464376 f   LIBCMT:_initsect_.obj
 0001:000633a1       @_guard_check_icall@4      004643a1 f i LIBCMT:checkcfg.obj
 0001:000633b0       __SEH_prolog4              004643b0 f   LIBCMT:_sehprolg4_.obj
 0001:000633f6       __SEH_epilog4              004643f6 f   LIBCMT:_sehprolg4_.obj
 0001:0006340b       ___isa_available_init      0046440b f   LIBCMT:_cpu_disp_.obj
 0001:000635a5       ___scrt_is_ucrt_dll_in_use 004645a5 f   LIBCMT:ucrt_detection.obj
 0001:000635b2       _IsProcessorFeaturePresent@4 004645b2 f   kernel32:KERNEL32.dll
 0001:000635c0       _memchr                    004645c0 f   libvcruntime:memchr.obj
 0001:00063670       _memcpy                    00464670 f   libvcruntime:memcpy.obj
 0001:00063bf0       _memmove                   00464bf0 f   libvcruntime:memmove.obj
 0001:00064170       _strchr                    00465170 f   libvcruntime:strchr.obj
 0001:000641de       ___from_strstr_to_strchr   004651de     libvcruntime:strchr.obj
 0001:000642a0       _strrchr                   004652a0 f   libvcruntime:strrchr.obj
 0001:000643e0       _memset                    004653e0 f   libvcruntime:memset.obj
 0001:0006453a       _memcmp                    0046553a f   libvcruntime:_memcmp_.obj
 0001:00065cc0       _strstr                    00466cc0 f   libvcruntime:strstr.obj
 0001:00065f70       __except_handler4          00466f70 f   libvcruntime:_chandler4_.obj
 0001:000660d6       ___vcrt_initialize         004670d6 f   libvcruntime:initialization.obj
 0001:000660ff       ___vcrt_uninitialize       004670ff f   libvcruntime:initialization.obj
 0001:00066120       __local_unwind4            00467120 f   libvcruntime:_exsup4_.obj
 0001:000661f6       __seh_longjmp_unwind4@4    004671f6 f   libvcruntime:_exsup4_.obj
 0001:0006621e       @_EH4_CallFilterFunc@8     0046721e f   libvcruntime:_exsup4_.obj
 0001:00066235       @_EH4_TransferToHandler@8  00467235 f   libvcruntime:_exsup4_.obj
 0001:0006624e       @_EH4_GlobalUnwind2@8      0046724e f   libvcruntime:_exsup4_.obj
 0001:00066267       @_EH4_LocalUnwind@16       00467267 f   libvcruntime:_exsup4_.obj
 0001:0006627e       ___vcrt_freefls@4          0046727e f   libvcruntime:per_thread_data.obj
 0001:0006629a       ___vcrt_initialize_ptd     0046729a f   libvcruntime:per_thread_data.obj
 0001:000662cd       ___vcrt_uninitialize_ptd   004672cd f   libvcruntime:per_thread_data.obj
 0001:000662e8       ___vcrt_initialize_locks   004672e8 f   libvcruntime:locks.obj
 0001:00066324       ___vcrt_uninitialize_locks 00467324 f   libvcruntime:locks.obj
 0001:00066353       ??$__crt_fast_encode_pointer@PAX@@YAPAXQAX@Z 00467353 f i libvcruntime:winapi_downlevel.obj
 0001:00066353       ??$__crt_fast_encode_pointer@PAP6AXXZ@@YAPAP6AXXZQAP6AXXZ@Z 00467353 f i LIBCMT:utility.obj
 0001:00066491       ___vcrt_FlsAlloc           00467491 f   libvcruntime:winapi_downlevel.obj
 0001:000664cb       ___vcrt_FlsFree            004674cb f   libvcruntime:winapi_downlevel.obj
 0001:00066505       ___vcrt_FlsSetValue        00467505 f   libvcruntime:winapi_downlevel.obj
 0001:00066542       ___vcrt_InitializeCriticalSectionEx 00467542 f   libvcruntime:winapi_downlevel.obj
 0001:00066588       ___vcrt_initialize_winapi_thunks 00467588 f   libvcruntime:winapi_downlevel.obj
 0001:000665c2       ___vcrt_uninitialize_winapi_thunks 004675c2 f   libvcruntime:winapi_downlevel.obj
 0001:000665f4       ___vcrt_initialize_pure_virtual_call_handler 004675f4 f   libvcruntime:purevirt_data.obj
 0001:00066620       __global_unwind2           00467620 f   libvcruntime:_exsup_.obj
 0001:00066685       __local_unwind2            00467685 f   libvcruntime:_exsup_.obj
 0001:00066709       __abnormal_termination     00467709 f   libvcruntime:_exsup_.obj
 0001:0006672c       __NLG_Notify1              0046772c f   libvcruntime:_exsup_.obj
 0001:00066735       __NLG_Notify               00467735 f   libvcruntime:_exsup_.obj
 0001:0006674c       __NLG_Dispatch             0046774c     libvcruntime:_exsup_.obj
 0001:0006674c       __NLG_Dispatch2            0046774c     libvcruntime:_exsup_.obj
 0001:00066754       __NLG_Call                 00467754 f   libvcruntime:_exsup_.obj
 0001:00066756       __NLG_Return2              00467756     libvcruntime:_exsup_.obj
 0001:00066dbb       ??$ftprintf@PAU_iobuf@@PB_WABQB_WABQB_WABI@?$__crt_char_traits@_W@@SAH$$QAPAU_iobuf@@$$QAPB_WABQB_W2ABI@Z 00467dbb f i libucrt:assert.obj
 0001:00066e9a       __vfwprintf_l              00467e9a f i libucrt:assert.obj
 0001:00066ebf       __vswprintf_c_l            00467ebf f i libucrt:assert.obj
 0001:00066eee       __wassert                  00467eee f   libucrt:assert.obj
 0001:00066f36       _fwprintf                  00467f36 f i libucrt:assert.obj
 0001:00066f51       _swprintf                  00467f51 f i libucrt:assert.obj
 0001:00066f70       _strlen                    00467f70 f   libucrt:strlen.obj
 0001:00066ffb       __fclose_nolock            00467ffb f   libucrt:fclose.obj
 0001:00067071       _fclose                    00468071 f   libucrt:fclose.obj
 0001:000671b2       _fopen                     004681b2 f   libucrt:fopen.obj
 0001:000671c9       __fread_nolock_s           004681c9 f   libucrt:fread.obj
 0001:00067395       _fread                     00468395 f   libucrt:fread.obj
 0001:000673b2       _fread_s                   004683b2 f   libucrt:fread.obj
 0001:00067445       ??$is_overflow_condition@K@__crt_strtox@@YA_NIK@Z 00468445 f i libucrt:atox.obj
 0001:00067478       ??$is_overflow_condition@_K@__crt_strtox@@YA_NI_K@Z 00468478 f i libucrt:atox.obj
 0001:000674bb       ??$parse_integer@KV?$c_string_character_source@D@__crt_strtox@@@__crt_strtox@@YAKQAU__crt_locale_pointers@@V?$c_string_character_source@D@0@H_N@Z 004684bb f i libucrt:atox.obj
 0001:000676e3       ??$parse_integer@KV?$c_string_character_source@_W@__crt_strtox@@@__crt_strtox@@YAKQAU__crt_locale_pointers@@V?$c_string_character_source@_W@0@H_N@Z 004686e3 f i libucrt:atox.obj
 0001:00067dc8       ??$parse_integer@_KV?$c_string_character_source@D@__crt_strtox@@@__crt_strtox@@YA_KQAU__crt_locale_pointers@@V?$c_string_character_source@D@0@H_N@Z 00468dc8 f i libucrt:atox.obj
 0001:0006806e       ??0_LocaleUpdate@@QAE@QAU__crt_locale_pointers@@@Z 0046906e f i libucrt:atox.obj
 0001:000680f1       ?unget@?$c_string_character_source@D@__crt_strtox@@QAEXD@Z 004690f1 f i libucrt:atox.obj
 0001:00068119       ?unget@?$c_string_character_source@_W@__crt_strtox@@QAEX_W@Z 00469119 f i libucrt:atox.obj
 0001:00068145       __chvalidchk_l             00469145 f i libucrt:atox.obj
 0001:0006816f       __ischartype_l             0046916f f i libucrt:atox.obj
 0001:000681a2       _atol                      004691a2 f   libucrt:atox.obj
 0001:000681a2       _atoi                      004691a2 f   libucrt:atox.obj
 0001:000681d0       _strcmp                    004691d0 f   libucrt:strcmp.obj
 0001:00068260       _strncmp                   00469260 f   libucrt:strncmp.obj
 0001:000682e0       _strspn                    004692e0 f   libucrt:strspn.obj
 0001:00068326       ??$assemble_floating_point_ind@N@__crt_strtox@@YAXAAN@Z 00469326 f i libucrt:atof.obj
 0001:00068355       ??$assemble_floating_point_infinity@N@__crt_strtox@@YAX_NAAN@Z 00469355 f i libucrt:atof.obj
 0001:00068394       ??$assemble_floating_point_qnan@N@__crt_strtox@@YAX_NAAN@Z 00469394 f i libucrt:atof.obj
[...]
 0003:000016f4       ?directbuf@?CK@??do_text_internal@@9@9 004ab6f4     window.obj
 0003:000016f8       ?directlen@?CK@??do_text_internal@@9@9 004ab6f8     window.obj
 0003:000016fc       ?wbuf@?CN@??do_text_internal@@9@9 004ab6fc     window.obj
 0003:00001700       ?wlen@?CN@??do_text_internal@@9@9 004ab700     window.obj
 0003:00001704       ?lastbeep@?2??wintw_bell@@9@9 004ab704     window.obj
 0003:00001708       ?lastbeep@?5??wintw_bell@@9@9 004ab708     window.obj
 0003:00001710       _specials                  004ab710     window.obj
 0003:00001714       _specials_menu             004ab714     window.obj
 0003:0000171c       _n_specials                004ab71c     window.obj
 0003:0000173c       ?alt_sum@?1??TranslateKey@@9@9 004ab73c     window.obj
 0003:00001740       ?compose_char@?1??TranslateKey@@9@9 004ab740     window.obj
 0003:00001744       _send_raw_mouse            004ab744     window.obj
 0003:00001745       ?ignore_clip@?1??WndProc@@9@9 004ab745     window.obj
 0003:00001746       ?need_backend_resize@?1??WndProc@@9@9 004ab746     window.obj
 0003:00001747       ?fullscr_on_max@?1??WndProc@@9@9 004ab747     window.obj
 0003:00001748       ?compose_keycode@?1??TranslateKey@@9@9 004ab748     window.obj
 0003:0000174c       _wheel_accumulator         004ab74c     window.obj
 0003:00001750       _busy_status               004ab750     window.obj
 0003:00001754       _compose_state             004ab754     window.obj
 0003:00001758       ?processed_resize@?1??WndProc@@9@9 004ab758     window.obj
 0003:0000175c       ?last_mousemove@?1??WndProc@@9@9 004ab75c     window.obj
 0003:00001760       ?wp@?CL@??WndProc@@9@9     004ab760     window.obj
 0003:00001764       ?lp@?CL@??WndProc@@9@9     004ab764     window.obj
 0003:00001768       ?wp@?CO@??WndProc@@9@9     004ab768     window.obj
 0003:0000176c       ?lp@?CO@??WndProc@@9@9     004ab76c     window.obj
 0003:00001770       ?pending_surrogate@?GA@??WndProc@@9@9 004ab770     window.obj
 0003:00001772       _font_dualwidth            004ab772     window.obj
 0003:00001773       _font_varpitch             004ab773     window.obj
 0003:00001774       _extra_width               004ab774     window.obj
 0003:00001778       _extra_height              004ab778     window.obj
 0003:0000177c       _font_width                004ab77c     window.obj
 0003:00001780       _font_height               004ab780     window.obj
 0003:00001784       _offset_width              004ab784     window.obj
 0003:00001788       _offset_height             004ab788     window.obj
 0003:0000178c       _prev_rows                 004ab78c     window.obj
 0003:00001790       _prev_cols                 004ab790     window.obj
 0003:00001794       _kbd_codepage              004ab794     window.obj
 0003:00001798       _ldisc                     004ab798     window.obj
 0003:0000179c       _backend                   004ab79c     window.obj
 0003:000017a0       _ucsdata                   004ab7a0     window.obj
 0003:000022b0       _session_closed            004ac2b0     window.obj
 0003:000022b1       _bold_colours              004ac2b1     window.obj
 0003:000022b2       _resizing                  004ac2b2     window.obj
 0003:000022b4       _timing_next_time          004ac2b4     window.obj
 0003:000022b8       _popup_menus               004ac2b8     window.obj
 0003:000022c0       _savedsess_menu            004ac2c0     window.obj
 0003:000022c4       _sesslist                  004ac2c4     window.obj
 0003:000022d0       _fonts                     004ac2d0     window.obj
 0003:000023d0       _lfont                     004ac3d0     window.obj
 0003:0000240c       _bold_font_mode            004ac40c     window.obj
 0003:00002410       _fontflag                  004ac410     window.obj
 0003:00002450       _und_mode                  004ac450     window.obj
 0003:00002454       _descent                   004ac454     window.obj
 0003:00002458       _colours                   004ac458     window.obj
 0003:00002870       _pal                       004ac870     window.obj
 0003:00002874       _logpal                    004ac874     window.obj
 0003:00002878       _defpal                    004ac878     window.obj
 0003:00002b8c       _caretbm                   004acb8c     window.obj
 0003:00002b90       _dbltime                   004acb90     window.obj
 0003:00002b94       _lasttime                  004acb94     window.obj
 0003:00002b98       _lastact                   004acb98     window.obj
 0003:00002b9c       _lastbtn                   004acb9c     window.obj
 0003:00002ba0       _window_name               004acba0     window.obj
 0003:00002ba4       _icon_name                 004acba4     window.obj
 0003:00002ba8       _wintw                     004acba8     window.obj
 0003:00002bac       _wintw_hdc                 004acbac     window.obj
 0003:00002bb0       ?ss@?3??wintw_request_resize@@9@9 004acbb0     window.obj
 0003:00002bc0       ?ss@?N@??reset_window@@9@9 004acbc0     window.obj
 0003:00002bd0       _p_FlashWindowEx           004acbd0     window.obj
 0003:00002bd4       _p_ToUnicodeEx             004acbd4     window.obj
 0003:00002bd8       _p_PlaySound               004acbd8     window.obj
 0003:00002bdc       ?keys_unicode@?1??TranslateKey@@9@9 004acbdc     window.obj
 0003:00002be4       ?keys@?DI@??TranslateKey@@9@9 004acbe4     window.obj
 0003:00002bec       ?keysb@?DI@??TranslateKey@@9@9 004acbec     window.obj
 0003:00002bf0       _next_flash                004acbf0     window.obj
 0003:00002bf8       _p_AcquireCredentialsHandleA 004acbf8     wingss.obj
 0003:00002bfc       _p_InitializeSecurityContextA 004acbfc     wingss.obj
 0003:00002c00       _p_FreeContextBuffer       004acc00     wingss.obj
 0003:00002c04       _p_FreeCredentialsHandle   004acc04     wingss.obj
 0003:00002c08       _p_DeleteSecurityContext   004acc08     wingss.obj
 0003:00002c0c       _p_QueryContextAttributesA 004acc0c     wingss.obj
 0003:00002c10       _p_MakeSignature           004acc10     wingss.obj
 0003:00002c14       _p_VerifySignature         004acc14     wingss.obj
 0003:00002c18       _p_AddDllDirectory         004acc18     wingss.obj
 0003:00002c1c       ?kernel32_module@?1??ssh_gss_setup@@9@9 004acc1c     wingss.obj
 0003:00002c20       _handles_by_evtomain       004acc20     winhandl.obj
 0003:00002c24       _chm_path                  004acc24     winhelp.obj
 0003:00002c28       _chm_created_by_us         004acc28     winhelp.obj
 0003:00002c29       ?checked@?1??has_embedded_chm@@9@9 004acc29     winhelp.obj
 0003:00002c2a       ?checked@?1??find_chm_resource@@9@9 004acc2a     winhelp.obj
 0003:00002c2b       ?tried_to_load@?1??load_chm_resource@@9@9 004acc2b     winhelp.obj
 0003:00002c2c       _chm_resource_size         004acc2c     winhelp.obj
 0003:00002c30       _chm_resource              004acc30     winhelp.obj
 0003:00002c34       ?already_called@?1??init_help@@9@9 004acc34     winhelp.obj
 0003:00002c35       _requested_help            004acc35     winhelp.obj
 0003:00002c38       _p_HtmlHelpA               004acc38     winhelp.obj
 0003:00002c3c       _chm_hrsrc                 004acc3c     winhelp.obj
 0003:00002c40       ?kernel32_module@?1??sk_handle_peer_info@@9@9 004acc40     winhsock.obj
 0003:00002c44       ?p_GetNamedPipeClientProcessId@?1??sk_handle_peer_info@@9@9 004acc44     winhsock.obj
 0003:00002c48       ?shell32_module@?1??set_explicit_app_user_model_id@@9@9 004acc48     winjump.obj
 0003:00002c4c       ?p_SetCurrentProcessExplicitAppUserModelID@?1??set_explicit_app_user_model_id@@9@9 004acc4c     winjump.obj
 0003:00002c50       _putty_path                004acc50     winjump.obj
 0003:00003450       ?tried_usernameex@?2??get_username@@9@9 004ad450     winmisc.obj
 0003:00003454       ?sysdir@?1??load_system32_dll@@9@9 004ad454     winmisc.obj
 0003:00003458       ?sysdirsize@?1??load_system32_dll@@9@9 004ad458     winmisc.obj
 0003:0000345c       _errstrings                004ad45c     winmisc.obj
 0003:00003460       ?p_GetUserNameExA@?1??get_username@@9@9 004ad460     winmisc.obj
 0003:00003464       ?kernel32_module@?1??dll_hijacking_protection@@9@9 004ad464     winmisc.obj
 0003:00003468       ?p_SetDefaultDllDirectories@?1??dll_hijacking_protection@@9@9 004ad468     winmisc.obj
 0003:0000346c       ?kernel32_module@?1??init_winver@@9@9 004ad46c     winmisc.obj
 0003:00003470       ?p_GetVersionExA@?1??init_winver@@9@9 004ad470     winmisc.obj
 0003:00003478       _winsock_module            004ad478     winnet.obj
 0003:0000347c       _winsock2_module           004ad47c     winnet.obj
 0003:00003480       _wship6_module             004ad480     winnet.obj
 0003:00003484       _sktree                    004ad484     winnet.obj
 0003:00003488       _p_WSAStartup              004ad488     winnet.obj
 0003:0000348c       _p_WSACleanup              004ad48c     winnet.obj
 0003:00003490       _p_closesocket             004ad490     winnet.obj
 0003:00003494       _p_ntohl                   004ad494     winnet.obj
 0003:00003498       _p_htonl                   004ad498     winnet.obj
 0003:0000349c       _p_htons                   004ad49c     winnet.obj
 0003:000034a0       _p_ntohs                   004ad4a0     winnet.obj
 0003:000034a4       _p_gethostname             004ad4a4     winnet.obj
 0003:000034a8       _p_gethostbyname           004ad4a8     winnet.obj
 0003:000034ac       _p_getservbyname           004ad4ac     winnet.obj
 0003:000034b0       _p_inet_addr               004ad4b0     winnet.obj
 0003:000034b4       _p_inet_ntoa               004ad4b4     winnet.obj
 0003:000034b8       _p_inet_ntop               004ad4b8     winnet.obj
 0003:000034bc       _p_connect                 004ad4bc     winnet.obj
 0003:000034c0       _p_bind                    004ad4c0     winnet.obj
 0003:000034c4       _p_setsockopt              004ad4c4     winnet.obj
 0003:000034c8       _p_socket                  004ad4c8     winnet.obj
 0003:000034cc       _p_listen                  004ad4cc     winnet.obj
 0003:000034d0       _p_send                    004ad4d0     winnet.obj
 0003:000034d4       _p_shutdown                004ad4d4     winnet.obj
 0003:000034d8       _p_ioctlsocket             004ad4d8     winnet.obj
 0003:000034dc       _p_accept                  004ad4dc     winnet.obj
 0003:000034e0       _p_getpeername             004ad4e0     winnet.obj
 0003:000034e4       _p_recv                    004ad4e4     winnet.obj
 0003:000034e8       _p_WSAIoctl                004ad4e8     winnet.obj
 0003:000034ec       _p_getaddrinfo             004ad4ec     winnet.obj
 0003:000034f0       _p_freeaddrinfo            004ad4f0     winnet.obj
 0003:000034f4       _p_getnameinfo             004ad4f4     winnet.obj
 0003:000034f8       _p_gai_strerror            004ad4f8     winnet.obj
 0003:000034fc       _p_WSAAddressToStringA     004ad4fc     winnet.obj
 0003:00003500       _wsadata                   004ad500     winnet.obj
 0003:00003690       _local_interfaces          004ad690     winnet.obj
 0003:00003b50       _n_local_interfaces        004adb50     winnet.obj
 0003:00003b54       _wincrypt_module           004adb54     winnoise.obj
 0003:00003b58       _p_CryptAcquireContextA    004adb58     winnoise.obj
 0003:00003b5c       _p_CryptGenRandom          004adb5c     winnoise.obj
 0003:00003b60       _p_CryptReleaseContext     004adb60     winnoise.obj
 0003:00003b64       ?initialised@?1??init_winfuncs@@9@9 004adb64     winprint.obj
 0003:00003b68       _p_EnumPrinters            004adb68     winprint.obj
 0003:00003b6c       _p_OpenPrinter             004adb6c     winprint.obj
 0003:00003b70       _p_ClosePrinter            004adb70     winprint.obj
 0003:00003b74       _p_StartDocPrinter         004adb74     winprint.obj
 0003:00003b78       _p_EndDocPrinter           004adb78     winprint.obj
 0003:00003b7c       _p_StartPagePrinter        004adb7c     winprint.obj
 0003:00003b80       _p_EndPagePrinter          004adb80     winprint.obj
 0003:00003b84       _p_WritePrinter            004adb84     winprint.obj
 0003:00003b88       ?attempted@?1??got_advapi@@9@9 004adb88     winsecur.obj
 0003:00003b89       ?successful@?1??got_advapi@@9@9 004adb89     winsecur.obj
 0003:00003b8c       _worldsid                  004adb8c     winsecur.obj
 0003:00003b90       _networksid                004adb90     winsecur.obj
 0003:00003b94       _usersid                   004adb94     winsecur.obj
 0003:00003b98       ?advapi@?1??got_advapi@@9@9 004adb98     winsecur.obj
 0003:00003b9c       _tried_shgetfolderpath     004adb9c     winstore.obj
 0003:00003ba0       _shell32_module            004adba0     winstore.obj
 0003:00003ba4       _p_SHGetFolderPathA        004adba4     winstore.obj
 0003:00003ba8       ?c@?1??check_compose_internal@@9@9 004adba8     winucs.obj
 0003:00003bac       ?buf@?1??cp_name@@9@9      004adbac     winucs.obj
 0003:00003bd0       _GS_ExceptionRecord        004adbd0     LIBCMT:gs_report.obj
 0003:00003c20       _GS_ContextRecord          004adc20     LIBCMT:gs_report.obj
 0003:00003ef4       ?module_local_atexit_table@@3U_onexit_table_t@@A 004adef4     LIBCMT:utility.obj
 0003:00003f00       ?module_local_at_quick_exit_table@@3U_onexit_table_t@@A 004adf00     LIBCMT:utility.obj
 0003:00003f0c       ?is_initialized_as_dll@@3_NA 004adf0c     LIBCMT:utility.obj
 0003:00003f24       ?__vcrt_startup_thread_ptd@@3U__vcrt_ptd@@A 004adf24     libvcruntime:per_thread_data.obj
 0003:00003f4c       ___vcrt_lock_table         004adf4c     libvcruntime:locks.obj
 0003:00003f64       ___vcrt_locks_initialized  004adf64     libvcruntime:locks.obj
 0003:00003f68       ?module_handles@@3PAPAUHINSTANCE__@@A 004adf68     libvcruntime:winapi_downlevel.obj
 0003:00003f78       ?encoded_function_pointers@@3PAPAXA 004adf78     libvcruntime:winapi_downlevel.obj
 0003:00003fc8       ?heap@@3V_HeapManager@@A   004adfc8     libvcruntime:undname.obj
 0003:00003fdc       _c_termination_complete    004adfdc     libucrt:exit.obj
 0003:00003fe0       _thread_local_exit_callback_func 004adfe0     libucrt:exit.obj
 0003:00003fe4       ?c_exit_complete@?5??common_exit@@YAXHW4_crt_exit_cleanup_mode@@W4_crt_exit_return_mode@@@Z@4_NA 004adfe4     libucrt:exit.obj
 0003:00003fe8       ___acrt_app_type           004adfe8     libucrt:report_runtime_error.obj
 0003:00003fec       _user_matherr              004adfec     libucrt:matherr.obj
 0003:00003ff0       ?program_name@?5???$common_configure_argv@D@@YAHW4_crt_argv_mode@@@Z@4PADA 004adff0     libucrt:argv_parsing.obj
 0003:00004108       ?empty_string@?1???$common_wincmdln@D@@YAPADXZ@4PADA 004ae108     libucrt:argv_winmain.obj
 0003:00004110       ___acrt_global_new_mode    004ae110     libucrt:new_mode.obj
 0003:00004130       ___acrt_invalid_parameter_handler 004ae130     libucrt:invalid_parameter.obj
 0003:00004134       ___acrt_error_mode         004ae134     libucrt:set_error_mode.obj
 0003:00004144       _ctrlc_action              004ae144     libucrt:signal.obj
 0003:00004148       _ctrlbreak_action          004ae148     libucrt:signal.obj
 0003:0000414c       _abort_action              004ae14c     libucrt:signal.obj
 0003:00004150       _term_action               004ae150     libucrt:signal.obj
 0003:00004158       _enable_percent_n          004ae158     libucrt:printf_count_output.obj
 0003:00004370       ___acrt_lock_table         004ae370     libucrt:locks.obj
 0003:000044a8       ___acrt_locks_initialized  004ae4a8     libucrt:locks.obj
 0003:000044b0       _module_handles            004ae4b0     libucrt:winapi_thunks.obj
 0003:00004500       _encoded_function_pointers 004ae500     libucrt:winapi_thunks.obj
 0003:00004580       ?state_cache@?1??__acrt_is_packaged_app@@9@4JA 004ae580     libucrt:winapi_thunks.obj
 0003:0000459c       _fSystemSet                004ae59c     libucrt:mbctype.obj
 0003:000045a0       ?initialized@?1??__acrt_initialize_multibyte@@9@4_NA 004ae5a0     libucrt:mbctype.obj
 0003:000045cc       ___acrt_new_handler        004ae5cc     libucrt:new_handler.obj
 0003:000045dc       __tzname                   004ae5dc     libucrt:timeset.obj
 0003:000045e0       _last_tz                   004ae5e0     libucrt:tzset.obj
 0003:000045e8       _tz_api_used               004ae5e8     libucrt:tzset.obj
 0003:000045f0       _tz_info                   004ae5f0     libucrt:tzset.obj
 0003:0000469c       ?first_time@?1??__tzset@@9@4JA 004ae69c     libucrt:tzset.obj
 0003:000046a8       __pmatherr_set             004ae6a8     libucrt:libm_error.obj
 0004:00000000       __guard_fids____dcrt_uninitialize_environments_nolock 004b0000     libucrt:environment_initialization.obj
 0004:00000008       __guard_fids__             004b0008     libucrt:initialization.obj
 0004:00000068       __guard_fids_??$common_show_message_box@_W@@YAHQB_W0I@Z 004b0068     libucrt:crtmbox.obj
 0004:0000006c       __guard_fids____acrt_initialize_ptd 004b006c     libucrt:per_thread_data.obj
 0004:00000070       __guard_fids_??$expand_argument_wildcards@D@@YAHQAD0AAV?$argument_list@D@?A0xb0e4b824@@@Z 004b0070     libucrt:argv_wildcards.obj
 0004:00000074       __guard_fids__             004b0074     libucrt:locale_initializer.obj
 0004:00000078       __guard_fids__             004b0078     libucrt:stdio_initializer.obj
 0004:0000007c       __guard_fids__             004b007c     libucrt:stdio_initializer.obj
 0004:00000080       __guard_fids__             004b0080     libucrt:multibyte_initializer.obj
 0004:00000084       __guard_fids__             004b0084     libucrt:timeset_initializer.obj
 0004:00000088       __guard_fids____libm_error_support 004b0088     libucrt:libm_error.obj
 0004:0000008c       __guard_fids__             004b008c     libucrt:console_output_initializer.obj
 0004:00000090       __guard_fids__             004b0090     libucrt:sse2_initializer.obj
 0004:00000094       __guard_fids__             004b0094     LIBCMT:exe_winmain.obj
 0004:00000098       __guard_fids__             004b0098     LIBCMT:exe_winmain.obj
 0004:0000009c       __guard_fids__             004b009c     LIBCMT:exe_winmain.obj
 0004:000000a0       __guard_fids_?pre_c_initialization@@YAHXZ 004b00a0     LIBCMT:exe_winmain.obj
 0004:000000a8       __guard_fids____scrt_set_unhandled_exception_filter 004b00a8     LIBCMT:utility_desktop.obj
 0004:000000ac       __guard_fids__             004b00ac     LIBCMT:guard_support.obj
 0004:000000b0       __guard_fids____vcrt_initialize_ptd 004b00b0     libvcruntime:per_thread_data.obj
 0005:00000450       $R000000                   004b1450     putty.res
 0005:00000578       $R000128                   004b1578     putty.res
 0005:00000860       $R000410                   004b1860     putty.res
 0005:00000ec8       $R000A78                   004b1ec8     putty.res
 0005:00000f78       $R000B28                   004b1f78     putty.res
 0005:000010a8       $R000C58                   004b20a8     putty.res
 0005:000013d8       $R000F88                   004b23d8     putty.res
 0005:00001438       $R000FE8                   004b2438     putty.res
 0005:00001560       $R001110                   004b2560     putty.res
 0005:00001848       $R0013F8                   004b2848     putty.res
 0005:00001eb0       $R001A60                   004b2eb0     putty.res
 0005:00001f60       $R001B10                   004b2f60     putty.res
 0005:00002090       $R001C40                   004b3090     putty.res
 0005:000023c0       $R001F70                   004b33c0     putty.res
 0005:00002420       $R001FD0                   004b3420     putty.res
 0005:00002520       $R0020D0                   004b3520     putty.res
 0005:00002598       $R002148                   004b3598     putty.res
 0005:00002658       $R002208                   004b3658     putty.res
 0005:000026e8       $R002298                   004b36e8     putty.res
 0005:00002a18       $R0025C8                   004b3a18     putty.res
