 puttygen

 Timestamp is 5fe829fc (Sun Dec 27 13:30:20 2020)

 Preferred load address is 00400000

 Start         Length     Name                   Class
 0001:00000000 0003c597H .text$mn                CODE
 0002:00000000 0000026cH .idata$5                DATA
 0002:0000026c 00000004H .00cfg                  DATA
 0002:00000270 00000004H .CRT$XCA                DATA
 0002:00000274 00000004H .CRT$XCAA               DATA
 0002:00000278 00000004H .CRT$XCZ                DATA
 0002:0000027c 00000004H .CRT$XIA                DATA
 0002:00000280 00000004H .CRT$XIAA               DATA
 0002:00000284 00000004H .CRT$XIAC               DATA
 0002:00000288 00000010H .CRT$XIC                DATA
 0002:00000298 00000004H .CRT$XIZ                DATA
 0002:0000029c 00000004H .CRT$XPA                DATA
 0002:000002a0 00000008H .CRT$XPX                DATA
 0002:000002a8 00000004H .CRT$XPXA               DATA
 0002:000002ac 00000004H .CRT$XPZ                DATA
 0002:000002b0 00000004H .CRT$XTA                DATA
 0002:000002b4 0000000cH .CRT$XTZ                DATA
 0002:000002c0 0000d870H .rdata                  DATA
 0002:0000db2c 00000000H .rdata$r                DATA
 0002:0000db30 0000000cH .rdata$sxdata           DATA
 0002:0000db3c 000002b8H .rdata$zzzdbg           DATA
 0002:0000ddf4 00000004H .rtc$IAA                DATA
 0002:0000ddf8 00000004H .rtc$IZZ                DATA
 0002:0000ddfc 00000004H .rtc$TAA                DATA
 0002:0000de00 00000008H .rtc$TZZ                DATA
 0002:0000de08 0000060cH .xdata$x                DATA
 0002:0000e414 00000000H .edata                  DATA
 0002:0000e414 00000064H .idata$2                DATA
 0002:0000e478 00000014H .idata$3                DATA
 0002:0000e48c 0000026cH .idata$4                DATA
 0002:0000e6f8 00000ad2H .idata$6                DATA
 0003:00000000 00000fa0H .data                   DATA
 0003:00000fa0 00000000H .data$r                 DATA
 0003:00000fa0 00004018H .bss                    DATA
 0004:00000000 00000094H .gfids$x                DATA
 0004:00000094 00000020H .gfids$y                DATA
 0005:00000000 00000300H .rsrc$01                DATA
 0005:00000300 00001b40H .rsrc$02                DATA

  Address         Publics by Value              Rva+Base       Lib:Object

 0000:00000000       __except_list              00000000     <absolute>
 0000:00000000       ___guard_longjmp_count     00000000     <absolute>
 0000:00000000       ___guard_fids_count        00000000     <absolute>
 0000:00000000       ___guard_longjmp_table     00000000     <absolute>
 0000:00000000       ___guard_iat_table         00000000     <absolute>
 0000:00000000       ___guard_iat_count         00000000     <absolute>
 0000:00000000       ___guard_fids_table        00000000     <absolute>
 0000:00000000       ___dynamic_value_reloc_table 00000000     <absolute>
 0000:00000003       ___safe_se_handler_count   00000003     <absolute>
 0000:00000100       ___guard_flags             00000100     <absolute>
 0000:00000000       ___ImageBase               00400000     <linker-defined>
 0001:00000000       _ecc_edwards_add           00401000 f   ecc.obj
 0001:000002c1       _ecc_weierstrass_curve     004012c1 f   ecc.obj
 0001:000002c1       _ecc_edwards_curve         004012c1 f   ecc.obj
 0001:00000325       _ecc_edwards_eq            00401325 f   ecc.obj
 0001:00000382       _ecc_edwards_get_affine    00401382 f   ecc.obj
 0001:00000410       _ecc_edwards_multiply      00401410 f   ecc.obj
 0001:000004f7       _ecc_edwards_point_copy    004014f7 f   ecc.obj
 0001:00000539       _ecc_edwards_point_free    00401539 f   ecc.obj
 0001:00000570       _ecc_edwards_point_new     00401570 f   ecc.obj
 0001:000005c2       _ecc_edwards_point_new_from_y 004015c2 f   ecc.obj
 0001:000007a8       _ecc_montgomery_curve      004017a8 f   ecc.obj
 0001:00000863       _ecc_montgomery_diff_add   00401863 f   ecc.obj
 0001:000009f9       _ecc_montgomery_double     004019f9 f   ecc.obj
 0001:00000b22       _ecc_montgomery_get_affine 00401b22 f   ecc.obj
 0001:00000b7a       _ecc_montgomery_multiply   00401b7a f   ecc.obj
 0001:00000c64       _ecc_montgomery_point_copy 00401c64 f   ecc.obj
 0001:00000c90       _ecc_montgomery_point_free 00401c90 f   ecc.obj
 0001:00000cb7       _ecc_montgomery_point_new  00401cb7 f   ecc.obj
 0001:00000d09       _ecc_weierstrass_add       00401d09 f   ecc.obj
 0001:00000ded       _ecc_weierstrass_add_general 00401ded f   ecc.obj
 0001:0000110f       _ecc_weierstrass_double    0040210f f   ecc.obj
 0001:000012b1       _ecc_weierstrass_get_affine 004022b1 f   ecc.obj
 0001:000012f3       _ecc_weierstrass_is_identity 004022f3 f   ecc.obj
 0001:00001307       _ecc_weierstrass_multiply  00402307 f   ecc.obj
 0001:0000146f       _ecc_weierstrass_point_copy 0040246f f   ecc.obj
 0001:000014a6       _ecc_weierstrass_point_free 004024a6 f   ecc.obj
 0001:000014d5       _ecc_weierstrass_point_new 004024d5 f   ecc.obj
 0001:00001524       _ecc_weierstrass_point_new_from_x 00402524 f   ecc.obj
 0001:00001631       _ecc_weierstrass_point_new_identity 00402631 f   ecc.obj
 0001:0000169e       _ecc_weierstrass_point_valid 0040269e f   ecc.obj
 0001:00001a31       _BinarySink_put_mp_ssh2_from_string 00402a31 f   import.obj
 0001:00001a95       _BinarySink_put_mp_sshcom_from_string 00402a95 f   import.obj
 0001:00001b9c       ___local_stdio_printf_options 00402b9c f i import.obj
 0001:00001ba2       ___local_stdio_scanf_options 00402ba2 f i import.obj
 0001:00001ba8       __vfprintf_l               00402ba8 f i import.obj
 0001:00001bcb       __vsscanf_l                00402bcb f i import.obj
 0001:00001bf0       _export_ssh1               00402bf0 f   import.obj
 0001:00001bf3       _export_ssh2               00402bf3 f   import.obj
 0001:00001c3f       _fprintf                   00402c3f f i import.obj
 0001:00001c57       _import_encrypted          00402c57 f   import.obj
 0001:00001cea       _import_possible           00402cea f   import.obj
 0001:00001d04       _import_ssh2               00402d04 f   import.obj
 0001:00001d50       _import_target_type        00402d50 f   import.obj
 0001:00003d10       _sscanf                    00404d10 f i import.obj
 0001:00004897       _strip_crlf                00405897 f   import.obj
 0001:000048be       _BinarySink_put_asciz      004058be f   marshal.obj
 0001:000048d8       _BinarySink_put_byte       004058d8 f   marshal.obj
 0001:000048ea       _BinarySink_put_data       004058ea f   marshal.obj
 0001:000048fd       _BinarySink_put_datapl     004058fd f   marshal.obj
 0001:00004912       _BinarySink_put_padding    00405912 f   marshal.obj
 0001:0000496a       _BinarySink_put_string     0040596a f   marshal.obj
 0001:00004989       _BinarySink_put_stringpl   00405989 f   marshal.obj
 0001:0000499e       _BinarySink_put_stringsb   0040599e f   marshal.obj
 0001:000049bc       _BinarySink_put_stringz    004059bc f   marshal.obj
 0001:000049d7       _BinarySink_put_uint16     004059d7 f   marshal.obj
 0001:000049fb       _BinarySink_put_uint32     004059fb f   marshal.obj
 0001:00004a2f       _BinarySink_put_uint64     00405a2f f   marshal.obj
 0001:00004acf       _BinarySource_get_asciz    00405acf f   marshal.obj
 0001:00004b16       _BinarySource_get_byte     00405b16 f   marshal.obj
 0001:00004b36       _BinarySource_get_data     00405b36 f   marshal.obj
 0001:00004b63       _BinarySource_get_string   00405b63 f   marshal.obj
 0001:00004bd1       _BinarySource_get_uint16   00405bd1 f   marshal.obj
 0001:00004c02       _BinarySource_get_uint32   00405c02 f   marshal.obj
 0001:00004c46       _safefree                  00405c46 f   memory.obj
 0001:00004c52       _safegrowarray             00405c52 f   memory.obj
 0001:00004d67       _safemalloc                00405d67 f   memory.obj
 0001:00004da5       _saferealloc               00405da5 f   memory.obj
 0001:00004dea       _buildinfo                 00405dea f   misc.obj
 0001:00004e84       _out_of_memory             00405e84 f   misc.obj
 0001:00004e90       _BinarySink_put_mp_ssh1    00405e90 f   mpint.obj
 0001:00004ef7       _BinarySink_put_mp_ssh2    00405ef7 f   mpint.obj
 0001:00004f3b       _BinarySource_get_mp_ssh1  00405f3b f   mpint.obj
 0001:00004faa       _BinarySource_get_mp_ssh2  00405faa f   mpint.obj
 0001:00004ff8       _modsqrt_new               00405ff8 f   mpint.obj
 0001:00005085       _monty_add                 00406085 f   mpint.obj
 0001:000050cc       _monty_export              004060cc f   mpint.obj
 0001:000050ef       _monty_export_into         004060ef f   mpint.obj
 0001:0000514e       _monty_free                0040614e f   mpint.obj
 0001:00005198       _monty_identity            00406198 f   mpint.obj
 0001:000051a0       _monty_import              004061a0 f   mpint.obj
 0001:000051b6       _monty_import_into         004061b6 f   mpint.obj
 0001:000051db       _monty_invert              004061db f   mpint.obj
 0001:00005208       _monty_modsqrt             00406208 f   mpint.obj
 0001:000053d0       _monty_mul                 004063d0 f   mpint.obj
 0001:000053f7       _monty_mul_into            004063f7 f   mpint.obj
 0001:000054b3       _monty_new                 004064b3 f   mpint.obj
 0001:0000556f       _monty_pow                 0040656f f   mpint.obj
 0001:0000575d       _monty_sub                 0040675d f   mpint.obj
 0001:0000579c       _mp_add                    0040679c f   mpint.obj
 0001:000057c8       _mp_add_integer_into       004067c8 f   mpint.obj
 0001:000058af       _mp_add_into               004068af f   mpint.obj
 0001:00005c84       _mp_clear                  00406c84 f   mpint.obj
 0001:00005c99       _mp_cmp_eq                 00406c99 f   mpint.obj
 0001:00005ce7       _mp_cmp_hs                 00406ce7 f   mpint.obj
 0001:00005d0a       _mp_cond_add_into          00406d0a f   mpint.obj
 0001:00005d32       _mp_cond_clear             00406d32 f   mpint.obj
 0001:00005d52       _mp_cond_sub_into          00406d52 f   mpint.obj
 0001:00005d7d       _mp_cond_swap              00406d7d f   mpint.obj
 0001:00005ddc       _mp_copy                   00406ddc f   mpint.obj
 0001:00005e05       _mp_copy_into              00406e05 f   mpint.obj
 0001:00005e42       _mp_div                    00406e42 f   mpint.obj
 0001:00005e66       _mp_divmod_into            00406e66 f   mpint.obj
 0001:000063b0       _mp_eq_integer             004073b0 f   mpint.obj
 0001:000064ff       _mp_free                   004074ff f   mpint.obj
 0001:0000651b       _mp_from_bytes_be          0040751b f   mpint.obj
 0001:00006591       _mp_from_bytes_le          00407591 f   mpint.obj
 0001:000065a6       _mp_from_decimal           004075a6 f   mpint.obj
 0001:000065bd       _mp_from_decimal_pl        004075bd f   mpint.obj
 0001:0000663b       _mp_from_hex               0040763b f   mpint.obj
 0001:00006652       _mp_from_hex_pl            00407652 f   mpint.obj
 0001:00006720       _mp_from_integer           00407720 f   mpint.obj
 0001:00006758       _mp_get_bit                00407758 f   mpint.obj
 0001:00006778       _mp_get_byte               00407778 f   mpint.obj
 0001:00006798       _mp_get_decimal            00407798 f   mpint.obj
 0001:0000696b       _mp_get_hex                0040796b f   mpint.obj
 0001:00006a02       _mp_get_integer            00407a02 f   mpint.obj
 0001:00006a42       _mp_get_nbits              00407a42 f   mpint.obj
 0001:00006a9c       _mp_hs_integer             00407a9c f   mpint.obj
 0001:00006af6       _mp_invert                 00407af6 f   mpint.obj
 0001:00006b1a       _mp_invert_mod_2to         00407b1a f   mpint.obj
 0001:00006e05       _mp_lshift_fixed_into      00407e05 f   mpint.obj
 0001:00006ecb       _mp_max                    00407ecb f   mpint.obj
 0001:00006ef6       _mp_max_bits               00407ef6 f   mpint.obj
 0001:00006f00       _mp_max_bytes              00407f00 f   mpint.obj
 0001:00006f0a       _mp_max_into               00407f0a f   mpint.obj
 0001:00006f2c       _mp_min                    00407f2c f   mpint.obj
 0001:00006f57       _mp_min_into               00407f57 f   mpint.obj
 0001:00006f79       _mp_mod                    00407f79 f   mpint.obj
 0001:00006f9d       _mp_modadd                 00407f9d f   mpint.obj
 0001:00006fc8       _mp_modmul                 00407fc8 f   mpint.obj
 0001:00006ff3       _mp_modpow                 00407ff3 f   mpint.obj
 0001:00007079       _mp_mul                    00408079 f   mpint.obj
 0001:00007191       _mp_mul_integer_into       00408191 f   mpint.obj
 0001:000074df       _mp_mul_into               004084df f   mpint.obj
 0001:00007522       _mp_neg_into               00408522 f   mpint.obj
 0001:00007541       _mp_new                    00408541 f   mpint.obj
 0001:00007553       _mp_or_into                00408553 f   mpint.obj
 0001:00007588       _mp_power_2                00408588 f   mpint.obj
 0001:000075aa       _mp_random_bits_fn         004085aa f   mpint.obj
 0001:000075fd       _mp_random_in_range_fn     004085fd f   mpint.obj
 0001:0000764c       _mp_reduce_mod_2to         0040864c f   mpint.obj
 0001:00007674       _mp_rshift_fixed           00408674 f   mpint.obj
 0001:000076ad       _mp_rshift_fixed_into      004086ad f   mpint.obj
 0001:00007718       _mp_rshift_safe            00408718 f   mpint.obj
 0001:0000783f       _mp_select_into            0040883f f   mpint.obj
 0001:00007883       _mp_set_bit                00408883 f   mpint.obj
 0001:000078d2       _mp_sub                    004088d2 f   mpint.obj
 0001:000078fd       _mp_sub_integer_into       004088fd f   mpint.obj
 0001:00007921       _mp_sub_into               00408921 f   mpint.obj
 0001:00007ab5       __get_startup_thread_locale_mode 00408ab5 f   LIBCMT:thread_locale.obj
 0001:00007ab5       __matherr                  00408ab5 f   LIBCMT:matherr.obj
 0001:00007ab5       __get_startup_new_mode     00408ab5 f   LIBCMT:new_mode.obj
 0001:00007ab5       ___scrt_initialize_winrt   00408ab5 f   LIBCMT:utility_desktop.obj
 0001:00007ab5       _import_ssh1               00408ab5 f   import.obj
 0001:00007ab5       _schedule_timer            00408ab5 f   notiming.obj
 0001:00007ab5       __get_startup_commit_mode  00408ab5 f   LIBCMT:commit_mode.obj
 0001:0000d0c7       _aes256_decrypt_pubkey     0040e0c7 f   sshauxcrypt.obj
 0001:0000d0ec       _aes256_encrypt_pubkey     0040e0ec f   sshauxcrypt.obj
 0001:0000d166       _des3_decrypt_pubkey       0040e166 f   sshauxcrypt.obj
 0001:0000d18b       _des3_decrypt_pubkey_ossh  0040e18b f   sshauxcrypt.obj
 0001:0000d1b4       _des3_encrypt_pubkey       0040e1b4 f   sshauxcrypt.obj
 0001:0000d1d9       _des3_encrypt_pubkey_ossh  0040e1d9 f   sshauxcrypt.obj
 0001:0000d2a6       _hash_simple               0040e2a6 f   sshauxcrypt.obj
 0001:0000d2cf       _mac_simple                0040e2cf f   sshauxcrypt.obj
 0001:0000d312       _bcrypt_genblock           0040e312 f   sshbcrypt.obj
 0001:0000d39f       _bcrypt_hash               0040e39f f   sshbcrypt.obj
 0001:0000d3ea       _bcrypt_setup              0040e3ea f   sshbcrypt.obj
 0001:0000d442       _openssh_bcrypt            0040e442 f   sshbcrypt.obj
 0001:0000df46       _blowfish_expandkey        0040ef46 f   sshblowf.obj
 0001:0000e2c8       _blowfish_free_context     0040f2c8 f   sshblowf.obj
 0001:0000e2cd       _blowfish_initkey          0040f2cd f   sshblowf.obj
 0001:0000e51f       _blowfish_lsb_encrypt_ecb  0040f51f f   sshblowf.obj
 0001:0000e5c3       _blowfish_make_context     0040f5c3 f   sshblowf.obj
 0001:0000f548       _des_key_setup             00410548 f   sshdes.obj
 0001:0000fe53       _dss_gen_k                 00410e53 f   sshdss.obj
 0001:0000ff48       _dsa_generate              00410f48 f   sshdssg.obj
 0001:000117ed       _ec_alg_by_oid             004127ed f   sshecc.obj
 0001:00011834       _ec_alg_oid                00412834 f   sshecc.obj
 0001:00011848       _ec_ed_alg_and_curve_by_bits 00412848 f   sshecc.obj
 0001:00011874       _ec_nist_alg_and_curve_by_bits 00412874 f   sshecc.obj
 0001:00011a44       _ecdsa_public              00412a44 f   sshecc.obj
 0001:00011c1a       _eddsa_public              00412c1a f   sshecc.obj
 0001:00011e05       _ecdsa_generate            00412e05 f   sshecdsag.obj
 0001:00011e60       _eddsa_generate            00412e60 f   sshecdsag.obj
 0001:00012272       _MD5Final                  00413272 f   sshmd5.obj
 0001:0001237b       _MD5Init                   0041337b f   sshmd5.obj
 0001:00012ffb       _invent_firstbits          00413ffb f   sshprime.obj
 0001:00013256       _primegen                  00414256 f   sshprime.obj
 0001:0001371c       _prng_add_entropy          0041471c f   sshprng.obj
 0001:00013822       _prng_new                  00414822 f   sshprng.obj
 0001:000138a9       _prng_read                 004148a9 f   sshprng.obj
 0001:00013990       _prng_seed_begin           00414990 f   sshprng.obj
 0001:000139d7       _prng_seed_bits            004149d7 f   sshprng.obj
 0001:000139e5       _prng_seed_finish          004149e5 f   sshprng.obj
 0001:00013a81       __vsnprintf_l              00414a81 f i sshpubk.obj
 0001:00013ab3       _base64_encode             00414ab3 f   sshpubk.obj
 0001:00013b25       _find_pubkey_alg           00414b25 f   sshpubk.obj
 0001:00013b3c       _find_pubkey_alg_len       00414b3c f   sshpubk.obj
 0001:00013bf8       _key_type                  00414bf8 f   sshpubk.obj
 0001:00013e72       _key_type_to_str           00414e72 f   sshpubk.obj
 0001:000140c3       _rsa_ssh1_encrypted        004150c3 f   sshpubk.obj
 0001:000143ae       _rsa_ssh1_loadkey          004153ae f   sshpubk.obj
 0001:00014468       _rsa_ssh1_savekey          00415468 f   sshpubk.obj
 0001:000145fb       _sprintf                   004155fb f i sshpubk.obj
 0001:00014615       _ssh1_pubkey_str           00415615 f   sshpubk.obj
 0001:00014678       _ssh1_write_pubkey         00415678 f   sshpubk.obj
 0001:0001469e       _ssh2_fingerprint          0041569e f   sshpubk.obj
 0001:000146d0       _ssh2_fingerprint_blob     004156d0 f   sshpubk.obj
 0001:000147c7       _ssh2_load_userkey         004157c7 f   sshpubk.obj
 0001:00014e99       _ssh2_pubkey_openssh_str   00415e99 f   sshpubk.obj
 0001:00014fd2       _ssh2_save_userkey         00415fd2 f   sshpubk.obj
 0001:0001530a       _ssh2_userkey_encrypted    0041630a f   sshpubk.obj
 0001:00015463       _ssh2_write_pubkey         00416463 f   sshpubk.obj
 0001:000155e6       _random_add_noise          004165e6 f   sshrand.obj
 0001:00015671       _random_get_savedata       00416671 f   sshrand.obj
 0001:000156ab       _random_read               004166ab f   sshrand.obj
 0001:000156e2       _random_reseed             004166e2 f   sshrand.obj
 0001:00015712       _random_save_seed          00416712 f   sshrand.obj
 0001:00015747       _random_seed_bits          00416747 f   sshrand.obj
 0001:0001578e       _random_setup_special      0041678e f   sshrand.obj
 0001:00015ca2       _rsa2_invalid              00416ca2 f   sshrsa.obj
 0001:00015cfa       _BinarySource_get_rsa_ssh1_priv 00416cfa f   sshrsa.obj
 0001:00015d0f       _BinarySource_get_rsa_ssh1_pub 00416d0f f   sshrsa.obj
 0001:00015d7e       _crt_modpow                00416d7e f   sshrsa.obj
 0001:00015ec6       _freersakey                00416ec6 f   sshrsa.obj
 0001:00015f0d       _freersapriv               00416f0d f   sshrsa.obj
 0001:000160b4       _rsa_ssh1_fingerprint      004170b4 f   sshrsa.obj
 0001:000161b5       _rsa_ssh1_public_blob      004171b5 f   sshrsa.obj
 0001:00016206       _rsa_verify                00417206 f   sshrsa.obj
 0001:00016325       _rsastr_fmt                00417325 f   sshrsa.obj
 0001:00016350       _rsa_generate              00417350 f   sshrsag.obj
 0001:000170f9       _SHA384_Final              004180f9 f   sshsh512.obj
 0001:00017138       _SHA384_Init               00418138 f   sshsh512.obj
 0001:00018028       _SHA512_Final              00419028 f   sshsh512.obj
 0001:00018161       _SHA512_Init               00419161 f   sshsh512.obj
 0001:00018ad6       _add234                    00419ad6 f   tree234.obj
 0001:00019038       _find234                   0041a038 f   tree234.obj
 0001:00019051       _findrelpos234             0041a051 f   tree234.obj
 0001:00019153       _index234                  0041a153 f   tree234.obj
 0001:000191cd       _newtree234                0041a1cd f   tree234.obj
 0001:000191e6       _search234_start           0041a1e6 f   tree234.obj
 0001:00019206       _search234_step            0041a206 f   tree234.obj
 0001:000192e9       _base64_decode_atom        0041a2e9 f   utils.obj
 0001:000193d5       _base64_encode_atom        0041a3d5 f   utils.obj
 0001:00019454       _burnstr                   0041a454 f   utils.obj
 0001:00019475       _dupcat_fn                 0041a475 f   utils.obj
 0001:000194f4       _dupprintf                 0041a4f4 f   utils.obj
 0001:00019505       _dupstr                    0041a505 f   utils.obj
 0001:00019534       _dupvprintf                0041a534 f   utils.obj
 0001:000195cc       _fgetline                  0041a5cc f   utils.obj
 0001:00019656       _mkstr                     0041a656 f   utils.obj
 0001:00019685       _ptrlen_eq_ptrlen          0041a685 f   utils.obj
 0001:000196a9       _ptrlen_eq_string          0041a6a9 f   utils.obj
 0001:000196d3       _smemeq                    0041a6d3 f   utils.obj
 0001:00019732       _strbuf_append             0041a732 f   utils.obj
 0001:00019772       _strbuf_catf               0041a772 f   utils.obj
 0001:00019788       _strbuf_catfv              0041a788 f   utils.obj
 0001:000197bd       _strbuf_free               0041a7bd f   utils.obj
 0001:000197e9       _strbuf_new                0041a7e9 f   utils.obj
 0001:00019839       _strbuf_new_nm             0041a839 f   utils.obj
 0001:00019842       _strbuf_to_str             0041a842 f   utils.obj
 0001:00019858       _strendswith               0041a858 f   utils.obj
 0001:00019890       _string_length_for_printf  0041a890 f   utils.obj
 0001:0001989f       _strstartswith             0041a89f f   utils.obj
 0001:000198bf       _vsnprintf                 0041a8bf f i utils.obj
 0001:000198f0       _beginbox                  0041a8f0 f   winctrls.obj
 0001:00019927       _bigeditctrl               0041a927 f   winctrls.obj
 0001:000199e5       _ctlposinit                0041a9e5 f   winctrls.obj
 0001:00019a71       _doctl                     0041aa71 f   winctrls.obj
 0001:00019b44       _endbox                    0041ab44 f   winctrls.obj
 0001:00019bb3       _init_common_controls      0041abb3 f   winctrls.obj
 0001:00019c38       _progressbar               0041ac38 f   winctrls.obj
 0001:00019c95       _radioline                 0041ac95 f   winctrls.obj
 0001:00019e5e       _static2btn                0041ae5e f   winctrls.obj
 0001:00019f7f       _staticbtn                 0041af7f f   winctrls.obj
 0001:0001a03c       _staticddl                 0041b03c f   winctrls.obj
 0001:0001a107       _staticedit                0041b107 f   winctrls.obj
 0001:0001a1f5       _staticpassedit            0041b1f5 f   winctrls.obj
 0001:0001a213       _statictext                0041b213 f   winctrls.obj
 0001:0001a2d0       _has_embedded_chm          0041b2d0 f   winhelp.obj
 0001:0001a307       _has_help                  0041b307 f   winhelp.obj
 0001:0001a320       _init_help                 0041b320 f   winhelp.obj
 0001:0001a3a0       _launch_help               0041b3a0 f   winhelp.obj
 0001:0001a590       _quit_help                 0041b590 f   winhelp.obj
 0001:0001a5c0       _shutdown_help             0041b5c0 f   winhelp.obj
 0001:0001a605       _dll_hijacking_protection  0041b605 f   winmisc.obj
 0001:0001a66b       _filename_free             0041b66b f   winmisc.obj
 0001:0001a681       _filename_from_str         0041b681 f   winmisc.obj
 0001:0001a6a1       _filename_to_str           0041b6a1 f   winmisc.obj
 0001:0001a6a8       _load_system32_dll         0041b6a8 f   winmisc.obj
 0001:0001a721       _registry_get_string       0041b721 f   winmisc.obj
 0001:0001a7d7       _win_strerror              0041b7d7 f   winmisc.obj
 0001:0001a8e8       _smemclr                   0041b8e8 f   winmiscs.obj
 0001:0001a902       _noise_get_heavy           0041b902 f   winnoise.obj
 0001:0001a9d9       _noise_regular             0041b9d9 f   winnoise.obj
 0001:0001aaee       _prng_reseed_time_ms       0041baee f   winnoise.obj
 0001:0001ab1a       _win_read_random           0041bb1a f   winnoise.obj
 0001:0001c16d       _WinMain@16                0041d16d f   winpgen.obj
 0001:0001c25f       _cleanup_exit              0041d25f f   winpgen.obj
 0001:0001c346       _load_key_file             0041d346 f   winpgen.obj
 0001:0001c6a3       _modalfatalbox             0041d6a3 f   winpgen.obj
 0001:0001c6d8       _nonfatal                  0041d6d8 f   winpgen.obj
 0001:0001c707       _old_keyfile_warning       0041d707 f   winpgen.obj
 0001:0001ca01       _ui_set_key_type           0041da01 f   winpgen.obj
 0001:0001ca39       _ui_set_state              0041da39 f   winpgen.obj
 0001:0001ce03       _ui_update_key_type_ctrls  0041de03 f   winpgen.obj
 0001:0001ce89       _get_user_sid              0041de89 f   winsecur.obj
 0001:0001cfa8       _getsids                   0041dfa8 f   winsecur.obj
 0001:0001d08e       _got_advapi                0041e08e f   winsecur.obj
 0001:0001d298       _restrict_process_acl      0041e298 f   winsecur.obj
 0001:0001d4e2       _read_random_seed          0041e4e2 f   winstore.obj
 0001:0001d61f       _write_random_seed         0041e61f f   winstore.obj
 0001:0001d652       _ltime                     0041e652 f   wintime.obj
 0001:0001d6d9       _GetDlgItemText_alloc      0041e6d9 f   winutils.obj
 0001:0001d72b       _message_box               0041e72b f   winutils.obj
 0001:0001d7e2       _pgp_fingerprints          0041e7e2 f   winutils.obj
 0001:0001d7f9       _request_file              0041e7f9 f   winutils.obj
 0001:0001d8ad       _split_into_argv           0041e8ad f   winutils.obj
 0001:0001daf6       @__security_check_cookie@4 0041eaf6 f   LIBCMT:_secchk_.obj
 0001:0001db10       __allmul                   0041eb10 f   LIBCMT:llmul.obj
 0001:0001db50       __allshl                   0041eb50 f   LIBCMT:llshl.obj
 0001:0001db70       __aullshr                  0041eb70 f   LIBCMT:ullshr.obj
 0001:0001db8f       ___raise_securityfailure   0041eb8f f   LIBCMT:gs_report.obj
 0001:0001dbb7       ___report_gsfailure        0041ebb7 f   LIBCMT:gs_report.obj
 0001:0001dcb2       ___report_rangecheckfailure 0041ecb2 f   LIBCMT:gs_report.obj
 0001:0001dcbe       ___report_securityfailure  0041ecbe f   LIBCMT:gs_report.obj
 0001:0001dd90       __chkstk                   0041ed90 f   LIBCMT:chkstk.obj
 0001:0001dd90       __alloca_probe             0041ed90 f   LIBCMT:chkstk.obj
 0001:0001ddc0       __aulldiv                  0041edc0 f   LIBCMT:ulldiv.obj
 0001:0001e04e       _WinMainCRTStartup         0041f04e f   LIBCMT:exe_winmain.obj
 0001:0001e058       ??$__crt_fast_encode_pointer@PAX@@YAPAXQAX@Z 0041f058 f i libvcruntime:winapi_downlevel.obj
 0001:0001e058       ??$__crt_fast_encode_pointer@PAP6AXXZ@@YAPAP6AXXZQAP6AXXZ@Z 0041f058 f i LIBCMT:utility.obj
 0001:0001e0b9       ___scrt_acquire_startup_lock 0041f0b9 f   LIBCMT:utility.obj
 0001:0001e0ee       ___scrt_initialize_crt     0041f0ee f   LIBCMT:utility.obj
 0001:0001e127       ___scrt_initialize_onexit_tables 0041f127 f   LIBCMT:utility.obj
 0001:0001e1be       ___scrt_is_nonwritable_in_current_image 0041f1be f   LIBCMT:utility.obj
 0001:0001e248       ___scrt_release_startup_lock 0041f248 f   LIBCMT:utility.obj
 0001:0001e265       ___scrt_uninitialize_crt   0041f265 f   LIBCMT:utility.obj
 0001:0001e28d       __onexit                   0041f28d f   LIBCMT:utility.obj
 0001:0001e2c8       _atexit                    0041f2c8 f   LIBCMT:utility.obj
 0001:0001e2dd       ___security_init_cookie    0041f2dd f   LIBCMT:gs_support.obj
 0001:0001e379       __get_startup_argv_mode    0041f379 f   LIBCMT:argv_mode.obj
 0001:0001e37d       __get_startup_file_mode    0041f37d f   LIBCMT:file_mode.obj
 0001:0001e383       ?__scrt_initialize_type_info@@YAXXZ 0041f383 f   LIBCMT:tncleanup.obj
 0001:0001e38f       __initialize_default_precision 0041f38f f   LIBCMT:default_precision.obj
 0001:0001e3b0       ___scrt_initialize_default_local_stdio_options 0041f3b0 f   LIBCMT:default_local_stdio_options.obj
 0001:0001e3cd       ___scrt_is_user_matherr_present 0041f3cd f   LIBCMT:matherr_detection.obj
 0001:0001e3d9       ___scrt_get_dyn_tls_init_callback 0041f3d9 f   LIBCMT:dyn_tls_init.obj
 0001:0001e3df       ___scrt_get_dyn_tls_dtor_callback 0041f3df f   LIBCMT:dyn_tls_dtor.obj
 0001:0001e3e5       ___scrt_fastfail           0041f3e5 f   LIBCMT:utility_desktop.obj
 0001:0001e500       ___scrt_get_show_window_mode 0041f500 f   LIBCMT:utility_desktop.obj
 0001:0001e533       ___scrt_set_unhandled_exception_filter 0041f533 f   LIBCMT:utility_desktop.obj
 0001:0001e53f       ___scrt_unhandled_exception_filter@4 0041f53f f   LIBCMT:utility_desktop.obj
 0001:0001e580       __crt_debugger_hook        0041f580 f   LIBCMT:utility_desktop.obj
 0001:0001e588       __RTC_Initialize           0041f588 f   LIBCMT:_initsect_.obj
 0001:0001e5b3       __RTC_Terminate            0041f5b3 f   LIBCMT:_initsect_.obj
 0001:0001e5de       @_guard_check_icall@4      0041f5de f i LIBCMT:checkcfg.obj
 0001:0001e5f0       __SEH_prolog4              0041f5f0 f   LIBCMT:_sehprolg4_.obj
 0001:0001e636       __SEH_epilog4              0041f636 f   LIBCMT:_sehprolg4_.obj
 0001:0001e64b       ___isa_available_init      0041f64b f   LIBCMT:_cpu_disp_.obj
 0001:0001e7e5       ___scrt_is_ucrt_dll_in_use 0041f7e5 f   LIBCMT:ucrt_detection.obj
 0001:0001e7f1       ___except_validate_jump_buffer 0041f7f1 f i libvcruntime:jbcxrval.obj
 0001:0001e7f1       @_guard_check_icall_nop@4  0041f7f1 f i LIBCMT:guard_support.obj
 0001:0001e7f1       __initialize_invalid_parameter_handler 0041f7f1 f i LIBCMT:invalid_parameter_handler.obj
 0001:0001e7f1       ___except_validate_context_record 0041f7f1 f i libvcruntime:jbcxrval.obj
 0001:0001e7f1       __initialize_denormal_control 0041f7f1 f i LIBCMT:denormal_control.obj
 0001:0001e7f2       _IsProcessorFeaturePresent@4 0041f7f2 f   kernel32:KERNEL32.dll
 0001:0001e7f8       _memcmp                    0041f7f8 f   libvcruntime:_memcmp_.obj
 0001:0001ff80       _memset                    00420f80 f   libvcruntime:memset.obj
 0001:000200e0       _strchr                    004210e0 f   libvcruntime:strchr.obj
 0001:0002014e       ___from_strstr_to_strchr   0042114e     libvcruntime:strchr.obj
 0001:00020210       _memchr                    00421210 f   libvcruntime:memchr.obj
 0001:000202c0       _memcpy                    004212c0 f   libvcruntime:memcpy.obj
 0001:00020840       _memmove                   00421840 f   libvcruntime:memmove.obj
 0001:00020dc0       _strstr                    00421dc0 f   libvcruntime:strstr.obj
 0001:00021070       __except_handler4          00422070 f   libvcruntime:_chandler4_.obj
 0001:000211d6       ___vcrt_initialize         004221d6 f   libvcruntime:initialization.obj
 0001:000211ff       ___vcrt_uninitialize       004221ff f   libvcruntime:initialization.obj
 0001:00021220       __local_unwind4            00422220 f   libvcruntime:_exsup4_.obj
 0001:000212f6       __seh_longjmp_unwind4@4    004222f6 f   libvcruntime:_exsup4_.obj
 0001:0002131e       @_EH4_CallFilterFunc@8     0042231e f   libvcruntime:_exsup4_.obj
 0001:00021335       @_EH4_TransferToHandler@8  00422335 f   libvcruntime:_exsup4_.obj
 0001:0002134e       @_EH4_GlobalUnwind2@8      0042234e f   libvcruntime:_exsup4_.obj
 0001:00021367       @_EH4_LocalUnwind@16       00422367 f   libvcruntime:_exsup4_.obj
 0001:0002137e       ___vcrt_freefls@4          0042237e f   libvcruntime:per_thread_data.obj
 0001:0002139a       ___vcrt_initialize_ptd     0042239a f   libvcruntime:per_thread_data.obj
 0001:000213cd       ___vcrt_uninitialize_ptd   004223cd f   libvcruntime:per_thread_data.obj
 0001:000213e8       ___vcrt_initialize_locks   004223e8 f   libvcruntime:locks.obj
 0001:00021424       ___vcrt_uninitialize_locks 00422424 f   libvcruntime:locks.obj
 0001:00021574       ___vcrt_FlsAlloc           00422574 f   libvcruntime:winapi_downlevel.obj
 0001:000215ae       ___vcrt_FlsFree            004225ae f   libvcruntime:winapi_downlevel.obj
 0001:000215e8       ___vcrt_FlsSetValue        004225e8 f   libvcruntime:winapi_downlevel.obj
 0001:00021625       ___vcrt_InitializeCriticalSectionEx 00422625 f   libvcruntime:winapi_downlevel.obj
 0001:0002166b       ___vcrt_initialize_winapi_thunks 0042266b f   libvcruntime:winapi_downlevel.obj
 0001:000216a5       ___vcrt_uninitialize_winapi_thunks 004226a5 f   libvcruntime:winapi_downlevel.obj
 0001:000216d7       ___vcrt_initialize_pure_virtual_call_handler 004226d7 f   libvcruntime:purevirt_data.obj
 0001:00021700       __global_unwind2           00422700 f   libvcruntime:_exsup_.obj
 0001:00021765       __local_unwind2            00422765 f   libvcruntime:_exsup_.obj
 0001:000217e9       __abnormal_termination     004227e9 f   libvcruntime:_exsup_.obj
 0001:0002180c       __NLG_Notify1              0042280c f   libvcruntime:_exsup_.obj
 0001:00021815       __NLG_Notify               00422815 f   libvcruntime:_exsup_.obj
 0001:0002182c       __NLG_Dispatch             0042282c     libvcruntime:_exsup_.obj
 0001:0002182c       __NLG_Dispatch2            0042282c     libvcruntime:_exsup_.obj
 0001:00021834       __NLG_Call                 00422834 f   libvcruntime:_exsup_.obj
 0001:00021836       __NLG_Return2              00422836     libvcruntime:_exsup_.obj
 0001:00021e9b       ??$ftprintf@PAU_iobuf@@PB_WABQB_WABQB_WABI@?$__crt_char_traits@_W@@SAH$$QAPAU_iobuf@@$$QAPB_WABQB_W2ABI@Z 00422e9b f i libucrt:assert.obj
 0001:00021f7a       __vfwprintf_l              00422f7a f i libucrt:assert.obj
 0001:00021f9f       __vswprintf_c_l            00422f9f f i libucrt:assert.obj
 0001:00021fce       __wassert                  00422fce f   libucrt:assert.obj
 0001:00022016       _fwprintf                  00423016 f i libucrt:assert.obj
 0001:00022031       _swprintf                  00423031 f i libucrt:assert.obj
 0001:00022050       _strcmp                    00423050 f   libucrt:strcmp.obj
 0001:000220dc       __fclose_nolock            004230dc f   libucrt:fclose.obj
 0001:00022152       _fclose                    00423152 f   libucrt:fclose.obj
 0001:00022293       _fopen                     00423293 f   libucrt:fopen.obj
 0001:000222aa       ??$?RV<lambda_b0cac3301889906f8da68b04e3d9a7f4>@@AAV<lambda_9a20e10065b92b5193c3597a66cba9d4>@@V<lambda_24b35df97fd4c1fecac72a72d95cc146>@@@?$__crt_seh_guarded_call@H@@QAEH$$QAV<lambda_b0cac3301889906f8da68b04e3d9a7f4>@@AAV<lambda_9a20e10065b92b5193c3597a66cba9d4>@@$$QAV<lambda_24b35df97fd4c1fecac72a72d95cc146>@@@Z 004232aa f i libucrt:fputs.obj
 0001:000222fb       ??$__acrt_lock_stream_and_call@V<lambda_9a20e10065b92b5193c3597a66cba9d4>@@@@YAHQAU_iobuf@@$$QAV<lambda_9a20e10065b92b5193c3597a66cba9d4>@@@Z 004232fb f i libucrt:fputs.obj
 0001:00022371       _fputs                     00423371 f   libucrt:fputs.obj
 0001:0002244c       ??$?RV<lambda_ab9923ffb5d694ec0d78876dd103e44f>@@AAV<lambda_481dd5778c961fbcd3b60b650e9b9dc4>@@V<lambda_7923d86c9e3f319b415918ec4b39749c>@@@?$__crt_seh_guarded_call@H@@QAEH$$QAV<lambda_ab9923ffb5d694ec0d78876dd103e44f>@@AAV<lambda_481dd5778c961fbcd3b60b650e9b9dc4>@@$$QAV<lambda_7923d86c9e3f319b415918ec4b39749c>@@@Z 0042344c f i libucrt:output.obj
 0001:0002249d       ??$?RV<lambda_db08b09ef7aa9d4f8620ce68402612bc>@@AAV<lambda_4f2c1eaeead2a5fc776db5b62ea0fb9b>@@V<lambda_3ae262bc35d4ba6a3825c4f6bcaaf95c>@@@?$__crt_seh_guarded_call@H@@QAEH$$QAV<lambda_db08b09ef7aa9d4f8620ce68402612bc>@@AAV<lambda_4f2c1eaeead2a5fc776db5b62ea0fb9b>@@$$QAV<lambda_3ae262bc35d4ba6a3825c4f6bcaaf95c>@@@Z 0042349d f i libucrt:output.obj
 0001:000224ee       ??$__acrt_lock_stream_and_call@V<lambda_481dd5778c961fbcd3b60b650e9b9dc4>@@@@YAHQAU_iobuf@@$$QAV<lambda_481dd5778c961fbcd3b60b650e9b9dc4>@@@Z 004234ee f i libucrt:output.obj
 0001:00022516       ??$__acrt_lock_stream_and_call@V<lambda_4f2c1eaeead2a5fc776db5b62ea0fb9b>@@@@YAHQAU_iobuf@@$$QAV<lambda_4f2c1eaeead2a5fc776db5b62ea0fb9b>@@@Z 00423516 f i libucrt:output.obj
 0001:0002283f       ??$count@D@formatting_buffer@__crt_stdio_output@@QBEIXZ 0042383f f i libucrt:output.obj
 0001:00022857       ??$ensure_buffer_is_big_enough@D@formatting_buffer@__crt_stdio_output@@QAE_NI@Z 00423857 f i libucrt:output.obj
 0001:000228dd       ??$is_wide_character_specifier@D@__crt_stdio_output@@YA_N_KDW4length_modifier@0@@Z 004238dd f i libucrt:output.obj
 0001:0002291d       ??$is_wide_character_specifier@_W@__crt_stdio_output@@YA_N_K_WW4length_modifier@0@@Z 0042391d f i libucrt:output.obj
 0001:0002296c       ??$scratch_data@D@formatting_buffer@__crt_stdio_output@@QAEPADXZ 0042396c f i libucrt:output.obj
 0001:0002298a       ??$type_case_integer_parse_into_buffer@I@?$output_processor@DV?$string_output_adapter@D@__crt_stdio_output@@V?$standard_base@DV?$string_output_adapter@D@__crt_stdio_output@@@2@@__crt_stdio_output@@AAEXII_N@Z 0042398a f i libucrt:output.obj
 0001:0002298a       ??$type_case_integer_parse_into_buffer@I@?$output_processor@DV?$stream_output_adapter@D@__crt_stdio_output@@V?$standard_base@DV?$stream_output_adapter@D@__crt_stdio_output@@@2@@__crt_stdio_output@@AAEXII_N@Z 0042398a f i libucrt:output.obj
 0001:0002298a       ??$type_case_integer_parse_into_buffer@I@?$output_processor@_WV?$string_output_adapter@_W@__crt_stdio_output@@V?$standard_base@_WV?$string_output_adapter@_W@__crt_stdio_output@@@2@@__crt_stdio_output@@AAEXII_N@Z 0042398a f i libucrt:output.obj
 0001:0002298a       ??$type_case_integer_parse_into_buffer@I@?$output_processor@_WV?$stream_output_adapter@_W@__crt_stdio_output@@V?$standard_base@_WV?$stream_output_adapter@_W@__crt_stdio_output@@@2@@__crt_stdio_output@@AAEXII_N@Z 0042398a f i libucrt:output.obj
 0001:000229ff       ??$type_case_integer_parse_into_buffer@_K@?$output_processor@DV?$stream_output_adapter@D@__crt_stdio_output@@V?$standard_base@DV?$stream_output_adapter@D@__crt_stdio_output@@@2@@__crt_stdio_output@@AAEX_KI_N@Z 004239ff f i libucrt:output.obj
 0001:000229ff       ??$type_case_integer_parse_into_buffer@_K@?$output_processor@_WV?$stream_output_adapter@_W@__crt_stdio_output@@V?$standard_base@_WV?$stream_output_adapter@_W@__crt_stdio_output@@@2@@__crt_stdio_output@@AAEX_KI_N@Z 004239ff f i libucrt:output.obj
 0001:000229ff       ??$type_case_integer_parse_into_buffer@_K@?$output_processor@DV?$string_output_adapter@D@__crt_stdio_output@@V?$standard_base@DV?$string_output_adapter@D@__crt_stdio_output@@@2@@__crt_stdio_output@@AAEX_KI_N@Z 004239ff f i libucrt:output.obj
 0001:000229ff       ??$type_case_integer_parse_into_buffer@_K@?$output_processor@_WV?$string_output_adapter@_W@__crt_stdio_output@@V?$standard_base@_WV?$string_output_adapter@_W@__crt_stdio_output@@@2@@__crt_stdio_output@@AAEX_KI_N@Z 004239ff f i libucrt:output.obj
 0001:00022a87       ??$write_multiple_characters@V?$stream_output_adapter@D@__crt_stdio_output@@D@__crt_stdio_output@@YAXABV?$stream_output_adapter@D@0@DHQAH@Z 00423a87 f i libucrt:output.obj
 0001:00022ab3       ??$write_multiple_characters@V?$stream_output_adapter@_W@__crt_stdio_output@@D@__crt_stdio_output@@YAXABV?$stream_output_adapter@_W@0@DHQAH@Z 00423ab3 f i libucrt:output.obj
 0001:00022ae4       ??$write_multiple_characters@V?$string_output_adapter@D@__crt_stdio_output@@D@__crt_stdio_output@@YAXABV?$string_output_adapter@D@0@DHQAH@Z 00423ae4 f i libucrt:output.obj
 0001:00022b10       ??$write_multiple_characters@V?$string_output_adapter@_W@__crt_stdio_output@@D@__crt_stdio_output@@YAXABV?$string_output_adapter@_W@0@DHQAH@Z 00423b10 f i libucrt:output.obj
 0001:00022b41       ??0?$common_data@D@__crt_stdio_output@@IAE@XZ 00423b41 f i libucrt:output.obj
 0001:00022b88       ??0?$common_data@_W@__crt_stdio_output@@IAE@XZ 00423b88 f i libucrt:output.obj
 0001:00022bd4       ??0?$output_adapter_data@DV?$string_output_adapter@D@__crt_stdio_output@@@__crt_stdio_output@@IAE@ABV?$string_output_adapter@D@1@_KQBDQAU__crt_locale_pointers@@QAD@Z 00423bd4 f i libucrt:output.obj
 0001:00022bd4       ??0?$output_adapter_data@DV?$stream_output_adapter@D@__crt_stdio_output@@@__crt_stdio_output@@IAE@ABV?$stream_output_adapter@D@1@_KQBDQAU__crt_locale_pointers@@QAD@Z 00423bd4 f i libucrt:output.obj
 0001:00022c10       ??0?$output_adapter_data@_WV?$string_output_adapter@_W@__crt_stdio_output@@@__crt_stdio_output@@IAE@ABV?$string_output_adapter@_W@1@_KQB_WQAU__crt_locale_pointers@@QAD@Z 00423c10 f i libucrt:output.obj
 0001:00022c10       ??0?$output_adapter_data@_WV?$stream_output_adapter@_W@__crt_stdio_output@@@__crt_stdio_output@@IAE@ABV?$stream_output_adapter@_W@1@_KQB_WQAU__crt_locale_pointers@@QAD@Z 00423c10 f i libucrt:output.obj
 0001:00022c4c       ??0?$output_processor@DV?$string_output_adapter@D@__crt_stdio_output@@V?$standard_base@DV?$string_output_adapter@D@__crt_stdio_output@@@2@@__crt_stdio_output@@QAE@ABV?$string_output_adapter@D@1@_KQBDQAU__crt_locale_pointers@@QAD@Z 00423c4c f i libucrt:output.obj
 0001:00022c4c       ??0?$output_processor@DV?$stream_output_adapter@D@__crt_stdio_output@@V?$standard_base@DV?$stream_output_adapter@D@__crt_stdio_output@@@2@@__crt_stdio_output@@QAE@ABV?$stream_output_adapter@D@1@_KQBDQAU__crt_locale_pointers@@QAD@Z 00423c4c f i libucrt:output.obj
 0001:00022c81       ??0?$output_processor@_WV?$string_output_adapter@_W@__crt_stdio_output@@V?$standard_base@_WV?$string_output_adapter@_W@__crt_stdio_output@@@2@@__crt_stdio_output@@QAE@ABV?$string_output_adapter@_W@1@_KQB_WQAU__crt_locale_pointers@@QAD@Z 00423c81 f i libucrt:output.obj
 0001:00022c81       ??0?$output_processor@_WV?$stream_output_adapter@_W@__crt_stdio_output@@V?$standard_base@_WV?$stream_output_adapter@_W@__crt_stdio_output@@@2@@__crt_stdio_output@@QAE@ABV?$stream_output_adapter@_W@1@_KQB_WQAU__crt_locale_pointers@@QAD@Z 00423c81 f i libucrt:output.obj
 0001:00022cb6       ??0_LocaleUpdate@@QAE@QAU__crt_locale_pointers@@@Z 00423cb6 f i libucrt:output.obj
 0001:00022d39       ??1formatting_buffer@__crt_stdio_output@@QAE@XZ 00423d39 f i libucrt:output.obj
 0001:00022d53       ??4?$__crt_unique_heap_ptr@DU__crt_internal_free_policy@@@@QAEAAV0@$$QAV0@@Z 00423d53 f i libucrt:output.obj
 0001:00022ef1       ?crop_zeroes@__crt_stdio_output@@YAXPADQAU__crt_locale_pointers@@@Z 00423ef1 f i libucrt:output.obj
 0001:00022f48       ?find_next_state@?$output_processor@DV?$string_output_adapter@D@__crt_stdio_output@@V?$standard_base@DV?$string_output_adapter@D@__crt_stdio_output@@@2@@__crt_stdio_output@@ABE?AW4state@2@DW432@@Z 00423f48 f i libucrt:output.obj
 0001:00022f48       ?find_next_state@?$output_processor@DV?$stream_output_adapter@D@__crt_stdio_output@@V?$standard_base@DV?$stream_output_adapter@D@__crt_stdio_output@@@2@@__crt_stdio_output@@ABE?AW4state@2@DW432@@Z 00423f48 f i libucrt:output.obj
 0001:00022f7a       ?find_next_state@?$output_processor@_WV?$stream_output_adapter@_W@__crt_stdio_output@@V?$standard_base@_WV?$stream_output_adapter@_W@__crt_stdio_output@@@2@@__crt_stdio_output@@ABE?AW4state@2@_WW432@@Z 00423f7a f i libucrt:output.obj
 0001:00022f7a       ?find_next_state@?$output_processor@_WV?$string_output_adapter@_W@__crt_stdio_output@@V?$standard_base@_WV?$string_output_adapter@_W@__crt_stdio_output@@@2@@__crt_stdio_output@@ABE?AW4state@2@_WW432@@Z 00423f7a f i libucrt:output.obj
 0001:00022fae       ?force_decimal_point@__crt_stdio_output@@YAXPADQAU__crt_locale_pointers@@@Z 00423fae f i libucrt:output.obj
 0001:0002300a       ?parse_int_from_format_string@?$output_processor@DV?$stream_output_adapter@D@__crt_stdio_output@@V?$standard_base@DV?$stream_output_adapter@D@__crt_stdio_output@@@2@@__crt_stdio_output@@AAE_NQAH@Z 0042400a f i libucrt:output.obj
 0001:0002300a       ?parse_int_from_format_string@?$output_processor@DV?$string_output_adapter@D@__crt_stdio_output@@V?$standard_base@DV?$string_output_adapter@D@__crt_stdio_output@@@2@@__crt_stdio_output@@AAE_NQAH@Z 0042400a f i libucrt:output.obj
 0001:00023066       ?parse_int_from_format_string@?$output_processor@_WV?$stream_output_adapter@_W@__crt_stdio_output@@V?$standard_base@_WV?$stream_output_adapter@_W@__crt_stdio_output@@@2@@__crt_stdio_output@@AAE_NQAH@Z 00424066 f i libucrt:output.obj
 0001:00023066       ?parse_int_from_format_string@?$output_processor@_WV?$string_output_adapter@_W@__crt_stdio_output@@V?$standard_base@_WV?$string_output_adapter@_W@__crt_stdio_output@@@2@@__crt_stdio_output@@AAE_NQAH@Z 00424066 f i libucrt:output.obj
 0001:000230c4       ?process@?$output_processor@DV?$stream_output_adapter@D@__crt_stdio_output@@V?$standard_base@DV?$stream_output_adapter@D@__crt_stdio_output@@@2@@__crt_stdio_output@@QAEHXZ 004240c4 f i libucrt:output.obj
 0001:000231e0       ?process@?$output_processor@DV?$string_output_adapter@D@__crt_stdio_output@@V?$standard_base@DV?$string_output_adapter@D@__crt_stdio_output@@@2@@__crt_stdio_output@@QAEHXZ 004241e0 f i libucrt:output.obj
 0001:000232fc       ?process@?$output_processor@_WV?$stream_output_adapter@_W@__crt_stdio_output@@V?$standard_base@_WV?$stream_output_adapter@_W@__crt_stdio_output@@@2@@__crt_stdio_output@@QAEHXZ 004242fc f i libucrt:output.obj
 0001:0002341c       ?process@?$output_processor@_WV?$string_output_adapter@_W@__crt_stdio_output@@V?$standard_base@_WV?$string_output_adapter@_W@__crt_stdio_output@@@2@@__crt_stdio_output@@QAEHXZ 0042441c f i libucrt:output.obj
 0001:0002353c       ?state_case_flag@?$output_processor@DV?$stream_output_adapter@D@__crt_stdio_output@@V?$standard_base@DV?$stream_output_adapter@D@__crt_stdio_output@@@2@@__crt_stdio_output@@AAE_NXZ 0042453c f i libucrt:output.obj
 0001:0002353c       ?state_case_flag@?$output_processor@DV?$string_output_adapter@D@__crt_stdio_output@@V?$standard_base@DV?$string_output_adapter@D@__crt_stdio_output@@@2@@__crt_stdio_output@@AAE_NXZ 0042453c f i libucrt:output.obj
 0001:00023579       ?state_case_flag@?$output_processor@_WV?$stream_output_adapter@_W@__crt_stdio_output@@V?$standard_base@_WV?$stream_output_adapter@_W@__crt_stdio_output@@@2@@__crt_stdio_output@@AAE_NXZ 00424579 f i libucrt:output.obj
 0001:00023579       ?state_case_flag@?$output_processor@_WV?$string_output_adapter@_W@__crt_stdio_output@@V?$standard_base@_WV?$string_output_adapter@_W@__crt_stdio_output@@@2@@__crt_stdio_output@@AAE_NXZ 00424579 f i libucrt:output.obj
 0001:000235b6       ?state_case_normal@?$output_processor@DV?$stream_output_adapter@D@__crt_stdio_output@@V?$standard_base@DV?$stream_output_adapter@D@__crt_stdio_output@@@2@@__crt_stdio_output@@AAE_NXZ 004245b6 f i libucrt:output.obj
 0001:000235d5       ?state_case_normal@?$output_processor@DV?$string_output_adapter@D@__crt_stdio_output@@V?$standard_base@DV?$string_output_adapter@D@__crt_stdio_output@@@2@@__crt_stdio_output@@AAE_NXZ 004245d5 f i libucrt:output.obj
 0001:000235f4       ?state_case_normal@?$output_processor@_WV?$stream_output_adapter@_W@__crt_stdio_output@@V?$standard_base@_WV?$stream_output_adapter@_W@__crt_stdio_output@@@2@@__crt_stdio_output@@AAE_NXZ 004245f4 f i libucrt:output.obj
 0001:00023613       ?state_case_normal@?$output_processor@_WV?$string_output_adapter@_W@__crt_stdio_output@@V?$standard_base@_WV?$string_output_adapter@_W@__crt_stdio_output@@@2@@__crt_stdio_output@@AAE_NXZ 00424613 f i libucrt:output.obj
 0001:00023632       ?state_case_normal_common@?$output_processor@DV?$stream_output_adapter@D@__crt_stdio_output@@V?$standard_base@DV?$stream_output_adapter@D@__crt_stdio_output@@@2@@__crt_stdio_output@@AAE_NXZ 00424632 f i libucrt:output.obj
 0001:0002365c       ?state_case_normal_common@?$output_processor@DV?$string_output_adapter@D@__crt_stdio_output@@V?$standard_base@DV?$string_output_adapter@D@__crt_stdio_output@@@2@@__crt_stdio_output@@AAE_NXZ 0042465c f i libucrt:output.obj
 0001:00023686       ?state_case_normal_common@?$output_processor@_WV?$stream_output_adapter@_W@__crt_stdio_output@@V?$standard_base@_WV?$stream_output_adapter@_W@__crt_stdio_output@@@2@@__crt_stdio_output@@AAE_NXZ 00424686 f i libucrt:output.obj
 0001:000236a1       ?state_case_normal_common@?$output_processor@_WV?$string_output_adapter@_W@__crt_stdio_output@@V?$standard_base@_WV?$string_output_adapter@_W@__crt_stdio_output@@@2@@__crt_stdio_output@@AAE_NXZ 004246a1 f i libucrt:output.obj
 0001:000236bc       ?state_case_normal_tchar@?$output_processor@DV?$stream_output_adapter@D@__crt_stdio_output@@V?$standard_base@DV?$stream_output_adapter@D@__crt_stdio_output@@@2@@__crt_stdio_output@@AAE_ND@Z 004246bc f i libucrt:output.obj
 0001:0002371d       ?state_case_normal_tchar@?$output_processor@DV?$string_output_adapter@D@__crt_stdio_output@@V?$standard_base@DV?$string_output_adapter@D@__crt_stdio_output@@@2@@__crt_stdio_output@@AAE_ND@Z 0042471d f i libucrt:output.obj
 0001:0002377e       ?state_case_precision@?$output_processor@DV?$string_output_adapter@D@__crt_stdio_output@@V?$standard_base@DV?$string_output_adapter@D@__crt_stdio_output@@@2@@__crt_stdio_output@@AAE_NXZ 0042477e f i libucrt:output.obj
 0001:0002377e       ?state_case_precision@?$output_processor@DV?$stream_output_adapter@D@__crt_stdio_output@@V?$standard_base@DV?$stream_output_adapter@D@__crt_stdio_output@@@2@@__crt_stdio_output@@AAE_NXZ 0042477e f i libucrt:output.obj
 0001:000237a6       ?state_case_precision@?$output_processor@_WV?$string_output_adapter@_W@__crt_stdio_output@@V?$standard_base@_WV?$string_output_adapter@_W@__crt_stdio_output@@@2@@__crt_stdio_output@@AAE_NXZ 004247a6 f i libucrt:output.obj
 0001:000237a6       ?state_case_precision@?$output_processor@_WV?$stream_output_adapter@_W@__crt_stdio_output@@V?$standard_base@_WV?$stream_output_adapter@_W@__crt_stdio_output@@@2@@__crt_stdio_output@@AAE_NXZ 004247a6 f i libucrt:output.obj
 0001:000237cf       ?state_case_size@?$output_processor@DV?$stream_output_adapter@D@__crt_stdio_output@@V?$standard_base@DV?$stream_output_adapter@D@__crt_stdio_output@@@2@@__crt_stdio_output@@AAE_NXZ 004247cf f i libucrt:output.obj
 0001:00023938       ?state_case_size@?$output_processor@DV?$string_output_adapter@D@__crt_stdio_output@@V?$standard_base@DV?$string_output_adapter@D@__crt_stdio_output@@@2@@__crt_stdio_output@@AAE_NXZ 00424938 f i libucrt:output.obj
 0001:00023aa1       ?state_case_size@?$output_processor@_WV?$stream_output_adapter@_W@__crt_stdio_output@@V?$standard_base@_WV?$stream_output_adapter@_W@__crt_stdio_output@@@2@@__crt_stdio_output@@AAE_NXZ 00424aa1 f i libucrt:output.obj
 0001:00023c1d       ?state_case_size@?$output_processor@_WV?$string_output_adapter@_W@__crt_stdio_output@@V?$standard_base@_WV?$string_output_adapter@_W@__crt_stdio_output@@@2@@__crt_stdio_output@@AAE_NXZ 00424c1d f i libucrt:output.obj
 0001:00023d99       ?state_case_type@?$output_processor@DV?$stream_output_adapter@D@__crt_stdio_output@@V?$standard_base@DV?$stream_output_adapter@D@__crt_stdio_output@@@2@@__crt_stdio_output@@AAE_NXZ 00424d99 f i libucrt:output.obj
 0001:00023fc8       ?state_case_type@?$output_processor@DV?$string_output_adapter@D@__crt_stdio_output@@V?$standard_base@DV?$string_output_adapter@D@__crt_stdio_output@@@2@@__crt_stdio_output@@AAE_NXZ 00424fc8 f i libucrt:output.obj
 0001:000241f7       ?state_case_type@?$output_processor@_WV?$stream_output_adapter@_W@__crt_stdio_output@@V?$standard_base@_WV?$stream_output_adapter@_W@__crt_stdio_output@@@2@@__crt_stdio_output@@AAE_NXZ 004251f7 f i libucrt:output.obj
 0001:00024454       ?state_case_type@?$output_processor@_WV?$string_output_adapter@_W@__crt_stdio_output@@V?$standard_base@_WV?$string_output_adapter@_W@__crt_stdio_output@@@2@@__crt_stdio_output@@AAE_NXZ 00425454 f i libucrt:output.obj
 0001:000246b1       ?state_case_width@?$output_processor@DV?$string_output_adapter@D@__crt_stdio_output@@V?$standard_base@DV?$string_output_adapter@D@__crt_stdio_output@@@2@@__crt_stdio_output@@AAE_NXZ 004256b1 f i libucrt:output.obj
 0001:000246b1       ?state_case_width@?$output_processor@DV?$stream_output_adapter@D@__crt_stdio_output@@V?$standard_base@DV?$stream_output_adapter@D@__crt_stdio_output@@@2@@__crt_stdio_output@@AAE_NXZ 004256b1 f i libucrt:output.obj
 0001:000246dc       ?state_case_width@?$output_processor@_WV?$string_output_adapter@_W@__crt_stdio_output@@V?$standard_base@_WV?$string_output_adapter@_W@__crt_stdio_output@@@2@@__crt_stdio_output@@AAE_NXZ 004256dc f i libucrt:output.obj
 0001:000246dc       ?state_case_width@?$output_processor@_WV?$stream_output_adapter@_W@__crt_stdio_output@@V?$standard_base@_WV?$stream_output_adapter@_W@__crt_stdio_output@@@2@@__crt_stdio_output@@AAE_NXZ 004256dc f i libucrt:output.obj
 0001:00024708       ?to_integer_size@__crt_stdio_output@@YAIW4length_modifier@1@@Z 00425708 f i libucrt:output.obj
 0001:00024764       ?type_case_Z@?$output_processor@DV?$stream_output_adapter@D@__crt_stdio_output@@V?$standard_base@DV?$stream_output_adapter@D@__crt_stdio_output@@@2@@__crt_stdio_output@@AAE_NXZ 00425764 f i libucrt:output.obj
 0001:00024764       ?type_case_Z@?$output_processor@DV?$string_output_adapter@D@__crt_stdio_output@@V?$standard_base@DV?$string_output_adapter@D@__crt_stdio_output@@@2@@__crt_stdio_output@@AAE_NXZ 00425764 f i libucrt:output.obj
 0001:000247c7       ?type_case_Z@?$output_processor@_WV?$string_output_adapter@_W@__crt_stdio_output@@V?$standard_base@_WV?$string_output_adapter@_W@__crt_stdio_output@@@2@@__crt_stdio_output@@AAE_NXZ 004257c7 f i libucrt:output.obj
 0001:000247c7       ?type_case_Z@?$output_processor@_WV?$stream_output_adapter@_W@__crt_stdio_output@@V?$standard_base@_WV?$stream_output_adapter@_W@__crt_stdio_output@@@2@@__crt_stdio_output@@AAE_NXZ 004257c7 f i libucrt:output.obj
 0001:0002482a       ?type_case_a@?$output_processor@DV?$string_output_adapter@D@__crt_stdio_output@@V?$standard_base@DV?$string_output_adapter@D@__crt_stdio_output@@@2@@__crt_stdio_output@@AAE_NXZ 0042582a f i libucrt:output.obj
 0001:0002482a       ?type_case_a@?$output_processor@DV?$stream_output_adapter@D@__crt_stdio_output@@V?$standard_base@DV?$stream_output_adapter@D@__crt_stdio_output@@@2@@__crt_stdio_output@@AAE_NXZ 0042582a f i libucrt:output.obj
 0001:00024984       ?type_case_a@?$output_processor@_WV?$string_output_adapter@_W@__crt_stdio_output@@V?$standard_base@_WV?$string_output_adapter@_W@__crt_stdio_output@@@2@@__crt_stdio_output@@AAE_NXZ 00425984 f i libucrt:output.obj
 0001:00024984       ?type_case_a@?$output_processor@_WV?$stream_output_adapter@_W@__crt_stdio_output@@V?$standard_base@_WV?$stream_output_adapter@_W@__crt_stdio_output@@@2@@__crt_stdio_output@@AAE_NXZ 00425984 f i libucrt:output.obj
 0001:00024af6       ?type_case_c_tchar@?$output_processor@DV?$string_output_adapter@D@__crt_stdio_output@@V?$standard_base@DV?$string_output_adapter@D@__crt_stdio_output@@@2@@__crt_stdio_output@@AAE_ND@Z 00425af6 f i libucrt:output.obj
 0001:00024af6       ?type_case_c_tchar@?$output_processor@DV?$stream_output_adapter@D@__crt_stdio_output@@V?$standard_base@DV?$stream_output_adapter@D@__crt_stdio_output@@@2@@__crt_stdio_output@@AAE_ND@Z 00425af6 f i libucrt:output.obj
 0001:00024b86       ?type_case_c_tchar@?$output_processor@_WV?$string_output_adapter@_W@__crt_stdio_output@@V?$standard_base@_WV?$string_output_adapter@_W@__crt_stdio_output@@@2@@__crt_stdio_output@@AAE_N_W@Z 00425b86 f i libucrt:output.obj
 0001:00024b86       ?type_case_c_tchar@?$output_processor@_WV?$stream_output_adapter@_W@__crt_stdio_output@@V?$standard_base@_WV?$stream_output_adapter@_W@__crt_stdio_output@@@2@@__crt_stdio_output@@AAE_N_W@Z 00425b86 f i libucrt:output.obj
 0001:00024c1e       ?type_case_integer@?$output_processor@_WV?$stream_output_adapter@_W@__crt_stdio_output@@V?$standard_base@_WV?$stream_output_adapter@_W@__crt_stdio_output@@@2@@__crt_stdio_output@@AAE_NI_N@Z 00425c1e f i libucrt:output.obj
 0001:00024c1e       ?type_case_integer@?$output_processor@DV?$stream_output_adapter@D@__crt_stdio_output@@V?$standard_base@DV?$stream_output_adapter@D@__crt_stdio_output@@@2@@__crt_stdio_output@@AAE_NI_N@Z 00425c1e f i libucrt:output.obj
 0001:00024c1e       ?type_case_integer@?$output_processor@_WV?$string_output_adapter@_W@__crt_stdio_output@@V?$standard_base@_WV?$string_output_adapter@_W@__crt_stdio_output@@@2@@__crt_stdio_output@@AAE_NI_N@Z 00425c1e f i libucrt:output.obj
 0001:00024c1e       ?type_case_integer@?$output_processor@DV?$string_output_adapter@D@__crt_stdio_output@@V?$standard_base@DV?$string_output_adapter@D@__crt_stdio_output@@@2@@__crt_stdio_output@@AAE_NI_N@Z 00425c1e f i libucrt:output.obj
 0001:00024d68       ?type_case_n@?$output_processor@DV?$stream_output_adapter@D@__crt_stdio_output@@V?$standard_base@DV?$stream_output_adapter@D@__crt_stdio_output@@@2@@__crt_stdio_output@@AAE_NXZ 00425d68 f i libucrt:output.obj
 0001:00024d68       ?type_case_n@?$output_processor@_WV?$string_output_adapter@_W@__crt_stdio_output@@V?$standard_base@_WV?$string_output_adapter@_W@__crt_stdio_output@@@2@@__crt_stdio_output@@AAE_NXZ 00425d68 f i libucrt:output.obj
 0001:00024d68       ?type_case_n@?$output_processor@_WV?$stream_output_adapter@_W@__crt_stdio_output@@V?$standard_base@_WV?$stream_output_adapter@_W@__crt_stdio_output@@@2@@__crt_stdio_output@@AAE_NXZ 00425d68 f i libucrt:output.obj
 0001:00024d68       ?type_case_n@?$output_processor@DV?$string_output_adapter@D@__crt_stdio_output@@V?$standard_base@DV?$string_output_adapter@D@__crt_stdio_output@@@2@@__crt_stdio_output@@AAE_NXZ 00425d68 f i libucrt:output.obj
 0001:00024ddc       ?type_case_o@?$output_processor@_WV?$string_output_adapter@_W@__crt_stdio_output@@V?$standard_base@_WV?$string_output_adapter@_W@__crt_stdio_output@@@2@@__crt_stdio_output@@AAE_NXZ 00425ddc f i libucrt:output.obj
 0001:00024ddc       ?type_case_o@?$output_processor@DV?$stream_output_adapter@D@__crt_stdio_output@@V?$standard_base@DV?$stream_output_adapter@D@__crt_stdio_output@@@2@@__crt_stdio_output@@AAE_NXZ 00425ddc f i libucrt:output.obj
 0001:00024ddc       ?type_case_o@?$output_processor@_WV?$stream_output_adapter@_W@__crt_stdio_output@@V?$standard_base@_WV?$stream_output_adapter@_W@__crt_stdio_output@@@2@@__crt_stdio_output@@AAE_NXZ 00425ddc f i libucrt:output.obj
 0001:00024ddc       ?type_case_o@?$output_processor@DV?$string_output_adapter@D@__crt_stdio_output@@V?$standard_base@DV?$string_output_adapter@D@__crt_stdio_output@@@2@@__crt_stdio_output@@AAE_NXZ 00425ddc f i libucrt:output.obj
 0001:00024dfb       ?type_case_p@?$output_processor@_WV?$stream_output_adapter@_W@__crt_stdio_output@@V?$standard_base@_WV?$stream_output_adapter@_W@__crt_stdio_output@@@2@@__crt_stdio_output@@AAE_NXZ 00425dfb f i libucrt:output.obj
 0001:00024dfb       ?type_case_p@?$output_processor@DV?$string_output_adapter@D@__crt_stdio_output@@V?$standard_base@DV?$string_output_adapter@D@__crt_stdio_output@@@2@@__crt_stdio_output@@AAE_NXZ 00425dfb f i libucrt:output.obj
 0001:00024dfb       ?type_case_p@?$output_processor@DV?$stream_output_adapter@D@__crt_stdio_output@@V?$standard_base@DV?$stream_output_adapter@D@__crt_stdio_output@@@2@@__crt_stdio_output@@AAE_NXZ 00425dfb f i libucrt:output.obj
 0001:00024dfb       ?type_case_p@?$output_processor@_WV?$string_output_adapter@_W@__crt_stdio_output@@V?$standard_base@_WV?$string_output_adapter@_W@__crt_stdio_output@@@2@@__crt_stdio_output@@AAE_NXZ 00425dfb f i libucrt:output.obj
 0001:00024e13       ?type_case_s@?$output_processor@DV?$stream_output_adapter@D@__crt_stdio_output@@V?$standard_base@DV?$stream_output_adapter@D@__crt_stdio_output@@@2@@__crt_stdio_output@@AAE_NXZ 00425e13 f i libucrt:output.obj
 0001:00024e13       ?type_case_s@?$output_processor@DV?$string_output_adapter@D@__crt_stdio_output@@V?$standard_base@DV?$string_output_adapter@D@__crt_stdio_output@@@2@@__crt_stdio_output@@AAE_NXZ 00425e13 f i libucrt:output.obj
 0001:00024e86       ?type_case_s@?$output_processor@_WV?$stream_output_adapter@_W@__crt_stdio_output@@V?$standard_base@_WV?$stream_output_adapter@_W@__crt_stdio_output@@@2@@__crt_stdio_output@@AAE_NXZ 00425e86 f i libucrt:output.obj
 0001:00024e86       ?type_case_s@?$output_processor@_WV?$string_output_adapter@_W@__crt_stdio_output@@V?$standard_base@_WV?$string_output_adapter@_W@__crt_stdio_output@@@2@@__crt_stdio_output@@AAE_NXZ 00425e86 f i libucrt:output.obj
 0001:00024efa       ?type_case_s_compute_narrow_string_length@?$output_processor@_WV?$string_output_adapter@_W@__crt_stdio_output@@V?$standard_base@_WV?$string_output_adapter@_W@__crt_stdio_output@@@2@@__crt_stdio_output@@ABEHH_W@Z 00425efa f i libucrt:output.obj
 0001:00024efa       ?type_case_s_compute_narrow_string_length@?$output_processor@_WV?$stream_output_adapter@_W@__crt_stdio_output@@V?$standard_base@_WV?$stream_output_adapter@_W@__crt_stdio_output@@@2@@__crt_stdio_output@@ABEHH_W@Z 00425efa f i libucrt:output.obj
 0001:00024f3a       ?validate@?$stream_output_adapter@D@__crt_stdio_output@@QBE_NXZ 00425f3a f i libucrt:output.obj
 0001:00024f5b       ?validate@?$string_output_adapter@_W@__crt_stdio_output@@QBE_NXZ 00425f5b f i libucrt:output.obj
 0001:00024f5b       ?validate@?$c_string_character_source@D@__crt_strtox@@QBE_NXZ 00425f5b f i libucrt:atox.obj
 0001:00024f5b       ?validate@?$string_output_adapter@D@__crt_stdio_output@@QBE_NXZ 00425f5b f i libucrt:output.obj
 0001:00024f5b       ?validate@?$stream_output_adapter@_W@__crt_stdio_output@@QBE_NXZ 00425f5b f i libucrt:output.obj
 0001:00024f5b       ?validate@?$c_string_character_source@_W@__crt_strtox@@QBE_NXZ 00425f5b f i libucrt:atox.obj
 0001:00024f76       ?validate_stream_is_ansi_if_required@?$__acrt_stdio_char_traits@D@@SA_NQAU_iobuf@@@Z 00425f76 f i libucrt:output.obj
 0001:00024ff8       ?write_character@?$stream_output_adapter@D@__crt_stdio_output@@QBEXDQAH@Z 00425ff8 f i libucrt:output.obj
 0001:00025035       ?write_character@?$stream_output_adapter@_W@__crt_stdio_output@@QBEX_WQAH@Z 00426035 f i libucrt:output.obj
 0001:00025075       ?write_character@?$string_output_adapter@D@__crt_stdio_output@@QBE_NDQAH@Z 00426075 f i libucrt:output.obj
 0001:000250b7       ?write_character@?$string_output_adapter@_W@__crt_stdio_output@@QBE_N_WQAH@Z 004260b7 f i libucrt:output.obj
 0001:000250fc       ?write_stored_string_tchar@?$output_processor@DV?$stream_output_adapter@D@__crt_stdio_output@@V?$standard_base@DV?$stream_output_adapter@D@__crt_stdio_output@@@2@@__crt_stdio_output@@AAE_ND@Z 004260fc f i libucrt:output.obj
 0001:000251a3       ?write_stored_string_tchar@?$output_processor@DV?$string_output_adapter@D@__crt_stdio_output@@V?$standard_base@DV?$string_output_adapter@D@__crt_stdio_output@@@2@@__crt_stdio_output@@AAE_ND@Z 004261a3 f i libucrt:output.obj
 0001:0002524a       ?write_stored_string_tchar@?$output_processor@_WV?$stream_output_adapter@_W@__crt_stdio_output@@V?$standard_base@_WV?$stream_output_adapter@_W@__crt_stdio_output@@@2@@__crt_stdio_output@@AAE_N_W@Z 0042624a f i libucrt:output.obj
 0001:000252d5       ?write_stored_string_tchar@?$output_processor@_WV?$string_output_adapter@_W@__crt_stdio_output@@V?$standard_base@_WV?$string_output_adapter@_W@__crt_stdio_output@@@2@@__crt_stdio_output@@AAE_N_W@Z 004262d5 f i libucrt:output.obj
 0001:00025360       ?write_string@?$stream_output_adapter@D@__crt_stdio_output@@QBEXQBDHQAH1@Z 00426360 f i libucrt:output.obj
 0001:000253ea       ?write_string@?$stream_output_adapter@_W@__crt_stdio_output@@QBEXQB_WHQAH1@Z 004263ea f i libucrt:output.obj
 0001:00025477       ?write_string@?$string_output_adapter@D@__crt_stdio_output@@QBEXQBDHQAH1@Z 00426477 f i libucrt:output.obj
 0001:0002550a       ?write_string@?$string_output_adapter@_W@__crt_stdio_output@@QBEXQB_WHQAH1@Z 0042650a f i libucrt:output.obj
 0001:000255a4       ___stdio_common_vfprintf   004265a4 f   libucrt:output.obj
 0001:0002561b       ___stdio_common_vfwprintf  0042661b f   libucrt:output.obj
 0001:00025692       ___stdio_common_vsprintf   00426692 f   libucrt:output.obj
 0001:000256b6       ___stdio_common_vswprintf  004266b6 f   libucrt:output.obj
 0001:000256da       ??$assemble_floating_point_ind@N@__crt_strtox@@YAXAAN@Z 004266da f i libucrt:input.obj
 0001:00025709       ??$assemble_floating_point_infinity@N@__crt_strtox@@YAX_NAAN@Z 00426709 f i libucrt:input.obj
 0001:00025748       ??$assemble_floating_point_qnan@N@__crt_strtox@@YAX_NAAN@Z 00426748 f i libucrt:input.obj
 0001:00025787       ??$assemble_floating_point_snan@N@__crt_strtox@@YAX_NAAN@Z 00426787 f i libucrt:input.obj
 0001:000257cb       ??$assemble_floating_point_value_t@M@__crt_strtox@@YA?AW4SLD_STATUS@@_NH_KAAM@Z 004267cb f i libucrt:input.obj
 0001:000257fb       ??$assemble_floating_point_value_t@N@__crt_strtox@@YA?AW4SLD_STATUS@@_NH_KAAN@Z 004267fb f i libucrt:input.obj
 0001:0002585a       ??$assemble_floating_point_zero@N@__crt_strtox@@YAX_NAAN@Z 0042685a f i libucrt:input.obj
 0001:00025958       ??$convert_decimal_string_to_floating_type@M@__crt_strtox@@YA?AW4SLD_STATUS@@ABUfloating_point_string@0@AAM@Z 00426958 f i libucrt:input.obj
 0001:0002597b       ??$convert_decimal_string_to_floating_type@N@__crt_strtox@@YA?AW4SLD_STATUS@@ABUfloating_point_string@0@AAN@Z 0042697b f i libucrt:input.obj
 0001:0002599e       ??$convert_hexadecimal_string_to_floating_type@M@__crt_strtox@@YA?AW4SLD_STATUS@@ABUfloating_point_string@0@AAM@Z 0042699e f i libucrt:input.obj
 0001:000259c1       ??$convert_hexadecimal_string_to_floating_type@N@__crt_strtox@@YA?AW4SLD_STATUS@@ABUfloating_point_string@0@AAN@Z 004269c1 f i libucrt:input.obj
 0001:000259e4       ??$is_overflow_condition@_K@__crt_strtox@@YA_NI_K@Z 004269e4 f i libucrt:input.obj
 0001:00025a27       ??$make_input_adapter_character_source@V?$string_input_adapter@D@__crt_stdio_input@@@__crt_strtox@@YA?AV?$input_adapter_character_source@V?$string_input_adapter@D@__crt_stdio_input@@@0@QAV?$string_input_adapter@D@__crt_stdio_input@@_KQA_N@Z 00426a27 f i libucrt:input.obj
 0001:00025a45       ??$parse_floating_point@V?$input_adapter_character_source@V?$string_input_adapter@D@__crt_stdio_input@@@__crt_strtox@@M@__crt_strtox@@YA?AW4SLD_STATUS@@QAU__crt_locale_pointers@@V?$input_adapter_character_source@V?$string_input_adapter@D@__crt_stdio_input@@@0@QAM@Z 00426a45 f i libucrt:input.obj
 0001:00025ac0       ??$parse_floating_point@V?$input_adapter_character_source@V?$string_input_adapter@D@__crt_stdio_input@@@__crt_strtox@@N@__crt_strtox@@YA?AW4SLD_STATUS@@QAU__crt_locale_pointers@@V?$input_adapter_character_source@V?$string_input_adapter@D@__crt_stdio_input@@@0@QAN@Z 00426ac0 f i libucrt:input.obj
 0001:00025b3b       ??$parse_floating_point_from_source@V?$input_adapter_character_source@V?$string_input_adapter@D@__crt_stdio_input@@@__crt_strtox@@@__crt_strtox@@YA?AW4floating_point_parse_result@0@QAU__crt_locale_pointers@@AAV?$input_adapter_character_source@V?$string_input_adapter@D@__crt_stdio_input@@@0@AAUfloating_point_string@0@@Z 00426b3b f i libucrt:input.obj
 0001:00025fa2       ??$parse_floating_point_possible_infinity@DV?$input_adapter_character_source@V?$string_input_adapter@D@__crt_stdio_input@@@__crt_strtox@@_K@__crt_strtox@@YA?AW4floating_point_parse_result@0@AADAAV?$input_adapter_character_source@V?$string_input_adapter@D@__crt_stdio_input@@@0@_K@Z 00426fa2 f i libucrt:input.obj
 0001:00026063       ??$parse_floating_point_possible_nan@DV?$input_adapter_character_source@V?$string_input_adapter@D@__crt_stdio_input@@@__crt_strtox@@_K@__crt_strtox@@YA?AW4floating_point_parse_result@0@AADAAV?$input_adapter_character_source@V?$string_input_adapter@D@__crt_stdio_input@@@0@_K@Z 00427063 f i libucrt:input.obj
 0001:00026175       ??$parse_floating_point_possible_nan_is_ind@DV?$input_adapter_character_source@V?$string_input_adapter@D@__crt_stdio_input@@@__crt_strtox@@@__crt_strtox@@YA_NAADAAV?$input_adapter_character_source@V?$string_input_adapter@D@__crt_stdio_input@@@0@@Z 00427175 f i libucrt:input.obj
 0001:000261af       ??$parse_floating_point_possible_nan_is_snan@DV?$input_adapter_character_source@V?$string_input_adapter@D@__crt_stdio_input@@@__crt_strtox@@@__crt_strtox@@YA_NAADAAV?$input_adapter_character_source@V?$string_input_adapter@D@__crt_stdio_input@@@0@@Z 004271af f i libucrt:input.obj
 0001:000261e9       ??$parse_floating_point_write_result@M@__crt_strtox@@YA?AW4SLD_STATUS@@W4floating_point_parse_result@0@ABUfloating_point_string@0@QAM@Z 004271e9 f i libucrt:input.obj
 0001:000262f9       ??$parse_floating_point_write_result@N@__crt_strtox@@YA?AW4SLD_STATUS@@W4floating_point_parse_result@0@ABUfloating_point_string@0@QAN@Z 004272f9 f i libucrt:input.obj
 0001:000263fd       ??$parse_integer@_KV?$input_adapter_character_source@V?$string_input_adapter@D@__crt_stdio_input@@@__crt_strtox@@@__crt_strtox@@YA_KQAU__crt_locale_pointers@@V?$input_adapter_character_source@V?$string_input_adapter@D@__crt_stdio_input@@@0@H_N@Z 004273fd f i libucrt:input.obj
 0001:000266ae       ??$process_floating_point_specifier_t@M@?$input_processor@DV?$string_input_adapter@D@__crt_stdio_input@@@__crt_stdio_input@@AAE_NXZ 004276ae f i libucrt:input.obj
 0001:00026716       ??$process_floating_point_specifier_t@N@?$input_processor@DV?$string_input_adapter@D@__crt_stdio_input@@@__crt_stdio_input@@AAE_NXZ 00427716 f i libucrt:input.obj
 0001:0002677e       ??$process_string_specifier_tchar@D@?$input_processor@DV?$string_input_adapter@D@__crt_stdio_input@@@__crt_stdio_input@@AAE_NW4conversion_mode@1@D@Z 0042777e f i libucrt:input.obj
 0001:000268e0       ??$process_string_specifier_tchar@_W@?$input_processor@DV?$string_input_adapter@D@__crt_stdio_input@@@__crt_stdio_input@@AAE_NW4conversion_mode@1@_W@Z 004278e0 f i libucrt:input.obj
 0001:00026a4c       ??$skip_whitespace@Vstring_input_adapter@__crt_stdio_input@@D@__crt_stdio_input@@YAHAAV?$string_input_adapter@D@0@QAU__crt_locale_pointers@@@Z 00427a4c f i libucrt:input.obj
 0001:00026a7b       ??$write_floating_point@M@?$input_processor@DV?$string_input_adapter@D@__crt_stdio_input@@@__crt_stdio_input@@AAE_NABM@Z 00427a7b f i libucrt:input.obj
 0001:00026ab2       ??$write_floating_point@N@?$input_processor@DV?$string_input_adapter@D@__crt_stdio_input@@@__crt_stdio_input@@AAE_NABN@Z 00427ab2 f i libucrt:input.obj
 0001:00026aef       ??0?$format_string_parser@D@__crt_stdio_input@@QAE@_KQBE@Z 00427aef f i libucrt:input.obj
 0001:00026b39       ??0?$input_adapter_character_source@V?$string_input_adapter@D@__crt_stdio_input@@@__crt_strtox@@QAE@QAV?$string_input_adapter@D@__crt_stdio_input@@_KQA_N@Z 00427b39 f i libucrt:input.obj
 0001:00026b6a       ??0?$input_processor@DV?$string_input_adapter@D@__crt_stdio_input@@@__crt_stdio_input@@QAE@ABV?$string_input_adapter@D@1@_KQBDQAU__crt_locale_pointers@@QAD@Z 00427b6a f i libucrt:input.obj
 0001:00026bdc       ?advance@?$format_string_parser@D@__crt_stdio_input@@QAE_NXZ 00427bdc f i libucrt:input.obj
 0001:00026cfc       ?as_double@floating_point_value@__crt_strtox@@QBEAANXZ 00427cfc f i libucrt:input.obj
 0001:00026d21       ?as_float@floating_point_value@__crt_strtox@@QBEAAMXZ 00427d21 f i libucrt:input.obj
 0001:00026d46       ?assemble_floating_point_infinity@__crt_strtox@@YAX_NABVfloating_point_value@1@@Z 00427d46 f i libucrt:input.obj
 0001:00026d80       ?assemble_floating_point_value@__crt_strtox@@YA?AW4SLD_STATUS@@_KH_N1ABVfloating_point_value@1@@Z 00427d80 f i libucrt:input.obj
 0001:000270cc       ?assemble_floating_point_value_from_big_integer@__crt_strtox@@YA?AW4SLD_STATUS@@ABUbig_integer@1@I_N1ABVfloating_point_value@1@@Z 004280cc f i libucrt:input.obj
 0001:0002725a       ?assemble_floating_point_zero@__crt_strtox@@YAX_NABVfloating_point_value@1@@Z 0042825a f i libucrt:input.obj
 0001:0002728e       ?convert_decimal_string_to_floating_type_common@__crt_strtox@@YA?AW4SLD_STATUS@@ABUfloating_point_string@1@ABVfloating_point_value@1@@Z 0042828e f i libucrt:input.obj
 0001:00029051       ?convert_hexadecimal_string_to_floating_type_common@__crt_strtox@@YA?AW4SLD_STATUS@@ABUfloating_point_string@1@ABVfloating_point_value@1@@Z 0042a051 f i libucrt:input.obj
 0001:000290fd       ?denormal_mantissa_mask@floating_point_value@__crt_strtox@@QBE_KXZ 0042a0fd f i libucrt:input.obj
 0001:00029120       ?divide@__crt_strtox@@YA_KAAUbig_integer@1@ABU21@@Z 0042a120 f i libucrt:input.obj
 0001:000295ce       ?get@?$input_adapter_character_source@V?$string_input_adapter@D@__crt_stdio_input@@@__crt_strtox@@QAEDXZ 0042a5ce f i libucrt:input.obj
 0001:00029608       ?get@?$string_input_adapter@D@__crt_stdio_input@@QAEHXZ 0042a608 f i libucrt:input.obj
 0001:0002961e       ?invert@?$scanset_buffer@E@__crt_stdio_input@@QAEXXZ 0042a61e f i libucrt:input.obj
 0001:0002963c       ?is_character_allowed_in_string@?$input_processor@DV?$string_input_adapter@D@__crt_stdio_input@@@__crt_stdio_input@@ABE_NW4conversion_mode@2@H@Z 0042a63c f i libucrt:input.obj
 0001:00029682       ?length@?$format_string_parser@D@__crt_stdio_input@@QBEIXZ 0042a682 f i libucrt:input.obj
 0001:000296c3       ?normal_mantissa_mask@floating_point_value@__crt_strtox@@QBE_KXZ 0042a6c3 f i libucrt:input.obj
 0001:000296da       ?process@?$input_processor@DV?$string_input_adapter@D@__crt_stdio_input@@@__crt_stdio_input@@QAEHXZ 0042a6da f i libucrt:input.obj
 0001:0002975f       ?process_character_count_specifier@?$input_processor@DV?$string_input_adapter@D@__crt_stdio_input@@@__crt_stdio_input@@AAE_NXZ 0042a75f f i libucrt:input.obj
 0001:00029779       ?process_conversion_specifier@?$input_processor@DV?$string_input_adapter@D@__crt_stdio_input@@@__crt_stdio_input@@AAE_NXZ 0042a779 f i libucrt:input.obj
 0001:000297ed       ?process_floating_point_specifier@?$input_processor@DV?$string_input_adapter@D@__crt_stdio_input@@@__crt_stdio_input@@AAE_NXZ 0042a7ed f i libucrt:input.obj
 0001:0002981d       ?process_integer_specifier@?$input_processor@DV?$string_input_adapter@D@__crt_stdio_input@@@__crt_stdio_input@@AAE_NI_N@Z 0042a81d f i libucrt:input.obj
 0001:00029883       ?process_literal_character@?$input_processor@DV?$string_input_adapter@D@__crt_stdio_input@@@__crt_stdio_input@@AAE_NXZ 0042a883 f i libucrt:input.obj
 0001:000298b9       ?process_literal_character_tchar@?$input_processor@DV?$string_input_adapter@D@__crt_stdio_input@@@__crt_stdio_input@@AAE_ND@Z 0042a8b9 f i libucrt:input.obj
 0001:0002990f       ?process_state@?$input_processor@DV?$string_input_adapter@D@__crt_stdio_input@@@__crt_stdio_input@@AAE_NXZ 0042a90f f i libucrt:input.obj
 0001:00029945       ?process_string_specifier@?$input_processor@DV?$string_input_adapter@D@__crt_stdio_input@@@__crt_stdio_input@@AAE_NW4conversion_mode@2@@Z 0042a945 f i libucrt:input.obj
 0001:0002998d       ?process_whitespace@?$input_processor@DV?$string_input_adapter@D@__crt_stdio_input@@@__crt_stdio_input@@AAE_NXZ 0042a98d f i libucrt:input.obj
 0001:000299aa       ?restore_state@?$input_adapter_character_source@V?$string_input_adapter@D@__crt_stdio_input@@@__crt_strtox@@QAE_N_K@Z 0042a9aa f i libucrt:input.obj
 0001:000299cf       ?scan_conversion_specifier@?$format_string_parser@D@__crt_stdio_input@@AAE_NXZ 0042a9cf f i libucrt:input.obj
 0001:00029b3a       ?scan_optional_field_width@?$format_string_parser@D@__crt_stdio_input@@AAE_NXZ 0042ab3a f i libucrt:input.obj
 0001:00029bd9       ?scan_optional_length_modifier@?$format_string_parser@D@__crt_stdio_input@@AAEXXZ 0042abd9 f i libucrt:input.obj
 0001:00029cf9       ?scan_optional_literal_character_trail_bytes_tchar@?$format_string_parser@D@__crt_stdio_input@@AAE_ND@Z 0042acf9 f i libucrt:input.obj
 0001:00029d4e       ?scan_optional_wide_modifier@?$format_string_parser@D@__crt_stdio_input@@AAEXXZ 0042ad4e f i libucrt:input.obj
 0001:00029d6c       ?scan_scanset_range@?$format_string_parser@D@__crt_stdio_input@@AAE_NXZ 0042ad6c f i libucrt:input.obj
 0001:00029e73       ?set@?$scanset_buffer@E@__crt_stdio_input@@QAEXE@Z 0042ae73 f i libucrt:input.obj
 0001:00029e9e       ?set_wide_for_c_s_or_scanset@?$format_string_parser@D@__crt_stdio_input@@AAEXXZ 0042ae9e f i libucrt:input.obj
 0001:00029ebe       ?test@?$scanset_buffer@E@__crt_stdio_input@@QBE_NE@Z 0042aebe f i libucrt:input.obj
 0001:00029eef       ?to_floating_point_length@__crt_stdio_input@@YAIW4length_modifier@1@@Z 0042aeef f i libucrt:input.obj
 0001:00029f12       ?to_integer_length@__crt_stdio_input@@YAIW4length_modifier@1@@Z 0042af12 f i libucrt:input.obj
 0001:00029f6a       ?unget@?$input_adapter_character_source@V?$string_input_adapter@D@__crt_stdio_input@@@__crt_strtox@@QAEXD@Z 0042af6a f i libucrt:input.obj
 0001:00029fab       ?unget@?$string_input_adapter@D@__crt_stdio_input@@QAEXH@Z 0042afab f i libucrt:input.obj
 0001:00029fca       ?validate@?$format_string_parser@D@__crt_stdio_input@@QBE_NXZ 0042afca f i libucrt:input.obj
 0001:00029fe6       ?validate@?$input_adapter_character_source@V?$string_input_adapter@D@__crt_stdio_input@@@__crt_strtox@@QBE_NXZ 0042afe6 f i libucrt:input.obj
 0001:0002a007       ?validate@?$string_input_adapter@D@__crt_stdio_input@@QAE_NXZ 0042b007 f i libucrt:input.obj
 0001:0002a029       ?write_character@?$input_processor@DV?$string_input_adapter@D@__crt_stdio_input@@@__crt_stdio_input@@AAE_NQA_WIAAPA_WAAID@Z 0042b029 f i libucrt:input.obj
 0001:0002a09a       ?write_integer@?$input_processor@DV?$string_input_adapter@D@__crt_stdio_input@@@__crt_stdio_input@@AAE_N_K_N@Z 0042b09a f i libucrt:input.obj
 0001:0002a111       ___stdio_common_vsscanf    0042b111 f   libucrt:input.obj
 0001:0002a135       __chvalidchk_l             0042b135 f i libucrt:input.obj
 0001:0002a15f       __ischartype_l             0042b15f f i libucrt:input.obj
 0001:0002a192       _abort                     0042b192 f   libucrt:abort.obj
 0001:0002a1d5       __isdigit_l                0042b1d5 f i libucrt:_ctype.obj
 0001:0002a20d       __isspace_l                0042b20d f i libucrt:_ctype.obj
 0001:0002a245       _isdigit                   0042b245 f i libucrt:_ctype.obj
 0001:0002a272       _isspace                   0042b272 f i libucrt:_ctype.obj
 0001:0002a2a0       _strcpy                    0042b2a0 f   libucrt:strcat.obj
 0001:0002a2b0       _strcat                    0042b2b0 f   libucrt:strcat.obj
 0001:0002a3a0       _strlen                    0042b3a0 f   libucrt:strlen.obj
 0001:0002a430       _strncmp                   0042b430 f   libucrt:strncmp.obj
 0001:0002a4b0       _strncpy                   0042b4b0 f   libucrt:strncpy.obj
 0001:0002a5d4       ??$?RV<lambda_11b4f7b0d3157825a5656a18eba1ae27>@@AAV<lambda_b51c0495177f500e782686251704ae76>@@V<lambda_cf89b47920b5017557bfe891e78aca36>@@@?$__crt_seh_guarded_call@I@@QAEI$$QAV<lambda_11b4f7b0d3157825a5656a18eba1ae27>@@AAV<lambda_b51c0495177f500e782686251704ae76>@@$$QAV<lambda_cf89b47920b5017557bfe891e78aca36>@@@Z 0042b5d4 f i libucrt:fwrite.obj
 0001:0002a625       ??$__acrt_lock_stream_and_call@V<lambda_b51c0495177f500e782686251704ae76>@@@@YAIQAU_iobuf@@$$QAV<lambda_b51c0495177f500e782686251704ae76>@@@Z 0042b625 f i libucrt:fwrite.obj
 0001:0002a693       __fwrite_nolock            0042b693 f   libucrt:fwrite.obj
 0001:0002a80c       _fwrite                    0042b80c f   libucrt:fwrite.obj
 0001:0002a864       _free                      0042b864 f   libucrt:free.obj
 0001:0002a869       _malloc                    0042b869 f   libucrt:malloc.obj
 0001:0002a874       _realloc                   0042b874 f   libucrt:realloc.obj
 0001:0002a9e6       __tolower_l                0042b9e6 f   libucrt:tolower_toupper.obj
 0001:0002aa00       _tolower                   0042ba00 f   libucrt:tolower_toupper.obj
 0001:0002aa30       _strcspn                   0042ba30 f   libucrt:strcspn.obj
 0001:0002aa80       _strspn                    0042ba80 f   libucrt:strspn.obj
 0001:0002aac6       __fgetc_nolock             0042bac6 f   libucrt:fgetc.obj
 0001:0002ab02       __getc_nolock              0042bb02 f   libucrt:fgetc.obj
[...]
 0002:0000df28       __sehtable$??$common_fgets@D@@YAPADQADHV__crt_stdio_stream@@@Z 0044bf28     libucrt:fgets.obj
 0002:0000df48       __sehtable$_fputc          0044bf48     libucrt:fputc.obj
 0002:0000df68       __sehtable$_fread_s        0044bf68     libucrt:fread.obj
 0002:0000df88       __sehtable$_rewind         0044bf88     libucrt:rewind.obj
 0002:0000dfa8       __sehtable$_ungetc         0044bfa8     libucrt:ungetc.obj
 0002:0000dfc8       __sehtable$??$common_getenv_s@D@@YAHQAIQADIQBD@Z 0044bfc8     libucrt:getenv.obj
 0002:0000dfe8       __sehtable$?common_exit@@YAXHW4_crt_exit_cleanup_mode@@W4_crt_exit_return_mode@@@Z 0044bfe8     libucrt:exit.obj
 0002:0000e010       __sehtable$___acrt_uninitialize_locale 0044c010     libucrt:wsetlocale.obj
 0002:0000e030       __sehtable$??$?RV<lambda_800076c951b434888f4765a74a194fcc>@@AAV<lambda_4e60a939b0d047cfe11ddc22648dfba9>@@V<lambda_6dbb1268764f43b569ce7b67e331d33a>@@@?$__crt_seh_guarded_call@H@@QAEH$$QAV<lambda_800076c951b434888f4765a74a194fcc>@@AAV<lambda_4e60a939b0d047cfe11ddc22648dfba9>@@$$QAV<lambda_6dbb1268764f43b569ce7b67e331d33a>@@@Z 0044c030     libucrt:onexit.obj
 0002:0000e050       __sehtable$??$?RV<lambda_995298e7d72eb4c2aab26c0585b3abe5>@@AAV<lambda_275893d493268fdec8709772e3fcec0e>@@V<lambda_293819299cbf9a7022e18b56a874bb5c>@@@?$__crt_seh_guarded_call@H@@QAEH$$QAV<lambda_995298e7d72eb4c2aab26c0585b3abe5>@@AAV<lambda_275893d493268fdec8709772e3fcec0e>@@$$QAV<lambda_293819299cbf9a7022e18b56a874bb5c>@@@Z 0044c050     libucrt:onexit.obj
 0002:0000e070       __sehtable$_terminate      0044c070     libucrt:terminate.obj
 0002:0000e090       __sehtable$_fflush         0044c090     libucrt:fflush.obj
 0002:0000e0b0       __sehtable$_common_flush_all 0044c0b0     libucrt:fflush.obj
 0002:0000e0d8       __sehtable$??$?RV<lambda_d92cfe8357b99225085016881b624cb0>@@AAV<lambda_b721fa326cdb32351d23dfa67958c160>@@V<lambda_42d75b0848218ec137fa420c8ba9fdf9>@@@?$__crt_seh_guarded_call@H@@QAEH$$QAV<lambda_d92cfe8357b99225085016881b624cb0>@@AAV<lambda_b721fa326cdb32351d23dfa67958c160>@@$$QAV<lambda_42d75b0848218ec137fa420c8ba9fdf9>@@@Z 0044c0d8     libucrt:setvbuf.obj
 0002:0000e0f8       __sehtable$_raise          0044c0f8     libucrt:signal.obj
 0002:0000e118       __sehtable$??$?RV<lambda_a048d3beccc847880fc8490e18b82769>@@AAV<lambda_ec61778202f4f5fc7e7711acc23c3bca>@@V<lambda_f7496a158712204296dd6628a163878e>@@@?$__crt_seh_guarded_call@P6AXH@Z@@QAEP6AXH@Z$$QAV<lambda_a048d3beccc847880fc8490e18b82769>@@AAV<lambda_ec61778202f4f5fc7e7711acc23c3bca>@@$$QAV<lambda_f7496a158712204296dd6628a163878e>@@@Z 0044c118     libucrt:signal.obj
 0002:0000e138       __sehtable$??$?RV<lambda_123407a5e2ac06da108355a851863b7a>@@AAV<lambda_2fe9b910cf3cbf4a0ab98a02ba45b3ec>@@V<lambda_ae55bdf541ad94d75914d381c370e64d>@@@?$__crt_seh_guarded_call@H@@QAEH$$QAV<lambda_123407a5e2ac06da108355a851863b7a>@@AAV<lambda_2fe9b910cf3cbf4a0ab98a02ba45b3ec>@@$$QAV<lambda_ae55bdf541ad94d75914d381c370e64d>@@@Z 0044c138     libucrt:close.obj
 0002:0000e158       __sehtable$?__acrt_stdio_allocate_stream@@YA?AV__crt_stdio_stream@@XZ 0044c158     libucrt:stream.obj
 0002:0000e178       __sehtable$___acrt_initialize_lowio 0044c178     libucrt:ioinit.obj
 0002:0000e198       __sehtable$??$?RV<lambda_9df27f884b057bc3edfc946cb5b7cf47>@@AAV<lambda_e69574bed617af4e071282c136b37893>@@V<lambda_cc0d902bcbbeb830f749456577db4721>@@@?$__crt_seh_guarded_call@X@@QAEX$$QAV<lambda_9df27f884b057bc3edfc946cb5b7cf47>@@AAV<lambda_e69574bed617af4e071282c136b37893>@@$$QAV<lambda_cc0d902bcbbeb830f749456577db4721>@@@Z 0044c198     libucrt:per_thread_data.obj
 0002:0000e1b8       __sehtable$??$?RV<lambda_3518db117f0e7cdb002338c5d3c47b6c>@@AAV<lambda_b2ea41f6bbb362cd97d94c6828d90b61>@@V<lambda_abdedf541bb04549bc734292b4a045d4>@@@?$__crt_seh_guarded_call@X@@QAEX$$QAV<lambda_3518db117f0e7cdb002338c5d3c47b6c>@@AAV<lambda_b2ea41f6bbb362cd97d94c6828d90b61>@@$$QAV<lambda_abdedf541bb04549bc734292b4a045d4>@@@Z 0044c1b8     libucrt:per_thread_data.obj
 0002:0000e1d8       __sehtable$??$?RV<lambda_51b6e8b1eb166f2a3faf91f424b38130>@@AAV<lambda_6250bd4b2a391816dd638c3bf72b0bcb>@@V<lambda_0b5a4a3e68152e1d9b943535f5f47bed>@@@?$__crt_seh_guarded_call@X@@QAEX$$QAV<lambda_51b6e8b1eb166f2a3faf91f424b38130>@@AAV<lambda_6250bd4b2a391816dd638c3bf72b0bcb>@@$$QAV<lambda_0b5a4a3e68152e1d9b943535f5f47bed>@@@Z 0044c1d8     libucrt:per_thread_data.obj
 0002:0000e1f8       __sehtable$??$?RV<lambda_5b71d36f03204c0beab531769a5b5694>@@AAV<lambda_be2b3da3f62db62e9dad5dc70221a656>@@V<lambda_8f9ce462984622f9bf76b59e2aaaf805>@@@?$__crt_seh_guarded_call@X@@QAEX$$QAV<lambda_5b71d36f03204c0beab531769a5b5694>@@AAV<lambda_be2b3da3f62db62e9dad5dc70221a656>@@$$QAV<lambda_8f9ce462984622f9bf76b59e2aaaf805>@@@Z 0044c1f8     libucrt:per_thread_data.obj
 0002:0000e218       __sehtable$__write         0044c218     libucrt:write.obj
 0002:0000e238       __sehtable$__read          0044c238     libucrt:read.obj
 0002:0000e258       __sehtable$??$common_lseek@J@@YAJHJH@Z 0044c258     libucrt:lseek.obj
 0002:0000e278       __sehtable$??$common_lseek@_J@@YA_JH_JH@Z 0044c278     libucrt:lseek.obj
 0002:0000e298       __sehtable$___acrt_update_thread_multibyte_data 0044c298     libucrt:mbctype.obj
 0002:0000e2b8       __sehtable$??$?RV<lambda_978dc153c237d78434369da87b74ff60>@@AAV<lambda_ad1ced32f4ac17aa236e5ef05d6b3b7c>@@V<lambda_4a8533e2866a575feecb8298ce776b0d>@@@?$__crt_seh_guarded_call@X@@QAEX$$QAV<lambda_978dc153c237d78434369da87b74ff60>@@AAV<lambda_ad1ced32f4ac17aa236e5ef05d6b3b7c>@@$$QAV<lambda_4a8533e2866a575feecb8298ce776b0d>@@@Z 0044c2b8     libucrt:mbctype.obj
 0002:0000e2d8       __sehtable$__alloc_osfhnd  0044c2d8     libucrt:osfinfo.obj
 0002:0000e2f8       __sehtable$___acrt_lowio_ensure_fh_exists 0044c2f8     libucrt:osfinfo.obj
 0002:0000e318       __sehtable$___acrt_update_thread_locale_data 0044c318     libucrt:locale_refcounting.obj
 0002:0000e338       __sehtable$__query_new_handler 0044c338     libucrt:new_handler.obj
 0002:0000e358       __sehtable$__fcloseall     0044c358     libucrt:closeall.obj
 0002:0000e378       __sehtable$??$?RV<lambda_61cee617f5178ae960314fd4d05640a0>@@AAV<lambda_6978c1fb23f02e42e1d9e99668cc68aa>@@V<lambda_9cd88cf8ad10232537feb2133f08c833>@@@?$__crt_seh_guarded_call@H@@QAEH$$QAV<lambda_61cee617f5178ae960314fd4d05640a0>@@AAV<lambda_6978c1fb23f02e42e1d9e99668cc68aa>@@$$QAV<lambda_9cd88cf8ad10232537feb2133f08c833>@@@Z 0044c378     libucrt:commit.obj
 0002:0000e398       __sehtable$??$common_sopen_dispatch@D@@YAHQBDHHHQAHH@Z 0044c398     libucrt:open.obj
 0002:0000e3b8       __sehtable$___tzset        0044c3b8     libucrt:tzset.obj
 0002:0000e3d8       __sehtable$___set_fpsr_sse2 0044c3d8     libucrt:fpctrl.obj
 0002:0000e3f8       __sehtable$__IsNonwritableInCurrentImage 0044c3f8     LIBCMT:pesect.obj
 0002:0000e76e       .idata$6                   0044c76e     advapi32:ADVAPI32.dll
 0002:0000e7a4       .idata$6                   0044c7a4     comdlg32:COMDLG32.dll
 0002:0000e7c2       .idata$6                   0044c7c2     shell32:SHELL32.dll
 0002:0000ea9e       .idata$6                   0044ca9e     user32:USER32.dll
 0002:0000ee0c       .idata$6                   0044ce0c     kernel32:KERNEL32.dll
 0003:00000000       _subkeytypes               0044e000     conf.obj
 0003:00000318       _valuetypes                0044e318     conf.obj
 0003:00000630       ?algs_with_oid@?1??ec_alg_by_oid@@9@9 0044e630     sshecc.obj
 0003:00000670       ?__vcrt_flsindex@@3KA      0044e670     libvcruntime:per_thread_data.obj
 0003:000006a0       _errno_no_memory           0044e6a0     libucrt:errno.obj
 0003:000006a4       _doserrno_no_memory        0044e6a4     libucrt:errno.obj
 0003:00000780       ___acrt_flsindex           0044e780     libucrt:per_thread_data.obj
 0003:00000954       ___rgctypeflag             0044e954     libucrt:mbctype.obj
 0003:00000958       ___rgcode_page_info        0044e958     libucrt:mbctype.obj
 0003:00000ed0       _tzstd_program             0044eed0     libucrt:timeset.obj
 0003:00000f10       _tzdst_program             0044ef10     libucrt:timeset.obj
 0003:00000f50       _tzname_states             0044ef50     libucrt:timeset.obj
 0003:00000f58       _dststart                  0044ef58     libucrt:tzset.obj
 0003:00000f64       _dstend                    0044ef64     libucrt:tzset.obj
 0003:00000f70       ?__DAZ_ENABLED@?1??__set_fpsr_sse2@@9@9 0044ef70     libucrt:fpctrl.obj
 0003:00000fa0       ?initialised@?1??aes_hw_available_cached@@9@9 0044efa0     sshaes.obj
 0003:00000fa1       ?hw_available@?1??aes_hw_available_cached@@9@9 0044efa1     sshaes.obj
 0003:00000fa4       ?curve@?1??ec_p256@@9@9    0044efa4     sshecc.obj
 0003:00000fc8       ?initialised@?1??ec_p256@@9@9 0044efc8     sshecc.obj
 0003:00000fc9       ?initialised@?1??ec_p384@@9@9 0044efc9     sshecc.obj
 0003:00000fca       ?initialised@?1??ec_p521@@9@9 0044efca     sshecc.obj
 0003:00000fcb       ?initialised@?1??ec_curve25519@@9@9 0044efcb     sshecc.obj
 0003:00000fcc       ?curve@?1??ec_p384@@9@9    0044efcc     sshecc.obj
 0003:00000ff0       ?curve@?1??ec_p521@@9@9    0044eff0     sshecc.obj
 0003:00001014       ?curve@?1??ec_curve25519@@9@9 0044f014     sshecc.obj
 0003:00001038       ?curve@?1??ec_ed25519@@9@9 0044f038     sshecc.obj
 0003:0000105c       ?initialised@?1??ec_ed25519@@9@9 0044f05c     sshecc.obj
 0003:00001060       _primes                    0044f060     sshprime.obj
 0003:00004388       _random_timer_ctx          00452388     sshrand.obj
 0003:0000438c       _global_prng               0045238c     sshrand.obj
 0003:00004390       _next_noise_collection     00452390     sshrand.obj
 0003:00004394       ?initialised@?1??sha256_hw_available_cached@@9@9 00452394     sshsh256.obj
 0003:00004395       ?hw_available@?1??sha256_hw_available_cached@@9@9 00452395     sshsh256.obj
 0003:00004396       ?initialised@?1??sha1_hw_available_cached@@9@9 00452396     sshsha.obj
 0003:00004397       ?hw_available@?1??sha1_hw_available_cached@@9@9 00452397     sshsha.obj
 0003:00004398       ?draglistmsg@?1??winctrl_handle_command@@9@9 00452398     winctrls.obj
 0003:000043a0       ?custom@?BG@??winctrl_handle_command@@9@9 004523a0     winctrls.obj
 0003:000043e0       _p_InitCommonControls      004523e0     winctrls.obj
 0003:000043e4       _p_MakeDragList            004523e4     winctrls.obj
 0003:000043e8       _p_LBItemFromPt            004523e8     winctrls.obj
 0003:000043ec       _p_DrawInsert              004523ec     winctrls.obj
 0003:000043f0       ?cc@?BG@??winctrl_handle_command@@9@9 004523f0     winctrls.obj
 0003:00004414       _chm_path                  00452414     winhelp.obj
 0003:00004418       _chm_created_by_us         00452418     winhelp.obj
 0003:00004419       ?checked@?1??has_embedded_chm@@9@9 00452419     winhelp.obj
 0003:0000441a       ?checked@?1??find_chm_resource@@9@9 0045241a     winhelp.obj
 0003:0000441b       ?tried_to_load@?1??load_chm_resource@@9@9 0045241b     winhelp.obj
 0003:0000441c       _chm_resource_size         0045241c     winhelp.obj
 0003:00004420       _chm_resource              00452420     winhelp.obj
 0003:00004424       ?already_called@?1??init_help@@9@9 00452424     winhelp.obj
 0003:00004425       _requested_help            00452425     winhelp.obj
 0003:00004428       _p_HtmlHelpA               00452428     winhelp.obj
 0003:0000442c       _chm_hrsrc                 0045242c     winhelp.obj
 0003:00004430       ?tried_usernameex@?2??get_username@@9@9 00452430     winmisc.obj
 0003:00004434       ?sysdir@?1??load_system32_dll@@9@9 00452434     winmisc.obj
 0003:00004438       ?sysdirsize@?1??load_system32_dll@@9@9 00452438     winmisc.obj
 0003:0000443c       _errstrings                0045243c     winmisc.obj
 0003:00004440       ?p_GetUserNameExA@?1??get_username@@9@9 00452440     winmisc.obj
 0003:00004444       ?kernel32_module@?1??dll_hijacking_protection@@9@9 00452444     winmisc.obj
 0003:00004448       ?p_SetDefaultDllDirectories@?1??dll_hijacking_protection@@9@9 00452448     winmisc.obj
 0003:0000444c       ?kernel32_module@?1??init_winver@@9@9 0045244c     winmisc.obj
 0003:00004450       ?p_GetVersionExA@?1??init_winver@@9@9 00452450     winmisc.obj
 0003:00004454       _wincrypt_module           00452454     winnoise.obj
 0003:00004458       _p_CryptAcquireContextA    00452458     winnoise.obj
 0003:0000445c       _p_CryptGenRandom          0045245c     winnoise.obj
 0003:00004460       _p_CryptReleaseContext     00452460     winnoise.obj
 0003:00004464       _cmdline_keyfile           00452464     winpgen.obj
 0003:00004468       ?passphrase@?1??PassphraseProc@@9@9 00452468     winpgen.obj
 0003:0000446c       ?attempted@?1??got_advapi@@9@9 0045246c     winsecur.obj
 0003:0000446d       ?successful@?1??got_advapi@@9@9 0045246d     winsecur.obj
 0003:00004470       _worldsid                  00452470     winsecur.obj
 0003:00004474       _networksid                00452474     winsecur.obj
 0003:00004478       _usersid                   00452478     winsecur.obj
 0003:0000447c       ?advapi@?1??got_advapi@@9@9 0045247c     winsecur.obj
 0003:00004480       _tried_shgetfolderpath     00452480     winstore.obj
 0003:00004484       _shell32_module            00452484     winstore.obj
 0003:00004488       _p_SHGetFolderPathA        00452488     winstore.obj
 0003:00004490       _GS_ExceptionRecord        00452490     LIBCMT:gs_report.obj
 0003:000044e0       _GS_ContextRecord          004524e0     LIBCMT:gs_report.obj
 0003:000047b4       ?module_local_atexit_table@@3U_onexit_table_t@@A 004527b4     LIBCMT:utility.obj
 0003:000047c0       ?module_local_at_quick_exit_table@@3U_onexit_table_t@@A 004527c0     LIBCMT:utility.obj
 0003:000047cc       ?is_initialized_as_dll@@3_NA 004527cc     LIBCMT:utility.obj
 0003:000047e4       ?__vcrt_startup_thread_ptd@@3U__vcrt_ptd@@A 004527e4     libvcruntime:per_thread_data.obj
 0003:0000480c       ___vcrt_lock_table         0045280c     libvcruntime:locks.obj
 0003:00004824       ___vcrt_locks_initialized  00452824     libvcruntime:locks.obj
 0003:00004828       ?module_handles@@3PAPAUHINSTANCE__@@A 00452828     libvcruntime:winapi_downlevel.obj
 0003:00004838       ?encoded_function_pointers@@3PAPAXA 00452838     libvcruntime:winapi_downlevel.obj
 0003:00004888       ?heap@@3V_HeapManager@@A   00452888     libvcruntime:undname.obj
 0003:0000489c       _c_termination_complete    0045289c     libucrt:exit.obj
 0003:000048a0       _thread_local_exit_callback_func 004528a0     libucrt:exit.obj
 0003:000048a4       ?c_exit_complete@?5??common_exit@@YAXHW4_crt_exit_cleanup_mode@@W4_crt_exit_return_mode@@@Z@4_NA 004528a4     libucrt:exit.obj
 0003:000048a8       ___acrt_app_type           004528a8     libucrt:report_runtime_error.obj
 0003:000048ac       _user_matherr              004528ac     libucrt:matherr.obj
 0003:000048b0       ?program_name@?5???$common_configure_argv@D@@YAHW4_crt_argv_mode@@@Z@4PADA 004528b0     libucrt:argv_parsing.obj
 0003:000049c8       ?empty_string@?1???$common_wincmdln@D@@YAPADXZ@4PADA 004529c8     libucrt:argv_winmain.obj
 0003:000049d0       ___acrt_global_new_mode    004529d0     libucrt:new_mode.obj
 0003:000049f0       ___acrt_invalid_parameter_handler 004529f0     libucrt:invalid_parameter.obj
 0003:000049f4       ___acrt_error_mode         004529f4     libucrt:set_error_mode.obj
 0003:00004a04       _ctrlc_action              00452a04     libucrt:signal.obj
 0003:00004a08       _ctrlbreak_action          00452a08     libucrt:signal.obj
 0003:00004a0c       _abort_action              00452a0c     libucrt:signal.obj
 0003:00004a10       _term_action               00452a10     libucrt:signal.obj
 0003:00004c24       _enable_percent_n          00452c24     libucrt:printf_count_output.obj
 0003:00004c30       ___acrt_lock_table         00452c30     libucrt:locks.obj
 0003:00004d68       ___acrt_locks_initialized  00452d68     libucrt:locks.obj
 0003:00004d70       _module_handles            00452d70     libucrt:winapi_thunks.obj
 0003:00004dc0       _encoded_function_pointers 00452dc0     libucrt:winapi_thunks.obj
 0003:00004e40       ?state_cache@?1??__acrt_is_packaged_app@@9@4JA 00452e40     libucrt:winapi_thunks.obj
 0003:00004e5c       _fSystemSet                00452e5c     libucrt:mbctype.obj
 0003:00004e60       ?initialized@?1??__acrt_initialize_multibyte@@9@4_NA 00452e60     libucrt:mbctype.obj
 0003:00004e8c       ___acrt_new_handler        00452e8c     libucrt:new_handler.obj
 0003:00004e9c       __tzname                   00452e9c     libucrt:timeset.obj
 0003:00004ea0       _last_tz                   00452ea0     libucrt:tzset.obj
 0003:00004ea8       _tz_api_used               00452ea8     libucrt:tzset.obj
 0003:00004eb0       _tz_info                   00452eb0     libucrt:tzset.obj
 0003:00004f5c       ?first_time@?1??__tzset@@9@4JA 00452f5c     libucrt:tzset.obj
 0003:00004f68       __pmatherr_set             00452f68     libucrt:libm_error.obj
 0004:00000000       __guard_fids____dcrt_uninitialize_environments_nolock 00453000     libucrt:environment_initialization.obj
 0004:00000008       __guard_fids__             00453008     libucrt:initialization.obj
 0004:00000068       __guard_fids_??$common_show_message_box@_W@@YAHQB_W0I@Z 00453068     libucrt:crtmbox.obj
 0004:0000006c       __guard_fids____acrt_initialize_ptd 0045306c     libucrt:per_thread_data.obj
 0004:00000070       __guard_fids_??$expand_argument_wildcards@D@@YAHQAD0AAV?$argument_list@D@?A0xb0e4b824@@@Z 00453070     libucrt:argv_wildcards.obj
 0004:00000074       __guard_fids__             00453074     libucrt:locale_initializer.obj
 0004:00000078       __guard_fids__             00453078     libucrt:stdio_initializer.obj
 0004:0000007c       __guard_fids__             0045307c     libucrt:stdio_initializer.obj
 0004:00000080       __guard_fids__             00453080     libucrt:multibyte_initializer.obj
 0004:00000084       __guard_fids__             00453084     libucrt:timeset_initializer.obj
 0004:00000088       __guard_fids____libm_error_support 00453088     libucrt:libm_error.obj
 0004:0000008c       __guard_fids__             0045308c     libucrt:console_output_initializer.obj
 0004:00000090       __guard_fids__             00453090     libucrt:sse2_initializer.obj
 0004:00000094       __guard_fids__             00453094     LIBCMT:exe_winmain.obj
 0004:00000098       __guard_fids__             00453098     LIBCMT:exe_winmain.obj
 0004:0000009c       __guard_fids__             0045309c     LIBCMT:exe_winmain.obj
 0004:000000a0       __guard_fids_?pre_c_initialization@@YAHXZ 004530a0     LIBCMT:exe_winmain.obj
 0004:000000a8       __guard_fids____scrt_set_unhandled_exception_filter 004530a8     LIBCMT:utility_desktop.obj
 0004:000000ac       __guard_fids__             004530ac     LIBCMT:guard_support.obj
 0004:000000b0       __guard_fids____vcrt_initialize_ptd 004530b0     libvcruntime:per_thread_data.obj
 0005:00000300       $R000000                   00454300     puttygen.res
 0005:00000428       $R000128                   00454428     puttygen.res
 0005:00000710       $R000410                   00454710     puttygen.res
 0005:00000d78       $R000A78                   00454d78     puttygen.res
 0005:00000e28       $R000B28                   00454e28     puttygen.res
 0005:00000f58       $R000C58                   00454f58     puttygen.res
 0005:00001288       $R000F88                   00455288     puttygen.res
 0005:000012e8       $R000FE8                   004552e8     puttygen.res
 0005:00001348       $R001048                   00455348     puttygen.res
 0005:00001480       $R001180                   00455480     puttygen.res
 0005:00001580       $R001280                   00455580     puttygen.res
 0005:00001610       $R001310                   00455610     puttygen.res
 0005:00001958       $R001658                   00455958     puttygen.res
