 testcrypt

 Timestamp is 5fe829fe (Sun Dec 27 13:30:22 2020)

 Preferred load address is 00400000

 Start         Length     Name                   Class
 0001:00000000 000319f7H .text$mn                CODE
 0002:00000000 00000124H .idata$5                DATA
 0002:00000124 00000004H .00cfg                  DATA
 0002:00000128 00000004H .CRT$XCA                DATA
 0002:0000012c 00000004H .CRT$XCAA               DATA
 0002:00000130 00000004H .CRT$XCZ                DATA
 0002:00000134 00000004H .CRT$XIA                DATA
 0002:00000138 00000004H .CRT$XIAA               DATA
 0002:0000013c 00000004H .CRT$XIAC               DATA
 0002:00000140 0000000cH .CRT$XIC                DATA
 0002:0000014c 00000004H .CRT$XIZ                DATA
 0002:00000150 00000004H .CRT$XPA                DATA
 0002:00000154 00000008H .CRT$XPX                DATA
 0002:0000015c 00000004H .CRT$XPXA               DATA
 0002:00000160 00000004H .CRT$XPZ                DATA
 0002:00000164 00000004H .CRT$XTA                DATA
 0002:00000168 00000008H .CRT$XTZ                DATA
 0002:00000170 0000c360H .rdata                  DATA
 0002:0000c4cc 00000000H .rdata$r                DATA
 0002:0000c4d0 0000000cH .rdata$sxdata           DATA
 0002:0000c4dc 00000290H .rdata$zzzdbg           DATA
 0002:0000c76c 00000004H .rtc$IAA                DATA
 0002:0000c770 00000004H .rtc$IZZ                DATA
 0002:0000c774 00000004H .rtc$TAA                DATA
 0002:0000c778 00000008H .rtc$TZZ                DATA
 0002:0000c780 000004ecH .xdata$x                DATA
 0002:0000cc6c 00000000H .edata                  DATA
 0002:0000cc6c 00000014H .idata$2                DATA
 0002:0000cc80 00000014H .idata$3                DATA
 0002:0000cc94 00000124H .idata$4                DATA
 0002:0000cdb8 00000542H .idata$6                DATA
 0003:00000000 000008d0H .data                   DATA
 0003:000008d0 00000000H .data$r                 DATA
 0003:000008d0 00003e58H .bss                    DATA
 0004:00000000 00000090H .gfids$x                DATA
 0004:00000090 00000020H .gfids$y                DATA

  Address         Publics by Value              Rva+Base       Lib:Object

 0000:00000000       ___guard_longjmp_count     00000000     <absolute>
 0000:00000000       ___guard_fids_count        00000000     <absolute>
 0000:00000000       __except_list              00000000     <absolute>
 0000:00000000       ___guard_longjmp_table     00000000     <absolute>
 0000:00000000       ___guard_iat_table         00000000     <absolute>
 0000:00000000       ___guard_iat_count         00000000     <absolute>
 0000:00000000       ___dynamic_value_reloc_table 00000000     <absolute>
 0000:00000000       ___guard_fids_table        00000000     <absolute>
 0000:00000003       ___safe_se_handler_count   00000003     <absolute>
 0000:00000100       ___guard_flags             00000100     <absolute>
 0000:00000000       ___ImageBase               00400000     <linker-defined>
 0001:00000000       _ecc_edwards_add           00401000 f   ecc.obj
 0001:000002c1       _ecc_edwards_curve         004012c1 f   ecc.obj
 0001:000002c1       _ecc_weierstrass_curve     004012c1 f   ecc.obj
 0001:00000325       _ecc_weierstrass_curve_free 00401325 f   ecc.obj
 0001:00000325       _ecc_edwards_curve_free    00401325 f   ecc.obj
 0001:00000364       _ecc_edwards_eq            00401364 f   ecc.obj
 0001:000003c1       _ecc_edwards_get_affine    004013c1 f   ecc.obj
 0001:0000044f       _ecc_edwards_multiply      0040144f f   ecc.obj
 0001:00000536       _ecc_edwards_point_copy    00401536 f   ecc.obj
 0001:00000578       _ecc_edwards_point_free    00401578 f   ecc.obj
 0001:000005af       _ecc_edwards_point_new     004015af f   ecc.obj
 0001:00000601       _ecc_edwards_point_new_from_y 00401601 f   ecc.obj
 0001:000007e7       _ecc_montgomery_curve      004017e7 f   ecc.obj
 0001:000008a2       _ecc_montgomery_curve_free 004018a2 f   ecc.obj
 0001:000008d9       _ecc_montgomery_diff_add   004018d9 f   ecc.obj
 0001:00000a6f       _ecc_montgomery_double     00401a6f f   ecc.obj
 0001:00000b98       _ecc_montgomery_get_affine 00401b98 f   ecc.obj
 0001:00000bf0       _ecc_montgomery_multiply   00401bf0 f   ecc.obj
 0001:00000cda       _ecc_montgomery_point_copy 00401cda f   ecc.obj
 0001:00000d06       _ecc_montgomery_point_free 00401d06 f   ecc.obj
 0001:00000d2d       _ecc_montgomery_point_new  00401d2d f   ecc.obj
 0001:00000d7f       _ecc_weierstrass_add       00401d7f f   ecc.obj
 0001:00000e63       _ecc_weierstrass_add_general 00401e63 f   ecc.obj
 0001:00001185       _ecc_weierstrass_double    00402185 f   ecc.obj
 0001:00001327       _ecc_weierstrass_get_affine 00402327 f   ecc.obj
 0001:00001369       _ecc_weierstrass_is_identity 00402369 f   ecc.obj
 0001:0000137d       _ecc_weierstrass_multiply  0040237d f   ecc.obj
 0001:000014e5       _ecc_weierstrass_point_copy 004024e5 f   ecc.obj
 0001:0000151c       _ecc_weierstrass_point_free 0040251c f   ecc.obj
 0001:0000154b       _ecc_weierstrass_point_new 0040254b f   ecc.obj
 0001:0000159a       _ecc_weierstrass_point_new_from_x 0040259a f   ecc.obj
 0001:000016a7       _ecc_weierstrass_point_new_identity 004026a7 f   ecc.obj
 0001:00001714       _ecc_weierstrass_point_valid 00402714 f   ecc.obj
 0001:000019b7       _BinarySink_put_asciz      004029b7 f   marshal.obj
 0001:000019d1       _BinarySink_put_byte       004029d1 f   marshal.obj
 0001:000019e3       _BinarySink_put_data       004029e3 f   marshal.obj
 0001:000019f6       _BinarySink_put_datapl     004029f6 f   marshal.obj
 0001:00001a0b       _BinarySink_put_string     00402a0b f   marshal.obj
 0001:00001a2a       _BinarySink_put_stringpl   00402a2a f   marshal.obj
 0001:00001a3f       _BinarySink_put_stringsb   00402a3f f   marshal.obj
 0001:00001a5d       _BinarySink_put_stringz    00402a5d f   marshal.obj
 0001:00001a78       _BinarySink_put_uint16     00402a78 f   marshal.obj
 0001:00001a9c       _BinarySink_put_uint32     00402a9c f   marshal.obj
 0001:00001ad0       _BinarySink_put_uint64     00402ad0 f   marshal.obj
 0001:00001b70       _BinarySource_get_byte     00402b70 f   marshal.obj
 0001:00001b90       _BinarySource_get_data     00402b90 f   marshal.obj
 0001:00001bbd       _BinarySource_get_string   00402bbd f   marshal.obj
 0001:00001c2b       _BinarySource_get_uint16   00402c2b f   marshal.obj
 0001:00001c5c       _BinarySource_get_uint32   00402c5c f   marshal.obj
 0001:00001ca0       _safefree                  00402ca0 f   memory.obj
 0001:00001cac       _safegrowarray             00402cac f   memory.obj
 0001:00001dc1       _safemalloc                00402dc1 f   memory.obj
 0001:00001dff       _saferealloc               00402dff f   memory.obj
 0001:00001e44       _BinarySink_put_mp_ssh1    00402e44 f   mpint.obj
 0001:00001eab       _BinarySink_put_mp_ssh2    00402eab f   mpint.obj
 0001:00001eef       _BinarySource_get_mp_ssh1  00402eef f   mpint.obj
 0001:00001f5e       _BinarySource_get_mp_ssh2  00402f5e f   mpint.obj
 0001:00001fac       ___local_stdio_printf_options 00402fac f i mpint.obj
 0001:00001fb2       __vfprintf_l               00402fb2 f i mpint.obj
 0001:00001fd5       _fprintf                   00402fd5 f i mpint.obj
 0001:00001fed       _modsqrt_free              00402fed f   mpint.obj
 0001:00002034       _modsqrt_new               00403034 f   mpint.obj
 0001:000020c1       _monty_add                 004030c1 f   mpint.obj
 0001:00002108       _monty_export              00403108 f   mpint.obj
 0001:0000212b       _monty_export_into         0040312b f   mpint.obj
 0001:0000218a       _monty_free                0040318a f   mpint.obj
 0001:000021d4       _monty_identity            004031d4 f   mpint.obj
 0001:000021dc       _monty_import              004031dc f   mpint.obj
 0001:000021f2       _monty_import_into         004031f2 f   mpint.obj
 0001:00002217       _monty_invert              00403217 f   mpint.obj
 0001:00002244       _monty_modsqrt             00403244 f   mpint.obj
 0001:0000240c       _monty_modulus             0040340c f   mpint.obj
 0001:00002413       _monty_mul                 00403413 f   mpint.obj
 0001:0000243a       _monty_mul_into            0040343a f   mpint.obj
 0001:000024f6       _monty_new                 004034f6 f   mpint.obj
 0001:000025b2       _monty_pow                 004035b2 f   mpint.obj
 0001:000027a0       _monty_sub                 004037a0 f   mpint.obj
 0001:000027df       _mp_add                    004037df f   mpint.obj
 0001:0000280b       _mp_add_integer_into       0040380b f   mpint.obj
 0001:000028f2       _mp_add_into               004038f2 f   mpint.obj
 0001:00002a11       _mp_and_into               00403a11 f   mpint.obj
 0001:00002cfc       _mp_bic_into               00403cfc f   mpint.obj
 0001:00002d33       _mp_clear                  00403d33 f   mpint.obj
 0001:00002d48       _mp_cmp_eq                 00403d48 f   mpint.obj
 0001:00002d96       _mp_cmp_hs                 00403d96 f   mpint.obj
 0001:00002db9       _mp_cond_add_into          00403db9 f   mpint.obj
 0001:00002de1       _mp_cond_clear             00403de1 f   mpint.obj
 0001:00002e3b       _mp_cond_sub_into          00403e3b f   mpint.obj
 0001:00002e66       _mp_cond_swap              00403e66 f   mpint.obj
 0001:00002ec5       _mp_copy                   00403ec5 f   mpint.obj
 0001:00002eee       _mp_copy_into              00403eee f   mpint.obj
 0001:00002f2b       _mp_div                    00403f2b f   mpint.obj
 0001:00002f4f       _mp_divmod_into            00403f4f f   mpint.obj
 0001:00003499       _mp_eq_integer             00404499 f   mpint.obj
 0001:000035e8       _mp_free                   004045e8 f   mpint.obj
 0001:00003604       _mp_from_bytes_be          00404604 f   mpint.obj
 0001:0000367a       _mp_from_bytes_le          0040467a f   mpint.obj
 0001:0000368f       _mp_from_decimal           0040468f f   mpint.obj
 0001:000036a6       _mp_from_decimal_pl        004046a6 f   mpint.obj
 0001:00003724       _mp_from_hex               00404724 f   mpint.obj
 0001:0000373b       _mp_from_hex_pl            0040473b f   mpint.obj
 0001:00003809       _mp_from_integer           00404809 f   mpint.obj
 0001:00003841       _mp_get_bit                00404841 f   mpint.obj
 0001:00003861       _mp_get_byte               00404861 f   mpint.obj
 0001:00003881       _mp_get_decimal            00404881 f   mpint.obj
 0001:00003a54       _mp_get_hex                00404a54 f   mpint.obj
 0001:00003aeb       _mp_get_hex_uppercase      00404aeb f   mpint.obj
 0001:00003af9       _mp_get_nbits              00404af9 f   mpint.obj
 0001:00003b53       _mp_hs_integer             00404b53 f   mpint.obj
 0001:00003bad       _mp_invert                 00404bad f   mpint.obj
 0001:00003bd1       _mp_invert_mod_2to         00404bd1 f   mpint.obj
 0001:00003ebc       _mp_lshift_fixed_into      00404ebc f   mpint.obj
 0001:00003f82       _mp_max                    00404f82 f   mpint.obj
 0001:00003fad       _mp_max_bits               00404fad f   mpint.obj
 0001:00003fb7       _mp_max_bytes              00404fb7 f   mpint.obj
 0001:00003fc1       _mp_max_into               00404fc1 f   mpint.obj
 0001:00003fe3       _mp_min                    00404fe3 f   mpint.obj
 0001:0000400e       _mp_min_into               0040500e f   mpint.obj
 0001:00004030       _mp_mod                    00405030 f   mpint.obj
 0001:00004054       _mp_modadd                 00405054 f   mpint.obj
 0001:0000407f       _mp_modmul                 0040507f f   mpint.obj
 0001:000040aa       _mp_modpow                 004050aa f   mpint.obj
 0001:00004130       _mp_modsqrt                00405130 f   mpint.obj
 0001:00004172       _mp_modsub                 00405172 f   mpint.obj
 0001:000041e5       _mp_mul                    004051e5 f   mpint.obj
 0001:000042fd       _mp_mul_integer_into       004052fd f   mpint.obj
 0001:0000464b       _mp_mul_into               0040564b f   mpint.obj
 0001:0000468e       _mp_neg_into               0040568e f   mpint.obj
 0001:000046ad       _mp_new                    004056ad f   mpint.obj
 0001:000046bf       _mp_or_into                004056bf f   mpint.obj
 0001:000046f4       _mp_power_2                004056f4 f   mpint.obj
 0001:00004716       _mp_random_bits_fn         00405716 f   mpint.obj
 0001:00004769       _mp_random_in_range_fn     00405769 f   mpint.obj
 0001:000047b8       _mp_reduce_mod_2to         004057b8 f   mpint.obj
 0001:000047e0       _mp_rshift_fixed           004057e0 f   mpint.obj
 0001:00004819       _mp_rshift_fixed_into      00405819 f   mpint.obj
 0001:00004884       _mp_rshift_safe            00405884 f   mpint.obj
 0001:000049ab       _mp_select_into            004059ab f   mpint.obj
 0001:000049ef       _mp_set_bit                004059ef f   mpint.obj
 0001:00004a3e       _mp_sub                    00405a3e f   mpint.obj
 0001:00004a69       _mp_sub_integer_into       00405a69 f   mpint.obj
 0001:00004a8d       _mp_sub_into               00405a8d f   mpint.obj
 0001:00004ac3       _mp_xor_into               00405ac3 f   mpint.obj
 0001:0000a441       _aes256_decrypt_pubkey     0040b441 f   sshauxcrypt.obj
 0001:0000a466       _aes256_encrypt_pubkey     0040b466 f   sshauxcrypt.obj
 0001:0000a4e0       _des3_decrypt_pubkey       0040b4e0 f   sshauxcrypt.obj
 0001:0000a505       _des3_decrypt_pubkey_ossh  0040b505 f   sshauxcrypt.obj
 0001:0000a52e       _des3_encrypt_pubkey       0040b52e f   sshauxcrypt.obj
 0001:0000a553       _des3_encrypt_pubkey_ossh  0040b553 f   sshauxcrypt.obj
 0001:0000a620       _des_decrypt_xdmauth       0040b620 f   sshauxcrypt.obj
 0001:0000a645       _des_encrypt_xdmauth       0040b645 f   sshauxcrypt.obj
 0001:0000a6fa       _hash_simple               0040b6fa f   sshauxcrypt.obj
 0001:0000b0f3       _blowfish_expandkey        0040c0f3 f   sshblowf.obj
 0001:0000b475       _blowfish_initkey          0040c475 f   sshblowf.obj
 0001:0000c7cc       _crc32_rfc1662             0040d7cc f   sshcrc.obj
 0001:0000c7e1       _crc32_ssh1                0040d7e1 f   sshcrc.obj
 0001:0000c7f4       _crc32_update              0040d7f4 f   sshcrc.obj
 0001:0000c90e       _crcda_free_context        0040d90e f   sshcrcda.obj
 0001:0000c92b       _crcda_make_context        0040d92b f   sshcrcda.obj
 0001:0000c944       _detect_attack             0040d944 f   sshcrcda.obj
 0001:0000d821       _des_key_setup             0040e821 f   sshdes.obj
 0001:0000d97d       _dh_cleanup                0040e97d f   sshdh.obj
 0001:0000d9d4       _dh_create_e               0040e9d4 f   sshdh.obj
 0001:0000da55       _dh_find_K                 0040ea55 f   sshdh.obj
 0001:0000da88       _dh_setup_gex              0040ea88 f   sshdh.obj
 0001:0000dabb       _dh_setup_group            0040eabb f   sshdh.obj
 0001:0000daff       _dh_validate_f             0040eaff f   sshdh.obj
 0001:0000e2f4       _dss_gen_k                 0040f2f4 f   sshdss.obj
 0001:0000fc4c       _ecdsa_public              00410c4c f   sshecc.obj
 0001:0000fe22       _eddsa_public              00410e22 f   sshecc.obj
 0001:0001000d       _ssh_ecdhkex_freekey       0041100d f   sshecc.obj
 0001:0001002b       _ssh_ecdhkex_getkey        0041102b f   sshecc.obj
 0001:00010041       _ssh_ecdhkex_getpublic     00411041 f   sshecc.obj
 0001:00010052       _ssh_ecdhkex_newkey        00411052 f   sshecc.obj
 0001:0001044d       _MD5Final                  0041144d f   sshmd5.obj
 0001:00010556       _MD5Init                   00411556 f   sshmd5.obj
 0001:00011216       _primegen                  00412216 f   sshprime.obj
 0001:000116dc       _prng_add_entropy          004126dc f   sshprng.obj
 0001:000117e2       _prng_free                 004127e2 f   sshprng.obj
 0001:00011846       _prng_new                  00412846 f   sshprng.obj
 0001:000118cd       _prng_read                 004128cd f   sshprng.obj
 0001:000119b4       _prng_seed_begin           004129b4 f   sshprng.obj
 0001:000119fb       _prng_seed_finish          004129fb f   sshprng.obj
 0001:00011f62       _rsa2_invalid              00412f62 f   sshrsa.obj
 0001:00011fba       _BinarySource_get_rsa_ssh1_priv 00412fba f   sshrsa.obj
 0001:00011fcf       _BinarySource_get_rsa_ssh1_priv_agent 00412fcf f   sshrsa.obj
 0001:00012029       _BinarySource_get_rsa_ssh1_pub 00413029 f   sshrsa.obj
 0001:000120f1       _crt_modpow                004130f1 f   sshrsa.obj
 0001:00012239       _freersakey                00413239 f   sshrsa.obj
 0001:00012280       _freersapriv               00413280 f   sshrsa.obj
 0001:000124ee       _rsa_ssh1_decrypt          004134ee f   sshrsa.obj
 0001:000124f3       _rsa_ssh1_decrypt_pkcs1    004134f3 f   sshrsa.obj
 0001:000125d9       _rsa_ssh1_encrypt          004135d9 f   sshrsa.obj
 0001:0001272b       _rsa_ssh1_fingerprint      0041372b f   sshrsa.obj
 0001:0001282c       _rsa_ssh1_public_blob      0041382c f   sshrsa.obj
 0001:0001287d       _rsa_ssh1_public_blob_len  0041387d f   sshrsa.obj
 0001:000128d6       _rsa_verify                004138d6 f   sshrsa.obj
 0001:000129f5       _rsastr_fmt                004139f5 f   sshrsa.obj
 0001:00012a20       _ssh_rsakex_decrypt        00413a20 f   sshrsa.obj
 0001:00012bbe       _ssh_rsakex_encrypt        00413bbe f   sshrsa.obj
 0001:00012cfa       _ssh_rsakex_freekey        00413cfa f   sshrsa.obj
 0001:00012d09       _ssh_rsakex_klen           00413d09 f   sshrsa.obj
 0001:00012d09       _dh_modulus_bit_size       00413d09 f   sshdh.obj
 0001:00012d17       _ssh_rsakex_newkey         00413d17 f   sshrsa.obj
 0001:00013851       _SHA384_Final              00414851 f   sshsh512.obj
 0001:00013890       _SHA384_Init               00414890 f   sshsh512.obj
 0001:00014780       _SHA512_Final              00415780 f   sshsh512.obj
 0001:000148b9       _SHA512_Init               004158b9 f   sshsh512.obj
 0001:000152f2       _aes256_decrypt_pubkey_wrapper 004162f2 f   testcrypt.obj
 0001:00015340       _aes256_encrypt_pubkey_wrapper 00416340 f   testcrypt.obj
 0001:0001538e       _crcda_detect              0041638e f   testcrypt.obj
 0001:000153e5       _des3_decrypt_pubkey_ossh_wrapper 004163e5 f   testcrypt.obj
 0001:00015443       _des3_decrypt_pubkey_wrapper 00416443 f   testcrypt.obj
 0001:00015491       _des3_encrypt_pubkey_ossh_wrapper 00416491 f   testcrypt.obj
 0001:000154ef       _des3_encrypt_pubkey_wrapper 004164ef f   testcrypt.obj
 0001:0001553d       _des_decrypt_xdmauth_wrapper 0041653d f   testcrypt.obj
 0001:0001558b       _des_encrypt_xdmauth_wrapper 0041658b f   testcrypt.obj
 0001:000155d9       _dh_validate_f_wrapper     004165d9 f   testcrypt.obj
 0001:000164ad       _main                      004174ad f   testcrypt.obj
 0001:0001674d       _monty_identity_wrapper    0041774d f   testcrypt.obj
 0001:0001675f       _monty_modulus_wrapper     0041775f f   testcrypt.obj
 0001:00016771       _out_of_memory             00417771 f   testcrypt.obj
 0001:0001677c       _primegen_wrapper          0041777c f   testcrypt.obj
 0001:000167a1       _printf                    004177a1 f i testcrypt.obj
 0001:000167be       _prng_read_wrapper         004177be f   testcrypt.obj
 0001:000167e7       _prng_reseed_time_ms       004177e7 f   testcrypt.obj
 0001:00016806       _prng_seed_update          00417806 f   testcrypt.obj
 0001:00018b0e       _random_read               00419b0e f   testcrypt.obj
 0001:00018b8f       _return_val_cipher         00419b8f f   testcrypt.obj
 0001:00018bbd       _return_val_dh             00419bbd f   testcrypt.obj
 0001:00018beb       _return_val_ecdh           00419beb f   testcrypt.obj
 0001:00018c19       _return_val_ecurve         00419c19 f   testcrypt.obj
 0001:00018c47       _return_val_epoint         00419c47 f   testcrypt.obj
 0001:00018c75       _return_val_hash           00419c75 f   testcrypt.obj
 0001:00018ca3       _return_val_key            00419ca3 f   testcrypt.obj
 0001:00018cd1       _return_val_mac            00419cd1 f   testcrypt.obj
 0001:00018cff       _return_val_mcurve         00419cff f   testcrypt.obj
 0001:00018d2d       _return_val_modsqrt        00419d2d f   testcrypt.obj
 0001:00018d5b       _return_val_monty          00419d5b f   testcrypt.obj
 0001:00018d89       _return_val_mpint          00419d89 f   testcrypt.obj
 0001:00018db7       _return_val_mpoint         00419db7 f   testcrypt.obj
 0001:00018de5       _return_val_prng           00419de5 f   testcrypt.obj
 0001:00018e13       _return_val_rsa            00419e13 f   testcrypt.obj
 0001:00018e41       _return_val_rsakex         00419e41 f   testcrypt.obj
 0001:00018e6f       _return_val_string         00419e6f f   testcrypt.obj
 0001:00018ee5       _return_val_wcurve         00419ee5 f   testcrypt.obj
 0001:00018f13       _return_val_wpoint         00419f13 f   testcrypt.obj
 0001:00018f41       _rsa_ssh1_decrypt_pkcs1_wrapper 00419f41 f   testcrypt.obj
 0001:00018f6c       _rsa_ssh1_encrypt_wrapper  00419f6c f   testcrypt.obj
 0001:00018fa3       _ssh2_mac_genresult_wrapper 00419fa3 f   testcrypt.obj
 0001:00018fca       _ssh_hash_update           00419fca f   testcrypt.obj
 0001:00018fca       _ssh2_mac_update           00419fca f   testcrypt.obj
 0001:00018fe2       _ssh_cipher_decrypt_length_wrapper 00419fe2 f   testcrypt.obj
 0001:00019031       _ssh_cipher_decrypt_wrapper 0041a031 f   testcrypt.obj
 0001:00019080       _ssh_cipher_encrypt_length_wrapper 0041a080 f   testcrypt.obj
 0001:000190c5       _ssh_cipher_encrypt_wrapper 0041a0c5 f   testcrypt.obj
 0001:00019114       _ssh_cipher_setiv_wrapper  0041a114 f   testcrypt.obj
 0001:0001913a       _ssh_cipher_setkey_wrapper 0041a13a f   testcrypt.obj
 0001:00019160       _ssh_hash_final_wrapper    0041a160 f   testcrypt.obj
 0001:000192b3       _add234                    0041a2b3 f   tree234.obj
 0001:00019815       _del234                    0041a815 f   tree234.obj
 0001:00019844       _delpos234                 0041a844 f   tree234.obj
 0001:00019cf3       _find234                   0041acf3 f   tree234.obj
 0001:00019d0c       _findrelpos234             0041ad0c f   tree234.obj
 0001:00019e42       _freetree234               0041ae42 f   tree234.obj
 0001:00019e58       _index234                  0041ae58 f   tree234.obj
 0001:00019ed2       _newtree234                0041aed2 f   tree234.obj
 0001:00019eeb       _search234_start           0041aeeb f   tree234.obj
 0001:00019f0b       _search234_step            0041af0b f   tree234.obj
 0001:00019fee       _bufchain_add              0041afee f   utils.obj
 0001:0001a08e       _bufchain_clear            0041b08e f   utils.obj
 0001:0001a0c0       _bufchain_consume          0041b0c0 f   utils.obj
 0001:0001a14a       _bufchain_fetch            0041b14a f   utils.obj
 0001:0001a1be       _bufchain_fetch_consume    0041b1be f   utils.obj
 0001:0001a1df       _bufchain_size             0041b1df f   utils.obj
 0001:0001a1e7       _bufchain_try_fetch_consume 0041b1e7 f   utils.obj
 0001:0001a208       _chomp                     0041b208 f   utils.obj
 0001:0001a235       _dupprintf                 0041b235 f   utils.obj
 0001:0001a246       _dupvprintf                0041b246 f   utils.obj
 0001:0001a2de       _fgetline                  0041b2de f   utils.obj
 0001:0001a368       _mkstr                     0041b368 f   utils.obj
 0001:0001a397       _ptrlen_eq_ptrlen          0041b397 f   utils.obj
 0001:0001a3bb       _ptrlen_eq_string          0041b3bb f   utils.obj
 0001:0001a3e5       _ptrlen_strcmp             0041b3e5 f   utils.obj
 0001:0001a424       _smemeq                    0041b424 f   utils.obj
 0001:0001a483       _strbuf_append             0041b483 f   utils.obj
 0001:0001a4c3       _strbuf_catf               0041b4c3 f   utils.obj
 0001:0001a4d9       _strbuf_catfv              0041b4d9 f   utils.obj
 0001:0001a50e       _strbuf_free               0041b50e f   utils.obj
 0001:0001a53a       _strbuf_new                0041b53a f   utils.obj
 0001:0001a58a       _strbuf_new_nm             0041b58a f   utils.obj
 0001:0001a593       _strbuf_shrink_to          0041b593 f   utils.obj
 0001:0001a5c5       _strbuf_to_str             0041b5c5 f   utils.obj
 0001:0001a5db       _string_length_for_printf  0041b5db f   utils.obj
 0001:0001a5ea       _vsnprintf                 0041b5ea f i utils.obj
 0001:0001a61b       _smemclr                   0041b61b f   winmiscs.obj
 0001:0001a635       @__security_check_cookie@4 0041b635 f   LIBCMT:_secchk_.obj
 0001:0001a650       __allmul                   0041b650 f   LIBCMT:llmul.obj
 0001:0001a690       __allshl                   0041b690 f   LIBCMT:llshl.obj
 0001:0001a6b0       __aullshr                  0041b6b0 f   LIBCMT:ullshr.obj
 0001:0001a6cf       ___raise_securityfailure   0041b6cf f   LIBCMT:gs_report.obj
 0001:0001a6f7       ___report_gsfailure        0041b6f7 f   LIBCMT:gs_report.obj
 0001:0001a7f2       ___report_rangecheckfailure 0041b7f2 f   LIBCMT:gs_report.obj
 0001:0001a7fe       ___report_securityfailure  0041b7fe f   LIBCMT:gs_report.obj
 0001:0001a8d0       __chkstk                   0041b8d0 f   LIBCMT:chkstk.obj
 0001:0001a8d0       __alloca_probe             0041b8d0 f   LIBCMT:chkstk.obj
 0001:0001a8fd       ??$__crt_fast_encode_pointer@PAP6AXXZ@@YAPAP6AXXZQAP6AXXZ@Z 0041b8fd f i LIBCMT:utility.obj
 0001:0001a8fd       ??$__crt_fast_encode_pointer@PAX@@YAPAXQAX@Z 0041b8fd f i libvcruntime:winapi_downlevel.obj
 0001:0001a95e       ___scrt_acquire_startup_lock 0041b95e f   LIBCMT:utility.obj
 0001:0001a993       ___scrt_initialize_crt     0041b993 f   LIBCMT:utility.obj
 0001:0001a9cc       ___scrt_initialize_onexit_tables 0041b9cc f   LIBCMT:utility.obj
 0001:0001aa63       ___scrt_is_nonwritable_in_current_image 0041ba63 f   LIBCMT:utility.obj
 0001:0001aaed       ___scrt_release_startup_lock 0041baed f   LIBCMT:utility.obj
 0001:0001ab0a       ___scrt_uninitialize_crt   0041bb0a f   LIBCMT:utility.obj
 0001:0001ab32       __onexit                   0041bb32 f   LIBCMT:utility.obj
 0001:0001ab6d       _atexit                    0041bb6d f   LIBCMT:utility.obj
 0001:0001adaf       _mainCRTStartup            0041bdaf f   LIBCMT:exe_main.obj
 0001:0001adb9       ___isa_available_init      0041bdb9 f   LIBCMT:_cpu_disp_.obj
 0001:0001af53       __get_startup_argv_mode    0041bf53 f   LIBCMT:argv_mode.obj
 0001:0001af57       ___scrt_is_ucrt_dll_in_use 0041bf57 f   LIBCMT:ucrt_detection.obj
 0001:0001af63       ___scrt_fastfail           0041bf63 f   LIBCMT:utility_desktop.obj
 0001:0001b07e       ___scrt_set_unhandled_exception_filter 0041c07e f   LIBCMT:utility_desktop.obj
 0001:0001b08a       ___scrt_unhandled_exception_filter@4 0041c08a f   LIBCMT:utility_desktop.obj
 0001:0001b0cb       __crt_debugger_hook        0041c0cb f   LIBCMT:utility_desktop.obj
 0001:0001b0d3       @_guard_check_icall@4      0041c0d3 f i LIBCMT:checkcfg.obj
 0001:0001b0e0       __SEH_prolog4              0041c0e0 f   LIBCMT:_sehprolg4_.obj
 0001:0001b126       __SEH_epilog4              0041c126 f   LIBCMT:_sehprolg4_.obj
 0001:0001b13b       ___security_init_cookie    0041c13b f   LIBCMT:gs_support.obj
 0001:0001b1d7       __get_startup_new_mode     0041c1d7 f   LIBCMT:new_mode.obj
 0001:0001b1d7       __matherr                  0041c1d7 f   LIBCMT:matherr.obj
 0001:0001b1d7       __get_startup_commit_mode  0041c1d7 f   LIBCMT:commit_mode.obj
 0001:0001b1d7       __get_startup_thread_locale_mode 0041c1d7 f   LIBCMT:thread_locale.obj
 0001:0001b1d7       ___scrt_initialize_winrt   0041c1d7 f   LIBCMT:utility_desktop.obj
 0001:0001b1da       __get_startup_file_mode    0041c1da f   LIBCMT:file_mode.obj
 0001:0001b1e0       ?__scrt_initialize_type_info@@YAXXZ 0041c1e0 f   LIBCMT:tncleanup.obj
 0001:0001b1ec       __initialize_default_precision 0041c1ec f   LIBCMT:default_precision.obj
 0001:0001b20d       __initialize_invalid_parameter_handler 0041c20d f   LIBCMT:invalid_parameter_handler.obj
 0001:0001b20d       @_guard_check_icall_nop@4  0041c20d f   LIBCMT:guard_support.obj
 0001:0001b20d       ___except_validate_jump_buffer 0041c20d f   libvcruntime:jbcxrval.obj
 0001:0001b20d       ___except_validate_context_record 0041c20d f   libvcruntime:jbcxrval.obj
 0001:0001b20d       __initialize_denormal_control 0041c20d f   LIBCMT:denormal_control.obj
 0001:0001b20e       ___local_stdio_scanf_options 0041c20e f i LIBCMT:default_local_stdio_options.obj
 0001:0001b214       ___scrt_initialize_default_local_stdio_options 0041c214 f   LIBCMT:default_local_stdio_options.obj
 0001:0001b231       ___scrt_is_user_matherr_present 0041c231 f   LIBCMT:matherr_detection.obj
 0001:0001b23d       ___scrt_get_dyn_tls_init_callback 0041c23d f   LIBCMT:dyn_tls_init.obj
 0001:0001b243       ___scrt_get_dyn_tls_dtor_callback 0041c243 f   LIBCMT:dyn_tls_dtor.obj
 0001:0001b249       __RTC_Initialize           0041c249 f   LIBCMT:_initsect_.obj
 0001:0001b274       __RTC_Terminate            0041c274 f   LIBCMT:_initsect_.obj
 0001:0001b2a0       _IsProcessorFeaturePresent@4 0041c2a0 f   kernel32:KERNEL32.dll
 0001:0001b2b0       _memchr                    0041c2b0 f   libvcruntime:memchr.obj
 0001:0001b360       _memset                    0041c360 f   libvcruntime:memset.obj
 0001:0001b4c0       _memcpy                    0041c4c0 f   libvcruntime:memcpy.obj
 0001:0001ba40       _memmove                   0041ca40 f   libvcruntime:memmove.obj
 0001:0001bfb4       _memcmp                    0041cfb4 f   libvcruntime:_memcmp_.obj
 0001:0001d740       _strchr                    0041e740 f   libvcruntime:strchr.obj
 0001:0001d7ae       ___from_strstr_to_strchr   0041e7ae     libvcruntime:strchr.obj
 0001:0001d86b       ___vcrt_initialize         0041e86b f   libvcruntime:initialization.obj
 0001:0001d894       ___vcrt_uninitialize       0041e894 f   libvcruntime:initialization.obj
 0001:0001d900       __except_handler4          0041e900 f   libvcruntime:_chandler4_.obj
 0001:0001da66       ___vcrt_freefls@4          0041ea66 f   libvcruntime:per_thread_data.obj
 0001:0001da82       ___vcrt_initialize_ptd     0041ea82 f   libvcruntime:per_thread_data.obj
 0001:0001dab5       ___vcrt_uninitialize_ptd   0041eab5 f   libvcruntime:per_thread_data.obj
 0001:0001dad0       ___vcrt_initialize_locks   0041ead0 f   libvcruntime:locks.obj
 0001:0001db0c       ___vcrt_uninitialize_locks 0041eb0c f   libvcruntime:locks.obj
 0001:0001dc5c       ___vcrt_FlsAlloc           0041ec5c f   libvcruntime:winapi_downlevel.obj
 0001:0001dc96       ___vcrt_FlsFree            0041ec96 f   libvcruntime:winapi_downlevel.obj
 0001:0001dcd0       ___vcrt_FlsSetValue        0041ecd0 f   libvcruntime:winapi_downlevel.obj
 0001:0001dd0d       ___vcrt_InitializeCriticalSectionEx 0041ed0d f   libvcruntime:winapi_downlevel.obj
 0001:0001dd53       ___vcrt_initialize_winapi_thunks 0041ed53 f   libvcruntime:winapi_downlevel.obj
 0001:0001dd8d       ___vcrt_uninitialize_winapi_thunks 0041ed8d f   libvcruntime:winapi_downlevel.obj
 0001:0001ddbf       ___vcrt_initialize_pure_virtual_call_handler 0041edbf f   libvcruntime:purevirt_data.obj
 0001:0001dde0       __local_unwind4            0041ede0 f   libvcruntime:_exsup4_.obj
 0001:0001deb6       __seh_longjmp_unwind4@4    0041eeb6 f   libvcruntime:_exsup4_.obj
 0001:0001dede       @_EH4_CallFilterFunc@8     0041eede f   libvcruntime:_exsup4_.obj
 0001:0001def5       @_EH4_TransferToHandler@8  0041eef5 f   libvcruntime:_exsup4_.obj
 0001:0001df0e       @_EH4_GlobalUnwind2@8      0041ef0e f   libvcruntime:_exsup4_.obj
 0001:0001df27       @_EH4_LocalUnwind@16       0041ef27 f   libvcruntime:_exsup4_.obj
 0001:0001df40       __global_unwind2           0041ef40 f   libvcruntime:_exsup_.obj
 0001:0001dfa5       __local_unwind2            0041efa5 f   libvcruntime:_exsup_.obj
 0001:0001e029       __abnormal_termination     0041f029 f   libvcruntime:_exsup_.obj
 0001:0001e04c       __NLG_Notify1              0041f04c f   libvcruntime:_exsup_.obj
 0001:0001e055       __NLG_Notify               0041f055 f   libvcruntime:_exsup_.obj
 0001:0001e06c       __NLG_Dispatch2            0041f06c     libvcruntime:_exsup_.obj
 0001:0001e06c       __NLG_Dispatch             0041f06c     libvcruntime:_exsup_.obj
 0001:0001e074       __NLG_Call                 0041f074 f   libvcruntime:_exsup_.obj
 0001:0001e076       __NLG_Return2              0041f076     libvcruntime:_exsup_.obj
 0001:0001e6db       ??$ftprintf@PAU_iobuf@@PB_WABQB_WABQB_WABI@?$__crt_char_traits@_W@@SAH$$QAPAU_iobuf@@$$QAPB_WABQB_W2ABI@Z 0041f6db f i libucrt:assert.obj
 0001:0001e7ba       __vfwprintf_l              0041f7ba f i libucrt:assert.obj
 0001:0001e7df       __vswprintf_c_l            0041f7df f i libucrt:assert.obj
 0001:0001e80e       __wassert                  0041f80e f   libucrt:assert.obj
 0001:0001e856       _fwprintf                  0041f856 f i libucrt:assert.obj
 0001:0001e871       _swprintf                  0041f871 f i libucrt:assert.obj
 0001:0001e890       _strlen                    0041f890 f   libucrt:strlen.obj
 0001:0001e91b       _free                      0041f91b f   libucrt:free.obj
 0001:0001e920       _malloc                    0041f920 f   libucrt:malloc.obj
 0001:0001e92b       _realloc                   0041f92b f   libucrt:realloc.obj
 0001:0001e936       ??$?RV<lambda_ab9923ffb5d694ec0d78876dd103e44f>@@AAV<lambda_481dd5778c961fbcd3b60b650e9b9dc4>@@V<lambda_7923d86c9e3f319b415918ec4b39749c>@@@?$__crt_seh_guarded_call@H@@QAEH$$QAV<lambda_ab9923ffb5d694ec0d78876dd103e44f>@@AAV<lambda_481dd5778c961fbcd3b60b650e9b9dc4>@@$$QAV<lambda_7923d86c9e3f319b415918ec4b39749c>@@@Z 0041f936 f i libucrt:output.obj
 0001:0001e987       ??$?RV<lambda_db08b09ef7aa9d4f8620ce68402612bc>@@AAV<lambda_4f2c1eaeead2a5fc776db5b62ea0fb9b>@@V<lambda_3ae262bc35d4ba6a3825c4f6bcaaf95c>@@@?$__crt_seh_guarded_call@H@@QAEH$$QAV<lambda_db08b09ef7aa9d4f8620ce68402612bc>@@AAV<lambda_4f2c1eaeead2a5fc776db5b62ea0fb9b>@@$$QAV<lambda_3ae262bc35d4ba6a3825c4f6bcaaf95c>@@@Z 0041f987 f i libucrt:output.obj
 0001:0001e9d8       ??$__acrt_lock_stream_and_call@V<lambda_481dd5778c961fbcd3b60b650e9b9dc4>@@@@YAHQAU_iobuf@@$$QAV<lambda_481dd5778c961fbcd3b60b650e9b9dc4>@@@Z 0041f9d8 f i libucrt:output.obj
 0001:0001ea00       ??$__acrt_lock_stream_and_call@V<lambda_4f2c1eaeead2a5fc776db5b62ea0fb9b>@@@@YAHQAU_iobuf@@$$QAV<lambda_4f2c1eaeead2a5fc776db5b62ea0fb9b>@@@Z 0041fa00 f i libucrt:output.obj
 0001:0001ed29       ??$count@D@formatting_buffer@__crt_stdio_output@@QBEIXZ 0041fd29 f i libucrt:output.obj
 0001:0001ed41       ??$ensure_buffer_is_big_enough@D@formatting_buffer@__crt_stdio_output@@QAE_NI@Z 0041fd41 f i libucrt:output.obj
 0001:0001edc7       ??$is_wide_character_specifier@D@__crt_stdio_output@@YA_N_KDW4length_modifier@0@@Z 0041fdc7 f i libucrt:output.obj
 0001:0001ee07       ??$is_wide_character_specifier@_W@__crt_stdio_output@@YA_N_K_WW4length_modifier@0@@Z 0041fe07 f i libucrt:output.obj
 0001:0001ee56       ??$scratch_data@D@formatting_buffer@__crt_stdio_output@@QAEPADXZ 0041fe56 f i libucrt:output.obj
 0001:0001ee74       ??$type_case_integer_parse_into_buffer@I@?$output_processor@_WV?$string_output_adapter@_W@__crt_stdio_output@@V?$standard_base@_WV?$string_output_adapter@_W@__crt_stdio_output@@@2@@__crt_stdio_output@@AAEXII_N@Z 0041fe74 f i libucrt:output.obj
 0001:0001ee74       ??$type_case_integer_parse_into_buffer@I@?$output_processor@DV?$string_output_adapter@D@__crt_stdio_output@@V?$standard_base@DV?$string_output_adapter@D@__crt_stdio_output@@@2@@__crt_stdio_output@@AAEXII_N@Z 0041fe74 f i libucrt:output.obj
 0001:0001ee74       ??$type_case_integer_parse_into_buffer@I@?$output_processor@_WV?$stream_output_adapter@_W@__crt_stdio_output@@V?$standard_base@_WV?$stream_output_adapter@_W@__crt_stdio_output@@@2@@__crt_stdio_output@@AAEXII_N@Z 0041fe74 f i libucrt:output.obj
 0001:0001ee74       ??$type_case_integer_parse_into_buffer@I@?$output_processor@DV?$stream_output_adapter@D@__crt_stdio_output@@V?$standard_base@DV?$stream_output_adapter@D@__crt_stdio_output@@@2@@__crt_stdio_output@@AAEXII_N@Z 0041fe74 f i libucrt:output.obj
 0001:0001eee9       ??$type_case_integer_parse_into_buffer@_K@?$output_processor@_WV?$string_output_adapter@_W@__crt_stdio_output@@V?$standard_base@_WV?$string_output_adapter@_W@__crt_stdio_output@@@2@@__crt_stdio_output@@AAEX_KI_N@Z 0041fee9 f i libucrt:output.obj
 0001:0001eee9       ??$type_case_integer_parse_into_buffer@_K@?$output_processor@DV?$string_output_adapter@D@__crt_stdio_output@@V?$standard_base@DV?$string_output_adapter@D@__crt_stdio_output@@@2@@__crt_stdio_output@@AAEX_KI_N@Z 0041fee9 f i libucrt:output.obj
 0001:0001eee9       ??$type_case_integer_parse_into_buffer@_K@?$output_processor@_WV?$stream_output_adapter@_W@__crt_stdio_output@@V?$standard_base@_WV?$stream_output_adapter@_W@__crt_stdio_output@@@2@@__crt_stdio_output@@AAEX_KI_N@Z 0041fee9 f i libucrt:output.obj
 0001:0001eee9       ??$type_case_integer_parse_into_buffer@_K@?$output_processor@DV?$stream_output_adapter@D@__crt_stdio_output@@V?$standard_base@DV?$stream_output_adapter@D@__crt_stdio_output@@@2@@__crt_stdio_output@@AAEX_KI_N@Z 0041fee9 f i libucrt:output.obj
 0001:0001ef71       ??$write_multiple_characters@V?$stream_output_adapter@D@__crt_stdio_output@@D@__crt_stdio_output@@YAXABV?$stream_output_adapter@D@0@DHQAH@Z 0041ff71 f i libucrt:output.obj
 0001:0001ef9d       ??$write_multiple_characters@V?$stream_output_adapter@_W@__crt_stdio_output@@D@__crt_stdio_output@@YAXABV?$stream_output_adapter@_W@0@DHQAH@Z 0041ff9d f i libucrt:output.obj
 0001:0001efce       ??$write_multiple_characters@V?$string_output_adapter@D@__crt_stdio_output@@D@__crt_stdio_output@@YAXABV?$string_output_adapter@D@0@DHQAH@Z 0041ffce f i libucrt:output.obj
 0001:0001effa       ??$write_multiple_characters@V?$string_output_adapter@_W@__crt_stdio_output@@D@__crt_stdio_output@@YAXABV?$string_output_adapter@_W@0@DHQAH@Z 0041fffa f i libucrt:output.obj
 0001:0001f02b       ??0?$common_data@D@__crt_stdio_output@@IAE@XZ 0042002b f i libucrt:output.obj
 0001:0001f072       ??0?$common_data@_W@__crt_stdio_output@@IAE@XZ 00420072 f i libucrt:output.obj
 0001:0001f0be       ??0?$output_adapter_data@DV?$stream_output_adapter@D@__crt_stdio_output@@@__crt_stdio_output@@IAE@ABV?$stream_output_adapter@D@1@_KQBDQAU__crt_locale_pointers@@QAD@Z 004200be f i libucrt:output.obj
 0001:0001f0be       ??0?$output_adapter_data@DV?$string_output_adapter@D@__crt_stdio_output@@@__crt_stdio_output@@IAE@ABV?$string_output_adapter@D@1@_KQBDQAU__crt_locale_pointers@@QAD@Z 004200be f i libucrt:output.obj
 0001:0001f0fa       ??0?$output_adapter_data@_WV?$string_output_adapter@_W@__crt_stdio_output@@@__crt_stdio_output@@IAE@ABV?$string_output_adapter@_W@1@_KQB_WQAU__crt_locale_pointers@@QAD@Z 004200fa f i libucrt:output.obj
 0001:0001f0fa       ??0?$output_adapter_data@_WV?$stream_output_adapter@_W@__crt_stdio_output@@@__crt_stdio_output@@IAE@ABV?$stream_output_adapter@_W@1@_KQB_WQAU__crt_locale_pointers@@QAD@Z 004200fa f i libucrt:output.obj
 0001:0001f136       ??0?$output_processor@DV?$string_output_adapter@D@__crt_stdio_output@@V?$standard_base@DV?$string_output_adapter@D@__crt_stdio_output@@@2@@__crt_stdio_output@@QAE@ABV?$string_output_adapter@D@1@_KQBDQAU__crt_locale_pointers@@QAD@Z 00420136 f i libucrt:output.obj
 0001:0001f136       ??0?$output_processor@DV?$stream_output_adapter@D@__crt_stdio_output@@V?$standard_base@DV?$stream_output_adapter@D@__crt_stdio_output@@@2@@__crt_stdio_output@@QAE@ABV?$stream_output_adapter@D@1@_KQBDQAU__crt_locale_pointers@@QAD@Z 00420136 f i libucrt:output.obj
 0001:0001f16b       ??0?$output_processor@_WV?$stream_output_adapter@_W@__crt_stdio_output@@V?$standard_base@_WV?$stream_output_adapter@_W@__crt_stdio_output@@@2@@__crt_stdio_output@@QAE@ABV?$stream_output_adapter@_W@1@_KQB_WQAU__crt_locale_pointers@@QAD@Z 0042016b f i libucrt:output.obj
 0001:0001f16b       ??0?$output_processor@_WV?$string_output_adapter@_W@__crt_stdio_output@@V?$standard_base@_WV?$string_output_adapter@_W@__crt_stdio_output@@@2@@__crt_stdio_output@@QAE@ABV?$string_output_adapter@_W@1@_KQB_WQAU__crt_locale_pointers@@QAD@Z 0042016b f i libucrt:output.obj
 0001:0001f1a0       ??0_LocaleUpdate@@QAE@QAU__crt_locale_pointers@@@Z 004201a0 f i libucrt:output.obj
 0001:0001f223       ??1formatting_buffer@__crt_stdio_output@@QAE@XZ 00420223 f i libucrt:output.obj
 0001:0001f23d       ??4?$__crt_unique_heap_ptr@DU__crt_internal_free_policy@@@@QAEAAV0@$$QAV0@@Z 0042023d f i libucrt:output.obj
 0001:0001f3db       ?crop_zeroes@__crt_stdio_output@@YAXPADQAU__crt_locale_pointers@@@Z 004203db f i libucrt:output.obj
 0001:0001f432       ?find_next_state@?$output_processor@DV?$stream_output_adapter@D@__crt_stdio_output@@V?$standard_base@DV?$stream_output_adapter@D@__crt_stdio_output@@@2@@__crt_stdio_output@@ABE?AW4state@2@DW432@@Z 00420432 f i libucrt:output.obj
 0001:0001f432       ?find_next_state@?$output_processor@DV?$string_output_adapter@D@__crt_stdio_output@@V?$standard_base@DV?$string_output_adapter@D@__crt_stdio_output@@@2@@__crt_stdio_output@@ABE?AW4state@2@DW432@@Z 00420432 f i libucrt:output.obj
 0001:0001f464       ?find_next_state@?$output_processor@_WV?$string_output_adapter@_W@__crt_stdio_output@@V?$standard_base@_WV?$string_output_adapter@_W@__crt_stdio_output@@@2@@__crt_stdio_output@@ABE?AW4state@2@_WW432@@Z 00420464 f i libucrt:output.obj
 0001:0001f464       ?find_next_state@?$output_processor@_WV?$stream_output_adapter@_W@__crt_stdio_output@@V?$standard_base@_WV?$stream_output_adapter@_W@__crt_stdio_output@@@2@@__crt_stdio_output@@ABE?AW4state@2@_WW432@@Z 00420464 f i libucrt:output.obj
 0001:0001f498       ?force_decimal_point@__crt_stdio_output@@YAXPADQAU__crt_locale_pointers@@@Z 00420498 f i libucrt:output.obj
 0001:0001f4f4       ?parse_int_from_format_string@?$output_processor@DV?$stream_output_adapter@D@__crt_stdio_output@@V?$standard_base@DV?$stream_output_adapter@D@__crt_stdio_output@@@2@@__crt_stdio_output@@AAE_NQAH@Z 004204f4 f i libucrt:output.obj
 0001:0001f4f4       ?parse_int_from_format_string@?$output_processor@DV?$string_output_adapter@D@__crt_stdio_output@@V?$standard_base@DV?$string_output_adapter@D@__crt_stdio_output@@@2@@__crt_stdio_output@@AAE_NQAH@Z 004204f4 f i libucrt:output.obj
 0001:0001f550       ?parse_int_from_format_string@?$output_processor@_WV?$stream_output_adapter@_W@__crt_stdio_output@@V?$standard_base@_WV?$stream_output_adapter@_W@__crt_stdio_output@@@2@@__crt_stdio_output@@AAE_NQAH@Z 00420550 f i libucrt:output.obj
 0001:0001f550       ?parse_int_from_format_string@?$output_processor@_WV?$string_output_adapter@_W@__crt_stdio_output@@V?$standard_base@_WV?$string_output_adapter@_W@__crt_stdio_output@@@2@@__crt_stdio_output@@AAE_NQAH@Z 00420550 f i libucrt:output.obj
 0001:0001f5ae       ?process@?$output_processor@DV?$stream_output_adapter@D@__crt_stdio_output@@V?$standard_base@DV?$stream_output_adapter@D@__crt_stdio_output@@@2@@__crt_stdio_output@@QAEHXZ 004205ae f i libucrt:output.obj
 0001:0001f6ca       ?process@?$output_processor@DV?$string_output_adapter@D@__crt_stdio_output@@V?$standard_base@DV?$string_output_adapter@D@__crt_stdio_output@@@2@@__crt_stdio_output@@QAEHXZ 004206ca f i libucrt:output.obj
 0001:0001f7e6       ?process@?$output_processor@_WV?$stream_output_adapter@_W@__crt_stdio_output@@V?$standard_base@_WV?$stream_output_adapter@_W@__crt_stdio_output@@@2@@__crt_stdio_output@@QAEHXZ 004207e6 f i libucrt:output.obj
 0001:0001f906       ?process@?$output_processor@_WV?$string_output_adapter@_W@__crt_stdio_output@@V?$standard_base@_WV?$string_output_adapter@_W@__crt_stdio_output@@@2@@__crt_stdio_output@@QAEHXZ 00420906 f i libucrt:output.obj
 0001:0001fa26       ?state_case_flag@?$output_processor@DV?$string_output_adapter@D@__crt_stdio_output@@V?$standard_base@DV?$string_output_adapter@D@__crt_stdio_output@@@2@@__crt_stdio_output@@AAE_NXZ 00420a26 f i libucrt:output.obj
 0001:0001fa26       ?state_case_flag@?$output_processor@DV?$stream_output_adapter@D@__crt_stdio_output@@V?$standard_base@DV?$stream_output_adapter@D@__crt_stdio_output@@@2@@__crt_stdio_output@@AAE_NXZ 00420a26 f i libucrt:output.obj
 0001:0001fa63       ?state_case_flag@?$output_processor@_WV?$stream_output_adapter@_W@__crt_stdio_output@@V?$standard_base@_WV?$stream_output_adapter@_W@__crt_stdio_output@@@2@@__crt_stdio_output@@AAE_NXZ 00420a63 f i libucrt:output.obj
 0001:0001fa63       ?state_case_flag@?$output_processor@_WV?$string_output_adapter@_W@__crt_stdio_output@@V?$standard_base@_WV?$string_output_adapter@_W@__crt_stdio_output@@@2@@__crt_stdio_output@@AAE_NXZ 00420a63 f i libucrt:output.obj
 0001:0001faa0       ?state_case_normal@?$output_processor@DV?$stream_output_adapter@D@__crt_stdio_output@@V?$standard_base@DV?$stream_output_adapter@D@__crt_stdio_output@@@2@@__crt_stdio_output@@AAE_NXZ 00420aa0 f i libucrt:output.obj
 0001:0001fabf       ?state_case_normal@?$output_processor@DV?$string_output_adapter@D@__crt_stdio_output@@V?$standard_base@DV?$string_output_adapter@D@__crt_stdio_output@@@2@@__crt_stdio_output@@AAE_NXZ 00420abf f i libucrt:output.obj
 0001:0001fade       ?state_case_normal@?$output_processor@_WV?$stream_output_adapter@_W@__crt_stdio_output@@V?$standard_base@_WV?$stream_output_adapter@_W@__crt_stdio_output@@@2@@__crt_stdio_output@@AAE_NXZ 00420ade f i libucrt:output.obj
 0001:0001fafd       ?state_case_normal@?$output_processor@_WV?$string_output_adapter@_W@__crt_stdio_output@@V?$standard_base@_WV?$string_output_adapter@_W@__crt_stdio_output@@@2@@__crt_stdio_output@@AAE_NXZ 00420afd f i libucrt:output.obj
 0001:0001fb1c       ?state_case_normal_common@?$output_processor@DV?$stream_output_adapter@D@__crt_stdio_output@@V?$standard_base@DV?$stream_output_adapter@D@__crt_stdio_output@@@2@@__crt_stdio_output@@AAE_NXZ 00420b1c f i libucrt:output.obj
 0001:0001fb46       ?state_case_normal_common@?$output_processor@DV?$string_output_adapter@D@__crt_stdio_output@@V?$standard_base@DV?$string_output_adapter@D@__crt_stdio_output@@@2@@__crt_stdio_output@@AAE_NXZ 00420b46 f i libucrt:output.obj
 0001:0001fb70       ?state_case_normal_common@?$output_processor@_WV?$stream_output_adapter@_W@__crt_stdio_output@@V?$standard_base@_WV?$stream_output_adapter@_W@__crt_stdio_output@@@2@@__crt_stdio_output@@AAE_NXZ 00420b70 f i libucrt:output.obj
 0001:0001fb8b       ?state_case_normal_common@?$output_processor@_WV?$string_output_adapter@_W@__crt_stdio_output@@V?$standard_base@_WV?$string_output_adapter@_W@__crt_stdio_output@@@2@@__crt_stdio_output@@AAE_NXZ 00420b8b f i libucrt:output.obj
 0001:0001fba6       ?state_case_normal_tchar@?$output_processor@DV?$stream_output_adapter@D@__crt_stdio_output@@V?$standard_base@DV?$stream_output_adapter@D@__crt_stdio_output@@@2@@__crt_stdio_output@@AAE_ND@Z 00420ba6 f i libucrt:output.obj
 0001:0001fc07       ?state_case_normal_tchar@?$output_processor@DV?$string_output_adapter@D@__crt_stdio_output@@V?$standard_base@DV?$string_output_adapter@D@__crt_stdio_output@@@2@@__crt_stdio_output@@AAE_ND@Z 00420c07 f i libucrt:output.obj
 0001:0001fc68       ?state_case_precision@?$output_processor@DV?$string_output_adapter@D@__crt_stdio_output@@V?$standard_base@DV?$string_output_adapter@D@__crt_stdio_output@@@2@@__crt_stdio_output@@AAE_NXZ 00420c68 f i libucrt:output.obj
 0001:0001fc68       ?state_case_precision@?$output_processor@DV?$stream_output_adapter@D@__crt_stdio_output@@V?$standard_base@DV?$stream_output_adapter@D@__crt_stdio_output@@@2@@__crt_stdio_output@@AAE_NXZ 00420c68 f i libucrt:output.obj
 0001:0001fc90       ?state_case_precision@?$output_processor@_WV?$stream_output_adapter@_W@__crt_stdio_output@@V?$standard_base@_WV?$stream_output_adapter@_W@__crt_stdio_output@@@2@@__crt_stdio_output@@AAE_NXZ 00420c90 f i libucrt:output.obj
 0001:0001fc90       ?state_case_precision@?$output_processor@_WV?$string_output_adapter@_W@__crt_stdio_output@@V?$standard_base@_WV?$string_output_adapter@_W@__crt_stdio_output@@@2@@__crt_stdio_output@@AAE_NXZ 00420c90 f i libucrt:output.obj
 0001:0001fcb9       ?state_case_size@?$output_processor@DV?$stream_output_adapter@D@__crt_stdio_output@@V?$standard_base@DV?$stream_output_adapter@D@__crt_stdio_output@@@2@@__crt_stdio_output@@AAE_NXZ 00420cb9 f i libucrt:output.obj
 0001:0001fe22       ?state_case_size@?$output_processor@DV?$string_output_adapter@D@__crt_stdio_output@@V?$standard_base@DV?$string_output_adapter@D@__crt_stdio_output@@@2@@__crt_stdio_output@@AAE_NXZ 00420e22 f i libucrt:output.obj
 0001:0001ff8b       ?state_case_size@?$output_processor@_WV?$stream_output_adapter@_W@__crt_stdio_output@@V?$standard_base@_WV?$stream_output_adapter@_W@__crt_stdio_output@@@2@@__crt_stdio_output@@AAE_NXZ 00420f8b f i libucrt:output.obj
 0001:00020107       ?state_case_size@?$output_processor@_WV?$string_output_adapter@_W@__crt_stdio_output@@V?$standard_base@_WV?$string_output_adapter@_W@__crt_stdio_output@@@2@@__crt_stdio_output@@AAE_NXZ 00421107 f i libucrt:output.obj
 0001:00020283       ?state_case_type@?$output_processor@DV?$stream_output_adapter@D@__crt_stdio_output@@V?$standard_base@DV?$stream_output_adapter@D@__crt_stdio_output@@@2@@__crt_stdio_output@@AAE_NXZ 00421283 f i libucrt:output.obj
 0001:000204b2       ?state_case_type@?$output_processor@DV?$string_output_adapter@D@__crt_stdio_output@@V?$standard_base@DV?$string_output_adapter@D@__crt_stdio_output@@@2@@__crt_stdio_output@@AAE_NXZ 004214b2 f i libucrt:output.obj
 0001:000206e1       ?state_case_type@?$output_processor@_WV?$stream_output_adapter@_W@__crt_stdio_output@@V?$standard_base@_WV?$stream_output_adapter@_W@__crt_stdio_output@@@2@@__crt_stdio_output@@AAE_NXZ 004216e1 f i libucrt:output.obj
 0001:0002093e       ?state_case_type@?$output_processor@_WV?$string_output_adapter@_W@__crt_stdio_output@@V?$standard_base@_WV?$string_output_adapter@_W@__crt_stdio_output@@@2@@__crt_stdio_output@@AAE_NXZ 0042193e f i libucrt:output.obj
 0001:00020b9b       ?state_case_width@?$output_processor@DV?$string_output_adapter@D@__crt_stdio_output@@V?$standard_base@DV?$string_output_adapter@D@__crt_stdio_output@@@2@@__crt_stdio_output@@AAE_NXZ 00421b9b f i libucrt:output.obj
 0001:00020b9b       ?state_case_width@?$output_processor@DV?$stream_output_adapter@D@__crt_stdio_output@@V?$standard_base@DV?$stream_output_adapter@D@__crt_stdio_output@@@2@@__crt_stdio_output@@AAE_NXZ 00421b9b f i libucrt:output.obj
 0001:00020bc6       ?state_case_width@?$output_processor@_WV?$stream_output_adapter@_W@__crt_stdio_output@@V?$standard_base@_WV?$stream_output_adapter@_W@__crt_stdio_output@@@2@@__crt_stdio_output@@AAE_NXZ 00421bc6 f i libucrt:output.obj
 0001:00020bc6       ?state_case_width@?$output_processor@_WV?$string_output_adapter@_W@__crt_stdio_output@@V?$standard_base@_WV?$string_output_adapter@_W@__crt_stdio_output@@@2@@__crt_stdio_output@@AAE_NXZ 00421bc6 f i libucrt:output.obj
 0001:00020bf2       ?to_integer_size@__crt_stdio_output@@YAIW4length_modifier@1@@Z 00421bf2 f i libucrt:output.obj
 0001:00020c4e       ?type_case_Z@?$output_processor@DV?$stream_output_adapter@D@__crt_stdio_output@@V?$standard_base@DV?$stream_output_adapter@D@__crt_stdio_output@@@2@@__crt_stdio_output@@AAE_NXZ 00421c4e f i libucrt:output.obj
 0001:00020c4e       ?type_case_Z@?$output_processor@DV?$string_output_adapter@D@__crt_stdio_output@@V?$standard_base@DV?$string_output_adapter@D@__crt_stdio_output@@@2@@__crt_stdio_output@@AAE_NXZ 00421c4e f i libucrt:output.obj
 0001:00020cb1       ?type_case_Z@?$output_processor@_WV?$string_output_adapter@_W@__crt_stdio_output@@V?$standard_base@_WV?$string_output_adapter@_W@__crt_stdio_output@@@2@@__crt_stdio_output@@AAE_NXZ 00421cb1 f i libucrt:output.obj
 0001:00020cb1       ?type_case_Z@?$output_processor@_WV?$stream_output_adapter@_W@__crt_stdio_output@@V?$standard_base@_WV?$stream_output_adapter@_W@__crt_stdio_output@@@2@@__crt_stdio_output@@AAE_NXZ 00421cb1 f i libucrt:output.obj
 0001:00020d14       ?type_case_a@?$output_processor@DV?$string_output_adapter@D@__crt_stdio_output@@V?$standard_base@DV?$string_output_adapter@D@__crt_stdio_output@@@2@@__crt_stdio_output@@AAE_NXZ 00421d14 f i libucrt:output.obj
 0001:00020d14       ?type_case_a@?$output_processor@DV?$stream_output_adapter@D@__crt_stdio_output@@V?$standard_base@DV?$stream_output_adapter@D@__crt_stdio_output@@@2@@__crt_stdio_output@@AAE_NXZ 00421d14 f i libucrt:output.obj
 0001:00020e6e       ?type_case_a@?$output_processor@_WV?$stream_output_adapter@_W@__crt_stdio_output@@V?$standard_base@_WV?$stream_output_adapter@_W@__crt_stdio_output@@@2@@__crt_stdio_output@@AAE_NXZ 00421e6e f i libucrt:output.obj
 0001:00020e6e       ?type_case_a@?$output_processor@_WV?$string_output_adapter@_W@__crt_stdio_output@@V?$standard_base@_WV?$string_output_adapter@_W@__crt_stdio_output@@@2@@__crt_stdio_output@@AAE_NXZ 00421e6e f i libucrt:output.obj
 0001:00020fe0       ?type_case_c_tchar@?$output_processor@DV?$stream_output_adapter@D@__crt_stdio_output@@V?$standard_base@DV?$stream_output_adapter@D@__crt_stdio_output@@@2@@__crt_stdio_output@@AAE_ND@Z 00421fe0 f i libucrt:output.obj
 0001:00020fe0       ?type_case_c_tchar@?$output_processor@DV?$string_output_adapter@D@__crt_stdio_output@@V?$standard_base@DV?$string_output_adapter@D@__crt_stdio_output@@@2@@__crt_stdio_output@@AAE_ND@Z 00421fe0 f i libucrt:output.obj
 0001:00021070       ?type_case_c_tchar@?$output_processor@_WV?$stream_output_adapter@_W@__crt_stdio_output@@V?$standard_base@_WV?$stream_output_adapter@_W@__crt_stdio_output@@@2@@__crt_stdio_output@@AAE_N_W@Z 00422070 f i libucrt:output.obj
 0001:00021070       ?type_case_c_tchar@?$output_processor@_WV?$string_output_adapter@_W@__crt_stdio_output@@V?$standard_base@_WV?$string_output_adapter@_W@__crt_stdio_output@@@2@@__crt_stdio_output@@AAE_N_W@Z 00422070 f i libucrt:output.obj
 0001:00021108       ?type_case_integer@?$output_processor@DV?$stream_output_adapter@D@__crt_stdio_output@@V?$standard_base@DV?$stream_output_adapter@D@__crt_stdio_output@@@2@@__crt_stdio_output@@AAE_NI_N@Z 00422108 f i libucrt:output.obj
 0001:00021108       ?type_case_integer@?$output_processor@_WV?$string_output_adapter@_W@__crt_stdio_output@@V?$standard_base@_WV?$string_output_adapter@_W@__crt_stdio_output@@@2@@__crt_stdio_output@@AAE_NI_N@Z 00422108 f i libucrt:output.obj
 0001:00021108       ?type_case_integer@?$output_processor@_WV?$stream_output_adapter@_W@__crt_stdio_output@@V?$standard_base@_WV?$stream_output_adapter@_W@__crt_stdio_output@@@2@@__crt_stdio_output@@AAE_NI_N@Z 00422108 f i libucrt:output.obj
 0001:00021108       ?type_case_integer@?$output_processor@DV?$string_output_adapter@D@__crt_stdio_output@@V?$standard_base@DV?$string_output_adapter@D@__crt_stdio_output@@@2@@__crt_stdio_output@@AAE_NI_N@Z 00422108 f i libucrt:output.obj
 0001:00021252       ?type_case_n@?$output_processor@DV?$stream_output_adapter@D@__crt_stdio_output@@V?$standard_base@DV?$stream_output_adapter@D@__crt_stdio_output@@@2@@__crt_stdio_output@@AAE_NXZ 00422252 f i libucrt:output.obj
 0001:00021252       ?type_case_n@?$output_processor@DV?$string_output_adapter@D@__crt_stdio_output@@V?$standard_base@DV?$string_output_adapter@D@__crt_stdio_output@@@2@@__crt_stdio_output@@AAE_NXZ 00422252 f i libucrt:output.obj
 0001:00021252       ?type_case_n@?$output_processor@_WV?$string_output_adapter@_W@__crt_stdio_output@@V?$standard_base@_WV?$string_output_adapter@_W@__crt_stdio_output@@@2@@__crt_stdio_output@@AAE_NXZ 00422252 f i libucrt:output.obj
 0001:00021252       ?type_case_n@?$output_processor@_WV?$stream_output_adapter@_W@__crt_stdio_output@@V?$standard_base@_WV?$stream_output_adapter@_W@__crt_stdio_output@@@2@@__crt_stdio_output@@AAE_NXZ 00422252 f i libucrt:output.obj
 0001:000212c6       ?type_case_o@?$output_processor@DV?$string_output_adapter@D@__crt_stdio_output@@V?$standard_base@DV?$string_output_adapter@D@__crt_stdio_output@@@2@@__crt_stdio_output@@AAE_NXZ 004222c6 f i libucrt:output.obj
 0001:000212c6       ?type_case_o@?$output_processor@_WV?$string_output_adapter@_W@__crt_stdio_output@@V?$standard_base@_WV?$string_output_adapter@_W@__crt_stdio_output@@@2@@__crt_stdio_output@@AAE_NXZ 004222c6 f i libucrt:output.obj
 0001:000212c6       ?type_case_o@?$output_processor@DV?$stream_output_adapter@D@__crt_stdio_output@@V?$standard_base@DV?$stream_output_adapter@D@__crt_stdio_output@@@2@@__crt_stdio_output@@AAE_NXZ 004222c6 f i libucrt:output.obj
 0001:000212c6       ?type_case_o@?$output_processor@_WV?$stream_output_adapter@_W@__crt_stdio_output@@V?$standard_base@_WV?$stream_output_adapter@_W@__crt_stdio_output@@@2@@__crt_stdio_output@@AAE_NXZ 004222c6 f i libucrt:output.obj
 0001:000212e5       ?type_case_p@?$output_processor@DV?$string_output_adapter@D@__crt_stdio_output@@V?$standard_base@DV?$string_output_adapter@D@__crt_stdio_output@@@2@@__crt_stdio_output@@AAE_NXZ 004222e5 f i libucrt:output.obj
 0001:000212e5       ?type_case_p@?$output_processor@_WV?$stream_output_adapter@_W@__crt_stdio_output@@V?$standard_base@_WV?$stream_output_adapter@_W@__crt_stdio_output@@@2@@__crt_stdio_output@@AAE_NXZ 004222e5 f i libucrt:output.obj
 0001:000212e5       ?type_case_p@?$output_processor@_WV?$string_output_adapter@_W@__crt_stdio_output@@V?$standard_base@_WV?$string_output_adapter@_W@__crt_stdio_output@@@2@@__crt_stdio_output@@AAE_NXZ 004222e5 f i libucrt:output.obj
 0001:000212e5       ?type_case_p@?$output_processor@DV?$stream_output_adapter@D@__crt_stdio_output@@V?$standard_base@DV?$stream_output_adapter@D@__crt_stdio_output@@@2@@__crt_stdio_output@@AAE_NXZ 004222e5 f i libucrt:output.obj
 0001:000212fd       ?type_case_s@?$output_processor@DV?$string_output_adapter@D@__crt_stdio_output@@V?$standard_base@DV?$string_output_adapter@D@__crt_stdio_output@@@2@@__crt_stdio_output@@AAE_NXZ 004222fd f i libucrt:output.obj
 0001:000212fd       ?type_case_s@?$output_processor@DV?$stream_output_adapter@D@__crt_stdio_output@@V?$standard_base@DV?$stream_output_adapter@D@__crt_stdio_output@@@2@@__crt_stdio_output@@AAE_NXZ 004222fd f i libucrt:output.obj
 0001:00021370       ?type_case_s@?$output_processor@_WV?$string_output_adapter@_W@__crt_stdio_output@@V?$standard_base@_WV?$string_output_adapter@_W@__crt_stdio_output@@@2@@__crt_stdio_output@@AAE_NXZ 00422370 f i libucrt:output.obj
 0001:00021370       ?type_case_s@?$output_processor@_WV?$stream_output_adapter@_W@__crt_stdio_output@@V?$standard_base@_WV?$stream_output_adapter@_W@__crt_stdio_output@@@2@@__crt_stdio_output@@AAE_NXZ 00422370 f i libucrt:output.obj
 0001:000213e4       ?type_case_s_compute_narrow_string_length@?$output_processor@_WV?$string_output_adapter@_W@__crt_stdio_output@@V?$standard_base@_WV?$string_output_adapter@_W@__crt_stdio_output@@@2@@__crt_stdio_output@@ABEHH_W@Z 004223e4 f i libucrt:output.obj
 0001:000213e4       ?type_case_s_compute_narrow_string_length@?$output_processor@_WV?$stream_output_adapter@_W@__crt_stdio_output@@V?$standard_base@_WV?$stream_output_adapter@_W@__crt_stdio_output@@@2@@__crt_stdio_output@@ABEHH_W@Z 004223e4 f i libucrt:output.obj
 0001:00021424       ?validate@?$stream_output_adapter@D@__crt_stdio_output@@QBE_NXZ 00422424 f i libucrt:output.obj
 0001:00021445       ?validate_stream_is_ansi_if_required@?$__acrt_stdio_char_traits@D@@SA_NQAU_iobuf@@@Z 00422445 f i libucrt:output.obj
 0001:000214c7       ?write_character@?$stream_output_adapter@D@__crt_stdio_output@@QBEXDQAH@Z 004224c7 f i libucrt:output.obj
 0001:00021504       ?write_character@?$stream_output_adapter@_W@__crt_stdio_output@@QBEX_WQAH@Z 00422504 f i libucrt:output.obj
 0001:00021544       ?write_character@?$string_output_adapter@D@__crt_stdio_output@@QBE_NDQAH@Z 00422544 f i libucrt:output.obj
 0001:00021586       ?write_character@?$string_output_adapter@_W@__crt_stdio_output@@QBE_N_WQAH@Z 00422586 f i libucrt:output.obj
 0001:000215cb       ?write_stored_string_tchar@?$output_processor@DV?$stream_output_adapter@D@__crt_stdio_output@@V?$standard_base@DV?$stream_output_adapter@D@__crt_stdio_output@@@2@@__crt_stdio_output@@AAE_ND@Z 004225cb f i libucrt:output.obj
 0001:00021672       ?write_stored_string_tchar@?$output_processor@DV?$string_output_adapter@D@__crt_stdio_output@@V?$standard_base@DV?$string_output_adapter@D@__crt_stdio_output@@@2@@__crt_stdio_output@@AAE_ND@Z 00422672 f i libucrt:output.obj
 0001:00021719       ?write_stored_string_tchar@?$output_processor@_WV?$stream_output_adapter@_W@__crt_stdio_output@@V?$standard_base@_WV?$stream_output_adapter@_W@__crt_stdio_output@@@2@@__crt_stdio_output@@AAE_N_W@Z 00422719 f i libucrt:output.obj
 0001:000217a4       ?write_stored_string_tchar@?$output_processor@_WV?$string_output_adapter@_W@__crt_stdio_output@@V?$standard_base@_WV?$string_output_adapter@_W@__crt_stdio_output@@@2@@__crt_stdio_output@@AAE_N_W@Z 004227a4 f i libucrt:output.obj
 0001:0002182f       ?write_string@?$stream_output_adapter@D@__crt_stdio_output@@QBEXQBDHQAH1@Z 0042282f f i libucrt:output.obj
 0001:000218b9       ?write_string@?$stream_output_adapter@_W@__crt_stdio_output@@QBEXQB_WHQAH1@Z 004228b9 f i libucrt:output.obj
 0001:00021946       ?write_string@?$string_output_adapter@D@__crt_stdio_output@@QBEXQBDHQAH1@Z 00422946 f i libucrt:output.obj
 0001:000219d9       ?write_string@?$string_output_adapter@_W@__crt_stdio_output@@QBEXQB_WHQAH1@Z 004229d9 f i libucrt:output.obj
 0001:00021a73       ___stdio_common_vfprintf   00422a73 f   libucrt:output.obj
 0001:00021aea       ___stdio_common_vfwprintf  00422aea f   libucrt:output.obj
 0001:00021b61       ___stdio_common_vsprintf   00422b61 f   libucrt:output.obj
 0001:00021b85       ___stdio_common_vswprintf  00422b85 f   libucrt:output.obj
 0001:00021ba9       _abort                     00422ba9 f   libucrt:abort.obj
 0001:00021bec       ___acrt_initialize_stdio   00422bec f   libucrt:_file.obj
 0001:00021cb4       ___acrt_iob_func           00422cb4 f   libucrt:_file.obj
 0001:00021cc4       ___acrt_uninitialize_stdio 00422cc4 f   libucrt:_file.obj
 0001:00021d10       __lock_file                00422d10 f   libucrt:_file.obj
 0001:00021d24       __unlock_file              00422d24 f   libucrt:_file.obj
 0001:00021d38       __fclose_nolock            00422d38 f   libucrt:fclose.obj
 0001:00021dae       _fclose                    00422dae f   libucrt:fclose.obj
 0001:00021e2e       ___acrt_stdio_flush_nolock 00422e2e f   libucrt:fflush.obj
 0001:00021e94       __fflush_nolock            00422e94 f   libucrt:fflush.obj
 0001:00021edb       __flushall                 00422edb f   libucrt:fflush.obj
 0001:00021fbc       _fflush                    00422fbc f   libucrt:fflush.obj
 0001:000220d6       _fopen                     004230d6 f   libucrt:fopen.obj
 0001:000220ed       __fputc_nolock             004230ed f   libucrt:fputc.obj
 0001:00022116       _fputc                     00423116 f   libucrt:fputc.obj
 0001:0002221a       ___acrt_errno_from_os_error 0042321a f   libucrt:errno.obj
 0001:0002225d       ___acrt_errno_map_os_error 0042325d f   libucrt:errno.obj
 0001:00022280       ___doserrno                00423280 f   libucrt:errno.obj
 0001:00022293       __errno                    00423293 f   libucrt:errno.obj
 0001:00022413       ___scrt_is_managed_app     00423413 f   LIBCMT:utility_desktop.obj
 0001:000224c1       ___acrt_initialize_thread_local_exit_callback 004234c1 f   libucrt:exit.obj
 0001:000224d0       __c_exit                   004234d0 f   libucrt:exit.obj
 0001:000224df       __cexit                    004234df f   libucrt:exit.obj
 0001:000224ee       __exit                     004234ee f   libucrt:exit.obj
 0001:00022504       __register_thread_local_exe_atexit_callback 00423504 f   libucrt:exit.obj
 0001:0002253c       _exit                      0042353c f   libucrt:exit.obj
 0001:00022552       ??$is_overflow_condition@K@__crt_strtox@@YA_NIK@Z 00423552 f i libucrt:strtox.obj
 0001:00022585       ??$is_overflow_condition@_K@__crt_strtox@@YA_NI_K@Z 00423585 f i libucrt:strtox.obj
 0001:000225c8       ??$make_c_string_character_source@DPAPAD@__crt_strtox@@YA?AV?$c_string_character_source@D@0@QBDQAPAD@Z 004235c8 f i libucrt:strtox.obj
 0001:000225c8       ??$make_c_string_character_source@_WPAPA_W@__crt_strtox@@YA?AV?$c_string_character_source@_W@0@QB_WQAPA_W@Z 004235c8 f i libucrt:strtox.obj
 0001:000225e3       ??$parse_integer@KV?$c_string_character_source@D@__crt_strtox@@@__crt_strtox@@YAKQAU__crt_locale_pointers@@V?$c_string_character_source@D@0@H_N@Z 004235e3 f i libucrt:strtox.obj
 0001:0002280b       ??$parse_integer@KV?$c_string_character_source@_W@__crt_strtox@@@__crt_strtox@@YAKQAU__crt_locale_pointers@@V?$c_string_character_source@_W@0@H_N@Z 0042380b f i libucrt:strtox.obj
 0001:00022ef0       ??$parse_integer@_KV?$c_string_character_source@D@__crt_strtox@@@__crt_strtox@@YA_KQAU__crt_locale_pointers@@V?$c_string_character_source@D@0@H_N@Z 00423ef0 f i libucrt:strtox.obj
 0001:00023196       ?unget@?$c_string_character_source@D@__crt_strtox@@QAEXD@Z 00424196 f i libucrt:strtox.obj
 0001:000231be       ?unget@?$c_string_character_source@_W@__crt_strtox@@QAEX_W@Z 004241be f i libucrt:strtox.obj
 0001:000231ea       ?validate@?$stream_output_adapter@_W@__crt_stdio_output@@QBE_NXZ 004241ea f i libucrt:output.obj
 0001:000231ea       ?validate@?$string_output_adapter@D@__crt_stdio_output@@QBE_NXZ 004241ea f i libucrt:output.obj
 0001:000231ea       ?validate@?$c_string_character_source@D@__crt_strtox@@QBE_NXZ 004241ea f i libucrt:strtox.obj
 0001:000231ea       ?validate@?$string_output_adapter@_W@__crt_stdio_output@@QBE_NXZ 004241ea f i libucrt:output.obj
 0001:000231ea       ?validate@?$c_string_character_source@_W@__crt_strtox@@QBE_NXZ 004241ea f i libucrt:strtox.obj
 0001:00023205       __chvalidchk_l             00424205 f i libucrt:strtox.obj
 0001:0002322f       __ischartype_l             0042422f f i libucrt:strtox.obj
 0001:00023262       _strtol                    00424262 f   libucrt:strtox.obj
 0001:0002328e       _strtoul                   0042428e f   libucrt:strtox.obj
 0001:000232ba       _strtoumax                 004242ba f   libucrt:strtox.obj
 0001:000232e6       _wcstol                    004242e6 f   libucrt:strtox.obj
 0001:00023320       _strcmp                    00424320 f   libucrt:strcmp.obj
 0001:00023428       __get_sys_err_msg          00424428 f i libucrt:strerror.obj
 0001:0002344c       _strerror                  0042444c f   libucrt:strerror.obj
 0001:0002351c       _fgets                     0042451c f   libucrt:fgets.obj
 0001:00023527       __isdigit_l                00424527 f i libucrt:_ctype.obj
 0001:0002355f       _isdigit                   0042455f f i libucrt:_ctype.obj
 0001:00023590       _strcpy                    00424590 f   libucrt:strcat.obj
 0001:000235a0       _strcat                    004245a0 f   libucrt:strcat.obj
 0001:00023690       _strcspn                   00424690 f   libucrt:strcspn.obj
 0001:000236d6       __seh_filter_exe           004246d6 f   libucrt:exception_filter.obj
 0001:00023ae2       ___acrt_allocate_buffer_for_argv 00424ae2 f   libucrt:argv_parsing.obj
 0001:00023b37       __configure_narrow_argv    00424b37 f   libucrt:argv_parsing.obj
 0001:00023d49       ??$uninitialize@A6AXAAPAPA_W@Z@?$dual_state_global@PAPA_W@__crt_state_management@@QAEXA6AXAAPAPA_W@Z@Z 00424d49 f i libucrt:environment_initialization.obj
 0001:00023d49       ??$uninitialize@A6AXAAPAPAD@Z@?$dual_state_global@PAPAD@__crt_state_management@@QAEXA6AXAAPAPAD@Z@Z 00424d49 f i libucrt:environment_initialization.obj
 0001:00023dbf       ___dcrt_get_or_create_narrow_environment_nolock 00424dbf f   libucrt:environment_initialization.obj
 0001:00023dc4       ___dcrt_uninitialize_environments_nolock 00424dc4 f   libucrt:environment_initialization.obj
 0001:00023dfb       __get_initial_narrow_environment 00424dfb f   libucrt:environment_initialization.obj
 0001:00023e0f       __initialize_narrow_environment 00424e0f f   libucrt:environment_initialization.obj
 0001:00023e14       ??$?RV<lambda_800076c951b434888f4765a74a194fcc>@@AAV<lambda_4e60a939b0d047cfe11ddc22648dfba9>@@V<lambda_6dbb1268764f43b569ce7b67e331d33a>@@@?$__crt_seh_guarded_call@H@@QAEH$$QAV<lambda_800076c951b434888f4765a74a194fcc>@@AAV<lambda_4e60a939b0d047cfe11ddc22648dfba9>@@$$QAV<lambda_6dbb1268764f43b569ce7b67e331d33a>@@@Z 00424e14 f i libucrt:onexit.obj
 0001:00023e65       ??$?RV<lambda_995298e7d72eb4c2aab26c0585b3abe5>@@AAV<lambda_275893d493268fdec8709772e3fcec0e>@@V<lambda_293819299cbf9a7022e18b56a874bb5c>@@@?$__crt_seh_guarded_call@H@@QAEH$$QAV<lambda_995298e7d72eb4c2aab26c0585b3abe5>@@AAV<lambda_275893d493268fdec8709772e3fcec0e>@@$$QAV<lambda_293819299cbf9a7022e18b56a874bb5c>@@@Z 00424e65 f i libucrt:onexit.obj
 0001:00023eb6       ??$__acrt_lock_and_call@V<lambda_275893d493268fdec8709772e3fcec0e>@@@@YAHW4__acrt_lock_id@@$$QAV<lambda_275893d493268fdec8709772e3fcec0e>@@@Z 00424eb6 f i libucrt:onexit.obj
 0001:00023ede       ??$__acrt_lock_and_call@V<lambda_4e60a939b0d047cfe11ddc22648dfba9>@@@@YAHW4__acrt_lock_id@@$$QAV<lambda_4e60a939b0d047cfe11ddc22648dfba9>@@@Z 00424ede f i libucrt:onexit.obj
 0001:00023f06       ??$__crt_fast_encode_pointer@P6GXPAXK0@Z@@YAP6GXPAXK0@ZQ6GX0K0@Z@Z 00424f06 f i libucrt:exit.obj
 0001:00023f06       ??$__crt_fast_encode_pointer@P6AHXZ@@YAP6AHXZQ6AHXZ@Z 00424f06 f i libucrt:onexit.obj
 0001:00023f06       ??$__crt_fast_encode_pointer@P6AHPAU_exception@@@Z@@YAP6AHPAU_exception@@@ZQ6AH0@Z@Z 00424f06 f i libucrt:matherr.obj
 0001:00024186       __crt_atexit               00425186 f   libucrt:onexit.obj
 0001:0002419c       __execute_onexit_table     0042519c f   libucrt:onexit.obj
 0001:000241b9       __initialize_onexit_table  004251b9 f   libucrt:onexit.obj
 0001:000241f6       __register_onexit_function 004251f6 f   libucrt:onexit.obj
 0001:00024246       __should_initialize_environment 00425246 f   LIBCMT:env_mode.obj
 0001:00024246       ___acrt_uninitialize_command_line 00425246 f   libucrt:argv_data.obj
 0001:0002430e       ___acrt_initialize         0042530e f   libucrt:initialization.obj
 0001:00024320       ___acrt_uninitialize       00425320 f   libucrt:initialization.obj
 0001:00024332       __query_app_type           00425332 f   libucrt:report_runtime_error.obj
 0001:00024338       __set_app_type             00425338 f   libucrt:report_runtime_error.obj
 0001:00024347       ?initialize@?$dual_state_global@P6AXH@Z@__crt_state_management@@QAEXQ6AXH@Z@Z 00425347 f i libucrt:signal.obj
 0001:00024347       ?initialize@?$dual_state_global@PAU__crt_locale_data@@@__crt_state_management@@QAEXQAU__crt_locale_data@@@Z 00425347 f i libucrt:initialization.obj
 0001:00024347       ?initialize@?$dual_state_global@P6AXPB_W00II@Z@__crt_state_management@@QAEXQ6AXPB_W00II@Z@Z 00425347 f i libucrt:invalid_parameter.obj
 0001:00024347       ?initialize@?$dual_state_global@P6AHPAU_exception@@@Z@__crt_state_management@@QAEXQ6AHPAU_exception@@@Z@Z 00425347 f i libucrt:matherr.obj
 0001:00024347       ?initialize@?$dual_state_global@PAPAD@__crt_state_management@@QAEXQAPAD@Z 00425347 f i libucrt:environment_initialization.obj
 0001:00024347       ?initialize@?$dual_state_global@P6AHI@Z@__crt_state_management@@QAEXQ6AHI@Z@Z 00425347 f i libucrt:new_handler.obj
 0001:00024378       ___acrt_has_user_matherr   00425378 f   libucrt:matherr.obj
 0001:00024391       ___acrt_initialize_user_matherr 00425391 f   libucrt:matherr.obj
 0001:000243a5       ___acrt_invoke_user_matherr 004253a5 f   libucrt:matherr.obj
 0001:000243ee       ___setusermatherr          004253ee f   libucrt:matherr.obj
 0001:00024403       __initterm                 00425403 f   libucrt:initterm.obj
 0001:0002445f       __initterm_e               0042545f f   libucrt:initterm.obj
 0001:000244a4       __get_fmode                004254a4 f   libucrt:setmode.obj
 0001:000244d0       __set_fmode                004254d0 f   libucrt:setmode.obj
 0001:0002450d       __setmode_nolock           0042550d f   libucrt:setmode.obj
 0001:000245de       ___acrt_initialize_command_line 004255de f   libucrt:argv_data.obj
 0001:000245f7       ___p___argc                004255f7 f   libucrt:argv_data.obj
 0001:000245fd       ___p___argv                004255fd f   libucrt:argv_data.obj
 0001:00024603       ___acrt_set_locale_changed 00425603 f   libucrt:wsetlocale.obj
 0001:0002460e       ___acrt_uninitialize_locale 0042560e f   libucrt:wsetlocale.obj
 0001:00024660       __configthreadlocale       00425660 f   libucrt:wsetlocale.obj
 0001:000246c2       __query_new_mode           004256c2 f   libucrt:new_mode.obj
 0001:000246c8       __set_new_mode             004256c8 f   libucrt:new_mode.obj
 0001:000246f7       ___p__commode              004256f7 f   libucrt:ncommode.obj
 0001:000246fd       _terminate                 004256fd f   libucrt:terminate.obj
 0001:00024739       __controlfp_s              00425739 f   libucrt:contrlfp.obj
 0001:00024798       __free_base                00425798 f   libucrt:free_base.obj
 0001:000247d2       __malloc_base              004257d2 f   libucrt:malloc_base.obj
 0001:00024820       _strcpy_s                  00425820 f   libucrt:strcpy_s.obj
 0001:0002487a       __calloc_base              0042587a f   libucrt:calloc_base.obj
 0001:000248d7       ___acrt_call_reportfault   004258d7 f   libucrt:invalid_parameter.obj
 0001:00024a12       ___acrt_initialize_invalid_parameter_handler 00425a12 f   libucrt:invalid_parameter.obj
 0001:00024a26       __invalid_parameter        00425a26 f   libucrt:invalid_parameter.obj
 0001:00024aa1       __invalid_parameter_noinfo 00425aa1 f   libucrt:invalid_parameter.obj
 0001:00024ab1       __invoke_watson            00425ab1 f   libucrt:invalid_parameter.obj
 0001:00024bd1       __itow_s                   00425bd1 f   libucrt:xtoa.obj
 0001:00024c06       __set_error_mode           00425c06 f   libucrt:set_error_mode.obj
 0001:00024c45       _wcscat_s                  00425c45 f   libucrt:wcscat_s.obj
 0001:00024cba       _wcscpy_s                  00425cba f   libucrt:wcscpy_s.obj
 0001:00024e07       _wcsncat_s                 00425e07 f   libucrt:wcsncat_s.obj
 0001:00024f0d       ___acrt_show_wide_message_box 00425f0d f   libucrt:crtmbox.obj
 0001:00024f18       ??$?RV<lambda_d92cfe8357b99225085016881b624cb0>@@AAV<lambda_b721fa326cdb32351d23dfa67958c160>@@V<lambda_42d75b0848218ec137fa420c8ba9fdf9>@@@?$__crt_seh_guarded_call@H@@QAEH$$QAV<lambda_d92cfe8357b99225085016881b624cb0>@@AAV<lambda_b721fa326cdb32351d23dfa67958c160>@@$$QAV<lambda_42d75b0848218ec137fa420c8ba9fdf9>@@@Z 00425f18 f i libucrt:setvbuf.obj
 0001:00024f69       ??$__acrt_lock_stream_and_call@V<lambda_b721fa326cdb32351d23dfa67958c160>@@@@YAHQAU_iobuf@@$$QAV<lambda_b721fa326cdb32351d23dfa67958c160>@@@Z 00425f69 f i libucrt:setvbuf.obj
 0001:0002505e       _setvbuf                   0042605e f   libucrt:setvbuf.obj
 0001:000250d4       ??$?RV<lambda_a048d3beccc847880fc8490e18b82769>@@AAV<lambda_ec61778202f4f5fc7e7711acc23c3bca>@@V<lambda_f7496a158712204296dd6628a163878e>@@@?$__crt_seh_guarded_call@P6AXH@Z@@QAEP6AXH@Z$$QAV<lambda_a048d3beccc847880fc8490e18b82769>@@AAV<lambda_ec61778202f4f5fc7e7711acc23c3bca>@@$$QAV<lambda_f7496a158712204296dd6628a163878e>@@@Z 004260d4 f i libucrt:signal.obj
 0001:0002512e       ??$__acrt_lock_and_call@V<lambda_ec61778202f4f5fc7e7711acc23c3bca>@@@@YAP6AXH@ZW4__acrt_lock_id@@$$QAV<lambda_ec61778202f4f5fc7e7711acc23c3bca>@@@Z 0042612e f i libucrt:signal.obj
 0001:000251c0       ___acrt_get_sigabrt_handler 004261c0 f   libucrt:signal.obj
 0001:000251d7       ___acrt_initialize_signal_handlers 004261d7 f   libucrt:signal.obj
 0001:00025212       ___fpecode                 00426212 f   libucrt:signal.obj
 0001:0002521b       _raise                     0042621b f   libucrt:signal.obj
 0001:000259b3       __write                    004269b3 f   libucrt:write.obj
 0001:00025a9e       __write_nolock             00426a9e f   libucrt:write.obj
 0001:00025caa       __fileno                   00426caa f   libucrt:fileno.obj
 0001:00026096       ___acrt_stdio_flush_and_write_narrow_nolock 00427096 f   libucrt:_flsbuf.obj
 0001:000260a1       ___acrt_stdio_flush_and_write_wide_nolock 004270a1 f   libucrt:_flsbuf.obj
 0001:000260ac       ___acrt_stdio_begin_temporary_buffering_nolock 004270ac f   libucrt:_sftbuf.obj
 0001:00026161       ___acrt_stdio_end_temporary_buffering_nolock 00427161 f   libucrt:_sftbuf.obj
 0001:0002619a       __realloc_base             0042719a f   libucrt:realloc_base.obj
 0001:0002636f       ___acrt_initialize_lowio   0042736f f   libucrt:ioinit.obj
 0001:000263c5       ___acrt_uninitialize_lowio 004273c5 f   libucrt:ioinit.obj
 0001:00026558       __tolower_l                00427558 f   libucrt:tolower_toupper.obj
 0001:00026572       _tolower                   00427572 f   libucrt:tolower_toupper.obj
 0001:000265a2       __mbtowc_l                 004275a2 f   libucrt:mbtowc.obj
 0001:0002669c       _mbtowc                    0042769c f   libucrt:mbtowc.obj
 0001:000266b6       __wctomb_s_l               004276b6 f   libucrt:wctomb.obj
 0001:000267d7       _wctomb_s                  004277d7 f   libucrt:wctomb.obj
 0001:000267f4       _strnlen                   004277f4 f   libucrt:strnlen.obj
 0001:0002691b       _wcsnlen                   0042791b f   libucrt:strnlen.obj
 0001:00026ad2       ??$?RV<lambda_3518db117f0e7cdb002338c5d3c47b6c>@@AAV<lambda_b2ea41f6bbb362cd97d94c6828d90b61>@@V<lambda_abdedf541bb04549bc734292b4a045d4>@@@?$__crt_seh_guarded_call@X@@QAEX$$QAV<lambda_3518db117f0e7cdb002338c5d3c47b6c>@@AAV<lambda_b2ea41f6bbb362cd97d94c6828d90b61>@@$$QAV<lambda_abdedf541bb04549bc734292b4a045d4>@@@Z 00427ad2 f i libucrt:per_thread_data.obj
 0001:00026b22       ??$?RV<lambda_51b6e8b1eb166f2a3faf91f424b38130>@@AAV<lambda_6250bd4b2a391816dd638c3bf72b0bcb>@@V<lambda_0b5a4a3e68152e1d9b943535f5f47bed>@@@?$__crt_seh_guarded_call@X@@QAEX$$QAV<lambda_51b6e8b1eb166f2a3faf91f424b38130>@@AAV<lambda_6250bd4b2a391816dd638c3bf72b0bcb>@@$$QAV<lambda_0b5a4a3e68152e1d9b943535f5f47bed>@@@Z 00427b22 f i libucrt:per_thread_data.obj
 0001:00026b83       ??$?RV<lambda_5b71d36f03204c0beab531769a5b5694>@@AAV<lambda_be2b3da3f62db62e9dad5dc70221a656>@@V<lambda_8f9ce462984622f9bf76b59e2aaaf805>@@@?$__crt_seh_guarded_call@X@@QAEX$$QAV<lambda_5b71d36f03204c0beab531769a5b5694>@@AAV<lambda_be2b3da3f62db62e9dad5dc70221a656>@@$$QAV<lambda_8f9ce462984622f9bf76b59e2aaaf805>@@@Z 00427b83 f i libucrt:per_thread_data.obj
 0001:00026bce       ??$?RV<lambda_9df27f884b057bc3edfc946cb5b7cf47>@@AAV<lambda_e69574bed617af4e071282c136b37893>@@V<lambda_cc0d902bcbbeb830f749456577db4721>@@@?$__crt_seh_guarded_call@X@@QAEX$$QAV<lambda_9df27f884b057bc3edfc946cb5b7cf47>@@AAV<lambda_e69574bed617af4e071282c136b37893>@@$$QAV<lambda_cc0d902bcbbeb830f749456577db4721>@@@Z 00427bce f i libucrt:per_thread_data.obj
 0001:00026c16       ??$__acrt_lock_and_call@V<lambda_6250bd4b2a391816dd638c3bf72b0bcb>@@@@YAXW4__acrt_lock_id@@$$QAV<lambda_6250bd4b2a391816dd638c3bf72b0bcb>@@@Z 00427c16 f i libucrt:per_thread_data.obj
 0001:00026c3e       ??$__acrt_lock_and_call@V<lambda_b2ea41f6bbb362cd97d94c6828d90b61>@@@@YAXW4__acrt_lock_id@@$$QAV<lambda_b2ea41f6bbb362cd97d94c6828d90b61>@@@Z 00427c3e f i libucrt:per_thread_data.obj
 0001:00026c66       ??$__acrt_lock_and_call@V<lambda_be2b3da3f62db62e9dad5dc70221a656>@@@@YAXW4__acrt_lock_id@@$$QAV<lambda_be2b3da3f62db62e9dad5dc70221a656>@@@Z 00427c66 f i libucrt:per_thread_data.obj
 0001:00026c8e       ??$__acrt_lock_and_call@V<lambda_e69574bed617af4e071282c136b37893>@@@@YAXW4__acrt_lock_id@@$$QAV<lambda_e69574bed617af4e071282c136b37893>@@@Z 00427c8e f i libucrt:per_thread_data.obj
 0001:00026e44       ___acrt_getptd             00427e44 f   libucrt:per_thread_data.obj
 0001:00026ec8       ___acrt_getptd_noexit      00427ec8 f   libucrt:per_thread_data.obj
 0001:00026f4d       ___acrt_initialize_ptd     00427f4d f   libucrt:per_thread_data.obj
 0001:00026f79       ___acrt_uninitialize_ptd   00427f79 f   libucrt:per_thread_data.obj
 0001:00026f93       ___acrt_update_locale_info 00427f93 f   libucrt:locale_update.obj
[...]
 0002:0000801c       ?candidate_modules@?1??try_get_FlsSetValue@@YAP6GHKPAX@ZXZ@4QBW4module_id@?A0x352e5c4b@@B 0043b01c     libucrt:winapi_thunks.obj
 0002:00008024       ?candidate_modules@?1??try_get_GetActiveWindow@@YAP6GPAUHWND__@@XZXZ@4QBW4module_id@?A0x352e5c4b@@B 0043b024     libucrt:winapi_thunks.obj
 0002:0000803c       ?candidate_modules@?1??try_get_GetCurrentPackageId@@YAP6GJPAIPAE@ZXZ@4QBW4module_id@?A0x352e5c4b@@B 0043b03c     libucrt:winapi_thunks.obj
 0002:00008058       ?candidate_modules@?1??try_get_GetLastActivePopup@@YAP6GPAUHWND__@@PAU2@@ZXZ@4QBW4module_id@?A0x352e5c4b@@B 0043b058     libucrt:winapi_thunks.obj
 0002:00008074       ?candidate_modules@?1??try_get_GetProcessWindowStation@@YAP6GPAUHWINSTA__@@XZXZ@4QBW4module_id@?A0x352e5c4b@@B 0043b074     libucrt:winapi_thunks.obj
 0002:00008094       ?candidate_modules@?1??try_get_GetUserObjectInformationW@@YAP6GHPAXH0KPAK@ZXZ@4QBW4module_id@?A0x352e5c4b@@B 0043b094     libucrt:winapi_thunks.obj
 0002:000080b8       ?candidate_modules@?1??try_get_InitializeCriticalSectionEx@@YAP6GHPAU_RTL_CRITICAL_SECTION@@KK@ZXZ@4QBW4module_id@?A0x352e5c4b@@B 0043b0b8     libucrt:winapi_thunks.obj
 0002:000080c0       ?candidate_modules@?1??try_get_LCMapStringEx@@YAP6GHPB_WK0HPA_WHPAU_nlsversioninfo@@PAXJ@ZXZ@4QBW4module_id@?A0x352e5c4b@@B 0043b0c0     libucrt:winapi_thunks.obj
 0002:000080d8       ?candidate_modules@?1??try_get_LocaleNameToLCID@@YAP6GKPB_WK@ZXZ@4QBW4module_id@?A0x352e5c4b@@B 0043b0d8     libucrt:winapi_thunks.obj
 0002:000080f4       ?candidate_modules@?1??try_get_MessageBoxA@@YAP6GHPAUHWND__@@PBD1I@ZXZ@4QBW4module_id@?A0x352e5c4b@@B 0043b0f4     libucrt:winapi_thunks.obj
 0002:00008108       ?candidate_modules@?1??try_get_MessageBoxW@@YAP6GHPAUHWND__@@PB_W1I@ZXZ@4QBW4module_id@?A0x352e5c4b@@B 0043b108     libucrt:winapi_thunks.obj
 0002:00008d2c       __mb_locale_names          0043bd2c     libucrt:mbctype.obj
 0002:00009760       _LcidToLocaleNameTable     0043c760     libucrt:lcidtoname_downlevel.obj
 0002:0000a880       _LocaleNameToIndexTable    0043d880     libucrt:lcidtoname_downlevel.obj
 0002:0000b7d0       _over                      0043e7d0     libucrt:fpctrl.obj
 0002:0000b7dc       _under                     0043e7dc     libucrt:fpctrl.obj
 0002:0000b800       LOG_name                   0043e800     libucrt:log10.obj
 0002:0000b810       _One                       0043e810     libucrt:ceil_pentium4.obj
 0002:0000b820       _Bns                       0043e820     libucrt:ceil_pentium4.obj
 0002:0000b830       _Zero                      0043e830     libucrt:ceil_pentium4.obj
 0002:0000b840       _S                         0043e840     libucrt:ceil_pentium4.obj
 0002:0000b850       _NegZero                   0043e850     libucrt:ceil_pentium4.obj
 0002:0000b860       emask                      0043e860     libucrt:log10_pentium4.obj
 0002:0000b870       CC                         0043e870     libucrt:log10_pentium4.obj
 0002:0000b880       Magic                      0043e880     libucrt:log10_pentium4.obj
 0002:0000b890       hi_mask                    0043e890     libucrt:log10_pentium4.obj
 0002:0000b8a0       LOG10_2                    0043e8a0     libucrt:log10_pentium4.obj
 0002:0000b8b0       place_L                    0043e8b0     libucrt:log10_pentium4.obj
 0002:0000b8d0       One                        0043e8d0     libucrt:log10_pentium4.obj
 0002:0000b8e0       Zero                       0043e8e0     libucrt:log10_pentium4.obj
 0002:0000b8f0       Two52                      0043e8f0     libucrt:log10_pentium4.obj
 0002:0000b900       Infs                       0043e900     libucrt:log10_pentium4.obj
 0002:0000b910       NaN                        0043e910     libucrt:log10_pentium4.obj
 0002:0000b920       coeff                      0043e920     libucrt:log10_pentium4.obj
 0002:0000b97e       _log2max                   0043e97e     libucrt:87tran.obj
 0002:0000b988       _smallarg                  0043e988     libucrt:87tran.obj
 0002:0000b992       _half                      0043e992     libucrt:87tran.obj
 0002:0000b9de       One                        0043e9de     libucrt:87disp.obj
 0002:0000b9e6       Three                      0043e9e6     libucrt:87disp.obj
 0002:0000b9ee       XAMtoTagTab                0043e9ee     libucrt:87disp.obj
 0002:0000ba00       One                        0043ea00     libucrt:common.obj
 0002:0000ba14       DblMax                     0043ea14     libucrt:common.obj
 0002:0000ba1c       DblMin                     0043ea1c     libucrt:common.obj
 0002:0000ba24       IeeeAdjO                   0043ea24     libucrt:common.obj
 0002:0000ba2c       IeeeAdjU                   0043ea2c     libucrt:common.obj
 0002:0000ba34       _infinity                  0043ea34     libucrt:common.obj
 0002:0000ba3c       _zero                      0043ea3c     libucrt:common.obj
 0002:0000c338       ?_names@?1??_get_fname@@9@9 0043f338     libucrt:fpexcept.obj
 0002:0000c780       __sehtable$___scrt_is_nonwritable_in_current_image 0043f780     LIBCMT:utility.obj
 0002:0000c7a0       __sehtable$?__scrt_common_main_seh@@YAHXZ 0043f7a0     LIBCMT:exe_main.obj
 0002:0000c7c0       __sehtable$??$?RV<lambda_db08b09ef7aa9d4f8620ce68402612bc>@@AAV<lambda_4f2c1eaeead2a5fc776db5b62ea0fb9b>@@V<lambda_3ae262bc35d4ba6a3825c4f6bcaaf95c>@@@?$__crt_seh_guarded_call@H@@QAEH$$QAV<lambda_db08b09ef7aa9d4f8620ce68402612bc>@@AAV<lambda_4f2c1eaeead2a5fc776db5b62ea0fb9b>@@$$QAV<lambda_3ae262bc35d4ba6a3825c4f6bcaaf95c>@@@Z 0043f7c0     libucrt:output.obj
 0002:0000c7e0       __sehtable$??$?RV<lambda_ab9923ffb5d694ec0d78876dd103e44f>@@AAV<lambda_481dd5778c961fbcd3b60b650e9b9dc4>@@V<lambda_7923d86c9e3f319b415918ec4b39749c>@@@?$__crt_seh_guarded_call@H@@QAEH$$QAV<lambda_ab9923ffb5d694ec0d78876dd103e44f>@@AAV<lambda_481dd5778c961fbcd3b60b650e9b9dc4>@@$$QAV<lambda_7923d86c9e3f319b415918ec4b39749c>@@@Z 0043f7e0     libucrt:output.obj
 0002:0000c800       __sehtable$_fclose         0043f800     libucrt:fclose.obj
 0002:0000c820       __sehtable$_fflush         0043f820     libucrt:fflush.obj
 0002:0000c840       __sehtable$_common_flush_all 0043f840     libucrt:fflush.obj
 0002:0000c868       __sehtable$??$common_fsopen@D@@YAPAU_iobuf@@QBD0H@Z 0043f868     libucrt:fopen.obj
 0002:0000c888       __sehtable$_fputc          0043f888     libucrt:fputc.obj
 0002:0000c8a8       __sehtable$?common_exit@@YAXHW4_crt_exit_cleanup_mode@@W4_crt_exit_return_mode@@@Z 0043f8a8     libucrt:exit.obj
 0002:0000c8d0       __sehtable$??$common_fgets@D@@YAPADQADHV__crt_stdio_stream@@@Z 0043f8d0     libucrt:fgets.obj
 0002:0000c8f0       __sehtable$??$?RV<lambda_800076c951b434888f4765a74a194fcc>@@AAV<lambda_4e60a939b0d047cfe11ddc22648dfba9>@@V<lambda_6dbb1268764f43b569ce7b67e331d33a>@@@?$__crt_seh_guarded_call@H@@QAEH$$QAV<lambda_800076c951b434888f4765a74a194fcc>@@AAV<lambda_4e60a939b0d047cfe11ddc22648dfba9>@@$$QAV<lambda_6dbb1268764f43b569ce7b67e331d33a>@@@Z 0043f8f0     libucrt:onexit.obj
 0002:0000c910       __sehtable$??$?RV<lambda_995298e7d72eb4c2aab26c0585b3abe5>@@AAV<lambda_275893d493268fdec8709772e3fcec0e>@@V<lambda_293819299cbf9a7022e18b56a874bb5c>@@@?$__crt_seh_guarded_call@H@@QAEH$$QAV<lambda_995298e7d72eb4c2aab26c0585b3abe5>@@AAV<lambda_275893d493268fdec8709772e3fcec0e>@@$$QAV<lambda_293819299cbf9a7022e18b56a874bb5c>@@@Z 0043f910     libucrt:onexit.obj
 0002:0000c930       __sehtable$___acrt_uninitialize_locale 0043f930     libucrt:wsetlocale.obj
 0002:0000c950       __sehtable$_terminate      0043f950     libucrt:terminate.obj
 0002:0000c970       __sehtable$??$?RV<lambda_d92cfe8357b99225085016881b624cb0>@@AAV<lambda_b721fa326cdb32351d23dfa67958c160>@@V<lambda_42d75b0848218ec137fa420c8ba9fdf9>@@@?$__crt_seh_guarded_call@H@@QAEH$$QAV<lambda_d92cfe8357b99225085016881b624cb0>@@AAV<lambda_b721fa326cdb32351d23dfa67958c160>@@$$QAV<lambda_42d75b0848218ec137fa420c8ba9fdf9>@@@Z 0043f970     libucrt:setvbuf.obj
 0002:0000c990       __sehtable$_raise          0043f990     libucrt:signal.obj
 0002:0000c9b0       __sehtable$??$?RV<lambda_a048d3beccc847880fc8490e18b82769>@@AAV<lambda_ec61778202f4f5fc7e7711acc23c3bca>@@V<lambda_f7496a158712204296dd6628a163878e>@@@?$__crt_seh_guarded_call@P6AXH@Z@@QAEP6AXH@Z$$QAV<lambda_a048d3beccc847880fc8490e18b82769>@@AAV<lambda_ec61778202f4f5fc7e7711acc23c3bca>@@$$QAV<lambda_f7496a158712204296dd6628a163878e>@@@Z 0043f9b0     libucrt:signal.obj
 0002:0000c9d0       __sehtable$__write         0043f9d0     libucrt:write.obj
 0002:0000c9f0       __sehtable$___acrt_initialize_lowio 0043f9f0     libucrt:ioinit.obj
 0002:0000ca10       __sehtable$??$?RV<lambda_9df27f884b057bc3edfc946cb5b7cf47>@@AAV<lambda_e69574bed617af4e071282c136b37893>@@V<lambda_cc0d902bcbbeb830f749456577db4721>@@@?$__crt_seh_guarded_call@X@@QAEX$$QAV<lambda_9df27f884b057bc3edfc946cb5b7cf47>@@AAV<lambda_e69574bed617af4e071282c136b37893>@@$$QAV<lambda_cc0d902bcbbeb830f749456577db4721>@@@Z 0043fa10     libucrt:per_thread_data.obj
 0002:0000ca30       __sehtable$??$?RV<lambda_3518db117f0e7cdb002338c5d3c47b6c>@@AAV<lambda_b2ea41f6bbb362cd97d94c6828d90b61>@@V<lambda_abdedf541bb04549bc734292b4a045d4>@@@?$__crt_seh_guarded_call@X@@QAEX$$QAV<lambda_3518db117f0e7cdb002338c5d3c47b6c>@@AAV<lambda_b2ea41f6bbb362cd97d94c6828d90b61>@@$$QAV<lambda_abdedf541bb04549bc734292b4a045d4>@@@Z 0043fa30     libucrt:per_thread_data.obj
 0002:0000ca50       __sehtable$??$?RV<lambda_51b6e8b1eb166f2a3faf91f424b38130>@@AAV<lambda_6250bd4b2a391816dd638c3bf72b0bcb>@@V<lambda_0b5a4a3e68152e1d9b943535f5f47bed>@@@?$__crt_seh_guarded_call@X@@QAEX$$QAV<lambda_51b6e8b1eb166f2a3faf91f424b38130>@@AAV<lambda_6250bd4b2a391816dd638c3bf72b0bcb>@@$$QAV<lambda_0b5a4a3e68152e1d9b943535f5f47bed>@@@Z 0043fa50     libucrt:per_thread_data.obj
 0002:0000ca70       __sehtable$??$?RV<lambda_5b71d36f03204c0beab531769a5b5694>@@AAV<lambda_be2b3da3f62db62e9dad5dc70221a656>@@V<lambda_8f9ce462984622f9bf76b59e2aaaf805>@@@?$__crt_seh_guarded_call@X@@QAEX$$QAV<lambda_5b71d36f03204c0beab531769a5b5694>@@AAV<lambda_be2b3da3f62db62e9dad5dc70221a656>@@$$QAV<lambda_8f9ce462984622f9bf76b59e2aaaf805>@@@Z 0043fa70     libucrt:per_thread_data.obj
 0002:0000ca90       __sehtable$__fcloseall     0043fa90     libucrt:closeall.obj
 0002:0000cab0       __sehtable$??$?RV<lambda_123407a5e2ac06da108355a851863b7a>@@AAV<lambda_2fe9b910cf3cbf4a0ab98a02ba45b3ec>@@V<lambda_ae55bdf541ad94d75914d381c370e64d>@@@?$__crt_seh_guarded_call@H@@QAEH$$QAV<lambda_123407a5e2ac06da108355a851863b7a>@@AAV<lambda_2fe9b910cf3cbf4a0ab98a02ba45b3ec>@@$$QAV<lambda_ae55bdf541ad94d75914d381c370e64d>@@@Z 0043fab0     libucrt:close.obj
 0002:0000cad0       __sehtable$?__acrt_stdio_allocate_stream@@YA?AV__crt_stdio_stream@@XZ 0043fad0     libucrt:stream.obj
 0002:0000caf0       __sehtable$??$?RV<lambda_61cee617f5178ae960314fd4d05640a0>@@AAV<lambda_6978c1fb23f02e42e1d9e99668cc68aa>@@V<lambda_9cd88cf8ad10232537feb2133f08c833>@@@?$__crt_seh_guarded_call@H@@QAEH$$QAV<lambda_61cee617f5178ae960314fd4d05640a0>@@AAV<lambda_6978c1fb23f02e42e1d9e99668cc68aa>@@$$QAV<lambda_9cd88cf8ad10232537feb2133f08c833>@@@Z 0043faf0     libucrt:commit.obj
 0002:0000cb10       __sehtable$__read          0043fb10     libucrt:read.obj
 0002:0000cb30       __sehtable$___acrt_update_thread_multibyte_data 0043fb30     libucrt:mbctype.obj
 0002:0000cb50       __sehtable$??$?RV<lambda_978dc153c237d78434369da87b74ff60>@@AAV<lambda_ad1ced32f4ac17aa236e5ef05d6b3b7c>@@V<lambda_4a8533e2866a575feecb8298ce776b0d>@@@?$__crt_seh_guarded_call@X@@QAEX$$QAV<lambda_978dc153c237d78434369da87b74ff60>@@AAV<lambda_ad1ced32f4ac17aa236e5ef05d6b3b7c>@@$$QAV<lambda_4a8533e2866a575feecb8298ce776b0d>@@@Z 0043fb50     libucrt:mbctype.obj
 0002:0000cb70       __sehtable$__query_new_handler 0043fb70     libucrt:new_handler.obj
 0002:0000cb90       __sehtable$__alloc_osfhnd  0043fb90     libucrt:osfinfo.obj
 0002:0000cbb0       __sehtable$___acrt_lowio_ensure_fh_exists 0043fbb0     libucrt:osfinfo.obj
 0002:0000cbd0       __sehtable$___acrt_update_thread_locale_data 0043fbd0     libucrt:locale_refcounting.obj
 0002:0000cbf0       __sehtable$??$common_lseek@_J@@YA_JH_JH@Z 0043fbf0     libucrt:lseek.obj
 0002:0000cc10       __sehtable$??$common_sopen_dispatch@D@@YAHQBDHHHQAHH@Z 0043fc10     libucrt:open.obj
 0002:0000cc30       __sehtable$___set_fpsr_sse2 0043fc30     libucrt:fpctrl.obj
 0002:0000cc50       __sehtable$__IsNonwritableInCurrentImage 0043fc50     LIBCMT:pesect.obj
 0002:0000cef8       .idata$6                   0043fef8     kernel32:KERNEL32.dll
 0003:00000004       ?algs_with_oid@?1??ec_alg_by_oid@@9@9 00441004     sshecc.obj
 0003:00000040       ?__vcrt_flsindex@@3KA      00441040     libvcruntime:per_thread_data.obj
 0003:00000110       _errno_no_memory           00441110     libucrt:errno.obj
 0003:00000114       _doserrno_no_memory        00441114     libucrt:errno.obj
 0003:00000150       ___acrt_flsindex           00441150     libucrt:per_thread_data.obj
 0003:00000320       ___rgctypeflag             00441320     libucrt:mbctype.obj
 0003:00000328       ___rgcode_page_info        00441328     libucrt:mbctype.obj
 0003:000008b0       ?__DAZ_ENABLED@?1??__set_fpsr_sse2@@9@9 004418b0     libucrt:fpctrl.obj
 0003:000008d0       ?initialised@?1??aes_hw_available_cached@@9@9 004418d0     sshaes.obj
 0003:000008d1       ?hw_available@?1??aes_hw_available_cached@@9@9 004418d1     sshaes.obj
 0003:000008d8       ?curve@?1??ec_p256@@9@9    004418d8     sshecc.obj
 0003:000008fc       ?initialised@?1??ec_p256@@9@9 004418fc     sshecc.obj
 0003:000008fd       ?initialised@?1??ec_p384@@9@9 004418fd     sshecc.obj
 0003:000008fe       ?initialised@?1??ec_p521@@9@9 004418fe     sshecc.obj
 0003:000008ff       ?initialised@?1??ec_curve25519@@9@9 004418ff     sshecc.obj
 0003:00000900       ?curve@?1??ec_p384@@9@9    00441900     sshecc.obj
 0003:00000924       ?curve@?1??ec_p521@@9@9    00441924     sshecc.obj
 0003:00000948       ?curve@?1??ec_curve25519@@9@9 00441948     sshecc.obj
 0003:0000096c       ?curve@?1??ec_ed25519@@9@9 0044196c     sshecc.obj
 0003:00000990       ?initialised@?1??ec_ed25519@@9@9 00441990     sshecc.obj
 0003:00000998       _primes                    00441998     sshprime.obj
 0003:00003cb4       ?initialised@?1??sha256_hw_available_cached@@9@9 00444cb4     sshsh256.obj
 0003:00003cb5       ?hw_available@?1??sha256_hw_available_cached@@9@9 00444cb5     sshsh256.obj
 0003:00003cb6       ?initialised@?1??sha1_hw_available_cached@@9@9 00444cb6     sshsha.obj
 0003:00003cb7       ?hw_available@?1??sha1_hw_available_cached@@9@9 00444cb7     sshsha.obj
 0003:00003cb8       ?previous_time@?1??prng_reseed_time_ms@@9@9 00444cb8     testcrypt.obj
 0003:00003cc0       ?next_index@?1??value_new@@9@9 00444cc0     testcrypt.obj
 0003:00003cc8       _random_data_queue         00444cc8     testcrypt.obj
 0003:00003cdc       _values                    00444cdc     testcrypt.obj
 0003:00003ce0       _finalisers                00444ce0     testcrypt.obj
 0003:00003ce8       _GS_ExceptionRecord        00444ce8     LIBCMT:gs_report.obj
 0003:00003d38       _GS_ContextRecord          00444d38     LIBCMT:gs_report.obj
 0003:0000400c       ?module_local_atexit_table@@3U_onexit_table_t@@A 0044500c     LIBCMT:utility.obj
 0003:00004018       ?module_local_at_quick_exit_table@@3U_onexit_table_t@@A 00445018     LIBCMT:utility.obj
 0003:00004024       ?is_initialized_as_dll@@3_NA 00445024     LIBCMT:utility.obj
 0003:00004048       ?__vcrt_startup_thread_ptd@@3U__vcrt_ptd@@A 00445048     libvcruntime:per_thread_data.obj
 0003:00004070       ___vcrt_lock_table         00445070     libvcruntime:locks.obj
 0003:00004088       ___vcrt_locks_initialized  00445088     libvcruntime:locks.obj
 0003:0000408c       ?module_handles@@3PAPAUHINSTANCE__@@A 0044508c     libvcruntime:winapi_downlevel.obj
 0003:0000409c       ?encoded_function_pointers@@3PAPAXA 0044509c     libvcruntime:winapi_downlevel.obj
 0003:000040ec       ?heap@@3V_HeapManager@@A   004450ec     libvcruntime:undname.obj
 0003:0000410c       _c_termination_complete    0044510c     libucrt:exit.obj
 0003:00004110       _thread_local_exit_callback_func 00445110     libucrt:exit.obj
 0003:00004114       ?c_exit_complete@?5??common_exit@@YAXHW4_crt_exit_cleanup_mode@@W4_crt_exit_return_mode@@@Z@4_NA 00445114     libucrt:exit.obj
 0003:00004118       ?program_name@?5???$common_configure_argv@D@@YAHW4_crt_argv_mode@@@Z@4PADA 00445118     libucrt:argv_parsing.obj
 0003:00004248       ___acrt_app_type           00445248     libucrt:report_runtime_error.obj
 0003:0000424c       _user_matherr              0044524c     libucrt:matherr.obj
 0003:0000426c       ___acrt_global_new_mode    0044526c     libucrt:new_mode.obj
 0003:00004274       ___acrt_invalid_parameter_handler 00445274     libucrt:invalid_parameter.obj
 0003:00004278       ___acrt_error_mode         00445278     libucrt:set_error_mode.obj
 0003:0000427c       _ctrlc_action              0044527c     libucrt:signal.obj
 0003:00004280       _ctrlbreak_action          00445280     libucrt:signal.obj
 0003:00004284       _abort_action              00445284     libucrt:signal.obj
 0003:00004288       _term_action               00445288     libucrt:signal.obj
 0003:0000449c       _enable_percent_n          0044549c     libucrt:printf_count_output.obj
 0003:000044a8       _module_handles            004454a8     libucrt:winapi_thunks.obj
 0003:000044f8       _encoded_function_pointers 004454f8     libucrt:winapi_thunks.obj
 0003:00004578       ?state_cache@?1??__acrt_is_packaged_app@@9@4JA 00445578     libucrt:winapi_thunks.obj
 0003:00004580       ___acrt_lock_table         00445580     libucrt:locks.obj
 0003:000046b8       ___acrt_locks_initialized  004456b8     libucrt:locks.obj
 0003:000046d4       _fSystemSet                004456d4     libucrt:mbctype.obj
 0003:000046d8       ?initialized@?1??__acrt_initialize_multibyte@@9@4_NA 004456d8     libucrt:mbctype.obj
 0003:000046e0       ___acrt_new_handler        004456e0     libucrt:new_handler.obj
 0003:000046f8       __pmatherr_set             004456f8     libucrt:libm_error.obj
 0004:00000000       __guard_fids____dcrt_uninitialize_environments_nolock 00446000     libucrt:environment_initialization.obj
 0004:00000008       __guard_fids__             00446008     libucrt:initialization.obj
 0004:00000068       __guard_fids_??$common_show_message_box@_W@@YAHQB_W0I@Z 00446068     libucrt:crtmbox.obj
 0004:0000006c       __guard_fids____acrt_initialize_ptd 0044606c     libucrt:per_thread_data.obj
 0004:00000070       __guard_fids__             00446070     libucrt:stdio_initializer.obj
 0004:00000074       __guard_fids__             00446074     libucrt:stdio_initializer.obj
 0004:00000078       __guard_fids_??$expand_argument_wildcards@D@@YAHQAD0AAV?$argument_list@D@?A0xb0e4b824@@@Z 00446078     libucrt:argv_wildcards.obj
 0004:0000007c       __guard_fids__             0044607c     libucrt:locale_initializer.obj
 0004:00000080       __guard_fids__             00446080     libucrt:multibyte_initializer.obj
 0004:00000084       __guard_fids__             00446084     libucrt:console_output_initializer.obj
 0004:00000088       __guard_fids____libm_error_support 00446088     libucrt:libm_error.obj
 0004:0000008c       __guard_fids__             0044608c     libucrt:sse2_initializer.obj
 0004:00000090       __guard_fids__             00446090     LIBCMT:exe_main.obj
 0004:00000094       __guard_fids__             00446094     LIBCMT:exe_main.obj
 0004:00000098       __guard_fids__             00446098     LIBCMT:exe_main.obj
 0004:0000009c       __guard_fids_?pre_c_initialization@@YAHXZ 0044609c     LIBCMT:exe_main.obj
 0004:000000a4       __guard_fids____scrt_set_unhandled_exception_filter 004460a4     LIBCMT:utility_desktop.obj
 0004:000000a8       __guard_fids__             004460a8     LIBCMT:guard_support.obj
 0004:000000ac       __guard_fids____vcrt_initialize_ptd 004460ac     libvcruntime:per_thread_data.obj
